[System] Run dir: output/run_20260717_230501
[System] 正在使用 cuda 进行计算...

[System] 开始训练多任务共享特征架构...
Epoch [010/1000] | Tau: 0.951 | Loss_C: +0.167 | Loss_P: +0.688 | Full_X_Acc: 53.9% | Loss_Gen: +0.965 | Retain: 46.8% | Mask_X_Acc: 52.6% | Loss_Gen_adv: +0.039 | Loss_Gen_l1: +0.468 | Loss_Gen_p: +0.692 | W_Distance: +0.000 |
Epoch [020/1000] | Tau: 0.905 | Loss_C: +0.147 | Loss_P: +0.681 | Full_X_Acc: 57.2% | Loss_Gen: +0.951 | Retain: 41.1% | Mask_X_Acc: 52.3% | Loss_Gen_adv: +0.053 | Loss_Gen_l1: +0.411 | Loss_Gen_p: +0.693 | W_Distance: -0.002 |
Epoch [030/1000] | Tau: 0.860 | Loss_C: +0.131 | Loss_P: +0.668 | Full_X_Acc: 59.9% | Loss_Gen: +0.918 | Retain: 32.7% | Mask_X_Acc: 52.2% | Loss_Gen_adv: +0.057 | Loss_Gen_l1: +0.327 | Loss_Gen_p: +0.698 | W_Distance: -0.004 |
Epoch [040/1000] | Tau: 0.818 | Loss_C: +0.123 | Loss_P: +0.642 | Full_X_Acc: 63.6% | Loss_Gen: +0.868 | Retain: 23.0% | Mask_X_Acc: 52.0% | Loss_Gen_adv: +0.039 | Loss_Gen_l1: +0.230 | Loss_Gen_p: +0.714 | W_Distance: -0.004 |
Epoch [050/1000] | Tau: 0.778 | Loss_C: +0.120 | Loss_P: +0.610 | Full_X_Acc: 67.2% | Loss_Gen: +0.850 | Retain: 15.0% | Mask_X_Acc: 52.3% | Loss_Gen_adv: +0.034 | Loss_Gen_l1: +0.150 | Loss_Gen_p: +0.741 | W_Distance: -0.004 |
Epoch [060/1000] | Tau: 0.740 | Loss_C: +0.134 | Loss_P: +0.581 | Full_X_Acc: 69.6% | Loss_Gen: +0.846 | Retain: 10.3% | Mask_X_Acc: 52.6% | Loss_Gen_adv: +0.028 | Loss_Gen_l1: +0.103 | Loss_Gen_p: +0.766 | W_Distance: -0.005 |
Epoch [070/1000] | Tau: 0.704 | Loss_C: +0.163 | Loss_P: +0.559 | Full_X_Acc: 71.4% | Loss_Gen: +0.878 | Retain: 8.0% | Mask_X_Acc: 52.3% | Loss_Gen_adv: +0.037 | Loss_Gen_l1: +0.080 | Loss_Gen_p: +0.801 | W_Distance: -0.006 |
Epoch [080/1000] | Tau: 0.670 | Loss_C: +0.186 | Loss_P: +0.540 | Full_X_Acc: 73.0% | Loss_Gen: +0.896 | Retain: 6.9% | Mask_X_Acc: 53.0% | Loss_Gen_adv: +0.034 | Loss_Gen_l1: +0.069 | Loss_Gen_p: +0.827 | W_Distance: -0.005 |
Epoch [090/1000] | Tau: 0.637 | Loss_C: +0.197 | Loss_P: +0.526 | Full_X_Acc: 74.0% | Loss_Gen: +0.929 | Retain: 6.4% | Mask_X_Acc: 53.5% | Loss_Gen_adv: +0.047 | Loss_Gen_l1: +0.064 | Loss_Gen_p: +0.849 | W_Distance: -0.002 |
Epoch [100/1000] | Tau: 0.606 | Loss_C: +0.184 | Loss_P: +0.511 | Full_X_Acc: 75.1% | Loss_Gen: +0.937 | Retain: 6.2% | Mask_X_Acc: 53.9% | Loss_Gen_adv: +0.060 | Loss_Gen_l1: +0.062 | Loss_Gen_p: +0.845 | W_Distance: -0.001 |
Epoch [110/1000] | Tau: 0.576 | Loss_C: +0.169 | Loss_P: +0.499 | Full_X_Acc: 76.3% | Loss_Gen: +0.951 | Retain: 6.1% | Mask_X_Acc: 54.1% | Loss_Gen_adv: +0.063 | Loss_Gen_l1: +0.061 | Loss_Gen_p: +0.858 | W_Distance: +0.001 |
Epoch [120/1000] | Tau: 0.548 | Loss_C: +0.150 | Loss_P: +0.490 | Full_X_Acc: 77.3% | Loss_Gen: +0.995 | Retain: 6.1% | Mask_X_Acc: 53.9% | Loss_Gen_adv: +0.079 | Loss_Gen_l1: +0.061 | Loss_Gen_p: +0.886 | W_Distance: +0.003 |
Epoch [130/1000] | Tau: 0.521 | Loss_C: +0.119 | Loss_P: +0.478 | Full_X_Acc: 77.9% | Loss_Gen: +1.015 | Retain: 6.1% | Mask_X_Acc: 55.4% | Loss_Gen_adv: +0.096 | Loss_Gen_l1: +0.061 | Loss_Gen_p: +0.888 | W_Distance: +0.003 |
Epoch [140/1000] | Tau: 0.496 | Loss_C: +0.083 | Loss_P: +0.469 | Full_X_Acc: 78.5% | Loss_Gen: +1.070 | Retain: 6.2% | Mask_X_Acc: 56.1% | Loss_Gen_adv: +0.138 | Loss_Gen_l1: +0.062 | Loss_Gen_p: +0.901 | W_Distance: +0.005 |
Epoch [150/1000] | Tau: 0.471 | Loss_C: +0.055 | Loss_P: +0.457 | Full_X_Acc: 79.0% | Loss_Gen: +1.100 | Retain: 6.3% | Mask_X_Acc: 55.8% | Loss_Gen_adv: +0.170 | Loss_Gen_l1: +0.063 | Loss_Gen_p: +0.898 | W_Distance: +0.007 |
Epoch [160/1000] | Tau: 0.448 | Loss_C: +0.040 | Loss_P: +0.450 | Full_X_Acc: 79.3% | Loss_Gen: +1.150 | Retain: 6.4% | Mask_X_Acc: 56.1% | Loss_Gen_adv: +0.200 | Loss_Gen_l1: +0.064 | Loss_Gen_p: +0.917 | W_Distance: +0.004 |
Epoch [170/1000] | Tau: 0.427 | Loss_C: +0.029 | Loss_P: +0.443 | Full_X_Acc: 79.7% | Loss_Gen: +1.182 | Retain: 6.6% | Mask_X_Acc: 57.2% | Loss_Gen_adv: +0.235 | Loss_Gen_l1: +0.066 | Loss_Gen_p: +0.914 | W_Distance: +0.004 |
Epoch [180/1000] | Tau: 0.406 | Loss_C: +0.023 | Loss_P: +0.433 | Full_X_Acc: 80.0% | Loss_Gen: +1.249 | Retain: 6.7% | Mask_X_Acc: 56.7% | Loss_Gen_adv: +0.273 | Loss_Gen_l1: +0.067 | Loss_Gen_p: +0.943 | W_Distance: +0.005 |
Epoch [190/1000] | Tau: 0.386 | Loss_C: +0.019 | Loss_P: +0.425 | Full_X_Acc: 80.7% | Loss_Gen: +1.305 | Retain: 6.9% | Mask_X_Acc: 56.7% | Loss_Gen_adv: +0.304 | Loss_Gen_l1: +0.069 | Loss_Gen_p: +0.966 | W_Distance: +0.005 |
Epoch [200/1000] | Tau: 0.367 | Loss_C: +0.015 | Loss_P: +0.415 | Full_X_Acc: 81.2% | Loss_Gen: +1.313 | Retain: 7.0% | Mask_X_Acc: 57.2% | Loss_Gen_adv: +0.311 | Loss_Gen_l1: +0.070 | Loss_Gen_p: +0.968 | W_Distance: +0.007 |
Epoch [210/1000] | Tau: 0.349 | Loss_C: +0.017 | Loss_P: +0.408 | Full_X_Acc: 81.4% | Loss_Gen: +1.352 | Retain: 7.1% | Mask_X_Acc: 57.8% | Loss_Gen_adv: +0.322 | Loss_Gen_l1: +0.071 | Loss_Gen_p: +0.995 | W_Distance: +0.005 |
Epoch [220/1000] | Tau: 0.332 | Loss_C: +0.014 | Loss_P: +0.400 | Full_X_Acc: 81.9% | Loss_Gen: +1.366 | Retain: 7.2% | Mask_X_Acc: 58.0% | Loss_Gen_adv: +0.323 | Loss_Gen_l1: +0.072 | Loss_Gen_p: +1.007 | W_Distance: +0.007 |
Epoch [230/1000] | Tau: 0.316 | Loss_C: +0.014 | Loss_P: +0.394 | Full_X_Acc: 82.1% | Loss_Gen: +1.406 | Retain: 7.2% | Mask_X_Acc: 58.1% | Loss_Gen_adv: +0.334 | Loss_Gen_l1: +0.072 | Loss_Gen_p: +1.036 | W_Distance: +0.006 |
Epoch [240/1000] | Tau: 0.300 | Loss_C: +0.011 | Loss_P: +0.383 | Full_X_Acc: 82.7% | Loss_Gen: +1.479 | Retain: 7.3% | Mask_X_Acc: 57.7% | Loss_Gen_adv: +0.366 | Loss_Gen_l1: +0.073 | Loss_Gen_p: +1.076 | W_Distance: +0.007 |
Epoch [250/1000] | Tau: 0.286 | Loss_C: +0.010 | Loss_P: +0.376 | Full_X_Acc: 83.0% | Loss_Gen: +1.480 | Retain: 7.3% | Mask_X_Acc: 58.1% | Loss_Gen_adv: +0.362 | Loss_Gen_l1: +0.073 | Loss_Gen_p: +1.081 | W_Distance: +0.007 |
Epoch [260/1000] | Tau: 0.272 | Loss_C: +0.009 | Loss_P: +0.369 | Full_X_Acc: 83.3% | Loss_Gen: +1.508 | Retain: 7.4% | Mask_X_Acc: 57.9% | Loss_Gen_adv: +0.363 | Loss_Gen_l1: +0.074 | Loss_Gen_p: +1.108 | W_Distance: +0.007 |
Epoch [270/1000] | Tau: 0.258 | Loss_C: +0.009 | Loss_P: +0.361 | Full_X_Acc: 83.2% | Loss_Gen: +1.537 | Retain: 7.4% | Mask_X_Acc: 57.7% | Loss_Gen_adv: +0.353 | Loss_Gen_l1: +0.074 | Loss_Gen_p: +1.147 | W_Distance: +0.006 |
Epoch [280/1000] | Tau: 0.246 | Loss_C: +0.002 | Loss_P: +0.358 | Full_X_Acc: 83.4% | Loss_Gen: +1.567 | Retain: 7.4% | Mask_X_Acc: 58.3% | Loss_Gen_adv: +0.363 | Loss_Gen_l1: +0.074 | Loss_Gen_p: +1.167 | W_Distance: +0.010 |
Epoch [290/1000] | Tau: 0.234 | Loss_C: +0.004 | Loss_P: +0.348 | Full_X_Acc: 84.1% | Loss_Gen: +1.631 | Retain: 7.4% | Mask_X_Acc: 57.8% | Loss_Gen_adv: +0.372 | Loss_Gen_l1: +0.074 | Loss_Gen_p: +1.221 | W_Distance: +0.008 |
Epoch [300/1000] | Tau: 0.222 | Loss_C: +0.002 | Loss_P: +0.343 | Full_X_Acc: 84.1% | Loss_Gen: +1.702 | Retain: 7.4% | Mask_X_Acc: 57.9% | Loss_Gen_adv: +0.389 | Loss_Gen_l1: +0.074 | Loss_Gen_p: +1.276 | W_Distance: +0.009 |
Epoch [310/1000] | Tau: 0.211 | Loss_C: -0.001 | Loss_P: +0.334 | Full_X_Acc: 84.5% | Loss_Gen: +1.712 | Retain: 7.5% | Mask_X_Acc: 58.5% | Loss_Gen_adv: +0.389 | Loss_Gen_l1: +0.075 | Loss_Gen_p: +1.287 | W_Distance: +0.010 |
Epoch [320/1000] | Tau: 0.201 | Loss_C: -0.002 | Loss_P: +0.327 | Full_X_Acc: 84.8% | Loss_Gen: +1.787 | Retain: 7.5% | Mask_X_Acc: 57.8% | Loss_Gen_adv: +0.396 | Loss_Gen_l1: +0.075 | Loss_Gen_p: +1.354 | W_Distance: +0.012 |
Epoch [330/1000] | Tau: 0.191 | Loss_C: -0.004 | Loss_P: +0.321 | Full_X_Acc: 85.1% | Loss_Gen: +1.842 | Retain: 7.5% | Mask_X_Acc: 57.9% | Loss_Gen_adv: +0.393 | Loss_Gen_l1: +0.075 | Loss_Gen_p: +1.411 | W_Distance: +0.013 |
Epoch [340/1000] | Tau: 0.182 | Loss_C: -0.005 | Loss_P: +0.314 | Full_X_Acc: 85.1% | Loss_Gen: +1.909 | Retain: 7.4% | Mask_X_Acc: 57.6% | Loss_Gen_adv: +0.399 | Loss_Gen_l1: +0.074 | Loss_Gen_p: +1.472 | W_Distance: +0.013 |
Epoch [350/1000] | Tau: 0.173 | Loss_C: -0.003 | Loss_P: +0.306 | Full_X_Acc: 85.6% | Loss_Gen: +1.947 | Retain: 7.4% | Mask_X_Acc: 58.1% | Loss_Gen_adv: +0.399 | Loss_Gen_l1: +0.074 | Loss_Gen_p: +1.511 | W_Distance: +0.011 |
Epoch [360/1000] | Tau: 0.165 | Loss_C: -0.005 | Loss_P: +0.297 | Full_X_Acc: 85.4% | Loss_Gen: +2.017 | Retain: 7.4% | Mask_X_Acc: 57.8% | Loss_Gen_adv: +0.397 | Loss_Gen_l1: +0.074 | Loss_Gen_p: +1.583 | W_Distance: +0.013 |
Epoch [370/1000] | Tau: 0.157 | Loss_C: -0.007 | Loss_P: +0.290 | Full_X_Acc: 85.7% | Loss_Gen: +2.082 | Retain: 7.4% | Mask_X_Acc: 57.1% | Loss_Gen_adv: +0.394 | Loss_Gen_l1: +0.074 | Loss_Gen_p: +1.652 | W_Distance: +0.014 |
Epoch [380/1000] | Tau: 0.149 | Loss_C: -0.007 | Loss_P: +0.284 | Full_X_Acc: 86.0% | Loss_Gen: +2.223 | Retain: 7.4% | Mask_X_Acc: 57.8% | Loss_Gen_adv: +0.398 | Loss_Gen_l1: +0.074 | Loss_Gen_p: +1.788 | W_Distance: +0.014 |
Epoch [390/1000] | Tau: 0.142 | Loss_C: -0.007 | Loss_P: +0.276 | Full_X_Acc: 86.4% | Loss_Gen: +2.337 | Retain: 7.4% | Mask_X_Acc: 58.0% | Loss_Gen_adv: +0.391 | Loss_Gen_l1: +0.074 | Loss_Gen_p: +1.908 | W_Distance: +0.014 |
Epoch [400/1000] | Tau: 0.135 | Loss_C: -0.009 | Loss_P: +0.272 | Full_X_Acc: 86.9% | Loss_Gen: +2.356 | Retain: 7.4% | Mask_X_Acc: 57.9% | Loss_Gen_adv: +0.392 | Loss_Gen_l1: +0.074 | Loss_Gen_p: +1.926 | W_Distance: +0.015 |
Epoch [410/1000] | Tau: 0.128 | Loss_C: -0.008 | Loss_P: +0.265 | Full_X_Acc: 87.1% | Loss_Gen: +2.461 | Retain: 7.4% | Mask_X_Acc: 56.8% | Loss_Gen_adv: +0.397 | Loss_Gen_l1: +0.074 | Loss_Gen_p: +2.026 | W_Distance: +0.014 |
Epoch [420/1000] | Tau: 0.122 | Loss_C: -0.011 | Loss_P: +0.256 | Full_X_Acc: 87.5% | Loss_Gen: +2.501 | Retain: 7.4% | Mask_X_Acc: 57.3% | Loss_Gen_adv: +0.400 | Loss_Gen_l1: +0.074 | Loss_Gen_p: +2.064 | W_Distance: +0.017 |
Epoch [430/1000] | Tau: 0.116 | Loss_C: -0.010 | Loss_P: +0.253 | Full_X_Acc: 87.7% | Loss_Gen: +2.658 | Retain: 7.4% | Mask_X_Acc: 57.9% | Loss_Gen_adv: +0.394 | Loss_Gen_l1: +0.074 | Loss_Gen_p: +2.227 | W_Distance: +0.015 |
Epoch [440/1000] | Tau: 0.110 | Loss_C: -0.014 | Loss_P: +0.246 | Full_X_Acc: 87.9% | Loss_Gen: +2.762 | Retain: 7.4% | Mask_X_Acc: 57.9% | Loss_Gen_adv: +0.393 | Loss_Gen_l1: +0.074 | Loss_Gen_p: +2.333 | W_Distance: +0.018 |
Epoch [450/1000] | Tau: 0.105 | Loss_C: -0.011 | Loss_P: +0.243 | Full_X_Acc: 88.0% | Loss_Gen: +2.801 | Retain: 7.4% | Mask_X_Acc: 56.9% | Loss_Gen_adv: +0.388 | Loss_Gen_l1: +0.074 | Loss_Gen_p: +2.376 | W_Distance: +0.016 |
Epoch [460/1000] | Tau: 0.100 | Loss_C: -0.009 | Loss_P: +0.237 | Full_X_Acc: 88.1% | Loss_Gen: +2.965 | Retain: 7.4% | Mask_X_Acc: 57.9% | Loss_Gen_adv: +0.394 | Loss_Gen_l1: +0.074 | Loss_Gen_p: +2.535 | W_Distance: +0.014 |
Epoch [470/1000] | Tau: 0.100 | Loss_C: -0.010 | Loss_P: +0.234 | Full_X_Acc: 88.3% | Loss_Gen: +3.062 | Retain: 7.4% | Mask_X_Acc: 56.9% | Loss_Gen_adv: +0.365 | Loss_Gen_l1: +0.074 | Loss_Gen_p: +2.660 | W_Distance: +0.014 |
Epoch [480/1000] | Tau: 0.100 | Loss_C: -0.013 | Loss_P: +0.229 | Full_X_Acc: 88.4% | Loss_Gen: +3.171 | Retain: 7.4% | Mask_X_Acc: 58.1% | Loss_Gen_adv: +0.381 | Loss_Gen_l1: +0.074 | Loss_Gen_p: +2.753 | W_Distance: +0.018 |
Epoch [490/1000] | Tau: 0.100 | Loss_C: -0.014 | Loss_P: +0.227 | Full_X_Acc: 88.4% | Loss_Gen: +3.209 | Retain: 7.4% | Mask_X_Acc: 57.6% | Loss_Gen_adv: +0.382 | Loss_Gen_l1: +0.074 | Loss_Gen_p: +2.791 | W_Distance: +0.019 |
Epoch [500/1000] | Tau: 0.100 | Loss_C: -0.013 | Loss_P: +0.223 | Full_X_Acc: 88.5% | Loss_Gen: +3.391 | Retain: 7.3% | Mask_X_Acc: 58.0% | Loss_Gen_adv: +0.381 | Loss_Gen_l1: +0.073 | Loss_Gen_p: +2.973 | W_Distance: +0.017 |
Epoch [510/1000] | Tau: 0.100 | Loss_C: -0.015 | Loss_P: +0.222 | Full_X_Acc: 88.5% | Loss_Gen: +3.465 | Retain: 7.3% | Mask_X_Acc: 57.9% | Loss_Gen_adv: +0.381 | Loss_Gen_l1: +0.073 | Loss_Gen_p: +3.048 | W_Distance: +0.019 |
Epoch [520/1000] | Tau: 0.100 | Loss_C: -0.014 | Loss_P: +0.219 | Full_X_Acc: 88.6% | Loss_Gen: +3.671 | Retain: 7.3% | Mask_X_Acc: 56.9% | Loss_Gen_adv: +0.383 | Loss_Gen_l1: +0.073 | Loss_Gen_p: +3.251 | W_Distance: +0.018 |
Epoch [530/1000] | Tau: 0.100 | Loss_C: -0.015 | Loss_P: +0.215 | Full_X_Acc: 88.7% | Loss_Gen: +3.711 | Retain: 7.4% | Mask_X_Acc: 57.3% | Loss_Gen_adv: +0.386 | Loss_Gen_l1: +0.074 | Loss_Gen_p: +3.288 | W_Distance: +0.019 |
Epoch [540/1000] | Tau: 0.100 | Loss_C: -0.015 | Loss_P: +0.214 | Full_X_Acc: 88.6% | Loss_Gen: +3.805 | Retain: 7.4% | Mask_X_Acc: 56.8% | Loss_Gen_adv: +0.386 | Loss_Gen_l1: +0.074 | Loss_Gen_p: +3.383 | W_Distance: +0.019 |
Epoch [550/1000] | Tau: 0.100 | Loss_C: -0.015 | Loss_P: +0.210 | Full_X_Acc: 88.7% | Loss_Gen: +4.015 | Retain: 7.3% | Mask_X_Acc: 57.2% | Loss_Gen_adv: +0.377 | Loss_Gen_l1: +0.073 | Loss_Gen_p: +3.601 | W_Distance: +0.019 |
Epoch [560/1000] | Tau: 0.100 | Loss_C: -0.018 | Loss_P: +0.210 | Full_X_Acc: 88.6% | Loss_Gen: +3.997 | Retain: 7.3% | Mask_X_Acc: 57.4% | Loss_Gen_adv: +0.373 | Loss_Gen_l1: +0.073 | Loss_Gen_p: +3.587 | W_Distance: +0.021 |
Epoch [570/1000] | Tau: 0.100 | Loss_C: -0.018 | Loss_P: +0.210 | Full_X_Acc: 89.3% | Loss_Gen: +4.120 | Retain: 7.3% | Mask_X_Acc: 57.1% | Loss_Gen_adv: +0.373 | Loss_Gen_l1: +0.073 | Loss_Gen_p: +3.710 | W_Distance: +0.022 |
Epoch [580/1000] | Tau: 0.100 | Loss_C: -0.018 | Loss_P: +0.204 | Full_X_Acc: 89.6% | Loss_Gen: +4.265 | Retain: 7.3% | Mask_X_Acc: 57.9% | Loss_Gen_adv: +0.369 | Loss_Gen_l1: +0.073 | Loss_Gen_p: +3.859 | W_Distance: +0.022 |
Epoch [590/1000] | Tau: 0.100 | Loss_C: -0.017 | Loss_P: +0.206 | Full_X_Acc: 89.6% | Loss_Gen: +4.342 | Retain: 7.3% | Mask_X_Acc: 57.0% | Loss_Gen_adv: +0.368 | Loss_Gen_l1: +0.073 | Loss_Gen_p: +3.937 | W_Distance: +0.021 |
Epoch [600/1000] | Tau: 0.100 | Loss_C: -0.019 | Loss_P: +0.202 | Full_X_Acc: 89.8% | Loss_Gen: +4.350 | Retain: 7.3% | Mask_X_Acc: 58.3% | Loss_Gen_adv: +0.365 | Loss_Gen_l1: +0.073 | Loss_Gen_p: +3.948 | W_Distance: +0.023 |
Epoch [610/1000] | Tau: 0.100 | Loss_C: -0.017 | Loss_P: +0.199 | Full_X_Acc: 90.0% | Loss_Gen: +4.540 | Retain: 7.3% | Mask_X_Acc: 57.5% | Loss_Gen_adv: +0.370 | Loss_Gen_l1: +0.073 | Loss_Gen_p: +4.134 | W_Distance: +0.021 |
Epoch [620/1000] | Tau: 0.100 | Loss_C: -0.018 | Loss_P: +0.199 | Full_X_Acc: 90.3% | Loss_Gen: +4.637 | Retain: 7.3% | Mask_X_Acc: 57.0% | Loss_Gen_adv: +0.379 | Loss_Gen_l1: +0.073 | Loss_Gen_p: +4.221 | W_Distance: +0.022 |
Epoch [630/1000] | Tau: 0.100 | Loss_C: -0.019 | Loss_P: +0.194 | Full_X_Acc: 90.5% | Loss_Gen: +4.612 | Retain: 7.3% | Mask_X_Acc: 57.2% | Loss_Gen_adv: +0.378 | Loss_Gen_l1: +0.073 | Loss_Gen_p: +4.197 | W_Distance: +0.023 |
Epoch [640/1000] | Tau: 0.100 | Loss_C: -0.018 | Loss_P: +0.198 | Full_X_Acc: 90.2% | Loss_Gen: +4.839 | Retain: 7.3% | Mask_X_Acc: 57.0% | Loss_Gen_adv: +0.378 | Loss_Gen_l1: +0.073 | Loss_Gen_p: +4.424 | W_Distance: +0.022 |
Epoch [650/1000] | Tau: 0.100 | Loss_C: -0.020 | Loss_P: +0.194 | Full_X_Acc: 90.5% | Loss_Gen: +4.865 | Retain: 7.3% | Mask_X_Acc: 57.5% | Loss_Gen_adv: +0.376 | Loss_Gen_l1: +0.073 | Loss_Gen_p: +4.452 | W_Distance: +0.023 |
Epoch [660/1000] | Tau: 0.100 | Loss_C: -0.021 | Loss_P: +0.189 | Full_X_Acc: 90.7% | Loss_Gen: +5.009 | Retain: 7.3% | Mask_X_Acc: 57.5% | Loss_Gen_adv: +0.376 | Loss_Gen_l1: +0.073 | Loss_Gen_p: +4.596 | W_Distance: +0.025 |
Epoch [670/1000] | Tau: 0.100 | Loss_C: -0.019 | Loss_P: +0.189 | Full_X_Acc: 91.1% | Loss_Gen: +5.021 | Retain: 7.3% | Mask_X_Acc: 57.0% | Loss_Gen_adv: +0.373 | Loss_Gen_l1: +0.073 | Loss_Gen_p: +4.612 | W_Distance: +0.023 |
Epoch [680/1000] | Tau: 0.100 | Loss_C: -0.021 | Loss_P: +0.187 | Full_X_Acc: 91.0% | Loss_Gen: +5.084 | Retain: 7.3% | Mask_X_Acc: 58.0% | Loss_Gen_adv: +0.374 | Loss_Gen_l1: +0.073 | Loss_Gen_p: +4.673 | W_Distance: +0.025 |
Epoch [690/1000] | Tau: 0.100 | Loss_C: -0.019 | Loss_P: +0.184 | Full_X_Acc: 91.3% | Loss_Gen: +5.134 | Retain: 7.3% | Mask_X_Acc: 57.2% | Loss_Gen_adv: +0.378 | Loss_Gen_l1: +0.073 | Loss_Gen_p: +4.719 | W_Distance: +0.023 |
Epoch [700/1000] | Tau: 0.100 | Loss_C: -0.020 | Loss_P: +0.187 | Full_X_Acc: 91.2% | Loss_Gen: +5.246 | Retain: 7.3% | Mask_X_Acc: 57.2% | Loss_Gen_adv: +0.387 | Loss_Gen_l1: +0.073 | Loss_Gen_p: +4.822 | W_Distance: +0.024 |
Epoch [710/1000] | Tau: 0.100 | Loss_C: -0.023 | Loss_P: +0.187 | Full_X_Acc: 91.2% | Loss_Gen: +5.266 | Retain: 7.3% | Mask_X_Acc: 57.2% | Loss_Gen_adv: +0.382 | Loss_Gen_l1: +0.073 | Loss_Gen_p: +4.847 | W_Distance: +0.027 |
Epoch [720/1000] | Tau: 0.100 | Loss_C: -0.023 | Loss_P: +0.182 | Full_X_Acc: 91.3% | Loss_Gen: +5.418 | Retain: 7.3% | Mask_X_Acc: 56.3% | Loss_Gen_adv: +0.381 | Loss_Gen_l1: +0.073 | Loss_Gen_p: +5.001 | W_Distance: +0.027 |
Epoch [730/1000] | Tau: 0.100 | Loss_C: -0.023 | Loss_P: +0.182 | Full_X_Acc: 91.5% | Loss_Gen: +5.737 | Retain: 7.3% | Mask_X_Acc: 58.0% | Loss_Gen_adv: +0.377 | Loss_Gen_l1: +0.073 | Loss_Gen_p: +5.324 | W_Distance: +0.027 |
Epoch [740/1000] | Tau: 0.100 | Loss_C: -0.024 | Loss_P: +0.184 | Full_X_Acc: 91.8% | Loss_Gen: +5.625 | Retain: 7.3% | Mask_X_Acc: 57.4% | Loss_Gen_adv: +0.385 | Loss_Gen_l1: +0.073 | Loss_Gen_p: +5.204 | W_Distance: +0.028 |
Epoch [750/1000] | Tau: 0.100 | Loss_C: -0.023 | Loss_P: +0.176 | Full_X_Acc: 91.8% | Loss_Gen: +5.660 | Retain: 7.3% | Mask_X_Acc: 57.1% | Loss_Gen_adv: +0.386 | Loss_Gen_l1: +0.073 | Loss_Gen_p: +5.237 | W_Distance: +0.026 |
Epoch [760/1000] | Tau: 0.100 | Loss_C: -0.020 | Loss_P: +0.177 | Full_X_Acc: 91.8% | Loss_Gen: +5.732 | Retain: 7.3% | Mask_X_Acc: 57.1% | Loss_Gen_adv: +0.389 | Loss_Gen_l1: +0.073 | Loss_Gen_p: +5.307 | W_Distance: +0.024 |
Epoch [770/1000] | Tau: 0.100 | Loss_C: -0.023 | Loss_P: +0.177 | Full_X_Acc: 91.8% | Loss_Gen: +5.941 | Retain: 7.3% | Mask_X_Acc: 56.9% | Loss_Gen_adv: +0.388 | Loss_Gen_l1: +0.073 | Loss_Gen_p: +5.517 | W_Distance: +0.027 |
Epoch [780/1000] | Tau: 0.100 | Loss_C: -0.024 | Loss_P: +0.176 | Full_X_Acc: 92.2% | Loss_Gen: +5.877 | Retain: 7.3% | Mask_X_Acc: 57.2% | Loss_Gen_adv: +0.397 | Loss_Gen_l1: +0.073 | Loss_Gen_p: +5.444 | W_Distance: +0.028 |
Epoch [790/1000] | Tau: 0.100 | Loss_C: -0.024 | Loss_P: +0.176 | Full_X_Acc: 92.1% | Loss_Gen: +6.023 | Retain: 7.3% | Mask_X_Acc: 56.8% | Loss_Gen_adv: +0.402 | Loss_Gen_l1: +0.073 | Loss_Gen_p: +5.585 | W_Distance: +0.028 |
Epoch [800/1000] | Tau: 0.100 | Loss_C: -0.024 | Loss_P: +0.177 | Full_X_Acc: 92.0% | Loss_Gen: +5.927 | Retain: 7.3% | Mask_X_Acc: 57.5% | Loss_Gen_adv: +0.397 | Loss_Gen_l1: +0.073 | Loss_Gen_p: +5.493 | W_Distance: +0.028 |
Epoch [810/1000] | Tau: 0.100 | Loss_C: -0.023 | Loss_P: +0.178 | Full_X_Acc: 92.3% | Loss_Gen: +6.104 | Retain: 7.3% | Mask_X_Acc: 57.1% | Loss_Gen_adv: +0.400 | Loss_Gen_l1: +0.073 | Loss_Gen_p: +5.668 | W_Distance: +0.027 |
Epoch [820/1000] | Tau: 0.100 | Loss_C: -0.026 | Loss_P: +0.171 | Full_X_Acc: 92.2% | Loss_Gen: +6.163 | Retain: 7.3% | Mask_X_Acc: 56.6% | Loss_Gen_adv: +0.415 | Loss_Gen_l1: +0.073 | Loss_Gen_p: +5.712 | W_Distance: +0.029 |
Epoch [830/1000] | Tau: 0.100 | Loss_C: -0.022 | Loss_P: +0.170 | Full_X_Acc: 92.6% | Loss_Gen: +6.286 | Retain: 7.3% | Mask_X_Acc: 56.9% | Loss_Gen_adv: +0.405 | Loss_Gen_l1: +0.073 | Loss_Gen_p: +5.845 | W_Distance: +0.025 |
Epoch [840/1000] | Tau: 0.100 | Loss_C: -0.025 | Loss_P: +0.166 | Full_X_Acc: 92.3% | Loss_Gen: +6.286 | Retain: 7.3% | Mask_X_Acc: 56.8% | Loss_Gen_adv: +0.413 | Loss_Gen_l1: +0.073 | Loss_Gen_p: +5.836 | W_Distance: +0.029 |
Epoch [850/1000] | Tau: 0.100 | Loss_C: -0.025 | Loss_P: +0.166 | Full_X_Acc: 92.7% | Loss_Gen: +6.339 | Retain: 7.3% | Mask_X_Acc: 56.7% | Loss_Gen_adv: +0.416 | Loss_Gen_l1: +0.073 | Loss_Gen_p: +5.887 | W_Distance: +0.028 |
Epoch [860/1000] | Tau: 0.100 | Loss_C: -0.024 | Loss_P: +0.163 | Full_X_Acc: 92.8% | Loss_Gen: +6.424 | Retain: 7.3% | Mask_X_Acc: 56.9% | Loss_Gen_adv: +0.419 | Loss_Gen_l1: +0.073 | Loss_Gen_p: +5.969 | W_Distance: +0.028 |
Epoch [870/1000] | Tau: 0.100 | Loss_C: -0.026 | Loss_P: +0.170 | Full_X_Acc: 92.8% | Loss_Gen: +6.389 | Retain: 7.3% | Mask_X_Acc: 57.0% | Loss_Gen_adv: +0.424 | Loss_Gen_l1: +0.073 | Loss_Gen_p: +5.928 | W_Distance: +0.030 |
Epoch [880/1000] | Tau: 0.100 | Loss_C: -0.025 | Loss_P: +0.158 | Full_X_Acc: 93.0% | Loss_Gen: +6.434 | Retain: 7.3% | Mask_X_Acc: 57.0% | Loss_Gen_adv: +0.437 | Loss_Gen_l1: +0.073 | Loss_Gen_p: +5.961 | W_Distance: +0.029 |
Epoch [890/1000] | Tau: 0.100 | Loss_C: -0.026 | Loss_P: +0.162 | Full_X_Acc: 92.9% | Loss_Gen: +6.856 | Retain: 7.3% | Mask_X_Acc: 57.1% | Loss_Gen_adv: +0.442 | Loss_Gen_l1: +0.073 | Loss_Gen_p: +6.377 | W_Distance: +0.030 |
Epoch [900/1000] | Tau: 0.100 | Loss_C: -0.023 | Loss_P: +0.161 | Full_X_Acc: 92.8% | Loss_Gen: +6.732 | Retain: 7.3% | Mask_X_Acc: 56.4% | Loss_Gen_adv: +0.437 | Loss_Gen_l1: +0.073 | Loss_Gen_p: +6.258 | W_Distance: +0.027 |
Epoch [910/1000] | Tau: 0.100 | Loss_C: -0.025 | Loss_P: +0.162 | Full_X_Acc: 93.1% | Loss_Gen: +6.650 | Retain: 7.3% | Mask_X_Acc: 57.0% | Loss_Gen_adv: +0.439 | Loss_Gen_l1: +0.073 | Loss_Gen_p: +6.175 | W_Distance: +0.029 |
Epoch [920/1000] | Tau: 0.100 | Loss_C: -0.028 | Loss_P: +0.159 | Full_X_Acc: 93.1% | Loss_Gen: +6.953 | Retain: 7.3% | Mask_X_Acc: 56.6% | Loss_Gen_adv: +0.439 | Loss_Gen_l1: +0.073 | Loss_Gen_p: +6.478 | W_Distance: +0.032 |
Epoch [930/1000] | Tau: 0.100 | Loss_C: -0.028 | Loss_P: +0.158 | Full_X_Acc: 93.1% | Loss_Gen: +6.911 | Retain: 7.3% | Mask_X_Acc: 56.1% | Loss_Gen_adv: +0.445 | Loss_Gen_l1: +0.073 | Loss_Gen_p: +6.429 | W_Distance: +0.032 |
Epoch [940/1000] | Tau: 0.100 | Loss_C: -0.028 | Loss_P: +0.160 | Full_X_Acc: 92.9% | Loss_Gen: +6.901 | Retain: 7.3% | Mask_X_Acc: 56.8% | Loss_Gen_adv: +0.448 | Loss_Gen_l1: +0.073 | Loss_Gen_p: +6.416 | W_Distance: +0.031 |
Epoch [950/1000] | Tau: 0.100 | Loss_C: -0.028 | Loss_P: +0.157 | Full_X_Acc: 93.1% | Loss_Gen: +7.020 | Retain: 7.3% | Mask_X_Acc: 57.1% | Loss_Gen_adv: +0.456 | Loss_Gen_l1: +0.073 | Loss_Gen_p: +6.527 | W_Distance: +0.032 |
Epoch [960/1000] | Tau: 0.100 | Loss_C: -0.026 | Loss_P: +0.160 | Full_X_Acc: 93.4% | Loss_Gen: +7.410 | Retain: 7.3% | Mask_X_Acc: 57.4% | Loss_Gen_adv: +0.455 | Loss_Gen_l1: +0.073 | Loss_Gen_p: +6.919 | W_Distance: +0.029 |
Epoch [970/1000] | Tau: 0.100 | Loss_C: -0.029 | Loss_P: +0.152 | Full_X_Acc: 93.4% | Loss_Gen: +7.178 | Retain: 7.3% | Mask_X_Acc: 56.5% | Loss_Gen_adv: +0.466 | Loss_Gen_l1: +0.073 | Loss_Gen_p: +6.675 | W_Distance: +0.032 |
Epoch [980/1000] | Tau: 0.100 | Loss_C: -0.028 | Loss_P: +0.155 | Full_X_Acc: 93.3% | Loss_Gen: +7.377 | Retain: 7.3% | Mask_X_Acc: 56.3% | Loss_Gen_adv: +0.457 | Loss_Gen_l1: +0.073 | Loss_Gen_p: +6.883 | W_Distance: +0.032 |
Epoch [990/1000] | Tau: 0.100 | Loss_C: -0.029 | Loss_P: +0.148 | Full_X_Acc: 93.7% | Loss_Gen: +7.174 | Retain: 7.3% | Mask_X_Acc: 57.1% | Loss_Gen_adv: +0.457 | Loss_Gen_l1: +0.073 | Loss_Gen_p: +6.680 | W_Distance: +0.033 |
Epoch [1000/1000] | Tau: 0.100 | Loss_C: -0.030 | Loss_P: +0.157 | Full_X_Acc: 93.5% | Loss_Gen: +7.388 | Retain: 7.3% | Mask_X_Acc: 56.9% | Loss_Gen_adv: +0.459 | Loss_Gen_l1: +0.073 | Loss_Gen_p: +6.893 | W_Distance: +0.034 |
[Export] 训练历史已保存至 'output/run_20260717_230501/history.npz'

[System] 开始在测试集上进行推理评估...
==================================================
🎯 测试集推理报告 (Shared Architecture)
==================================================
• 测试集准确率:     56.60%
• TPR (召回率):     98.85%
• FDR (误发现率):   45.77%
• 平均保留特征数量: 7.3 / 100
• 整体保留率:       7.33%
--------------------------------------------------
🧩 Top 24 最常被选中的特征
--------------------------------------------------
Top 01: 特征 Index 003 | 被选次数: 3996 次 ( 99.9%) | ★ [真实关联]
Top 02: 特征 Index 005 | 被选次数: 3994 次 ( 99.8%) | ★ [真实关联]
Top 03: 特征 Index 004 | 被选次数: 3993 次 ( 99.8%) | ★ [真实关联]
Top 04: 特征 Index 002 | 被选次数: 3987 次 ( 99.7%) | ★ [真实关联]
Top 05: 特征 Index 000 | 被选次数: 3987 次 ( 99.7%) | ★ [真实关联]
Top 06: 特征 Index 001 | 被选次数: 3980 次 ( 99.5%) | ★ [真实关联]
Top 07: 特征 Index 010 | 被选次数: 3851 次 ( 96.3%) | ★ [真实关联]
Top 08: 特征 Index 081 | 被选次数:  232 次 (  5.8%) |   [纯噪声]
Top 09: 特征 Index 007 | 被选次数:   58 次 (  1.4%) | ★ [真实关联]
Top 10: 特征 Index 028 | 被选次数:   48 次 (  1.2%) |   [纯噪声]
Top 11: 特征 Index 031 | 被选次数:   47 次 (  1.2%) |   [纯噪声]
Top 12: 特征 Index 092 | 被选次数:   47 次 (  1.2%) |   [纯噪声]
Top 13: 特征 Index 018 | 被选次数:   35 次 (  0.9%) |   [纯噪声]
Top 14: 特征 Index 076 | 被选次数:   33 次 (  0.8%) |   [纯噪声]
Top 15: 特征 Index 082 | 被选次数:   31 次 (  0.8%) |   [纯噪声]
Top 16: 特征 Index 038 | 被选次数:   29 次 (  0.7%) |   [纯噪声]
Top 17: 特征 Index 019 | 被选次数:   29 次 (  0.7%) |   [纯噪声]
Top 18: 特征 Index 030 | 被选次数:   28 次 (  0.7%) |   [纯噪声]
Top 19: 特征 Index 017 | 被选次数:   27 次 (  0.7%) |   [纯噪声]
Top 20: 特征 Index 024 | 被选次数:   26 次 (  0.7%) |   [纯噪声]
Top 21: 特征 Index 080 | 被选次数:   25 次 (  0.6%) |   [纯噪声]
Top 22: 特征 Index 036 | 被选次数:   25 次 (  0.6%) |   [纯噪声]
Top 23: 特征 Index 041 | 被选次数:   25 次 (  0.6%) |   [纯噪声]
Top 24: 特征 Index 078 | 被选次数:   24 次 (  0.6%) |   [纯噪声]
==================================================
[Export] 测试集数组已保存至 'output/run_20260717_230501/test_arrays.npz'
[Export] 特征索引已保存至 'output/run_20260717_230501/selected_feature_indices.npy'
[Export] 模型权重已保存至 'output/run_20260717_230501/generator_model.pth'

[Visualization] 运行双视角 t-SNE 降维 (样本数: 4000)...
[Visualization] 降维: 原始掩码特征 (Before Ext)...
[Visualization] 降维: 隐空间特征 (After Ext)...
[Visualization] 对比 t-SNE 已保存至: 'output/run_20260717_230501/fig3_tsne_comparison.png'

