[系统] 输出目录：output\run_20260914_094853_659144
[系统] 计算设备：cuda

[训练] 开始训练 ALTAS 模型
C:\Users\caoyi\miniconda3\envs\ml\Lib\site-packages\torch\autograd\graph.py:824: UserWarning: Attempting to run cuBLAS, but there was no current CUDA context! Attempting to set the primary context... (Triggered internally at C:\actions-runner\_work\pytorch\pytorch\pytorch\aten\src\ATen\cuda\CublasHandlePool.cpp:181.)
  return Variable._execution_engine.run_backward(  # Calls into the C++ engine to run the backward pass
Epoch [0010/1000] | Temp: 0.951 | Critic: +0.080 | Predictor: +1.028 | Full acc: 56.0% | Generator: +0.682 | Retain: 47.6% | Masked acc: 55.2% | W-distance: -0.002
Epoch [0020/1000] | Temp: 0.905 | Critic: +0.071 | Predictor: +0.984 | Full acc: 64.6% | Generator: +0.665 | Retain: 43.8% | Masked acc: 57.3% | W-distance: -0.004
Epoch [0030/1000] | Temp: 0.860 | Critic: +0.073 | Predictor: +0.938 | Full acc: 69.5% | Generator: +0.634 | Retain: 38.8% | Masked acc: 59.1% | W-distance: -0.005
Epoch [0040/1000] | Temp: 0.818 | Critic: +0.083 | Predictor: +0.856 | Full acc: 76.3% | Generator: +0.597 | Retain: 33.3% | Masked acc: 61.5% | W-distance: -0.005
Epoch [0050/1000] | Temp: 0.778 | Critic: +0.115 | Predictor: +0.784 | Full acc: 80.6% | Generator: +0.553 | Retain: 28.6% | Masked acc: 64.2% | W-distance: -0.003
Epoch [0060/1000] | Temp: 0.740 | Critic: +0.130 | Predictor: +0.730 | Full acc: 83.1% | Generator: +0.479 | Retain: 24.3% | Masked acc: 67.1% | W-distance: -0.001
Epoch [0070/1000] | Temp: 0.704 | Critic: +0.088 | Predictor: +0.690 | Full acc: 84.3% | Generator: +0.356 | Retain: 20.3% | Masked acc: 69.9% | W-distance: +0.004
Epoch [0080/1000] | Temp: 0.670 | Critic: +0.050 | Predictor: +0.657 | Full acc: 85.1% | Generator: +0.212 | Retain: 16.6% | Masked acc: 71.9% | W-distance: +0.006
Epoch [0090/1000] | Temp: 0.637 | Critic: +0.025 | Predictor: +0.631 | Full acc: 86.1% | Generator: +0.118 | Retain: 13.5% | Masked acc: 74.3% | W-distance: +0.009
Epoch [0100/1000] | Temp: 0.606 | Critic: +0.015 | Predictor: +0.604 | Full acc: 86.4% | Generator: +0.057 | Retain: 11.2% | Masked acc: 75.4% | W-distance: +0.010
Epoch [0110/1000] | Temp: 0.576 | Critic: +0.010 | Predictor: +0.587 | Full acc: 86.7% | Generator: +0.054 | Retain: 9.5% | Masked acc: 76.2% | W-distance: +0.009
Epoch [0120/1000] | Temp: 0.548 | Critic: +0.006 | Predictor: +0.564 | Full acc: 87.3% | Generator: +0.031 | Retain: 8.2% | Masked acc: 76.9% | W-distance: +0.011
Epoch [0130/1000] | Temp: 0.521 | Critic: +0.004 | Predictor: +0.560 | Full acc: 87.7% | Generator: +0.016 | Retain: 7.3% | Masked acc: 77.4% | W-distance: +0.010
Epoch [0140/1000] | Temp: 0.496 | Critic: -0.000 | Predictor: +0.546 | Full acc: 88.0% | Generator: +0.009 | Retain: 6.6% | Masked acc: 77.5% | W-distance: +0.013
Epoch [0150/1000] | Temp: 0.471 | Critic: -0.004 | Predictor: +0.539 | Full acc: 88.6% | Generator: +0.019 | Retain: 6.2% | Masked acc: 78.0% | W-distance: +0.016
Epoch [0160/1000] | Temp: 0.448 | Critic: -0.005 | Predictor: +0.534 | Full acc: 89.0% | Generator: +0.027 | Retain: 5.8% | Masked acc: 78.2% | W-distance: +0.015
Epoch [0170/1000] | Temp: 0.427 | Critic: -0.007 | Predictor: +0.527 | Full acc: 89.2% | Generator: +0.029 | Retain: 5.5% | Masked acc: 78.1% | W-distance: +0.016
Epoch [0180/1000] | Temp: 0.406 | Critic: -0.010 | Predictor: +0.521 | Full acc: 89.4% | Generator: +0.063 | Retain: 5.3% | Masked acc: 78.4% | W-distance: +0.018
Epoch [0190/1000] | Temp: 0.386 | Critic: -0.009 | Predictor: +0.515 | Full acc: 90.0% | Generator: +0.052 | Retain: 5.1% | Masked acc: 78.4% | W-distance: +0.016
Epoch [0200/1000] | Temp: 0.367 | Critic: -0.011 | Predictor: +0.513 | Full acc: 90.1% | Generator: +0.065 | Retain: 5.0% | Masked acc: 78.2% | W-distance: +0.018
Epoch [0210/1000] | Temp: 0.349 | Critic: -0.014 | Predictor: +0.512 | Full acc: 90.5% | Generator: +0.067 | Retain: 4.8% | Masked acc: 78.3% | W-distance: +0.021
Epoch [0220/1000] | Temp: 0.332 | Critic: -0.014 | Predictor: +0.502 | Full acc: 90.6% | Generator: +0.068 | Retain: 4.7% | Masked acc: 78.6% | W-distance: +0.020
Epoch [0230/1000] | Temp: 0.316 | Critic: -0.015 | Predictor: +0.502 | Full acc: 90.7% | Generator: +0.077 | Retain: 4.7% | Masked acc: 78.4% | W-distance: +0.021
Epoch [0240/1000] | Temp: 0.300 | Critic: -0.017 | Predictor: +0.501 | Full acc: 91.0% | Generator: +0.084 | Retain: 4.6% | Masked acc: 78.7% | W-distance: +0.022
Epoch [0250/1000] | Temp: 0.286 | Critic: -0.015 | Predictor: +0.490 | Full acc: 91.4% | Generator: +0.095 | Retain: 4.5% | Masked acc: 78.8% | W-distance: +0.021
Epoch [0260/1000] | Temp: 0.272 | Critic: -0.015 | Predictor: +0.492 | Full acc: 91.5% | Generator: +0.093 | Retain: 4.5% | Masked acc: 78.2% | W-distance: +0.021
Epoch [0270/1000] | Temp: 0.258 | Critic: -0.017 | Predictor: +0.492 | Full acc: 91.9% | Generator: +0.105 | Retain: 4.4% | Masked acc: 78.5% | W-distance: +0.023
Epoch [0280/1000] | Temp: 0.246 | Critic: -0.017 | Predictor: +0.487 | Full acc: 91.8% | Generator: +0.116 | Retain: 4.4% | Masked acc: 78.7% | W-distance: +0.023
Epoch [0290/1000] | Temp: 0.234 | Critic: -0.018 | Predictor: +0.486 | Full acc: 91.8% | Generator: +0.113 | Retain: 4.4% | Masked acc: 78.7% | W-distance: +0.024
Epoch [0300/1000] | Temp: 0.222 | Critic: -0.018 | Predictor: +0.482 | Full acc: 92.2% | Generator: +0.106 | Retain: 4.3% | Masked acc: 78.2% | W-distance: +0.023
Epoch [0310/1000] | Temp: 0.211 | Critic: -0.019 | Predictor: +0.481 | Full acc: 92.4% | Generator: +0.125 | Retain: 4.3% | Masked acc: 78.1% | W-distance: +0.024
Epoch [0320/1000] | Temp: 0.201 | Critic: -0.018 | Predictor: +0.474 | Full acc: 92.6% | Generator: +0.134 | Retain: 4.3% | Masked acc: 77.7% | W-distance: +0.024
Epoch [0330/1000] | Temp: 0.191 | Critic: -0.018 | Predictor: +0.476 | Full acc: 92.7% | Generator: +0.126 | Retain: 4.3% | Masked acc: 78.3% | W-distance: +0.023
Epoch [0340/1000] | Temp: 0.182 | Critic: -0.018 | Predictor: +0.477 | Full acc: 93.0% | Generator: +0.131 | Retain: 4.2% | Masked acc: 78.4% | W-distance: +0.023
Epoch [0350/1000] | Temp: 0.173 | Critic: -0.020 | Predictor: +0.474 | Full acc: 93.2% | Generator: +0.142 | Retain: 4.2% | Masked acc: 78.7% | W-distance: +0.026
Epoch [0360/1000] | Temp: 0.165 | Critic: -0.019 | Predictor: +0.476 | Full acc: 93.1% | Generator: +0.141 | Retain: 4.2% | Masked acc: 78.3% | W-distance: +0.024
Epoch [0370/1000] | Temp: 0.157 | Critic: -0.019 | Predictor: +0.471 | Full acc: 93.1% | Generator: +0.151 | Retain: 4.2% | Masked acc: 78.3% | W-distance: +0.025
Epoch [0380/1000] | Temp: 0.149 | Critic: -0.019 | Predictor: +0.471 | Full acc: 93.5% | Generator: +0.157 | Retain: 4.2% | Masked acc: 78.8% | W-distance: +0.024
Epoch [0390/1000] | Temp: 0.142 | Critic: -0.018 | Predictor: +0.468 | Full acc: 93.6% | Generator: +0.176 | Retain: 4.2% | Masked acc: 78.4% | W-distance: +0.023
Epoch [0400/1000] | Temp: 0.135 | Critic: -0.018 | Predictor: +0.472 | Full acc: 93.8% | Generator: +0.167 | Retain: 4.2% | Masked acc: 78.5% | W-distance: +0.023
Epoch [0410/1000] | Temp: 0.128 | Critic: -0.020 | Predictor: +0.470 | Full acc: 93.8% | Generator: +0.166 | Retain: 4.2% | Masked acc: 78.2% | W-distance: +0.025
Epoch [0420/1000] | Temp: 0.122 | Critic: -0.019 | Predictor: +0.466 | Full acc: 93.7% | Generator: +0.166 | Retain: 4.2% | Masked acc: 78.1% | W-distance: +0.024
Epoch [0430/1000] | Temp: 0.116 | Critic: -0.020 | Predictor: +0.464 | Full acc: 94.0% | Generator: +0.156 | Retain: 4.1% | Masked acc: 78.1% | W-distance: +0.025
Epoch [0440/1000] | Temp: 0.110 | Critic: -0.020 | Predictor: +0.465 | Full acc: 94.2% | Generator: +0.177 | Retain: 4.1% | Masked acc: 78.3% | W-distance: +0.025
Epoch [0450/1000] | Temp: 0.105 | Critic: -0.021 | Predictor: +0.463 | Full acc: 94.1% | Generator: +0.167 | Retain: 4.1% | Masked acc: 78.2% | W-distance: +0.025
Epoch [0460/1000] | Temp: 0.100 | Critic: -0.022 | Predictor: +0.460 | Full acc: 94.2% | Generator: +0.171 | Retain: 4.1% | Masked acc: 78.0% | W-distance: +0.026
Epoch [0470/1000] | Temp: 0.100 | Critic: -0.020 | Predictor: +0.457 | Full acc: 94.3% | Generator: +0.177 | Retain: 4.1% | Masked acc: 78.1% | W-distance: +0.024
Epoch [0480/1000] | Temp: 0.100 | Critic: -0.018 | Predictor: +0.458 | Full acc: 94.3% | Generator: +0.178 | Retain: 4.1% | Masked acc: 78.0% | W-distance: +0.022
Epoch [0490/1000] | Temp: 0.100 | Critic: -0.020 | Predictor: +0.456 | Full acc: 94.5% | Generator: +0.193 | Retain: 4.1% | Masked acc: 78.3% | W-distance: +0.025
Epoch [0500/1000] | Temp: 0.100 | Critic: -0.022 | Predictor: +0.457 | Full acc: 94.7% | Generator: +0.179 | Retain: 4.1% | Masked acc: 78.1% | W-distance: +0.026
Epoch [0510/1000] | Temp: 0.100 | Critic: -0.020 | Predictor: +0.449 | Full acc: 94.6% | Generator: +0.180 | Retain: 4.1% | Masked acc: 78.2% | W-distance: +0.025
Epoch [0520/1000] | Temp: 0.100 | Critic: -0.022 | Predictor: +0.455 | Full acc: 94.8% | Generator: +0.182 | Retain: 4.1% | Masked acc: 77.9% | W-distance: +0.026
Epoch [0530/1000] | Temp: 0.100 | Critic: -0.023 | Predictor: +0.453 | Full acc: 94.8% | Generator: +0.176 | Retain: 4.1% | Masked acc: 78.0% | W-distance: +0.027
Epoch [0540/1000] | Temp: 0.100 | Critic: -0.022 | Predictor: +0.454 | Full acc: 95.0% | Generator: +0.182 | Retain: 4.1% | Masked acc: 77.8% | W-distance: +0.026
Epoch [0550/1000] | Temp: 0.100 | Critic: -0.021 | Predictor: +0.447 | Full acc: 95.0% | Generator: +0.181 | Retain: 4.1% | Masked acc: 77.7% | W-distance: +0.025
Epoch [0560/1000] | Temp: 0.100 | Critic: -0.022 | Predictor: +0.446 | Full acc: 95.1% | Generator: +0.181 | Retain: 4.1% | Masked acc: 78.1% | W-distance: +0.026
Epoch [0570/1000] | Temp: 0.100 | Critic: -0.022 | Predictor: +0.445 | Full acc: 94.9% | Generator: +0.185 | Retain: 4.1% | Masked acc: 78.4% | W-distance: +0.026
Epoch [0580/1000] | Temp: 0.100 | Critic: -0.022 | Predictor: +0.448 | Full acc: 95.0% | Generator: +0.168 | Retain: 4.1% | Masked acc: 77.9% | W-distance: +0.026
Epoch [0590/1000] | Temp: 0.100 | Critic: -0.022 | Predictor: +0.450 | Full acc: 95.2% | Generator: +0.170 | Retain: 4.1% | Masked acc: 78.0% | W-distance: +0.027
Epoch [0600/1000] | Temp: 0.100 | Critic: -0.024 | Predictor: +0.447 | Full acc: 95.1% | Generator: +0.176 | Retain: 4.1% | Masked acc: 77.7% | W-distance: +0.028
Epoch [0610/1000] | Temp: 0.100 | Critic: -0.022 | Predictor: +0.450 | Full acc: 95.2% | Generator: +0.156 | Retain: 4.1% | Masked acc: 78.2% | W-distance: +0.026
Epoch [0620/1000] | Temp: 0.100 | Critic: -0.022 | Predictor: +0.448 | Full acc: 95.4% | Generator: +0.165 | Retain: 4.1% | Masked acc: 77.9% | W-distance: +0.026
Epoch [0630/1000] | Temp: 0.100 | Critic: -0.024 | Predictor: +0.443 | Full acc: 95.4% | Generator: +0.180 | Retain: 4.1% | Masked acc: 78.4% | W-distance: +0.028
Epoch [0640/1000] | Temp: 0.100 | Critic: -0.022 | Predictor: +0.444 | Full acc: 95.5% | Generator: +0.173 | Retain: 4.1% | Masked acc: 77.8% | W-distance: +0.026
Epoch [0650/1000] | Temp: 0.100 | Critic: -0.024 | Predictor: +0.449 | Full acc: 95.4% | Generator: +0.165 | Retain: 4.0% | Masked acc: 78.2% | W-distance: +0.028
Epoch [0660/1000] | Temp: 0.100 | Critic: -0.024 | Predictor: +0.446 | Full acc: 95.5% | Generator: +0.151 | Retain: 4.0% | Masked acc: 78.1% | W-distance: +0.027
Epoch [0670/1000] | Temp: 0.100 | Critic: -0.024 | Predictor: +0.444 | Full acc: 95.6% | Generator: +0.160 | Retain: 4.0% | Masked acc: 78.0% | W-distance: +0.028
Epoch [0680/1000] | Temp: 0.100 | Critic: -0.022 | Predictor: +0.446 | Full acc: 95.6% | Generator: +0.164 | Retain: 4.0% | Masked acc: 78.4% | W-distance: +0.026
Epoch [0690/1000] | Temp: 0.100 | Critic: -0.023 | Predictor: +0.440 | Full acc: 95.6% | Generator: +0.160 | Retain: 4.0% | Masked acc: 78.2% | W-distance: +0.027
Epoch [0700/1000] | Temp: 0.100 | Critic: -0.025 | Predictor: +0.441 | Full acc: 95.6% | Generator: +0.154 | Retain: 4.0% | Masked acc: 78.2% | W-distance: +0.029
Epoch [0710/1000] | Temp: 0.100 | Critic: -0.022 | Predictor: +0.441 | Full acc: 95.6% | Generator: +0.163 | Retain: 4.0% | Masked acc: 78.1% | W-distance: +0.025
Epoch [0720/1000] | Temp: 0.100 | Critic: -0.024 | Predictor: +0.442 | Full acc: 95.9% | Generator: +0.160 | Retain: 4.0% | Masked acc: 78.0% | W-distance: +0.028
Epoch [0730/1000] | Temp: 0.100 | Critic: -0.022 | Predictor: +0.442 | Full acc: 95.9% | Generator: +0.162 | Retain: 4.0% | Masked acc: 77.6% | W-distance: +0.026
Epoch [0740/1000] | Temp: 0.100 | Critic: -0.026 | Predictor: +0.441 | Full acc: 95.8% | Generator: +0.156 | Retain: 4.0% | Masked acc: 77.9% | W-distance: +0.029
Epoch [0750/1000] | Temp: 0.100 | Critic: -0.023 | Predictor: +0.443 | Full acc: 95.8% | Generator: +0.161 | Retain: 4.0% | Masked acc: 78.4% | W-distance: +0.027
Epoch [0760/1000] | Temp: 0.100 | Critic: -0.024 | Predictor: +0.442 | Full acc: 95.7% | Generator: +0.161 | Retain: 4.0% | Masked acc: 78.1% | W-distance: +0.028
Epoch [0770/1000] | Temp: 0.100 | Critic: -0.023 | Predictor: +0.439 | Full acc: 95.8% | Generator: +0.166 | Retain: 4.0% | Masked acc: 77.8% | W-distance: +0.027
Epoch [0780/1000] | Temp: 0.100 | Critic: -0.024 | Predictor: +0.437 | Full acc: 96.0% | Generator: +0.162 | Retain: 4.0% | Masked acc: 78.0% | W-distance: +0.028
Epoch [0790/1000] | Temp: 0.100 | Critic: -0.025 | Predictor: +0.435 | Full acc: 96.0% | Generator: +0.148 | Retain: 4.0% | Masked acc: 78.0% | W-distance: +0.028
Epoch [0800/1000] | Temp: 0.100 | Critic: -0.024 | Predictor: +0.439 | Full acc: 96.1% | Generator: +0.148 | Retain: 4.0% | Masked acc: 78.2% | W-distance: +0.027
Epoch [0810/1000] | Temp: 0.100 | Critic: -0.025 | Predictor: +0.440 | Full acc: 96.1% | Generator: +0.142 | Retain: 4.0% | Masked acc: 78.4% | W-distance: +0.029
Epoch [0820/1000] | Temp: 0.100 | Critic: -0.024 | Predictor: +0.440 | Full acc: 96.0% | Generator: +0.139 | Retain: 4.0% | Masked acc: 77.8% | W-distance: +0.027
Epoch [0830/1000] | Temp: 0.100 | Critic: -0.024 | Predictor: +0.433 | Full acc: 96.2% | Generator: +0.137 | Retain: 4.0% | Masked acc: 78.3% | W-distance: +0.028
Epoch [0840/1000] | Temp: 0.100 | Critic: -0.024 | Predictor: +0.436 | Full acc: 96.1% | Generator: +0.141 | Retain: 4.0% | Masked acc: 77.7% | W-distance: +0.027
Epoch [0850/1000] | Temp: 0.100 | Critic: -0.027 | Predictor: +0.436 | Full acc: 96.0% | Generator: +0.125 | Retain: 4.0% | Masked acc: 78.2% | W-distance: +0.030
Epoch [0860/1000] | Temp: 0.100 | Critic: -0.025 | Predictor: +0.434 | Full acc: 96.1% | Generator: +0.125 | Retain: 4.0% | Masked acc: 77.8% | W-distance: +0.028
Epoch [0870/1000] | Temp: 0.100 | Critic: -0.024 | Predictor: +0.441 | Full acc: 96.1% | Generator: +0.130 | Retain: 4.0% | Masked acc: 77.9% | W-distance: +0.027
Epoch [0880/1000] | Temp: 0.100 | Critic: -0.024 | Predictor: +0.431 | Full acc: 96.2% | Generator: +0.127 | Retain: 4.0% | Masked acc: 77.6% | W-distance: +0.027
Epoch [0890/1000] | Temp: 0.100 | Critic: -0.022 | Predictor: +0.436 | Full acc: 96.2% | Generator: +0.113 | Retain: 4.0% | Masked acc: 77.7% | W-distance: +0.026
Epoch [0900/1000] | Temp: 0.100 | Critic: -0.023 | Predictor: +0.435 | Full acc: 96.2% | Generator: +0.110 | Retain: 4.0% | Masked acc: 77.9% | W-distance: +0.026
Epoch [0910/1000] | Temp: 0.100 | Critic: -0.024 | Predictor: +0.438 | Full acc: 96.4% | Generator: +0.129 | Retain: 4.0% | Masked acc: 78.1% | W-distance: +0.027
Epoch [0920/1000] | Temp: 0.100 | Critic: -0.024 | Predictor: +0.435 | Full acc: 96.3% | Generator: +0.121 | Retain: 4.0% | Masked acc: 78.1% | W-distance: +0.028
Epoch [0930/1000] | Temp: 0.100 | Critic: -0.024 | Predictor: +0.433 | Full acc: 96.4% | Generator: +0.124 | Retain: 4.0% | Masked acc: 77.8% | W-distance: +0.028
Epoch [0940/1000] | Temp: 0.100 | Critic: -0.024 | Predictor: +0.437 | Full acc: 96.3% | Generator: +0.119 | Retain: 4.0% | Masked acc: 78.0% | W-distance: +0.028
Epoch [0950/1000] | Temp: 0.100 | Critic: -0.025 | Predictor: +0.437 | Full acc: 96.4% | Generator: +0.126 | Retain: 4.0% | Masked acc: 77.8% | W-distance: +0.028
Epoch [0960/1000] | Temp: 0.100 | Critic: -0.026 | Predictor: +0.429 | Full acc: 96.3% | Generator: +0.127 | Retain: 4.0% | Masked acc: 78.2% | W-distance: +0.030
Epoch [0970/1000] | Temp: 0.100 | Critic: -0.025 | Predictor: +0.432 | Full acc: 96.4% | Generator: +0.113 | Retain: 4.0% | Masked acc: 77.6% | W-distance: +0.028
Epoch [0980/1000] | Temp: 0.100 | Critic: -0.026 | Predictor: +0.432 | Full acc: 96.4% | Generator: +0.131 | Retain: 4.0% | Masked acc: 78.3% | W-distance: +0.029
Epoch [0990/1000] | Temp: 0.100 | Critic: -0.025 | Predictor: +0.430 | Full acc: 96.5% | Generator: +0.135 | Retain: 4.0% | Masked acc: 78.3% | W-distance: +0.028
Epoch [1000/1000] | Temp: 0.100 | Critic: -0.024 | Predictor: +0.429 | Full acc: 96.5% | Generator: +0.126 | Retain: 4.0% | Masked acc: 78.1% | W-distance: +0.028
[导出] 训练结果已保存至 output\run_20260914_094853_659144

[评估] 开始测试集推理
================================================================
测试集评估与特征选择报告
================================================================
分类准确率：        76.65%
真正率（TPR）：     99.98%
错误发现率（FDR）： 0.14%
平均保留特征数：    4.0 / 100
----------------------------------------------------------------
选择频率最高的 15 个特征
----------------------------------------------------------------
Top 01: feature_002 | 选择 4000 次 (100.0%) | 真实相关
Top 02: feature_005 | 选择 3999 次 (100.0%) | 真实相关
Top 03: feature_004 | 选择 3999 次 (100.0%) | 真实相关
Top 04: feature_003 | 选择 3999 次 (100.0%) | 真实相关
Top 05: feature_046 | 选择    7 次 (  0.2%) | 噪声特征
Top 06: feature_043 | 选择    5 次 (  0.1%) | 噪声特征
Top 07: feature_038 | 选择    5 次 (  0.1%) | 噪声特征
Top 08: feature_054 | 选择    3 次 (  0.1%) | 噪声特征
Top 09: feature_091 | 选择    2 次 (  0.1%) | 噪声特征
Top 10: feature_027 | 选择    2 次 (  0.1%) | 噪声特征
Top 11: feature_029 | 选择    2 次 (  0.1%) | 噪声特征
Top 12: feature_044 | 选择    1 次 (  0.0%) | 噪声特征
Top 13: feature_064 | 选择    1 次 (  0.0%) | 噪声特征
Top 14: feature_096 | 选择    0 次 (  0.0%) | 噪声特征
Top 15: feature_093 | 选择    0 次 (  0.0%) | 噪声特征
================================================================
[导出] 评估结果和模型权重已保存至 output\run_20260914_094853_659144
