[System] Run dir: output\run_20260831_150642
[System] 正在使用 cpu 进行计算...

[System] 开始训练多任务共享特征架构...
Epoch [010/1000] | Tau: 0.951 | Loss_C: +0.048 | Loss_P: +0.513 | Full_X_Acc: 56.2% | Loss_Gen: +1.299 | Retain: 47.1% | Mask_X_Acc: 55.6% | Loss_Gen_adv: +0.471 | Loss_Gen_l1: +0.471 | Loss_Gen_p: +0.686 | W_Distance: -0.003 |
Epoch [020/1000] | Tau: 0.905 | Loss_C: +0.034 | Loss_P: +0.493 | Full_X_Acc: 64.0% | Loss_Gen: +1.350 | Retain: 43.5% | Mask_X_Acc: 57.9% | Loss_Gen_adv: +0.544 | Loss_Gen_l1: +0.435 | Loss_Gen_p: +0.676 | W_Distance: -0.003 |
Epoch [030/1000] | Tau: 0.860 | Loss_C: +0.022 | Loss_P: +0.475 | Full_X_Acc: 67.2% | Loss_Gen: +1.405 | Retain: 39.0% | Mask_X_Acc: 59.4% | Loss_Gen_adv: +0.615 | Loss_Gen_l1: +0.390 | Loss_Gen_p: +0.673 | W_Distance: -0.004 |
Epoch [040/1000] | Tau: 0.818 | Loss_C: +0.025 | Loss_P: +0.450 | Full_X_Acc: 71.8% | Loss_Gen: +1.360 | Retain: 34.0% | Mask_X_Acc: 61.3% | Loss_Gen_adv: +0.588 | Loss_Gen_l1: +0.340 | Loss_Gen_p: +0.670 | W_Distance: -0.005 |
Epoch [050/1000] | Tau: 0.778 | Loss_C: +0.028 | Loss_P: +0.415 | Full_X_Acc: 77.4% | Loss_Gen: +1.259 | Retain: 29.5% | Mask_X_Acc: 63.5% | Loss_Gen_adv: +0.506 | Loss_Gen_l1: +0.295 | Loss_Gen_p: +0.664 | W_Distance: -0.005 |
Epoch [060/1000] | Tau: 0.740 | Loss_C: +0.032 | Loss_P: +0.384 | Full_X_Acc: 81.2% | Loss_Gen: +1.038 | Retain: 25.7% | Mask_X_Acc: 65.7% | Loss_Gen_adv: +0.307 | Loss_Gen_l1: +0.257 | Loss_Gen_p: +0.654 | W_Distance: -0.002 |
Epoch [070/1000] | Tau: 0.704 | Loss_C: +0.014 | Loss_P: +0.357 | Full_X_Acc: 83.5% | Loss_Gen: +0.686 | Retain: 21.8% | Mask_X_Acc: 68.7% | Loss_Gen_adv: -0.008 | Loss_Gen_l1: +0.218 | Loss_Gen_p: +0.629 | W_Distance: +0.002 |
Epoch [080/1000] | Tau: 0.670 | Loss_C: +0.002 | Loss_P: +0.339 | Full_X_Acc: 84.7% | Loss_Gen: +0.493 | Retain: 17.7% | Mask_X_Acc: 70.7% | Loss_Gen_adv: -0.167 | Loss_Gen_l1: +0.177 | Loss_Gen_p: +0.607 | W_Distance: +0.004 |
Epoch [090/1000] | Tau: 0.637 | Loss_C: -0.004 | Loss_P: +0.323 | Full_X_Acc: 85.4% | Loss_Gen: +0.384 | Retain: 14.2% | Mask_X_Acc: 72.4% | Loss_Gen_adv: -0.233 | Loss_Gen_l1: +0.142 | Loss_Gen_p: +0.575 | W_Distance: +0.008 |
Epoch [100/1000] | Tau: 0.606 | Loss_C: -0.006 | Loss_P: +0.310 | Full_X_Acc: 86.1% | Loss_Gen: +0.340 | Retain: 11.4% | Mask_X_Acc: 74.6% | Loss_Gen_adv: -0.249 | Loss_Gen_l1: +0.114 | Loss_Gen_p: +0.555 | W_Distance: +0.009 |
Epoch [110/1000] | Tau: 0.576 | Loss_C: -0.005 | Loss_P: +0.294 | Full_X_Acc: 86.5% | Loss_Gen: +0.354 | Retain: 9.4% | Mask_X_Acc: 75.9% | Loss_Gen_adv: -0.204 | Loss_Gen_l1: +0.094 | Loss_Gen_p: +0.530 | W_Distance: +0.008 |
Epoch [120/1000] | Tau: 0.548 | Loss_C: -0.005 | Loss_P: +0.287 | Full_X_Acc: 87.3% | Loss_Gen: +0.313 | Retain: 8.0% | Mask_X_Acc: 77.3% | Loss_Gen_adv: -0.214 | Loss_Gen_l1: +0.080 | Loss_Gen_p: +0.503 | W_Distance: +0.008 |
Epoch [130/1000] | Tau: 0.521 | Loss_C: -0.007 | Loss_P: +0.279 | Full_X_Acc: 87.7% | Loss_Gen: +0.316 | Retain: 7.1% | Mask_X_Acc: 77.4% | Loss_Gen_adv: -0.204 | Loss_Gen_l1: +0.071 | Loss_Gen_p: +0.498 | W_Distance: +0.010 |
Epoch [140/1000] | Tau: 0.496 | Loss_C: -0.007 | Loss_P: +0.272 | Full_X_Acc: 88.3% | Loss_Gen: +0.341 | Retain: 6.4% | Mask_X_Acc: 78.0% | Loss_Gen_adv: -0.171 | Loss_Gen_l1: +0.064 | Loss_Gen_p: +0.493 | W_Distance: +0.011 |
Epoch [150/1000] | Tau: 0.471 | Loss_C: -0.009 | Loss_P: +0.267 | Full_X_Acc: 88.7% | Loss_Gen: +0.340 | Retain: 5.9% | Mask_X_Acc: 78.1% | Loss_Gen_adv: -0.165 | Loss_Gen_l1: +0.059 | Loss_Gen_p: +0.488 | W_Distance: +0.012 |
Epoch [160/1000] | Tau: 0.448 | Loss_C: -0.010 | Loss_P: +0.262 | Full_X_Acc: 89.1% | Loss_Gen: +0.355 | Retain: 5.5% | Mask_X_Acc: 78.2% | Loss_Gen_adv: -0.146 | Loss_Gen_l1: +0.055 | Loss_Gen_p: +0.484 | W_Distance: +0.014 |
Epoch [170/1000] | Tau: 0.427 | Loss_C: -0.011 | Loss_P: +0.258 | Full_X_Acc: 89.6% | Loss_Gen: +0.397 | Retain: 5.3% | Mask_X_Acc: 78.4% | Loss_Gen_adv: -0.105 | Loss_Gen_l1: +0.053 | Loss_Gen_p: +0.486 | W_Distance: +0.016 |
Epoch [180/1000] | Tau: 0.406 | Loss_C: -0.012 | Loss_P: +0.255 | Full_X_Acc: 89.8% | Loss_Gen: +0.430 | Retain: 5.1% | Mask_X_Acc: 79.1% | Loss_Gen_adv: -0.070 | Loss_Gen_l1: +0.051 | Loss_Gen_p: +0.485 | W_Distance: +0.016 |
Epoch [190/1000] | Tau: 0.386 | Loss_C: -0.013 | Loss_P: +0.256 | Full_X_Acc: 90.3% | Loss_Gen: +0.429 | Retain: 4.9% | Mask_X_Acc: 78.8% | Loss_Gen_adv: -0.066 | Loss_Gen_l1: +0.049 | Loss_Gen_p: +0.480 | W_Distance: +0.017 |
Epoch [200/1000] | Tau: 0.367 | Loss_C: -0.014 | Loss_P: +0.252 | Full_X_Acc: 90.2% | Loss_Gen: +0.451 | Retain: 4.8% | Mask_X_Acc: 78.6% | Loss_Gen_adv: -0.055 | Loss_Gen_l1: +0.048 | Loss_Gen_p: +0.491 | W_Distance: +0.018 |
Epoch [210/1000] | Tau: 0.349 | Loss_C: -0.015 | Loss_P: +0.251 | Full_X_Acc: 90.8% | Loss_Gen: +0.468 | Retain: 4.7% | Mask_X_Acc: 78.6% | Loss_Gen_adv: -0.036 | Loss_Gen_l1: +0.047 | Loss_Gen_p: +0.490 | W_Distance: +0.018 |
Epoch [220/1000] | Tau: 0.332 | Loss_C: -0.014 | Loss_P: +0.248 | Full_X_Acc: 90.8% | Loss_Gen: +0.467 | Retain: 4.7% | Mask_X_Acc: 78.5% | Loss_Gen_adv: -0.030 | Loss_Gen_l1: +0.047 | Loss_Gen_p: +0.483 | W_Distance: +0.018 |
Epoch [230/1000] | Tau: 0.316 | Loss_C: -0.015 | Loss_P: +0.248 | Full_X_Acc: 91.4% | Loss_Gen: +0.492 | Retain: 4.6% | Mask_X_Acc: 78.3% | Loss_Gen_adv: -0.013 | Loss_Gen_l1: +0.046 | Loss_Gen_p: +0.492 | W_Distance: +0.019 |
Epoch [240/1000] | Tau: 0.300 | Loss_C: -0.016 | Loss_P: +0.245 | Full_X_Acc: 91.5% | Loss_Gen: +0.503 | Retain: 4.5% | Mask_X_Acc: 79.1% | Loss_Gen_adv: -0.008 | Loss_Gen_l1: +0.045 | Loss_Gen_p: +0.497 | W_Distance: +0.020 |
Epoch [250/1000] | Tau: 0.286 | Loss_C: -0.017 | Loss_P: +0.243 | Full_X_Acc: 91.8% | Loss_Gen: +0.523 | Retain: 4.5% | Mask_X_Acc: 78.9% | Loss_Gen_adv: +0.017 | Loss_Gen_l1: +0.045 | Loss_Gen_p: +0.493 | W_Distance: +0.020 |
Epoch [260/1000] | Tau: 0.272 | Loss_C: -0.019 | Loss_P: +0.243 | Full_X_Acc: 92.0% | Loss_Gen: +0.536 | Retain: 4.5% | Mask_X_Acc: 78.6% | Loss_Gen_adv: +0.029 | Loss_Gen_l1: +0.045 | Loss_Gen_p: +0.494 | W_Distance: +0.023 |
Epoch [270/1000] | Tau: 0.258 | Loss_C: -0.020 | Loss_P: +0.239 | Full_X_Acc: 92.2% | Loss_Gen: +0.532 | Retain: 4.4% | Mask_X_Acc: 78.7% | Loss_Gen_adv: +0.021 | Loss_Gen_l1: +0.044 | Loss_Gen_p: +0.498 | W_Distance: +0.024 |
Epoch [280/1000] | Tau: 0.246 | Loss_C: -0.019 | Loss_P: +0.240 | Full_X_Acc: 92.3% | Loss_Gen: +0.556 | Retain: 4.4% | Mask_X_Acc: 78.5% | Loss_Gen_adv: +0.039 | Loss_Gen_l1: +0.044 | Loss_Gen_p: +0.504 | W_Distance: +0.023 |
Epoch [290/1000] | Tau: 0.234 | Loss_C: -0.020 | Loss_P: +0.239 | Full_X_Acc: 92.6% | Loss_Gen: +0.545 | Retain: 4.4% | Mask_X_Acc: 78.4% | Loss_Gen_adv: +0.041 | Loss_Gen_l1: +0.044 | Loss_Gen_p: +0.491 | W_Distance: +0.024 |
Epoch [300/1000] | Tau: 0.222 | Loss_C: -0.021 | Loss_P: +0.237 | Full_X_Acc: 92.8% | Loss_Gen: +0.536 | Retain: 4.3% | Mask_X_Acc: 78.7% | Loss_Gen_adv: +0.026 | Loss_Gen_l1: +0.043 | Loss_Gen_p: +0.497 | W_Distance: +0.024 |
Epoch [310/1000] | Tau: 0.211 | Loss_C: -0.019 | Loss_P: +0.236 | Full_X_Acc: 92.9% | Loss_Gen: +0.559 | Retain: 4.3% | Mask_X_Acc: 78.6% | Loss_Gen_adv: +0.036 | Loss_Gen_l1: +0.043 | Loss_Gen_p: +0.509 | W_Distance: +0.022 |
Epoch [320/1000] | Tau: 0.201 | Loss_C: -0.020 | Loss_P: +0.234 | Full_X_Acc: 93.2% | Loss_Gen: +0.566 | Retain: 4.3% | Mask_X_Acc: 78.5% | Loss_Gen_adv: +0.039 | Loss_Gen_l1: +0.043 | Loss_Gen_p: +0.514 | W_Distance: +0.023 |
Epoch [330/1000] | Tau: 0.191 | Loss_C: -0.022 | Loss_P: +0.234 | Full_X_Acc: 93.4% | Loss_Gen: +0.554 | Retain: 4.3% | Mask_X_Acc: 78.9% | Loss_Gen_adv: +0.043 | Loss_Gen_l1: +0.043 | Loss_Gen_p: +0.498 | W_Distance: +0.025 |
Epoch [340/1000] | Tau: 0.182 | Loss_C: -0.019 | Loss_P: +0.232 | Full_X_Acc: 93.5% | Loss_Gen: +0.562 | Retain: 4.3% | Mask_X_Acc: 78.6% | Loss_Gen_adv: +0.038 | Loss_Gen_l1: +0.043 | Loss_Gen_p: +0.511 | W_Distance: +0.022 |
Epoch [350/1000] | Tau: 0.173 | Loss_C: -0.021 | Loss_P: +0.233 | Full_X_Acc: 93.8% | Loss_Gen: +0.569 | Retain: 4.3% | Mask_X_Acc: 78.2% | Loss_Gen_adv: +0.033 | Loss_Gen_l1: +0.043 | Loss_Gen_p: +0.523 | W_Distance: +0.024 |
Epoch [360/1000] | Tau: 0.165 | Loss_C: -0.021 | Loss_P: +0.228 | Full_X_Acc: 93.7% | Loss_Gen: +0.562 | Retain: 4.3% | Mask_X_Acc: 78.5% | Loss_Gen_adv: +0.032 | Loss_Gen_l1: +0.043 | Loss_Gen_p: +0.517 | W_Distance: +0.024 |
Epoch [370/1000] | Tau: 0.157 | Loss_C: -0.021 | Loss_P: +0.232 | Full_X_Acc: 94.0% | Loss_Gen: +0.578 | Retain: 4.2% | Mask_X_Acc: 78.4% | Loss_Gen_adv: +0.044 | Loss_Gen_l1: +0.042 | Loss_Gen_p: +0.521 | W_Distance: +0.024 |
Epoch [380/1000] | Tau: 0.149 | Loss_C: -0.023 | Loss_P: +0.232 | Full_X_Acc: 94.1% | Loss_Gen: +0.568 | Retain: 4.2% | Mask_X_Acc: 78.6% | Loss_Gen_adv: +0.046 | Loss_Gen_l1: +0.042 | Loss_Gen_p: +0.509 | W_Distance: +0.026 |
Epoch [390/1000] | Tau: 0.142 | Loss_C: -0.021 | Loss_P: +0.226 | Full_X_Acc: 94.2% | Loss_Gen: +0.575 | Retain: 4.2% | Mask_X_Acc: 78.4% | Loss_Gen_adv: +0.045 | Loss_Gen_l1: +0.042 | Loss_Gen_p: +0.517 | W_Distance: +0.024 |
Epoch [400/1000] | Tau: 0.135 | Loss_C: -0.021 | Loss_P: +0.228 | Full_X_Acc: 94.4% | Loss_Gen: +0.577 | Retain: 4.2% | Mask_X_Acc: 78.7% | Loss_Gen_adv: +0.049 | Loss_Gen_l1: +0.042 | Loss_Gen_p: +0.515 | W_Distance: +0.024 |
Epoch [410/1000] | Tau: 0.128 | Loss_C: -0.022 | Loss_P: +0.228 | Full_X_Acc: 94.5% | Loss_Gen: +0.584 | Retain: 4.2% | Mask_X_Acc: 78.2% | Loss_Gen_adv: +0.053 | Loss_Gen_l1: +0.042 | Loss_Gen_p: +0.518 | W_Distance: +0.025 |
Epoch [420/1000] | Tau: 0.122 | Loss_C: -0.024 | Loss_P: +0.228 | Full_X_Acc: 94.8% | Loss_Gen: +0.605 | Retain: 4.2% | Mask_X_Acc: 78.8% | Loss_Gen_adv: +0.068 | Loss_Gen_l1: +0.042 | Loss_Gen_p: +0.525 | W_Distance: +0.027 |
Epoch [430/1000] | Tau: 0.116 | Loss_C: -0.020 | Loss_P: +0.228 | Full_X_Acc: 94.8% | Loss_Gen: +0.589 | Retain: 4.2% | Mask_X_Acc: 78.5% | Loss_Gen_adv: +0.065 | Loss_Gen_l1: +0.042 | Loss_Gen_p: +0.511 | W_Distance: +0.023 |
Epoch [440/1000] | Tau: 0.110 | Loss_C: -0.023 | Loss_P: +0.225 | Full_X_Acc: 94.8% | Loss_Gen: +0.599 | Retain: 4.2% | Mask_X_Acc: 78.5% | Loss_Gen_adv: +0.068 | Loss_Gen_l1: +0.042 | Loss_Gen_p: +0.519 | W_Distance: +0.026 |
Epoch [450/1000] | Tau: 0.105 | Loss_C: -0.023 | Loss_P: +0.225 | Full_X_Acc: 94.9% | Loss_Gen: +0.621 | Retain: 4.2% | Mask_X_Acc: 78.3% | Loss_Gen_adv: +0.080 | Loss_Gen_l1: +0.042 | Loss_Gen_p: +0.529 | W_Distance: +0.026 |
Epoch [460/1000] | Tau: 0.100 | Loss_C: -0.022 | Loss_P: +0.225 | Full_X_Acc: 94.8% | Loss_Gen: +0.627 | Retain: 4.2% | Mask_X_Acc: 78.3% | Loss_Gen_adv: +0.095 | Loss_Gen_l1: +0.042 | Loss_Gen_p: +0.519 | W_Distance: +0.025 |
Epoch [470/1000] | Tau: 0.100 | Loss_C: -0.024 | Loss_P: +0.226 | Full_X_Acc: 95.3% | Loss_Gen: +0.644 | Retain: 4.2% | Mask_X_Acc: 78.0% | Loss_Gen_adv: +0.102 | Loss_Gen_l1: +0.042 | Loss_Gen_p: +0.529 | W_Distance: +0.027 |
Epoch [480/1000] | Tau: 0.100 | Loss_C: -0.022 | Loss_P: +0.223 | Full_X_Acc: 95.2% | Loss_Gen: +0.661 | Retain: 4.1% | Mask_X_Acc: 78.5% | Loss_Gen_adv: +0.121 | Loss_Gen_l1: +0.041 | Loss_Gen_p: +0.527 | W_Distance: +0.025 |
Epoch [490/1000] | Tau: 0.100 | Loss_C: -0.024 | Loss_P: +0.224 | Full_X_Acc: 95.3% | Loss_Gen: +0.658 | Retain: 4.1% | Mask_X_Acc: 78.6% | Loss_Gen_adv: +0.129 | Loss_Gen_l1: +0.041 | Loss_Gen_p: +0.517 | W_Distance: +0.027 |
Epoch [500/1000] | Tau: 0.100 | Loss_C: -0.024 | Loss_P: +0.223 | Full_X_Acc: 95.3% | Loss_Gen: +0.684 | Retain: 4.1% | Mask_X_Acc: 78.2% | Loss_Gen_adv: +0.149 | Loss_Gen_l1: +0.041 | Loss_Gen_p: +0.523 | W_Distance: +0.026 |
Epoch [510/1000] | Tau: 0.100 | Loss_C: -0.025 | Loss_P: +0.222 | Full_X_Acc: 95.4% | Loss_Gen: +0.686 | Retain: 4.1% | Mask_X_Acc: 78.4% | Loss_Gen_adv: +0.150 | Loss_Gen_l1: +0.041 | Loss_Gen_p: +0.524 | W_Distance: +0.028 |
Epoch [520/1000] | Tau: 0.100 | Loss_C: -0.024 | Loss_P: +0.222 | Full_X_Acc: 95.6% | Loss_Gen: +0.684 | Retain: 4.1% | Mask_X_Acc: 78.4% | Loss_Gen_adv: +0.156 | Loss_Gen_l1: +0.041 | Loss_Gen_p: +0.515 | W_Distance: +0.027 |
Epoch [530/1000] | Tau: 0.100 | Loss_C: -0.025 | Loss_P: +0.222 | Full_X_Acc: 95.5% | Loss_Gen: +0.698 | Retain: 4.1% | Mask_X_Acc: 78.5% | Loss_Gen_adv: +0.159 | Loss_Gen_l1: +0.041 | Loss_Gen_p: +0.527 | W_Distance: +0.027 |
Epoch [540/1000] | Tau: 0.100 | Loss_C: -0.023 | Loss_P: +0.221 | Full_X_Acc: 95.6% | Loss_Gen: +0.712 | Retain: 4.1% | Mask_X_Acc: 78.7% | Loss_Gen_adv: +0.175 | Loss_Gen_l1: +0.041 | Loss_Gen_p: +0.524 | W_Distance: +0.026 |
Epoch [550/1000] | Tau: 0.100 | Loss_C: -0.025 | Loss_P: +0.220 | Full_X_Acc: 95.8% | Loss_Gen: +0.716 | Retain: 4.1% | Mask_X_Acc: 78.3% | Loss_Gen_adv: +0.168 | Loss_Gen_l1: +0.041 | Loss_Gen_p: +0.535 | W_Distance: +0.027 |
Epoch [560/1000] | Tau: 0.100 | Loss_C: -0.024 | Loss_P: +0.223 | Full_X_Acc: 95.8% | Loss_Gen: +0.717 | Retain: 4.1% | Mask_X_Acc: 78.2% | Loss_Gen_adv: +0.186 | Loss_Gen_l1: +0.041 | Loss_Gen_p: +0.519 | W_Distance: +0.026 |
Epoch [570/1000] | Tau: 0.100 | Loss_C: -0.026 | Loss_P: +0.220 | Full_X_Acc: 95.8% | Loss_Gen: +0.718 | Retain: 4.1% | Mask_X_Acc: 78.0% | Loss_Gen_adv: +0.181 | Loss_Gen_l1: +0.041 | Loss_Gen_p: +0.524 | W_Distance: +0.028 |
Epoch [580/1000] | Tau: 0.100 | Loss_C: -0.026 | Loss_P: +0.218 | Full_X_Acc: 95.9% | Loss_Gen: +0.731 | Retain: 4.1% | Mask_X_Acc: 78.1% | Loss_Gen_adv: +0.191 | Loss_Gen_l1: +0.041 | Loss_Gen_p: +0.528 | W_Distance: +0.028 |
Epoch [590/1000] | Tau: 0.100 | Loss_C: -0.024 | Loss_P: +0.219 | Full_X_Acc: 96.0% | Loss_Gen: +0.729 | Retain: 4.1% | Mask_X_Acc: 78.2% | Loss_Gen_adv: +0.190 | Loss_Gen_l1: +0.041 | Loss_Gen_p: +0.526 | W_Distance: +0.026 |
Epoch [600/1000] | Tau: 0.100 | Loss_C: -0.024 | Loss_P: +0.217 | Full_X_Acc: 96.0% | Loss_Gen: +0.727 | Retain: 4.1% | Mask_X_Acc: 78.1% | Loss_Gen_adv: +0.184 | Loss_Gen_l1: +0.041 | Loss_Gen_p: +0.531 | W_Distance: +0.026 |
Epoch [610/1000] | Tau: 0.100 | Loss_C: -0.025 | Loss_P: +0.219 | Full_X_Acc: 96.2% | Loss_Gen: +0.727 | Retain: 4.1% | Mask_X_Acc: 77.9% | Loss_Gen_adv: +0.186 | Loss_Gen_l1: +0.041 | Loss_Gen_p: +0.528 | W_Distance: +0.027 |
Epoch [620/1000] | Tau: 0.100 | Loss_C: -0.026 | Loss_P: +0.217 | Full_X_Acc: 96.2% | Loss_Gen: +0.735 | Retain: 4.1% | Mask_X_Acc: 78.4% | Loss_Gen_adv: +0.195 | Loss_Gen_l1: +0.041 | Loss_Gen_p: +0.528 | W_Distance: +0.028 |
Epoch [630/1000] | Tau: 0.100 | Loss_C: -0.024 | Loss_P: +0.220 | Full_X_Acc: 96.0% | Loss_Gen: +0.749 | Retain: 4.1% | Mask_X_Acc: 78.0% | Loss_Gen_adv: +0.197 | Loss_Gen_l1: +0.041 | Loss_Gen_p: +0.539 | W_Distance: +0.027 |
Epoch [640/1000] | Tau: 0.100 | Loss_C: -0.024 | Loss_P: +0.220 | Full_X_Acc: 96.2% | Loss_Gen: +0.743 | Retain: 4.1% | Mask_X_Acc: 78.2% | Loss_Gen_adv: +0.196 | Loss_Gen_l1: +0.041 | Loss_Gen_p: +0.536 | W_Distance: +0.026 |
Epoch [650/1000] | Tau: 0.100 | Loss_C: -0.025 | Loss_P: +0.216 | Full_X_Acc: 96.2% | Loss_Gen: +0.738 | Retain: 4.1% | Mask_X_Acc: 78.2% | Loss_Gen_adv: +0.196 | Loss_Gen_l1: +0.041 | Loss_Gen_p: +0.530 | W_Distance: +0.028 |
Epoch [660/1000] | Tau: 0.100 | Loss_C: -0.027 | Loss_P: +0.216 | Full_X_Acc: 96.2% | Loss_Gen: +0.738 | Retain: 4.1% | Mask_X_Acc: 77.8% | Loss_Gen_adv: +0.198 | Loss_Gen_l1: +0.041 | Loss_Gen_p: +0.528 | W_Distance: +0.029 |
Epoch [670/1000] | Tau: 0.100 | Loss_C: -0.026 | Loss_P: +0.217 | Full_X_Acc: 96.1% | Loss_Gen: +0.743 | Retain: 4.1% | Mask_X_Acc: 77.8% | Loss_Gen_adv: +0.201 | Loss_Gen_l1: +0.041 | Loss_Gen_p: +0.530 | W_Distance: +0.028 |
Epoch [680/1000] | Tau: 0.100 | Loss_C: -0.025 | Loss_P: +0.217 | Full_X_Acc: 96.2% | Loss_Gen: +0.740 | Retain: 4.1% | Mask_X_Acc: 78.0% | Loss_Gen_adv: +0.197 | Loss_Gen_l1: +0.041 | Loss_Gen_p: +0.530 | W_Distance: +0.028 |
Epoch [690/1000] | Tau: 0.100 | Loss_C: -0.025 | Loss_P: +0.218 | Full_X_Acc: 96.3% | Loss_Gen: +0.745 | Retain: 4.1% | Mask_X_Acc: 78.5% | Loss_Gen_adv: +0.200 | Loss_Gen_l1: +0.041 | Loss_Gen_p: +0.533 | W_Distance: +0.028 |
Epoch [700/1000] | Tau: 0.100 | Loss_C: -0.027 | Loss_P: +0.219 | Full_X_Acc: 96.4% | Loss_Gen: +0.758 | Retain: 4.1% | Mask_X_Acc: 78.2% | Loss_Gen_adv: +0.206 | Loss_Gen_l1: +0.041 | Loss_Gen_p: +0.540 | W_Distance: +0.029 |
Epoch [710/1000] | Tau: 0.100 | Loss_C: -0.027 | Loss_P: +0.219 | Full_X_Acc: 96.3% | Loss_Gen: +0.748 | Retain: 4.1% | Mask_X_Acc: 78.0% | Loss_Gen_adv: +0.206 | Loss_Gen_l1: +0.041 | Loss_Gen_p: +0.530 | W_Distance: +0.029 |
Epoch [720/1000] | Tau: 0.100 | Loss_C: -0.026 | Loss_P: +0.212 | Full_X_Acc: 96.5% | Loss_Gen: +0.741 | Retain: 4.0% | Mask_X_Acc: 77.9% | Loss_Gen_adv: +0.195 | Loss_Gen_l1: +0.040 | Loss_Gen_p: +0.533 | W_Distance: +0.028 |
Epoch [730/1000] | Tau: 0.100 | Loss_C: -0.025 | Loss_P: +0.214 | Full_X_Acc: 96.3% | Loss_Gen: +0.748 | Retain: 4.0% | Mask_X_Acc: 78.2% | Loss_Gen_adv: +0.200 | Loss_Gen_l1: +0.040 | Loss_Gen_p: +0.536 | W_Distance: +0.027 |
Epoch [740/1000] | Tau: 0.100 | Loss_C: -0.028 | Loss_P: +0.215 | Full_X_Acc: 96.7% | Loss_Gen: +0.739 | Retain: 4.0% | Mask_X_Acc: 78.1% | Loss_Gen_adv: +0.198 | Loss_Gen_l1: +0.040 | Loss_Gen_p: +0.529 | W_Distance: +0.030 |
Epoch [750/1000] | Tau: 0.100 | Loss_C: -0.027 | Loss_P: +0.214 | Full_X_Acc: 96.7% | Loss_Gen: +0.739 | Retain: 4.0% | Mask_X_Acc: 78.2% | Loss_Gen_adv: +0.197 | Loss_Gen_l1: +0.040 | Loss_Gen_p: +0.529 | W_Distance: +0.029 |
Epoch [760/1000] | Tau: 0.100 | Loss_C: -0.026 | Loss_P: +0.215 | Full_X_Acc: 96.5% | Loss_Gen: +0.730 | Retain: 4.0% | Mask_X_Acc: 77.7% | Loss_Gen_adv: +0.188 | Loss_Gen_l1: +0.040 | Loss_Gen_p: +0.530 | W_Distance: +0.028 |
Epoch [770/1000] | Tau: 0.100 | Loss_C: -0.028 | Loss_P: +0.214 | Full_X_Acc: 96.6% | Loss_Gen: +0.734 | Retain: 4.0% | Mask_X_Acc: 78.2% | Loss_Gen_adv: +0.185 | Loss_Gen_l1: +0.040 | Loss_Gen_p: +0.537 | W_Distance: +0.031 |
Epoch [780/1000] | Tau: 0.100 | Loss_C: -0.025 | Loss_P: +0.215 | Full_X_Acc: 96.7% | Loss_Gen: +0.730 | Retain: 4.0% | Mask_X_Acc: 78.1% | Loss_Gen_adv: +0.182 | Loss_Gen_l1: +0.040 | Loss_Gen_p: +0.536 | W_Distance: +0.027 |
Epoch [790/1000] | Tau: 0.100 | Loss_C: -0.028 | Loss_P: +0.214 | Full_X_Acc: 96.7% | Loss_Gen: +0.728 | Retain: 4.0% | Mask_X_Acc: 78.1% | Loss_Gen_adv: +0.181 | Loss_Gen_l1: +0.040 | Loss_Gen_p: +0.535 | W_Distance: +0.030 |
Epoch [800/1000] | Tau: 0.100 | Loss_C: -0.028 | Loss_P: +0.212 | Full_X_Acc: 96.6% | Loss_Gen: +0.719 | Retain: 4.0% | Mask_X_Acc: 78.2% | Loss_Gen_adv: +0.176 | Loss_Gen_l1: +0.040 | Loss_Gen_p: +0.531 | W_Distance: +0.030 |
Epoch [810/1000] | Tau: 0.100 | Loss_C: -0.027 | Loss_P: +0.214 | Full_X_Acc: 96.7% | Loss_Gen: +0.720 | Retain: 4.0% | Mask_X_Acc: 78.1% | Loss_Gen_adv: +0.177 | Loss_Gen_l1: +0.040 | Loss_Gen_p: +0.532 | W_Distance: +0.029 |
Epoch [820/1000] | Tau: 0.100 | Loss_C: -0.027 | Loss_P: +0.214 | Full_X_Acc: 96.7% | Loss_Gen: +0.728 | Retain: 4.0% | Mask_X_Acc: 78.1% | Loss_Gen_adv: +0.175 | Loss_Gen_l1: +0.040 | Loss_Gen_p: +0.541 | W_Distance: +0.029 |
Epoch [830/1000] | Tau: 0.100 | Loss_C: -0.028 | Loss_P: +0.214 | Full_X_Acc: 96.6% | Loss_Gen: +0.716 | Retain: 4.0% | Mask_X_Acc: 78.5% | Loss_Gen_adv: +0.179 | Loss_Gen_l1: +0.040 | Loss_Gen_p: +0.525 | W_Distance: +0.030 |
Epoch [840/1000] | Tau: 0.100 | Loss_C: -0.028 | Loss_P: +0.214 | Full_X_Acc: 96.8% | Loss_Gen: +0.729 | Retain: 4.0% | Mask_X_Acc: 78.1% | Loss_Gen_adv: +0.178 | Loss_Gen_l1: +0.040 | Loss_Gen_p: +0.539 | W_Distance: +0.030 |
Epoch [850/1000] | Tau: 0.100 | Loss_C: -0.027 | Loss_P: +0.212 | Full_X_Acc: 96.8% | Loss_Gen: +0.717 | Retain: 4.0% | Mask_X_Acc: 78.2% | Loss_Gen_adv: +0.174 | Loss_Gen_l1: +0.040 | Loss_Gen_p: +0.530 | W_Distance: +0.030 |
Epoch [860/1000] | Tau: 0.100 | Loss_C: -0.025 | Loss_P: +0.211 | Full_X_Acc: 96.7% | Loss_Gen: +0.724 | Retain: 4.0% | Mask_X_Acc: 78.6% | Loss_Gen_adv: +0.174 | Loss_Gen_l1: +0.040 | Loss_Gen_p: +0.538 | W_Distance: +0.028 |
Epoch [870/1000] | Tau: 0.100 | Loss_C: -0.027 | Loss_P: +0.212 | Full_X_Acc: 96.8% | Loss_Gen: +0.719 | Retain: 4.0% | Mask_X_Acc: 77.7% | Loss_Gen_adv: +0.178 | Loss_Gen_l1: +0.040 | Loss_Gen_p: +0.529 | W_Distance: +0.029 |
Epoch [880/1000] | Tau: 0.100 | Loss_C: -0.026 | Loss_P: +0.213 | Full_X_Acc: 96.8% | Loss_Gen: +0.726 | Retain: 4.0% | Mask_X_Acc: 78.3% | Loss_Gen_adv: +0.173 | Loss_Gen_l1: +0.040 | Loss_Gen_p: +0.541 | W_Distance: +0.028 |
Epoch [890/1000] | Tau: 0.100 | Loss_C: -0.027 | Loss_P: +0.213 | Full_X_Acc: 96.8% | Loss_Gen: +0.722 | Retain: 4.0% | Mask_X_Acc: 78.2% | Loss_Gen_adv: +0.177 | Loss_Gen_l1: +0.040 | Loss_Gen_p: +0.532 | W_Distance: +0.029 |
Epoch [900/1000] | Tau: 0.100 | Loss_C: -0.027 | Loss_P: +0.213 | Full_X_Acc: 96.9% | Loss_Gen: +0.716 | Retain: 4.0% | Mask_X_Acc: 77.9% | Loss_Gen_adv: +0.165 | Loss_Gen_l1: +0.040 | Loss_Gen_p: +0.539 | W_Distance: +0.029 |
Epoch [910/1000] | Tau: 0.100 | Loss_C: -0.026 | Loss_P: +0.212 | Full_X_Acc: 97.0% | Loss_Gen: +0.709 | Retain: 4.0% | Mask_X_Acc: 77.6% | Loss_Gen_adv: +0.163 | Loss_Gen_l1: +0.040 | Loss_Gen_p: +0.534 | W_Distance: +0.029 |
Epoch [920/1000] | Tau: 0.100 | Loss_C: -0.027 | Loss_P: +0.212 | Full_X_Acc: 96.9% | Loss_Gen: +0.719 | Retain: 4.0% | Mask_X_Acc: 78.0% | Loss_Gen_adv: +0.169 | Loss_Gen_l1: +0.040 | Loss_Gen_p: +0.538 | W_Distance: +0.029 |
Epoch [930/1000] | Tau: 0.100 | Loss_C: -0.027 | Loss_P: +0.212 | Full_X_Acc: 97.0% | Loss_Gen: +0.710 | Retain: 4.0% | Mask_X_Acc: 78.0% | Loss_Gen_adv: +0.161 | Loss_Gen_l1: +0.040 | Loss_Gen_p: +0.537 | W_Distance: +0.029 |
Epoch [940/1000] | Tau: 0.100 | Loss_C: -0.027 | Loss_P: +0.213 | Full_X_Acc: 97.1% | Loss_Gen: +0.715 | Retain: 4.0% | Mask_X_Acc: 78.0% | Loss_Gen_adv: +0.166 | Loss_Gen_l1: +0.040 | Loss_Gen_p: +0.537 | W_Distance: +0.029 |
Epoch [950/1000] | Tau: 0.100 | Loss_C: -0.027 | Loss_P: +0.209 | Full_X_Acc: 97.0% | Loss_Gen: +0.713 | Retain: 4.0% | Mask_X_Acc: 78.0% | Loss_Gen_adv: +0.165 | Loss_Gen_l1: +0.040 | Loss_Gen_p: +0.536 | W_Distance: +0.029 |
Epoch [960/1000] | Tau: 0.100 | Loss_C: -0.027 | Loss_P: +0.215 | Full_X_Acc: 97.0% | Loss_Gen: +0.709 | Retain: 4.0% | Mask_X_Acc: 78.0% | Loss_Gen_adv: +0.161 | Loss_Gen_l1: +0.040 | Loss_Gen_p: +0.536 | W_Distance: +0.029 |
Epoch [970/1000] | Tau: 0.100 | Loss_C: -0.026 | Loss_P: +0.213 | Full_X_Acc: 97.1% | Loss_Gen: +0.706 | Retain: 4.0% | Mask_X_Acc: 78.1% | Loss_Gen_adv: +0.155 | Loss_Gen_l1: +0.040 | Loss_Gen_p: +0.539 | W_Distance: +0.028 |
Epoch [980/1000] | Tau: 0.100 | Loss_C: -0.027 | Loss_P: +0.211 | Full_X_Acc: 97.1% | Loss_Gen: +0.715 | Retain: 4.0% | Mask_X_Acc: 78.5% | Loss_Gen_adv: +0.155 | Loss_Gen_l1: +0.040 | Loss_Gen_p: +0.548 | W_Distance: +0.029 |
Epoch [990/1000] | Tau: 0.100 | Loss_C: -0.029 | Loss_P: +0.214 | Full_X_Acc: 97.2% | Loss_Gen: +0.704 | Retain: 4.0% | Mask_X_Acc: 78.4% | Loss_Gen_adv: +0.157 | Loss_Gen_l1: +0.040 | Loss_Gen_p: +0.534 | W_Distance: +0.031 |
Epoch [1000/1000] | Tau: 0.100 | Loss_C: -0.027 | Loss_P: +0.212 | Full_X_Acc: 97.1% | Loss_Gen: +0.711 | Retain: 4.0% | Mask_X_Acc: 78.1% | Loss_Gen_adv: +0.155 | Loss_Gen_l1: +0.040 | Loss_Gen_p: +0.544 | W_Distance: +0.029 |
[Export] 训练历史已保存至 'output\run_20260831_150642\history.npz'

[System] 开始在测试集上进行推理评估...
==================================================
🎯 测试集推理报告 (Shared Architecture)
==================================================
• 测试集准确率:     78.47%
• TPR (召回率):     99.97%
• FDR (误发现率):   0.23%
• 平均保留特征数量: 4.0 / 100
• 整体保留率:       4.01%
--------------------------------------------------
🧩 Top 15 最常被选中的特征
--------------------------------------------------
Top 01: 特征 Index 003 | 被选次数: 3999 次 (100.0%) | ★ [真实关联]
Top 02: 特征 Index 002 | 被选次数: 3999 次 (100.0%) | ★ [真实关联]
Top 03: 特征 Index 004 | 被选次数: 3999 次 (100.0%) | ★ [真实关联]
Top 04: 特征 Index 005 | 被选次数: 3998 次 ( 99.9%) | ★ [真实关联]
Top 05: 特征 Index 066 | 被选次数:    6 次 (  0.2%) |   [纯噪声]
Top 06: 特征 Index 081 | 被选次数:    6 次 (  0.2%) |   [纯噪声]
Top 07: 特征 Index 046 | 被选次数:    4 次 (  0.1%) |   [纯噪声]
Top 08: 特征 Index 001 | 被选次数:    3 次 (  0.1%) | ★ [真实关联]
Top 09: 特征 Index 082 | 被选次数:    2 次 (  0.1%) |   [纯噪声]
Top 10: 特征 Index 090 | 被选次数:    2 次 (  0.1%) |   [纯噪声]
Top 11: 特征 Index 096 | 被选次数:    2 次 (  0.1%) |   [纯噪声]
Top 12: 特征 Index 089 | 被选次数:    2 次 (  0.1%) |   [纯噪声]
Top 13: 特征 Index 068 | 被选次数:    2 次 (  0.1%) |   [纯噪声]
Top 14: 特征 Index 052 | 被选次数:    2 次 (  0.1%) |   [纯噪声]
Top 15: 特征 Index 093 | 被选次数:    2 次 (  0.1%) |   [纯噪声]
==================================================
[Export] 测试集数组已保存至 'output\run_20260831_150642\test_arrays.npz'
[Export] 特征索引已保存至 'output\run_20260831_150642\selected_feature_indices.npy'
[Export] 模型权重已保存至 'output\run_20260831_150642\generator_model.pth'

[Visualization] 运行双视角 t-SNE 降维 (样本数: 4000)...
[Visualization] 降维: 原始掩码特征 (Before Ext)...
[Visualization] 降维: 隐空间特征 (After Ext)...
d:\Workspace\ALTAS\utils.py:213: UserWarning: Glyph 8857 (\N{CIRCLED DOT OPERATOR}) missing from font(s) Arial.
  plt.tight_layout()
d:\Workspace\ALTAS\utils.py:214: UserWarning: Glyph 8857 (\N{CIRCLED DOT OPERATOR}) missing from font(s) Arial.
  plt.savefig(save_path, dpi=FIGURE_DPI, bbox_inches="tight")
[Visualization] 对比 t-SNE 已保存至: 'output\run_20260831_150642\fig3_tsne_comparison.png'

