[System] Run dir: output/run_20260718_022355
[System] 正在使用 cuda 进行计算...

[System] 开始训练多任务共享特征架构...
Epoch [010/1000] | Tau: 0.951 | Loss_C: +0.136 | Loss_P: +1.378 | Full_X_Acc: 54.6% | Loss_Gen: +0.477 | Retain: 48.4% | Mask_X_Acc: 52.7% | Loss_Gen_adv: -0.262 | Loss_Gen_l1: +0.484 | Loss_Gen_p: +0.690 | W_Distance: -0.004 |
Epoch [020/1000] | Tau: 0.905 | Loss_C: +0.109 | Loss_P: +1.373 | Full_X_Acc: 56.4% | Loss_Gen: +0.462 | Retain: 46.9% | Mask_X_Acc: 53.8% | Loss_Gen_adv: -0.275 | Loss_Gen_l1: +0.469 | Loss_Gen_p: +0.690 | W_Distance: -0.007 |
Epoch [030/1000] | Tau: 0.860 | Loss_C: +0.105 | Loss_P: +1.365 | Full_X_Acc: 58.2% | Loss_Gen: +0.449 | Retain: 44.7% | Mask_X_Acc: 54.6% | Loss_Gen_adv: -0.286 | Loss_Gen_l1: +0.447 | Loss_Gen_p: +0.690 | W_Distance: -0.007 |
Epoch [040/1000] | Tau: 0.818 | Loss_C: +0.119 | Loss_P: +1.352 | Full_X_Acc: 61.0% | Loss_Gen: +0.432 | Retain: 42.0% | Mask_X_Acc: 54.4% | Loss_Gen_adv: -0.299 | Loss_Gen_l1: +0.420 | Loss_Gen_p: +0.689 | W_Distance: -0.009 |
Epoch [050/1000] | Tau: 0.778 | Loss_C: +0.141 | Loss_P: +1.343 | Full_X_Acc: 62.4% | Loss_Gen: +0.423 | Retain: 38.6% | Mask_X_Acc: 54.8% | Loss_Gen_adv: -0.306 | Loss_Gen_l1: +0.386 | Loss_Gen_p: +0.690 | W_Distance: -0.011 |
Epoch [060/1000] | Tau: 0.740 | Loss_C: +0.181 | Loss_P: +1.332 | Full_X_Acc: 64.3% | Loss_Gen: +0.410 | Retain: 34.7% | Mask_X_Acc: 55.5% | Loss_Gen_adv: -0.313 | Loss_Gen_l1: +0.347 | Loss_Gen_p: +0.689 | W_Distance: -0.014 |
Epoch [070/1000] | Tau: 0.704 | Loss_C: +0.229 | Loss_P: +1.320 | Full_X_Acc: 66.4% | Loss_Gen: +0.407 | Retain: 30.9% | Mask_X_Acc: 55.4% | Loss_Gen_adv: -0.315 | Loss_Gen_l1: +0.309 | Loss_Gen_p: +0.691 | W_Distance: -0.016 |
Epoch [080/1000] | Tau: 0.670 | Loss_C: +0.244 | Loss_P: +1.306 | Full_X_Acc: 67.8% | Loss_Gen: +0.397 | Retain: 27.3% | Mask_X_Acc: 56.0% | Loss_Gen_adv: -0.320 | Loss_Gen_l1: +0.273 | Loss_Gen_p: +0.690 | W_Distance: -0.015 |
Epoch [090/1000] | Tau: 0.637 | Loss_C: +0.209 | Loss_P: +1.295 | Full_X_Acc: 68.8% | Loss_Gen: +0.385 | Retain: 24.3% | Mask_X_Acc: 57.3% | Loss_Gen_adv: -0.328 | Loss_Gen_l1: +0.243 | Loss_Gen_p: +0.688 | W_Distance: -0.017 |
Epoch [100/1000] | Tau: 0.606 | Loss_C: +0.150 | Loss_P: +1.282 | Full_X_Acc: 69.6% | Loss_Gen: +0.367 | Retain: 21.9% | Mask_X_Acc: 57.7% | Loss_Gen_adv: -0.342 | Loss_Gen_l1: +0.219 | Loss_Gen_p: +0.686 | W_Distance: -0.013 |
Epoch [110/1000] | Tau: 0.576 | Loss_C: +0.108 | Loss_P: +1.267 | Full_X_Acc: 70.5% | Loss_Gen: +0.341 | Retain: 19.8% | Mask_X_Acc: 57.9% | Loss_Gen_adv: -0.364 | Loss_Gen_l1: +0.198 | Loss_Gen_p: +0.685 | W_Distance: -0.013 |
Epoch [120/1000] | Tau: 0.548 | Loss_C: +0.083 | Loss_P: +1.257 | Full_X_Acc: 71.4% | Loss_Gen: +0.317 | Retain: 18.3% | Mask_X_Acc: 58.7% | Loss_Gen_adv: -0.377 | Loss_Gen_l1: +0.183 | Loss_Gen_p: +0.676 | W_Distance: -0.011 |
Epoch [130/1000] | Tau: 0.521 | Loss_C: +0.047 | Loss_P: +1.234 | Full_X_Acc: 72.1% | Loss_Gen: +0.303 | Retain: 16.9% | Mask_X_Acc: 59.1% | Loss_Gen_adv: -0.390 | Loss_Gen_l1: +0.169 | Loss_Gen_p: +0.676 | W_Distance: -0.008 |
Epoch [140/1000] | Tau: 0.496 | Loss_C: +0.029 | Loss_P: +1.215 | Full_X_Acc: 72.8% | Loss_Gen: +0.286 | Retain: 15.8% | Mask_X_Acc: 60.6% | Loss_Gen_adv: -0.396 | Loss_Gen_l1: +0.158 | Loss_Gen_p: +0.666 | W_Distance: -0.004 |
Epoch [150/1000] | Tau: 0.471 | Loss_C: +0.020 | Loss_P: +1.202 | Full_X_Acc: 73.2% | Loss_Gen: +0.290 | Retain: 14.8% | Mask_X_Acc: 61.4% | Loss_Gen_adv: -0.386 | Loss_Gen_l1: +0.148 | Loss_Gen_p: +0.661 | W_Distance: +0.001 |
Epoch [160/1000] | Tau: 0.448 | Loss_C: +0.016 | Loss_P: +1.186 | Full_X_Acc: 73.5% | Loss_Gen: +0.300 | Retain: 13.7% | Mask_X_Acc: 61.6% | Loss_Gen_adv: -0.369 | Loss_Gen_l1: +0.137 | Loss_Gen_p: +0.655 | W_Distance: +0.003 |
Epoch [170/1000] | Tau: 0.427 | Loss_C: +0.009 | Loss_P: +1.177 | Full_X_Acc: 74.1% | Loss_Gen: +0.295 | Retain: 13.0% | Mask_X_Acc: 62.0% | Loss_Gen_adv: -0.363 | Loss_Gen_l1: +0.130 | Loss_Gen_p: +0.645 | W_Distance: +0.007 |
Epoch [180/1000] | Tau: 0.406 | Loss_C: +0.010 | Loss_P: +1.159 | Full_X_Acc: 73.9% | Loss_Gen: +0.330 | Retain: 12.3% | Mask_X_Acc: 62.5% | Loss_Gen_adv: -0.322 | Loss_Gen_l1: +0.123 | Loss_Gen_p: +0.640 | W_Distance: +0.007 |
Epoch [190/1000] | Tau: 0.386 | Loss_C: +0.010 | Loss_P: +1.147 | Full_X_Acc: 74.4% | Loss_Gen: +0.392 | Retain: 11.8% | Mask_X_Acc: 63.3% | Loss_Gen_adv: -0.251 | Loss_Gen_l1: +0.118 | Loss_Gen_p: +0.631 | W_Distance: +0.010 |
Epoch [200/1000] | Tau: 0.367 | Loss_C: +0.017 | Loss_P: +1.137 | Full_X_Acc: 74.4% | Loss_Gen: +0.478 | Retain: 11.3% | Mask_X_Acc: 62.8% | Loss_Gen_adv: -0.159 | Loss_Gen_l1: +0.113 | Loss_Gen_p: +0.626 | W_Distance: +0.011 |
Epoch [210/1000] | Tau: 0.349 | Loss_C: +0.005 | Loss_P: +1.126 | Full_X_Acc: 74.5% | Loss_Gen: +0.549 | Retain: 11.0% | Mask_X_Acc: 63.7% | Loss_Gen_adv: -0.090 | Loss_Gen_l1: +0.110 | Loss_Gen_p: +0.628 | W_Distance: +0.009 |
Epoch [220/1000] | Tau: 0.332 | Loss_C: +0.005 | Loss_P: +1.118 | Full_X_Acc: 74.4% | Loss_Gen: +0.588 | Retain: 10.8% | Mask_X_Acc: 63.8% | Loss_Gen_adv: -0.044 | Loss_Gen_l1: +0.108 | Loss_Gen_p: +0.621 | W_Distance: +0.008 |
Epoch [230/1000] | Tau: 0.316 | Loss_C: +0.000 | Loss_P: +1.117 | Full_X_Acc: 74.9% | Loss_Gen: +0.598 | Retain: 10.6% | Mask_X_Acc: 64.0% | Loss_Gen_adv: -0.029 | Loss_Gen_l1: +0.106 | Loss_Gen_p: +0.617 | W_Distance: +0.007 |
Epoch [240/1000] | Tau: 0.300 | Loss_C: +0.002 | Loss_P: +1.109 | Full_X_Acc: 74.9% | Loss_Gen: +0.617 | Retain: 10.4% | Mask_X_Acc: 64.5% | Loss_Gen_adv: -0.009 | Loss_Gen_l1: +0.104 | Loss_Gen_p: +0.616 | W_Distance: +0.006 |
Epoch [250/1000] | Tau: 0.286 | Loss_C: -0.001 | Loss_P: +1.108 | Full_X_Acc: 75.0% | Loss_Gen: +0.621 | Retain: 10.2% | Mask_X_Acc: 64.9% | Loss_Gen_adv: -0.007 | Loss_Gen_l1: +0.102 | Loss_Gen_p: +0.617 | W_Distance: +0.007 |
Epoch [260/1000] | Tau: 0.272 | Loss_C: -0.001 | Loss_P: +1.100 | Full_X_Acc: 75.1% | Loss_Gen: +0.619 | Retain: 10.0% | Mask_X_Acc: 63.9% | Loss_Gen_adv: -0.007 | Loss_Gen_l1: +0.100 | Loss_Gen_p: +0.617 | W_Distance: +0.006 |
Epoch [270/1000] | Tau: 0.258 | Loss_C: -0.001 | Loss_P: +1.097 | Full_X_Acc: 75.6% | Loss_Gen: +0.603 | Retain: 9.8% | Mask_X_Acc: 64.8% | Loss_Gen_adv: -0.022 | Loss_Gen_l1: +0.098 | Loss_Gen_p: +0.615 | W_Distance: +0.006 |
Epoch [280/1000] | Tau: 0.246 | Loss_C: -0.003 | Loss_P: +1.088 | Full_X_Acc: 75.2% | Loss_Gen: +0.589 | Retain: 9.7% | Mask_X_Acc: 64.2% | Loss_Gen_adv: -0.035 | Loss_Gen_l1: +0.097 | Loss_Gen_p: +0.614 | W_Distance: +0.007 |
Epoch [290/1000] | Tau: 0.234 | Loss_C: -0.005 | Loss_P: +1.087 | Full_X_Acc: 75.6% | Loss_Gen: +0.579 | Retain: 9.6% | Mask_X_Acc: 64.7% | Loss_Gen_adv: -0.045 | Loss_Gen_l1: +0.096 | Loss_Gen_p: +0.615 | W_Distance: +0.009 |
Epoch [300/1000] | Tau: 0.222 | Loss_C: -0.005 | Loss_P: +1.086 | Full_X_Acc: 75.6% | Loss_Gen: +0.566 | Retain: 9.5% | Mask_X_Acc: 64.5% | Loss_Gen_adv: -0.055 | Loss_Gen_l1: +0.095 | Loss_Gen_p: +0.611 | W_Distance: +0.008 |
Epoch [310/1000] | Tau: 0.211 | Loss_C: -0.006 | Loss_P: +1.086 | Full_X_Acc: 75.5% | Loss_Gen: +0.533 | Retain: 9.4% | Mask_X_Acc: 65.0% | Loss_Gen_adv: -0.090 | Loss_Gen_l1: +0.094 | Loss_Gen_p: +0.613 | W_Distance: +0.009 |
Epoch [320/1000] | Tau: 0.201 | Loss_C: -0.004 | Loss_P: +1.075 | Full_X_Acc: 76.1% | Loss_Gen: +0.512 | Retain: 9.4% | Mask_X_Acc: 64.9% | Loss_Gen_adv: -0.108 | Loss_Gen_l1: +0.094 | Loss_Gen_p: +0.611 | W_Distance: +0.008 |
Epoch [330/1000] | Tau: 0.191 | Loss_C: -0.006 | Loss_P: +1.076 | Full_X_Acc: 75.8% | Loss_Gen: +0.488 | Retain: 9.3% | Mask_X_Acc: 65.6% | Loss_Gen_adv: -0.132 | Loss_Gen_l1: +0.093 | Loss_Gen_p: +0.611 | W_Distance: +0.010 |
Epoch [340/1000] | Tau: 0.182 | Loss_C: -0.007 | Loss_P: +1.071 | Full_X_Acc: 76.0% | Loss_Gen: +0.473 | Retain: 9.3% | Mask_X_Acc: 65.2% | Loss_Gen_adv: -0.140 | Loss_Gen_l1: +0.093 | Loss_Gen_p: +0.604 | W_Distance: +0.011 |
Epoch [350/1000] | Tau: 0.173 | Loss_C: -0.009 | Loss_P: +1.070 | Full_X_Acc: 76.2% | Loss_Gen: +0.468 | Retain: 9.2% | Mask_X_Acc: 66.1% | Loss_Gen_adv: -0.149 | Loss_Gen_l1: +0.092 | Loss_Gen_p: +0.607 | W_Distance: +0.014 |
Epoch [360/1000] | Tau: 0.165 | Loss_C: -0.006 | Loss_P: +1.070 | Full_X_Acc: 76.7% | Loss_Gen: +0.447 | Retain: 9.2% | Mask_X_Acc: 65.1% | Loss_Gen_adv: -0.164 | Loss_Gen_l1: +0.092 | Loss_Gen_p: +0.603 | W_Distance: +0.011 |
Epoch [370/1000] | Tau: 0.157 | Loss_C: -0.007 | Loss_P: +1.060 | Full_X_Acc: 76.5% | Loss_Gen: +0.438 | Retain: 9.1% | Mask_X_Acc: 65.1% | Loss_Gen_adv: -0.178 | Loss_Gen_l1: +0.091 | Loss_Gen_p: +0.607 | W_Distance: +0.011 |
Epoch [380/1000] | Tau: 0.149 | Loss_C: -0.009 | Loss_P: +1.061 | Full_X_Acc: 76.4% | Loss_Gen: +0.432 | Retain: 9.1% | Mask_X_Acc: 65.7% | Loss_Gen_adv: -0.181 | Loss_Gen_l1: +0.091 | Loss_Gen_p: +0.604 | W_Distance: +0.015 |
Epoch [390/1000] | Tau: 0.142 | Loss_C: -0.010 | Loss_P: +1.062 | Full_X_Acc: 76.7% | Loss_Gen: +0.432 | Retain: 9.0% | Mask_X_Acc: 66.2% | Loss_Gen_adv: -0.185 | Loss_Gen_l1: +0.090 | Loss_Gen_p: +0.607 | W_Distance: +0.014 |
Epoch [400/1000] | Tau: 0.135 | Loss_C: -0.009 | Loss_P: +1.059 | Full_X_Acc: 77.0% | Loss_Gen: +0.436 | Retain: 9.0% | Mask_X_Acc: 65.4% | Loss_Gen_adv: -0.179 | Loss_Gen_l1: +0.090 | Loss_Gen_p: +0.606 | W_Distance: +0.013 |
Epoch [410/1000] | Tau: 0.128 | Loss_C: -0.009 | Loss_P: +1.055 | Full_X_Acc: 77.0% | Loss_Gen: +0.456 | Retain: 9.0% | Mask_X_Acc: 65.8% | Loss_Gen_adv: -0.159 | Loss_Gen_l1: +0.090 | Loss_Gen_p: +0.606 | W_Distance: +0.013 |
Epoch [420/1000] | Tau: 0.122 | Loss_C: -0.010 | Loss_P: +1.060 | Full_X_Acc: 76.7% | Loss_Gen: +0.461 | Retain: 8.9% | Mask_X_Acc: 65.7% | Loss_Gen_adv: -0.150 | Loss_Gen_l1: +0.089 | Loss_Gen_p: +0.602 | W_Distance: +0.013 |
Epoch [430/1000] | Tau: 0.116 | Loss_C: -0.010 | Loss_P: +1.054 | Full_X_Acc: 77.0% | Loss_Gen: +0.451 | Retain: 8.9% | Mask_X_Acc: 66.4% | Loss_Gen_adv: -0.159 | Loss_Gen_l1: +0.089 | Loss_Gen_p: +0.602 | W_Distance: +0.014 |
Epoch [440/1000] | Tau: 0.110 | Loss_C: -0.014 | Loss_P: +1.048 | Full_X_Acc: 77.3% | Loss_Gen: +0.459 | Retain: 8.8% | Mask_X_Acc: 65.9% | Loss_Gen_adv: -0.149 | Loss_Gen_l1: +0.088 | Loss_Gen_p: +0.599 | W_Distance: +0.018 |
Epoch [450/1000] | Tau: 0.105 | Loss_C: -0.014 | Loss_P: +1.049 | Full_X_Acc: 77.3% | Loss_Gen: +0.458 | Retain: 8.8% | Mask_X_Acc: 66.3% | Loss_Gen_adv: -0.154 | Loss_Gen_l1: +0.088 | Loss_Gen_p: +0.603 | W_Distance: +0.017 |
Epoch [460/1000] | Tau: 0.100 | Loss_C: -0.013 | Loss_P: +1.049 | Full_X_Acc: 77.6% | Loss_Gen: +0.449 | Retain: 8.7% | Mask_X_Acc: 66.3% | Loss_Gen_adv: -0.167 | Loss_Gen_l1: +0.087 | Loss_Gen_p: +0.607 | W_Distance: +0.017 |
Epoch [470/1000] | Tau: 0.100 | Loss_C: -0.012 | Loss_P: +1.049 | Full_X_Acc: 77.8% | Loss_Gen: +0.441 | Retain: 8.7% | Mask_X_Acc: 65.6% | Loss_Gen_adv: -0.168 | Loss_Gen_l1: +0.087 | Loss_Gen_p: +0.600 | W_Distance: +0.016 |
Epoch [480/1000] | Tau: 0.100 | Loss_C: -0.015 | Loss_P: +1.044 | Full_X_Acc: 78.0% | Loss_Gen: +0.432 | Retain: 8.6% | Mask_X_Acc: 66.4% | Loss_Gen_adv: -0.180 | Loss_Gen_l1: +0.086 | Loss_Gen_p: +0.603 | W_Distance: +0.019 |
Epoch [490/1000] | Tau: 0.100 | Loss_C: -0.012 | Loss_P: +1.041 | Full_X_Acc: 78.0% | Loss_Gen: +0.407 | Retain: 8.6% | Mask_X_Acc: 66.6% | Loss_Gen_adv: -0.207 | Loss_Gen_l1: +0.086 | Loss_Gen_p: +0.605 | W_Distance: +0.016 |
Epoch [500/1000] | Tau: 0.100 | Loss_C: -0.015 | Loss_P: +1.049 | Full_X_Acc: 77.8% | Loss_Gen: +0.393 | Retain: 8.5% | Mask_X_Acc: 66.2% | Loss_Gen_adv: -0.224 | Loss_Gen_l1: +0.085 | Loss_Gen_p: +0.608 | W_Distance: +0.019 |
Epoch [510/1000] | Tau: 0.100 | Loss_C: -0.014 | Loss_P: +1.035 | Full_X_Acc: 77.7% | Loss_Gen: +0.376 | Retain: 8.5% | Mask_X_Acc: 66.4% | Loss_Gen_adv: -0.231 | Loss_Gen_l1: +0.085 | Loss_Gen_p: +0.599 | W_Distance: +0.017 |
Epoch [520/1000] | Tau: 0.100 | Loss_C: -0.014 | Loss_P: +1.037 | Full_X_Acc: 77.7% | Loss_Gen: +0.376 | Retain: 8.4% | Mask_X_Acc: 66.6% | Loss_Gen_adv: -0.232 | Loss_Gen_l1: +0.084 | Loss_Gen_p: +0.599 | W_Distance: +0.017 |
Epoch [530/1000] | Tau: 0.100 | Loss_C: -0.013 | Loss_P: +1.038 | Full_X_Acc: 78.0% | Loss_Gen: +0.353 | Retain: 8.4% | Mask_X_Acc: 66.6% | Loss_Gen_adv: -0.258 | Loss_Gen_l1: +0.084 | Loss_Gen_p: +0.602 | W_Distance: +0.016 |
Epoch [540/1000] | Tau: 0.100 | Loss_C: -0.016 | Loss_P: +1.037 | Full_X_Acc: 78.0% | Loss_Gen: +0.329 | Retain: 8.3% | Mask_X_Acc: 66.6% | Loss_Gen_adv: -0.284 | Loss_Gen_l1: +0.083 | Loss_Gen_p: +0.605 | W_Distance: +0.020 |
Epoch [550/1000] | Tau: 0.100 | Loss_C: -0.015 | Loss_P: +1.038 | Full_X_Acc: 78.3% | Loss_Gen: +0.321 | Retain: 8.3% | Mask_X_Acc: 66.8% | Loss_Gen_adv: -0.286 | Loss_Gen_l1: +0.083 | Loss_Gen_p: +0.600 | W_Distance: +0.019 |
Epoch [560/1000] | Tau: 0.100 | Loss_C: -0.014 | Loss_P: +1.029 | Full_X_Acc: 78.1% | Loss_Gen: +0.324 | Retain: 8.3% | Mask_X_Acc: 66.6% | Loss_Gen_adv: -0.290 | Loss_Gen_l1: +0.083 | Loss_Gen_p: +0.606 | W_Distance: +0.018 |
Epoch [570/1000] | Tau: 0.100 | Loss_C: -0.015 | Loss_P: +1.028 | Full_X_Acc: 78.1% | Loss_Gen: +0.317 | Retain: 8.2% | Mask_X_Acc: 66.5% | Loss_Gen_adv: -0.293 | Loss_Gen_l1: +0.082 | Loss_Gen_p: +0.602 | W_Distance: +0.019 |
Epoch [580/1000] | Tau: 0.100 | Loss_C: -0.017 | Loss_P: +1.032 | Full_X_Acc: 78.8% | Loss_Gen: +0.304 | Retain: 8.2% | Mask_X_Acc: 66.5% | Loss_Gen_adv: -0.306 | Loss_Gen_l1: +0.082 | Loss_Gen_p: +0.601 | W_Distance: +0.021 |
Epoch [590/1000] | Tau: 0.100 | Loss_C: -0.017 | Loss_P: +1.029 | Full_X_Acc: 78.4% | Loss_Gen: +0.282 | Retain: 8.1% | Mask_X_Acc: 66.8% | Loss_Gen_adv: -0.322 | Loss_Gen_l1: +0.081 | Loss_Gen_p: +0.597 | W_Distance: +0.021 |
Epoch [600/1000] | Tau: 0.100 | Loss_C: -0.015 | Loss_P: +1.025 | Full_X_Acc: 78.7% | Loss_Gen: +0.287 | Retain: 8.1% | Mask_X_Acc: 66.5% | Loss_Gen_adv: -0.322 | Loss_Gen_l1: +0.081 | Loss_Gen_p: +0.601 | W_Distance: +0.019 |
Epoch [610/1000] | Tau: 0.100 | Loss_C: -0.017 | Loss_P: +1.029 | Full_X_Acc: 78.7% | Loss_Gen: +0.278 | Retain: 8.1% | Mask_X_Acc: 67.3% | Loss_Gen_adv: -0.332 | Loss_Gen_l1: +0.081 | Loss_Gen_p: +0.602 | W_Distance: +0.021 |
Epoch [620/1000] | Tau: 0.100 | Loss_C: -0.016 | Loss_P: +1.026 | Full_X_Acc: 78.9% | Loss_Gen: +0.259 | Retain: 8.0% | Mask_X_Acc: 66.8% | Loss_Gen_adv: -0.349 | Loss_Gen_l1: +0.080 | Loss_Gen_p: +0.601 | W_Distance: +0.021 |
Epoch [630/1000] | Tau: 0.100 | Loss_C: -0.017 | Loss_P: +1.032 | Full_X_Acc: 79.1% | Loss_Gen: +0.264 | Retain: 8.0% | Mask_X_Acc: 67.0% | Loss_Gen_adv: -0.345 | Loss_Gen_l1: +0.080 | Loss_Gen_p: +0.601 | W_Distance: +0.021 |
Epoch [640/1000] | Tau: 0.100 | Loss_C: -0.017 | Loss_P: +1.017 | Full_X_Acc: 78.8% | Loss_Gen: +0.244 | Retain: 8.0% | Mask_X_Acc: 66.7% | Loss_Gen_adv: -0.363 | Loss_Gen_l1: +0.080 | Loss_Gen_p: +0.599 | W_Distance: +0.022 |
Epoch [650/1000] | Tau: 0.100 | Loss_C: -0.017 | Loss_P: +1.019 | Full_X_Acc: 79.2% | Loss_Gen: +0.208 | Retain: 7.9% | Mask_X_Acc: 66.2% | Loss_Gen_adv: -0.399 | Loss_Gen_l1: +0.079 | Loss_Gen_p: +0.598 | W_Distance: +0.022 |
Epoch [660/1000] | Tau: 0.100 | Loss_C: -0.018 | Loss_P: +1.018 | Full_X_Acc: 79.3% | Loss_Gen: +0.193 | Retain: 7.9% | Mask_X_Acc: 66.5% | Loss_Gen_adv: -0.410 | Loss_Gen_l1: +0.079 | Loss_Gen_p: +0.595 | W_Distance: +0.024 |
Epoch [670/1000] | Tau: 0.100 | Loss_C: -0.017 | Loss_P: +1.022 | Full_X_Acc: 79.4% | Loss_Gen: +0.179 | Retain: 7.9% | Mask_X_Acc: 67.1% | Loss_Gen_adv: -0.425 | Loss_Gen_l1: +0.079 | Loss_Gen_p: +0.596 | W_Distance: +0.022 |
Epoch [680/1000] | Tau: 0.100 | Loss_C: -0.019 | Loss_P: +1.015 | Full_X_Acc: 79.3% | Loss_Gen: +0.180 | Retain: 7.9% | Mask_X_Acc: 67.3% | Loss_Gen_adv: -0.422 | Loss_Gen_l1: +0.079 | Loss_Gen_p: +0.594 | W_Distance: +0.024 |
Epoch [690/1000] | Tau: 0.100 | Loss_C: -0.020 | Loss_P: +1.017 | Full_X_Acc: 79.2% | Loss_Gen: +0.180 | Retain: 7.8% | Mask_X_Acc: 67.0% | Loss_Gen_adv: -0.421 | Loss_Gen_l1: +0.078 | Loss_Gen_p: +0.593 | W_Distance: +0.025 |
Epoch [700/1000] | Tau: 0.100 | Loss_C: -0.016 | Loss_P: +1.015 | Full_X_Acc: 79.6% | Loss_Gen: +0.191 | Retain: 7.8% | Mask_X_Acc: 67.0% | Loss_Gen_adv: -0.412 | Loss_Gen_l1: +0.078 | Loss_Gen_p: +0.596 | W_Distance: +0.022 |
Epoch [710/1000] | Tau: 0.100 | Loss_C: -0.021 | Loss_P: +1.015 | Full_X_Acc: 79.6% | Loss_Gen: +0.203 | Retain: 7.8% | Mask_X_Acc: 66.8% | Loss_Gen_adv: -0.407 | Loss_Gen_l1: +0.078 | Loss_Gen_p: +0.601 | W_Distance: +0.026 |
Epoch [720/1000] | Tau: 0.100 | Loss_C: -0.020 | Loss_P: +1.014 | Full_X_Acc: 79.4% | Loss_Gen: +0.157 | Retain: 7.8% | Mask_X_Acc: 66.4% | Loss_Gen_adv: -0.440 | Loss_Gen_l1: +0.078 | Loss_Gen_p: +0.589 | W_Distance: +0.026 |
Epoch [730/1000] | Tau: 0.100 | Loss_C: -0.019 | Loss_P: +1.008 | Full_X_Acc: 79.6% | Loss_Gen: +0.166 | Retain: 7.7% | Mask_X_Acc: 66.6% | Loss_Gen_adv: -0.438 | Loss_Gen_l1: +0.077 | Loss_Gen_p: +0.596 | W_Distance: +0.025 |
Epoch [740/1000] | Tau: 0.100 | Loss_C: -0.020 | Loss_P: +1.007 | Full_X_Acc: 80.0% | Loss_Gen: +0.136 | Retain: 7.7% | Mask_X_Acc: 66.4% | Loss_Gen_adv: -0.463 | Loss_Gen_l1: +0.077 | Loss_Gen_p: +0.591 | W_Distance: +0.025 |
Epoch [750/1000] | Tau: 0.100 | Loss_C: -0.019 | Loss_P: +1.015 | Full_X_Acc: 79.7% | Loss_Gen: +0.148 | Retain: 7.7% | Mask_X_Acc: 67.0% | Loss_Gen_adv: -0.455 | Loss_Gen_l1: +0.077 | Loss_Gen_p: +0.595 | W_Distance: +0.024 |
Epoch [760/1000] | Tau: 0.100 | Loss_C: -0.019 | Loss_P: +1.017 | Full_X_Acc: 80.0% | Loss_Gen: +0.139 | Retain: 7.7% | Mask_X_Acc: 66.5% | Loss_Gen_adv: -0.458 | Loss_Gen_l1: +0.077 | Loss_Gen_p: +0.589 | W_Distance: +0.024 |
Epoch [770/1000] | Tau: 0.100 | Loss_C: -0.020 | Loss_P: +1.011 | Full_X_Acc: 79.9% | Loss_Gen: +0.140 | Retain: 7.7% | Mask_X_Acc: 67.2% | Loss_Gen_adv: -0.462 | Loss_Gen_l1: +0.077 | Loss_Gen_p: +0.595 | W_Distance: +0.026 |
Epoch [780/1000] | Tau: 0.100 | Loss_C: -0.020 | Loss_P: +1.007 | Full_X_Acc: 80.0% | Loss_Gen: +0.124 | Retain: 7.7% | Mask_X_Acc: 67.4% | Loss_Gen_adv: -0.477 | Loss_Gen_l1: +0.077 | Loss_Gen_p: +0.594 | W_Distance: +0.026 |
Epoch [790/1000] | Tau: 0.100 | Loss_C: -0.019 | Loss_P: +1.011 | Full_X_Acc: 80.2% | Loss_Gen: +0.118 | Retain: 7.6% | Mask_X_Acc: 67.0% | Loss_Gen_adv: -0.486 | Loss_Gen_l1: +0.076 | Loss_Gen_p: +0.597 | W_Distance: +0.024 |
Epoch [800/1000] | Tau: 0.100 | Loss_C: -0.019 | Loss_P: +1.002 | Full_X_Acc: 80.1% | Loss_Gen: +0.095 | Retain: 7.6% | Mask_X_Acc: 66.9% | Loss_Gen_adv: -0.507 | Loss_Gen_l1: +0.076 | Loss_Gen_p: +0.594 | W_Distance: +0.025 |
Epoch [810/1000] | Tau: 0.100 | Loss_C: -0.022 | Loss_P: +1.007 | Full_X_Acc: 80.3% | Loss_Gen: +0.100 | Retain: 7.6% | Mask_X_Acc: 67.0% | Loss_Gen_adv: -0.498 | Loss_Gen_l1: +0.076 | Loss_Gen_p: +0.591 | W_Distance: +0.028 |
Epoch [820/1000] | Tau: 0.100 | Loss_C: -0.021 | Loss_P: +1.004 | Full_X_Acc: 79.9% | Loss_Gen: +0.107 | Retain: 7.6% | Mask_X_Acc: 66.8% | Loss_Gen_adv: -0.492 | Loss_Gen_l1: +0.076 | Loss_Gen_p: +0.591 | W_Distance: +0.026 |
Epoch [830/1000] | Tau: 0.100 | Loss_C: -0.023 | Loss_P: +1.004 | Full_X_Acc: 80.0% | Loss_Gen: +0.091 | Retain: 7.6% | Mask_X_Acc: 67.5% | Loss_Gen_adv: -0.509 | Loss_Gen_l1: +0.076 | Loss_Gen_p: +0.593 | W_Distance: +0.028 |
Epoch [840/1000] | Tau: 0.100 | Loss_C: -0.021 | Loss_P: +1.003 | Full_X_Acc: 80.4% | Loss_Gen: +0.082 | Retain: 7.6% | Mask_X_Acc: 67.0% | Loss_Gen_adv: -0.515 | Loss_Gen_l1: +0.076 | Loss_Gen_p: +0.590 | W_Distance: +0.027 |
Epoch [850/1000] | Tau: 0.100 | Loss_C: -0.021 | Loss_P: +1.004 | Full_X_Acc: 80.5% | Loss_Gen: +0.084 | Retain: 7.6% | Mask_X_Acc: 66.8% | Loss_Gen_adv: -0.518 | Loss_Gen_l1: +0.076 | Loss_Gen_p: +0.595 | W_Distance: +0.027 |
Epoch [860/1000] | Tau: 0.100 | Loss_C: -0.019 | Loss_P: +1.001 | Full_X_Acc: 80.2% | Loss_Gen: +0.066 | Retain: 7.5% | Mask_X_Acc: 66.5% | Loss_Gen_adv: -0.537 | Loss_Gen_l1: +0.075 | Loss_Gen_p: +0.595 | W_Distance: +0.025 |
Epoch [870/1000] | Tau: 0.100 | Loss_C: -0.021 | Loss_P: +1.003 | Full_X_Acc: 80.6% | Loss_Gen: +0.070 | Retain: 7.5% | Mask_X_Acc: 67.2% | Loss_Gen_adv: -0.532 | Loss_Gen_l1: +0.075 | Loss_Gen_p: +0.594 | W_Distance: +0.027 |
Epoch [880/1000] | Tau: 0.100 | Loss_C: -0.022 | Loss_P: +1.003 | Full_X_Acc: 80.7% | Loss_Gen: +0.047 | Retain: 7.5% | Mask_X_Acc: 67.4% | Loss_Gen_adv: -0.548 | Loss_Gen_l1: +0.075 | Loss_Gen_p: +0.587 | W_Distance: +0.028 |
Epoch [890/1000] | Tau: 0.100 | Loss_C: -0.019 | Loss_P: +0.995 | Full_X_Acc: 80.6% | Loss_Gen: +0.034 | Retain: 7.5% | Mask_X_Acc: 67.2% | Loss_Gen_adv: -0.565 | Loss_Gen_l1: +0.075 | Loss_Gen_p: +0.592 | W_Distance: +0.026 |
Epoch [900/1000] | Tau: 0.100 | Loss_C: -0.020 | Loss_P: +1.000 | Full_X_Acc: 80.9% | Loss_Gen: +0.044 | Retain: 7.5% | Mask_X_Acc: 66.7% | Loss_Gen_adv: -0.558 | Loss_Gen_l1: +0.075 | Loss_Gen_p: +0.594 | W_Distance: +0.027 |
Epoch [910/1000] | Tau: 0.100 | Loss_C: -0.021 | Loss_P: +0.998 | Full_X_Acc: 80.9% | Loss_Gen: +0.006 | Retain: 7.5% | Mask_X_Acc: 67.0% | Loss_Gen_adv: -0.596 | Loss_Gen_l1: +0.075 | Loss_Gen_p: +0.594 | W_Distance: +0.027 |
Epoch [920/1000] | Tau: 0.100 | Loss_C: -0.022 | Loss_P: +0.996 | Full_X_Acc: 81.0% | Loss_Gen: +0.013 | Retain: 7.5% | Mask_X_Acc: 67.0% | Loss_Gen_adv: -0.588 | Loss_Gen_l1: +0.075 | Loss_Gen_p: +0.593 | W_Distance: +0.028 |
Epoch [930/1000] | Tau: 0.100 | Loss_C: -0.022 | Loss_P: +0.996 | Full_X_Acc: 80.8% | Loss_Gen: +0.014 | Retain: 7.5% | Mask_X_Acc: 67.2% | Loss_Gen_adv: -0.590 | Loss_Gen_l1: +0.075 | Loss_Gen_p: +0.597 | W_Distance: +0.028 |
Epoch [940/1000] | Tau: 0.100 | Loss_C: -0.020 | Loss_P: +0.998 | Full_X_Acc: 80.9% | Loss_Gen: +0.020 | Retain: 7.5% | Mask_X_Acc: 66.7% | Loss_Gen_adv: -0.584 | Loss_Gen_l1: +0.075 | Loss_Gen_p: +0.596 | W_Distance: +0.026 |
Epoch [950/1000] | Tau: 0.100 | Loss_C: -0.023 | Loss_P: +0.998 | Full_X_Acc: 81.1% | Loss_Gen: -0.001 | Retain: 7.5% | Mask_X_Acc: 66.6% | Loss_Gen_adv: -0.604 | Loss_Gen_l1: +0.075 | Loss_Gen_p: +0.596 | W_Distance: +0.028 |
Epoch [960/1000] | Tau: 0.100 | Loss_C: -0.022 | Loss_P: +0.999 | Full_X_Acc: 80.5% | Loss_Gen: -0.004 | Retain: 7.4% | Mask_X_Acc: 67.5% | Loss_Gen_adv: -0.600 | Loss_Gen_l1: +0.074 | Loss_Gen_p: +0.589 | W_Distance: +0.028 |
Epoch [970/1000] | Tau: 0.100 | Loss_C: -0.023 | Loss_P: +0.996 | Full_X_Acc: 81.0% | Loss_Gen: -0.021 | Retain: 7.4% | Mask_X_Acc: 67.3% | Loss_Gen_adv: -0.616 | Loss_Gen_l1: +0.074 | Loss_Gen_p: +0.588 | W_Distance: +0.029 |
Epoch [980/1000] | Tau: 0.100 | Loss_C: -0.021 | Loss_P: +0.996 | Full_X_Acc: 81.1% | Loss_Gen: -0.016 | Retain: 7.4% | Mask_X_Acc: 67.4% | Loss_Gen_adv: -0.611 | Loss_Gen_l1: +0.074 | Loss_Gen_p: +0.588 | W_Distance: +0.027 |
Epoch [990/1000] | Tau: 0.100 | Loss_C: -0.023 | Loss_P: +0.990 | Full_X_Acc: 81.4% | Loss_Gen: -0.027 | Retain: 7.4% | Mask_X_Acc: 67.4% | Loss_Gen_adv: -0.628 | Loss_Gen_l1: +0.074 | Loss_Gen_p: +0.593 | W_Distance: +0.029 |
Epoch [1000/1000] | Tau: 0.100 | Loss_C: -0.025 | Loss_P: +0.988 | Full_X_Acc: 81.3% | Loss_Gen: -0.041 | Retain: 7.4% | Mask_X_Acc: 67.4% | Loss_Gen_adv: -0.638 | Loss_Gen_l1: +0.074 | Loss_Gen_p: +0.590 | W_Distance: +0.030 |
[Export] 训练历史已保存至 'output/run_20260718_022355/history.npz'

[System] 开始在测试集上进行推理评估...
==================================================
🎯 测试集推理报告 (Shared Architecture)
==================================================
• 测试集准确率:     65.72%
• TPR (召回率):     99.91%
• FDR (误发现率):   45.69%
• 平均保留特征数量: 7.5 / 100
• 整体保留率:       7.45%
--------------------------------------------------
🧩 Top 24 最常被选中的特征
--------------------------------------------------
Top 01: 特征 Index 004 | 被选次数: 4000 次 (100.0%) | ★ [真实关联]
Top 02: 特征 Index 010 | 被选次数: 4000 次 (100.0%) | ★ [真实关联]
Top 03: 特征 Index 002 | 被选次数: 3999 次 (100.0%) | ★ [真实关联]
Top 04: 特征 Index 005 | 被选次数: 3999 次 (100.0%) | ★ [真实关联]
Top 05: 特征 Index 003 | 被选次数: 3998 次 ( 99.9%) | ★ [真实关联]
Top 06: 特征 Index 000 | 被选次数: 3992 次 ( 99.8%) | ★ [真实关联]
Top 07: 特征 Index 001 | 被选次数: 3991 次 ( 99.8%) | ★ [真实关联]
Top 08: 特征 Index 071 | 被选次数:  168 次 (  4.2%) |   [纯噪声]
Top 09: 特征 Index 011 | 被选次数:  152 次 (  3.8%) |   [纯噪声]
Top 10: 特征 Index 069 | 被选次数:  143 次 (  3.6%) |   [纯噪声]
Top 11: 特征 Index 035 | 被选次数:  130 次 (  3.2%) |   [纯噪声]
Top 12: 特征 Index 070 | 被选次数:  101 次 (  2.5%) |   [纯噪声]
Top 13: 特征 Index 017 | 被选次数:   96 次 (  2.4%) |   [纯噪声]
Top 14: 特征 Index 024 | 被选次数:   91 次 (  2.3%) |   [纯噪声]
Top 15: 特征 Index 043 | 被选次数:   84 次 (  2.1%) |   [纯噪声]
Top 16: 特征 Index 093 | 被选次数:   83 次 (  2.1%) |   [纯噪声]
Top 17: 特征 Index 074 | 被选次数:   62 次 (  1.5%) |   [纯噪声]
Top 18: 特征 Index 015 | 被选次数:   43 次 (  1.1%) |   [纯噪声]
Top 19: 特征 Index 023 | 被选次数:   39 次 (  1.0%) |   [纯噪声]
Top 20: 特征 Index 099 | 被选次数:   39 次 (  1.0%) |   [纯噪声]
Top 21: 特征 Index 051 | 被选次数:   39 次 (  1.0%) |   [纯噪声]
Top 22: 特征 Index 031 | 被选次数:   37 次 (  0.9%) |   [纯噪声]
Top 23: 特征 Index 006 | 被选次数:   32 次 (  0.8%) | ★ [真实关联]
Top 24: 特征 Index 018 | 被选次数:   32 次 (  0.8%) |   [纯噪声]
==================================================
[Export] 测试集数组已保存至 'output/run_20260718_022355/test_arrays.npz'
[Export] 特征索引已保存至 'output/run_20260718_022355/selected_feature_indices.npy'
[Export] 模型权重已保存至 'output/run_20260718_022355/generator_model.pth'

[Visualization] 运行双视角 t-SNE 降维 (样本数: 4000)...
[Visualization] 降维: 原始掩码特征 (Before Ext)...
[Visualization] 降维: 隐空间特征 (After Ext)...
[Visualization] 对比 t-SNE 已保存至: 'output/run_20260718_022355/fig3_tsne_comparison.png'

