[系统] 输出目录：output\run_20260914_104744_046190
[系统] 计算设备：cuda

[训练] 开始训练 ALTAS 模型
C:\Users\caoyi\miniconda3\envs\ml\Lib\site-packages\torch\autograd\graph.py:824: UserWarning: Attempting to run cuBLAS, but there was no current CUDA context! Attempting to set the primary context... (Triggered internally at C:\actions-runner\_work\pytorch\pytorch\pytorch\aten\src\ATen\cuda\CublasHandlePool.cpp:181.)
  return Variable._execution_engine.run_backward(  # Calls into the C++ engine to run the backward pass
Epoch [0010/1000] | Temp: 0.951 | Critic: +0.082 | Predictor: +1.037 | Full acc: 52.8% | Generator: +0.593 | Retain: 47.4% | Masked acc: 50.9% | W-distance: +0.000
Epoch [0020/1000] | Temp: 0.905 | Critic: +0.061 | Predictor: +1.031 | Full acc: 56.4% | Generator: +0.582 | Retain: 43.2% | Masked acc: 51.6% | W-distance: -0.002
Epoch [0030/1000] | Temp: 0.860 | Critic: +0.073 | Predictor: +1.010 | Full acc: 61.2% | Generator: +0.556 | Retain: 36.7% | Masked acc: 52.4% | W-distance: -0.004
Epoch [0040/1000] | Temp: 0.818 | Critic: +0.089 | Predictor: +0.990 | Full acc: 64.5% | Generator: +0.522 | Retain: 28.6% | Masked acc: 52.4% | W-distance: -0.004
Epoch [0050/1000] | Temp: 0.778 | Critic: +0.140 | Predictor: +0.977 | Full acc: 66.3% | Generator: +0.507 | Retain: 20.3% | Masked acc: 52.7% | W-distance: -0.004
Epoch [0060/1000] | Temp: 0.740 | Critic: +0.123 | Predictor: +0.959 | Full acc: 68.3% | Generator: +0.488 | Retain: 13.5% | Masked acc: 53.3% | W-distance: -0.001
Epoch [0070/1000] | Temp: 0.704 | Critic: +0.081 | Predictor: +0.941 | Full acc: 69.6% | Generator: +0.433 | Retain: 8.9% | Masked acc: 54.4% | W-distance: +0.001
Epoch [0080/1000] | Temp: 0.670 | Critic: +0.038 | Predictor: +0.922 | Full acc: 70.5% | Generator: +0.423 | Retain: 6.2% | Masked acc: 57.0% | W-distance: -0.000
Epoch [0090/1000] | Temp: 0.637 | Critic: +0.016 | Predictor: +0.909 | Full acc: 71.4% | Generator: +0.424 | Retain: 4.7% | Masked acc: 58.6% | W-distance: +0.002
Epoch [0100/1000] | Temp: 0.606 | Critic: +0.010 | Predictor: +0.893 | Full acc: 72.2% | Generator: +0.432 | Retain: 3.7% | Masked acc: 59.0% | W-distance: +0.003
Epoch [0110/1000] | Temp: 0.576 | Critic: +0.004 | Predictor: +0.881 | Full acc: 73.0% | Generator: +0.443 | Retain: 3.1% | Masked acc: 59.8% | W-distance: +0.006
Epoch [0120/1000] | Temp: 0.548 | Critic: +0.000 | Predictor: +0.873 | Full acc: 73.7% | Generator: +0.464 | Retain: 2.8% | Masked acc: 59.7% | W-distance: +0.007
Epoch [0130/1000] | Temp: 0.521 | Critic: -0.002 | Predictor: +0.864 | Full acc: 74.6% | Generator: +0.481 | Retain: 2.6% | Masked acc: 60.2% | W-distance: +0.008
Epoch [0140/1000] | Temp: 0.496 | Critic: -0.005 | Predictor: +0.859 | Full acc: 75.1% | Generator: +0.485 | Retain: 2.4% | Masked acc: 60.0% | W-distance: +0.010
Epoch [0150/1000] | Temp: 0.471 | Critic: -0.007 | Predictor: +0.856 | Full acc: 75.7% | Generator: +0.475 | Retain: 2.4% | Masked acc: 60.2% | W-distance: +0.011
Epoch [0160/1000] | Temp: 0.448 | Critic: -0.007 | Predictor: +0.851 | Full acc: 76.3% | Generator: +0.456 | Retain: 2.3% | Masked acc: 59.5% | W-distance: +0.011
Epoch [0170/1000] | Temp: 0.427 | Critic: -0.008 | Predictor: +0.849 | Full acc: 76.8% | Generator: +0.455 | Retain: 2.2% | Masked acc: 59.9% | W-distance: +0.013
Epoch [0180/1000] | Temp: 0.406 | Critic: -0.009 | Predictor: +0.842 | Full acc: 77.2% | Generator: +0.458 | Retain: 2.2% | Masked acc: 59.7% | W-distance: +0.014
Epoch [0190/1000] | Temp: 0.386 | Critic: -0.011 | Predictor: +0.839 | Full acc: 78.0% | Generator: +0.446 | Retain: 2.2% | Masked acc: 59.7% | W-distance: +0.015
Epoch [0200/1000] | Temp: 0.367 | Critic: -0.010 | Predictor: +0.833 | Full acc: 78.1% | Generator: +0.439 | Retain: 2.2% | Masked acc: 59.1% | W-distance: +0.015
Epoch [0210/1000] | Temp: 0.349 | Critic: -0.011 | Predictor: +0.832 | Full acc: 78.4% | Generator: +0.394 | Retain: 2.2% | Masked acc: 59.9% | W-distance: +0.015
Epoch [0220/1000] | Temp: 0.332 | Critic: -0.013 | Predictor: +0.827 | Full acc: 78.9% | Generator: +0.369 | Retain: 2.1% | Masked acc: 59.2% | W-distance: +0.018
Epoch [0230/1000] | Temp: 0.316 | Critic: -0.014 | Predictor: +0.828 | Full acc: 79.3% | Generator: +0.357 | Retain: 2.1% | Masked acc: 59.7% | W-distance: +0.019
Epoch [0240/1000] | Temp: 0.300 | Critic: -0.013 | Predictor: +0.819 | Full acc: 79.7% | Generator: +0.349 | Retain: 2.1% | Masked acc: 59.6% | W-distance: +0.018
Epoch [0250/1000] | Temp: 0.286 | Critic: -0.014 | Predictor: +0.819 | Full acc: 80.1% | Generator: +0.334 | Retain: 2.1% | Masked acc: 59.4% | W-distance: +0.019
Epoch [0260/1000] | Temp: 0.272 | Critic: -0.015 | Predictor: +0.816 | Full acc: 80.2% | Generator: +0.323 | Retain: 2.1% | Masked acc: 58.8% | W-distance: +0.020
Epoch [0270/1000] | Temp: 0.258 | Critic: -0.013 | Predictor: +0.810 | Full acc: 80.4% | Generator: +0.313 | Retain: 2.1% | Masked acc: 59.2% | W-distance: +0.018
Epoch [0280/1000] | Temp: 0.246 | Critic: -0.016 | Predictor: +0.814 | Full acc: 80.7% | Generator: +0.305 | Retain: 2.1% | Masked acc: 59.3% | W-distance: +0.021
Epoch [0290/1000] | Temp: 0.234 | Critic: -0.019 | Predictor: +0.808 | Full acc: 81.1% | Generator: +0.291 | Retain: 2.1% | Masked acc: 59.5% | W-distance: +0.023
Epoch [0300/1000] | Temp: 0.222 | Critic: -0.017 | Predictor: +0.810 | Full acc: 81.3% | Generator: +0.286 | Retain: 2.1% | Masked acc: 58.9% | W-distance: +0.021
Epoch [0310/1000] | Temp: 0.211 | Critic: -0.017 | Predictor: +0.802 | Full acc: 81.7% | Generator: +0.258 | Retain: 2.1% | Masked acc: 59.4% | W-distance: +0.021
Epoch [0320/1000] | Temp: 0.201 | Critic: -0.017 | Predictor: +0.803 | Full acc: 81.7% | Generator: +0.258 | Retain: 2.1% | Masked acc: 59.3% | W-distance: +0.020
Epoch [0330/1000] | Temp: 0.191 | Critic: -0.019 | Predictor: +0.801 | Full acc: 82.2% | Generator: +0.278 | Retain: 2.1% | Masked acc: 59.6% | W-distance: +0.023
Epoch [0340/1000] | Temp: 0.182 | Critic: -0.017 | Predictor: +0.797 | Full acc: 82.2% | Generator: +0.260 | Retain: 2.1% | Masked acc: 59.3% | W-distance: +0.021
Epoch [0350/1000] | Temp: 0.173 | Critic: -0.019 | Predictor: +0.796 | Full acc: 82.8% | Generator: +0.252 | Retain: 2.1% | Masked acc: 59.8% | W-distance: +0.022
Epoch [0360/1000] | Temp: 0.165 | Critic: -0.017 | Predictor: +0.795 | Full acc: 82.7% | Generator: +0.241 | Retain: 2.1% | Masked acc: 58.9% | W-distance: +0.020
Epoch [0370/1000] | Temp: 0.157 | Critic: -0.021 | Predictor: +0.794 | Full acc: 82.7% | Generator: +0.235 | Retain: 2.0% | Masked acc: 59.4% | W-distance: +0.024
Epoch [0380/1000] | Temp: 0.149 | Critic: -0.020 | Predictor: +0.793 | Full acc: 82.8% | Generator: +0.231 | Retain: 2.0% | Masked acc: 59.0% | W-distance: +0.024
Epoch [0390/1000] | Temp: 0.142 | Critic: -0.019 | Predictor: +0.790 | Full acc: 82.7% | Generator: +0.237 | Retain: 2.0% | Masked acc: 59.0% | W-distance: +0.023
Epoch [0400/1000] | Temp: 0.135 | Critic: -0.019 | Predictor: +0.792 | Full acc: 83.3% | Generator: +0.236 | Retain: 2.0% | Masked acc: 58.8% | W-distance: +0.023
Epoch [0410/1000] | Temp: 0.128 | Critic: -0.018 | Predictor: +0.790 | Full acc: 83.5% | Generator: +0.247 | Retain: 2.0% | Masked acc: 58.8% | W-distance: +0.021
Epoch [0420/1000] | Temp: 0.122 | Critic: -0.021 | Predictor: +0.787 | Full acc: 83.4% | Generator: +0.228 | Retain: 2.0% | Masked acc: 58.8% | W-distance: +0.025
Epoch [0430/1000] | Temp: 0.116 | Critic: -0.019 | Predictor: +0.784 | Full acc: 83.8% | Generator: +0.228 | Retain: 2.0% | Masked acc: 59.0% | W-distance: +0.022
Epoch [0440/1000] | Temp: 0.110 | Critic: -0.020 | Predictor: +0.786 | Full acc: 83.8% | Generator: +0.220 | Retain: 2.0% | Masked acc: 58.6% | W-distance: +0.024
Epoch [0450/1000] | Temp: 0.105 | Critic: -0.020 | Predictor: +0.784 | Full acc: 84.2% | Generator: +0.214 | Retain: 2.0% | Masked acc: 58.3% | W-distance: +0.023
Epoch [0460/1000] | Temp: 0.100 | Critic: -0.020 | Predictor: +0.777 | Full acc: 84.4% | Generator: +0.205 | Retain: 2.0% | Masked acc: 58.8% | W-distance: +0.023
Epoch [0470/1000] | Temp: 0.100 | Critic: -0.022 | Predictor: +0.781 | Full acc: 84.7% | Generator: +0.199 | Retain: 2.0% | Masked acc: 58.7% | W-distance: +0.026
Epoch [0480/1000] | Temp: 0.100 | Critic: -0.022 | Predictor: +0.779 | Full acc: 84.4% | Generator: +0.215 | Retain: 2.0% | Masked acc: 58.3% | W-distance: +0.025
Epoch [0490/1000] | Temp: 0.100 | Critic: -0.019 | Predictor: +0.777 | Full acc: 84.4% | Generator: +0.200 | Retain: 2.0% | Masked acc: 59.1% | W-distance: +0.023
Epoch [0500/1000] | Temp: 0.100 | Critic: -0.023 | Predictor: +0.770 | Full acc: 84.9% | Generator: +0.206 | Retain: 2.0% | Masked acc: 58.6% | W-distance: +0.026
Epoch [0510/1000] | Temp: 0.100 | Critic: -0.021 | Predictor: +0.774 | Full acc: 84.7% | Generator: +0.203 | Retain: 2.0% | Masked acc: 58.3% | W-distance: +0.025
Epoch [0520/1000] | Temp: 0.100 | Critic: -0.020 | Predictor: +0.774 | Full acc: 85.0% | Generator: +0.200 | Retain: 2.0% | Masked acc: 58.5% | W-distance: +0.023
Epoch [0530/1000] | Temp: 0.100 | Critic: -0.020 | Predictor: +0.770 | Full acc: 85.1% | Generator: +0.190 | Retain: 2.0% | Masked acc: 58.9% | W-distance: +0.024
Epoch [0540/1000] | Temp: 0.100 | Critic: -0.021 | Predictor: +0.769 | Full acc: 85.3% | Generator: +0.201 | Retain: 2.0% | Masked acc: 58.4% | W-distance: +0.025
Epoch [0550/1000] | Temp: 0.100 | Critic: -0.021 | Predictor: +0.771 | Full acc: 85.4% | Generator: +0.186 | Retain: 2.0% | Masked acc: 58.5% | W-distance: +0.024
Epoch [0560/1000] | Temp: 0.100 | Critic: -0.020 | Predictor: +0.770 | Full acc: 85.6% | Generator: +0.182 | Retain: 2.0% | Masked acc: 60.0% | W-distance: +0.024
Epoch [0570/1000] | Temp: 0.100 | Critic: -0.021 | Predictor: +0.767 | Full acc: 85.7% | Generator: +0.179 | Retain: 2.0% | Masked acc: 58.0% | W-distance: +0.025
Epoch [0580/1000] | Temp: 0.100 | Critic: -0.022 | Predictor: +0.763 | Full acc: 85.7% | Generator: +0.177 | Retain: 2.0% | Masked acc: 58.8% | W-distance: +0.026
Epoch [0590/1000] | Temp: 0.100 | Critic: -0.022 | Predictor: +0.765 | Full acc: 85.6% | Generator: +0.173 | Retain: 2.0% | Masked acc: 58.6% | W-distance: +0.025
Epoch [0600/1000] | Temp: 0.100 | Critic: -0.022 | Predictor: +0.767 | Full acc: 86.0% | Generator: +0.176 | Retain: 2.0% | Masked acc: 58.3% | W-distance: +0.025
Epoch [0610/1000] | Temp: 0.100 | Critic: -0.022 | Predictor: +0.763 | Full acc: 86.2% | Generator: +0.185 | Retain: 2.0% | Masked acc: 58.8% | W-distance: +0.025
Epoch [0620/1000] | Temp: 0.100 | Critic: -0.021 | Predictor: +0.764 | Full acc: 86.3% | Generator: +0.165 | Retain: 2.0% | Masked acc: 58.9% | W-distance: +0.025
Epoch [0630/1000] | Temp: 0.100 | Critic: -0.023 | Predictor: +0.759 | Full acc: 86.4% | Generator: +0.169 | Retain: 2.0% | Masked acc: 58.4% | W-distance: +0.026
Epoch [0640/1000] | Temp: 0.100 | Critic: -0.020 | Predictor: +0.761 | Full acc: 86.2% | Generator: +0.176 | Retain: 2.0% | Masked acc: 58.7% | W-distance: +0.023
Epoch [0650/1000] | Temp: 0.100 | Critic: -0.025 | Predictor: +0.766 | Full acc: 86.7% | Generator: +0.167 | Retain: 2.0% | Masked acc: 58.2% | W-distance: +0.028
Epoch [0660/1000] | Temp: 0.100 | Critic: -0.021 | Predictor: +0.760 | Full acc: 86.6% | Generator: +0.173 | Retain: 2.0% | Masked acc: 58.6% | W-distance: +0.024
Epoch [0670/1000] | Temp: 0.100 | Critic: -0.022 | Predictor: +0.758 | Full acc: 86.7% | Generator: +0.164 | Retain: 2.0% | Masked acc: 58.0% | W-distance: +0.026
Epoch [0680/1000] | Temp: 0.100 | Critic: -0.023 | Predictor: +0.760 | Full acc: 86.8% | Generator: +0.157 | Retain: 2.0% | Masked acc: 58.8% | W-distance: +0.026
Epoch [0690/1000] | Temp: 0.100 | Critic: -0.024 | Predictor: +0.754 | Full acc: 86.6% | Generator: +0.155 | Retain: 2.0% | Masked acc: 58.5% | W-distance: +0.027
Epoch [0700/1000] | Temp: 0.100 | Critic: -0.022 | Predictor: +0.756 | Full acc: 87.0% | Generator: +0.157 | Retain: 2.0% | Masked acc: 58.4% | W-distance: +0.025
Epoch [0710/1000] | Temp: 0.100 | Critic: -0.023 | Predictor: +0.756 | Full acc: 87.0% | Generator: +0.167 | Retain: 2.0% | Masked acc: 58.4% | W-distance: +0.027
Epoch [0720/1000] | Temp: 0.100 | Critic: -0.023 | Predictor: +0.753 | Full acc: 87.2% | Generator: +0.166 | Retain: 2.0% | Masked acc: 59.0% | W-distance: +0.027
Epoch [0730/1000] | Temp: 0.100 | Critic: -0.023 | Predictor: +0.758 | Full acc: 87.3% | Generator: +0.149 | Retain: 2.0% | Masked acc: 58.3% | W-distance: +0.026
Epoch [0740/1000] | Temp: 0.100 | Critic: -0.022 | Predictor: +0.760 | Full acc: 87.3% | Generator: +0.148 | Retain: 2.0% | Masked acc: 58.2% | W-distance: +0.026
Epoch [0750/1000] | Temp: 0.100 | Critic: -0.021 | Predictor: +0.759 | Full acc: 87.6% | Generator: +0.154 | Retain: 2.0% | Masked acc: 58.3% | W-distance: +0.024
Epoch [0760/1000] | Temp: 0.100 | Critic: -0.021 | Predictor: +0.755 | Full acc: 87.4% | Generator: +0.139 | Retain: 2.0% | Masked acc: 58.5% | W-distance: +0.024
Epoch [0770/1000] | Temp: 0.100 | Critic: -0.022 | Predictor: +0.749 | Full acc: 87.6% | Generator: +0.145 | Retain: 2.0% | Masked acc: 58.1% | W-distance: +0.025
Epoch [0780/1000] | Temp: 0.100 | Critic: -0.023 | Predictor: +0.757 | Full acc: 87.8% | Generator: +0.147 | Retain: 2.0% | Masked acc: 57.9% | W-distance: +0.026
Epoch [0790/1000] | Temp: 0.100 | Critic: -0.023 | Predictor: +0.755 | Full acc: 87.7% | Generator: +0.142 | Retain: 2.0% | Masked acc: 58.5% | W-distance: +0.026
Epoch [0800/1000] | Temp: 0.100 | Critic: -0.023 | Predictor: +0.750 | Full acc: 87.8% | Generator: +0.137 | Retain: 2.0% | Masked acc: 58.5% | W-distance: +0.026
Epoch [0810/1000] | Temp: 0.100 | Critic: -0.023 | Predictor: +0.747 | Full acc: 88.0% | Generator: +0.141 | Retain: 2.0% | Masked acc: 57.7% | W-distance: +0.026
Epoch [0820/1000] | Temp: 0.100 | Critic: -0.023 | Predictor: +0.752 | Full acc: 87.7% | Generator: +0.144 | Retain: 2.0% | Masked acc: 58.6% | W-distance: +0.027
Epoch [0830/1000] | Temp: 0.100 | Critic: -0.021 | Predictor: +0.750 | Full acc: 88.0% | Generator: +0.127 | Retain: 2.0% | Masked acc: 58.7% | W-distance: +0.025
Epoch [0840/1000] | Temp: 0.100 | Critic: -0.022 | Predictor: +0.754 | Full acc: 88.0% | Generator: +0.134 | Retain: 2.0% | Masked acc: 57.9% | W-distance: +0.026
Epoch [0850/1000] | Temp: 0.100 | Critic: -0.023 | Predictor: +0.754 | Full acc: 88.2% | Generator: +0.123 | Retain: 2.0% | Masked acc: 58.6% | W-distance: +0.026
Epoch [0860/1000] | Temp: 0.100 | Critic: -0.025 | Predictor: +0.751 | Full acc: 88.1% | Generator: +0.125 | Retain: 2.0% | Masked acc: 58.4% | W-distance: +0.028
Epoch [0870/1000] | Temp: 0.100 | Critic: -0.023 | Predictor: +0.751 | Full acc: 88.2% | Generator: +0.121 | Retain: 2.0% | Masked acc: 57.8% | W-distance: +0.027
Epoch [0880/1000] | Temp: 0.100 | Critic: -0.023 | Predictor: +0.748 | Full acc: 88.4% | Generator: +0.127 | Retain: 2.0% | Masked acc: 58.1% | W-distance: +0.027
Epoch [0890/1000] | Temp: 0.100 | Critic: -0.021 | Predictor: +0.741 | Full acc: 88.4% | Generator: +0.127 | Retain: 2.0% | Masked acc: 58.4% | W-distance: +0.025
Epoch [0900/1000] | Temp: 0.100 | Critic: -0.025 | Predictor: +0.745 | Full acc: 88.3% | Generator: +0.111 | Retain: 2.0% | Masked acc: 58.8% | W-distance: +0.028
Epoch [0910/1000] | Temp: 0.100 | Critic: -0.024 | Predictor: +0.745 | Full acc: 88.1% | Generator: +0.109 | Retain: 2.0% | Masked acc: 58.3% | W-distance: +0.027
Epoch [0920/1000] | Temp: 0.100 | Critic: -0.023 | Predictor: +0.746 | Full acc: 88.6% | Generator: +0.113 | Retain: 2.0% | Masked acc: 58.0% | W-distance: +0.027
Epoch [0930/1000] | Temp: 0.100 | Critic: -0.024 | Predictor: +0.747 | Full acc: 88.4% | Generator: +0.107 | Retain: 2.0% | Masked acc: 58.1% | W-distance: +0.028
Epoch [0940/1000] | Temp: 0.100 | Critic: -0.022 | Predictor: +0.746 | Full acc: 88.7% | Generator: +0.110 | Retain: 2.0% | Masked acc: 58.4% | W-distance: +0.026
Epoch [0950/1000] | Temp: 0.100 | Critic: -0.024 | Predictor: +0.740 | Full acc: 88.8% | Generator: +0.106 | Retain: 2.0% | Masked acc: 58.4% | W-distance: +0.027
Epoch [0960/1000] | Temp: 0.100 | Critic: -0.024 | Predictor: +0.746 | Full acc: 88.8% | Generator: +0.114 | Retain: 2.0% | Masked acc: 58.5% | W-distance: +0.027
Epoch [0970/1000] | Temp: 0.100 | Critic: -0.025 | Predictor: +0.747 | Full acc: 88.7% | Generator: +0.105 | Retain: 2.0% | Masked acc: 58.4% | W-distance: +0.029
Epoch [0980/1000] | Temp: 0.100 | Critic: -0.024 | Predictor: +0.743 | Full acc: 88.8% | Generator: +0.095 | Retain: 2.0% | Masked acc: 58.6% | W-distance: +0.028
Epoch [0990/1000] | Temp: 0.100 | Critic: -0.024 | Predictor: +0.742 | Full acc: 88.7% | Generator: +0.100 | Retain: 2.0% | Masked acc: 58.6% | W-distance: +0.027
Epoch [1000/1000] | Temp: 0.100 | Critic: -0.022 | Predictor: +0.745 | Full acc: 88.8% | Generator: +0.098 | Retain: 2.0% | Masked acc: 58.2% | W-distance: +0.026
[导出] 训练结果已保存至 output\run_20260914_104744_046190

[评估] 开始测试集推理
================================================================
测试集评估与特征选择报告
================================================================
分类准确率：        59.60%
真正率（TPR）：     100.00%
错误发现率（FDR）： 0.03%
平均保留特征数：    2.0 / 100
----------------------------------------------------------------
选择频率最高的 9 个特征
----------------------------------------------------------------
Top 01: feature_001 | 选择 4000 次 (100.0%) | 真实相关
Top 02: feature_000 | 选择 4000 次 (100.0%) | 真实相关
Top 03: feature_061 | 选择    2 次 (  0.1%) | 噪声特征
Top 04: feature_067 | 选择    1 次 (  0.0%) | 噪声特征
Top 05: feature_096 | 选择    0 次 (  0.0%) | 噪声特征
Top 06: feature_095 | 选择    0 次 (  0.0%) | 噪声特征
Top 07: feature_093 | 选择    0 次 (  0.0%) | 噪声特征
Top 08: feature_094 | 选择    0 次 (  0.0%) | 噪声特征
Top 09: feature_091 | 选择    0 次 (  0.0%) | 噪声特征
================================================================
[导出] 评估结果和模型权重已保存至 output\run_20260914_104744_046190
