[System] Run dir: output/run_20260818_175853
[System] 正在使用 cuda 进行计算...

[System] 开始训练多任务共享特征架构...
Epoch [010/1000] | Tau: 0.951 | Loss_C: +0.077 | Loss_P: +0.491 | Full_X_Acc: 64.2% | Loss_Gen: +0.795 | Retain: 47.9% | Mask_X_Acc: 57.1% | Loss_Gen_adv: -0.133 | Loss_Gen_l1: +0.479 | Loss_Gen_p: +0.688 | W_Distance: -0.003 |
Epoch [020/1000] | Tau: 0.905 | Loss_C: +0.076 | Loss_P: +0.479 | Full_X_Acc: 65.7% | Loss_Gen: +0.789 | Retain: 44.2% | Mask_X_Acc: 57.3% | Loss_Gen_adv: -0.113 | Loss_Gen_l1: +0.442 | Loss_Gen_p: +0.681 | W_Distance: -0.004 |
Epoch [030/1000] | Tau: 0.860 | Loss_C: +0.083 | Loss_P: +0.466 | Full_X_Acc: 66.9% | Loss_Gen: +0.721 | Retain: 38.5% | Mask_X_Acc: 57.7% | Loss_Gen_adv: -0.148 | Loss_Gen_l1: +0.385 | Loss_Gen_p: +0.677 | W_Distance: -0.005 |
Epoch [040/1000] | Tau: 0.818 | Loss_C: +0.081 | Loss_P: +0.457 | Full_X_Acc: 67.5% | Loss_Gen: +0.636 | Retain: 30.8% | Mask_X_Acc: 58.6% | Loss_Gen_adv: -0.200 | Loss_Gen_l1: +0.308 | Loss_Gen_p: +0.682 | W_Distance: -0.006 |
Epoch [050/1000] | Tau: 0.778 | Loss_C: +0.067 | Loss_P: +0.449 | Full_X_Acc: 68.6% | Loss_Gen: +0.517 | Retain: 22.2% | Mask_X_Acc: 60.0% | Loss_Gen_adv: -0.266 | Loss_Gen_l1: +0.222 | Loss_Gen_p: +0.672 | W_Distance: -0.003 |
Epoch [060/1000] | Tau: 0.740 | Loss_C: +0.037 | Loss_P: +0.439 | Full_X_Acc: 69.4% | Loss_Gen: +0.405 | Retain: 14.7% | Mask_X_Acc: 60.9% | Loss_Gen_adv: -0.330 | Loss_Gen_l1: +0.147 | Loss_Gen_p: +0.662 | W_Distance: +0.001 |
Epoch [070/1000] | Tau: 0.704 | Loss_C: +0.019 | Loss_P: +0.428 | Full_X_Acc: 70.5% | Loss_Gen: +0.286 | Retain: 9.7% | Mask_X_Acc: 61.9% | Loss_Gen_adv: -0.397 | Loss_Gen_l1: +0.097 | Loss_Gen_p: +0.635 | W_Distance: +0.003 |
Epoch [080/1000] | Tau: 0.670 | Loss_C: +0.009 | Loss_P: +0.420 | Full_X_Acc: 71.5% | Loss_Gen: +0.229 | Retain: 7.0% | Mask_X_Acc: 62.9% | Loss_Gen_adv: -0.435 | Loss_Gen_l1: +0.070 | Loss_Gen_p: +0.629 | W_Distance: +0.005 |
Epoch [090/1000] | Tau: 0.637 | Loss_C: +0.003 | Loss_P: +0.413 | Full_X_Acc: 72.1% | Loss_Gen: +0.173 | Retain: 5.6% | Mask_X_Acc: 63.1% | Loss_Gen_adv: -0.479 | Loss_Gen_l1: +0.056 | Loss_Gen_p: +0.624 | W_Distance: +0.007 |
Epoch [100/1000] | Tau: 0.606 | Loss_C: +0.001 | Loss_P: +0.406 | Full_X_Acc: 73.3% | Loss_Gen: +0.117 | Retain: 5.0% | Mask_X_Acc: 64.0% | Loss_Gen_adv: -0.532 | Loss_Gen_l1: +0.050 | Loss_Gen_p: +0.623 | W_Distance: +0.007 |
Epoch [110/1000] | Tau: 0.576 | Loss_C: -0.003 | Loss_P: +0.403 | Full_X_Acc: 74.1% | Loss_Gen: +0.055 | Retain: 4.6% | Mask_X_Acc: 63.5% | Loss_Gen_adv: -0.590 | Loss_Gen_l1: +0.046 | Loss_Gen_p: +0.622 | W_Distance: +0.008 |
Epoch [120/1000] | Tau: 0.548 | Loss_C: -0.006 | Loss_P: +0.400 | Full_X_Acc: 74.7% | Loss_Gen: +0.013 | Retain: 4.4% | Mask_X_Acc: 63.7% | Loss_Gen_adv: -0.636 | Loss_Gen_l1: +0.044 | Loss_Gen_p: +0.627 | W_Distance: +0.010 |
Epoch [130/1000] | Tau: 0.521 | Loss_C: -0.009 | Loss_P: +0.394 | Full_X_Acc: 75.1% | Loss_Gen: -0.036 | Retain: 4.3% | Mask_X_Acc: 63.4% | Loss_Gen_adv: -0.685 | Loss_Gen_l1: +0.043 | Loss_Gen_p: +0.627 | W_Distance: +0.012 |
Epoch [140/1000] | Tau: 0.496 | Loss_C: -0.011 | Loss_P: +0.394 | Full_X_Acc: 76.2% | Loss_Gen: -0.067 | Retain: 4.2% | Mask_X_Acc: 63.1% | Loss_Gen_adv: -0.726 | Loss_Gen_l1: +0.042 | Loss_Gen_p: +0.638 | W_Distance: +0.015 |
Epoch [150/1000] | Tau: 0.471 | Loss_C: -0.013 | Loss_P: +0.391 | Full_X_Acc: 76.3% | Loss_Gen: -0.107 | Retain: 4.2% | Mask_X_Acc: 63.4% | Loss_Gen_adv: -0.764 | Loss_Gen_l1: +0.042 | Loss_Gen_p: +0.636 | W_Distance: +0.017 |
Epoch [160/1000] | Tau: 0.448 | Loss_C: -0.012 | Loss_P: +0.388 | Full_X_Acc: 77.0% | Loss_Gen: -0.124 | Retain: 4.2% | Mask_X_Acc: 63.0% | Loss_Gen_adv: -0.786 | Loss_Gen_l1: +0.042 | Loss_Gen_p: +0.641 | W_Distance: +0.015 |
Epoch [170/1000] | Tau: 0.427 | Loss_C: -0.015 | Loss_P: +0.387 | Full_X_Acc: 77.0% | Loss_Gen: -0.139 | Retain: 4.1% | Mask_X_Acc: 62.5% | Loss_Gen_adv: -0.801 | Loss_Gen_l1: +0.041 | Loss_Gen_p: +0.641 | W_Distance: +0.018 |
Epoch [180/1000] | Tau: 0.406 | Loss_C: -0.014 | Loss_P: +0.384 | Full_X_Acc: 77.6% | Loss_Gen: -0.169 | Retain: 4.1% | Mask_X_Acc: 63.0% | Loss_Gen_adv: -0.833 | Loss_Gen_l1: +0.041 | Loss_Gen_p: +0.643 | W_Distance: +0.017 |
Epoch [190/1000] | Tau: 0.386 | Loss_C: -0.015 | Loss_P: +0.382 | Full_X_Acc: 78.1% | Loss_Gen: -0.171 | Retain: 4.1% | Mask_X_Acc: 63.4% | Loss_Gen_adv: -0.838 | Loss_Gen_l1: +0.041 | Loss_Gen_p: +0.647 | W_Distance: +0.018 |
Epoch [200/1000] | Tau: 0.367 | Loss_C: -0.016 | Loss_P: +0.378 | Full_X_Acc: 78.5% | Loss_Gen: -0.183 | Retain: 4.1% | Mask_X_Acc: 62.9% | Loss_Gen_adv: -0.857 | Loss_Gen_l1: +0.041 | Loss_Gen_p: +0.654 | W_Distance: +0.019 |
Epoch [210/1000] | Tau: 0.349 | Loss_C: -0.016 | Loss_P: +0.378 | Full_X_Acc: 78.5% | Loss_Gen: -0.172 | Retain: 4.1% | Mask_X_Acc: 62.5% | Loss_Gen_adv: -0.848 | Loss_Gen_l1: +0.041 | Loss_Gen_p: +0.656 | W_Distance: +0.019 |
Epoch [220/1000] | Tau: 0.332 | Loss_C: -0.018 | Loss_P: +0.376 | Full_X_Acc: 79.2% | Loss_Gen: -0.187 | Retain: 4.1% | Mask_X_Acc: 63.5% | Loss_Gen_adv: -0.858 | Loss_Gen_l1: +0.041 | Loss_Gen_p: +0.651 | W_Distance: +0.021 |
Epoch [230/1000] | Tau: 0.316 | Loss_C: -0.020 | Loss_P: +0.377 | Full_X_Acc: 79.2% | Loss_Gen: -0.168 | Retain: 4.1% | Mask_X_Acc: 63.2% | Loss_Gen_adv: -0.853 | Loss_Gen_l1: +0.041 | Loss_Gen_p: +0.664 | W_Distance: +0.023 |
Epoch [240/1000] | Tau: 0.300 | Loss_C: -0.018 | Loss_P: +0.375 | Full_X_Acc: 79.8% | Loss_Gen: -0.169 | Retain: 4.0% | Mask_X_Acc: 62.9% | Loss_Gen_adv: -0.846 | Loss_Gen_l1: +0.040 | Loss_Gen_p: +0.656 | W_Distance: +0.021 |
Epoch [250/1000] | Tau: 0.286 | Loss_C: -0.017 | Loss_P: +0.372 | Full_X_Acc: 79.7% | Loss_Gen: -0.168 | Retain: 4.0% | Mask_X_Acc: 63.2% | Loss_Gen_adv: -0.850 | Loss_Gen_l1: +0.040 | Loss_Gen_p: +0.662 | W_Distance: +0.020 |
Epoch [260/1000] | Tau: 0.272 | Loss_C: -0.020 | Loss_P: +0.372 | Full_X_Acc: 80.1% | Loss_Gen: -0.169 | Retain: 4.0% | Mask_X_Acc: 62.6% | Loss_Gen_adv: -0.850 | Loss_Gen_l1: +0.040 | Loss_Gen_p: +0.661 | W_Distance: +0.023 |
Epoch [270/1000] | Tau: 0.258 | Loss_C: -0.020 | Loss_P: +0.372 | Full_X_Acc: 79.8% | Loss_Gen: -0.163 | Retain: 4.0% | Mask_X_Acc: 63.3% | Loss_Gen_adv: -0.844 | Loss_Gen_l1: +0.040 | Loss_Gen_p: +0.661 | W_Distance: +0.023 |
Epoch [280/1000] | Tau: 0.246 | Loss_C: -0.022 | Loss_P: +0.372 | Full_X_Acc: 80.3% | Loss_Gen: -0.159 | Retain: 4.0% | Mask_X_Acc: 62.6% | Loss_Gen_adv: -0.840 | Loss_Gen_l1: +0.040 | Loss_Gen_p: +0.661 | W_Distance: +0.025 |
Epoch [290/1000] | Tau: 0.234 | Loss_C: -0.019 | Loss_P: +0.372 | Full_X_Acc: 80.9% | Loss_Gen: -0.151 | Retain: 4.0% | Mask_X_Acc: 62.6% | Loss_Gen_adv: -0.831 | Loss_Gen_l1: +0.040 | Loss_Gen_p: +0.660 | W_Distance: +0.022 |
Epoch [300/1000] | Tau: 0.222 | Loss_C: -0.023 | Loss_P: +0.368 | Full_X_Acc: 80.8% | Loss_Gen: -0.144 | Retain: 4.0% | Mask_X_Acc: 63.1% | Loss_Gen_adv: -0.833 | Loss_Gen_l1: +0.040 | Loss_Gen_p: +0.668 | W_Distance: +0.026 |
Epoch [310/1000] | Tau: 0.211 | Loss_C: -0.021 | Loss_P: +0.369 | Full_X_Acc: 80.9% | Loss_Gen: -0.142 | Retain: 4.0% | Mask_X_Acc: 63.1% | Loss_Gen_adv: -0.831 | Loss_Gen_l1: +0.040 | Loss_Gen_p: +0.669 | W_Distance: +0.024 |
Epoch [320/1000] | Tau: 0.201 | Loss_C: -0.021 | Loss_P: +0.367 | Full_X_Acc: 81.2% | Loss_Gen: -0.133 | Retain: 4.0% | Mask_X_Acc: 61.9% | Loss_Gen_adv: -0.827 | Loss_Gen_l1: +0.040 | Loss_Gen_p: +0.674 | W_Distance: +0.024 |
Epoch [330/1000] | Tau: 0.191 | Loss_C: -0.022 | Loss_P: +0.368 | Full_X_Acc: 81.6% | Loss_Gen: -0.122 | Retain: 4.0% | Mask_X_Acc: 62.7% | Loss_Gen_adv: -0.818 | Loss_Gen_l1: +0.040 | Loss_Gen_p: +0.677 | W_Distance: +0.025 |
Epoch [340/1000] | Tau: 0.182 | Loss_C: -0.023 | Loss_P: +0.367 | Full_X_Acc: 81.6% | Loss_Gen: -0.125 | Retain: 4.0% | Mask_X_Acc: 62.7% | Loss_Gen_adv: -0.818 | Loss_Gen_l1: +0.040 | Loss_Gen_p: +0.673 | W_Distance: +0.026 |
Epoch [350/1000] | Tau: 0.173 | Loss_C: -0.022 | Loss_P: +0.366 | Full_X_Acc: 81.6% | Loss_Gen: -0.119 | Retain: 4.0% | Mask_X_Acc: 63.1% | Loss_Gen_adv: -0.815 | Loss_Gen_l1: +0.040 | Loss_Gen_p: +0.675 | W_Distance: +0.025 |
Epoch [360/1000] | Tau: 0.165 | Loss_C: -0.024 | Loss_P: +0.363 | Full_X_Acc: 81.8% | Loss_Gen: -0.112 | Retain: 4.0% | Mask_X_Acc: 63.1% | Loss_Gen_adv: -0.818 | Loss_Gen_l1: +0.040 | Loss_Gen_p: +0.686 | W_Distance: +0.027 |
Epoch [370/1000] | Tau: 0.157 | Loss_C: -0.022 | Loss_P: +0.365 | Full_X_Acc: 82.1% | Loss_Gen: -0.116 | Retain: 4.0% | Mask_X_Acc: 63.4% | Loss_Gen_adv: -0.814 | Loss_Gen_l1: +0.040 | Loss_Gen_p: +0.678 | W_Distance: +0.025 |
Epoch [380/1000] | Tau: 0.149 | Loss_C: -0.023 | Loss_P: +0.364 | Full_X_Acc: 81.9% | Loss_Gen: -0.117 | Retain: 4.0% | Mask_X_Acc: 62.5% | Loss_Gen_adv: -0.812 | Loss_Gen_l1: +0.040 | Loss_Gen_p: +0.676 | W_Distance: +0.026 |
Epoch [390/1000] | Tau: 0.142 | Loss_C: -0.024 | Loss_P: +0.364 | Full_X_Acc: 82.0% | Loss_Gen: -0.101 | Retain: 4.0% | Mask_X_Acc: 63.5% | Loss_Gen_adv: -0.803 | Loss_Gen_l1: +0.040 | Loss_Gen_p: +0.681 | W_Distance: +0.027 |
Epoch [400/1000] | Tau: 0.135 | Loss_C: -0.025 | Loss_P: +0.362 | Full_X_Acc: 82.0% | Loss_Gen: -0.108 | Retain: 4.0% | Mask_X_Acc: 62.6% | Loss_Gen_adv: -0.814 | Loss_Gen_l1: +0.040 | Loss_Gen_p: +0.686 | W_Distance: +0.028 |
Epoch [410/1000] | Tau: 0.128 | Loss_C: -0.025 | Loss_P: +0.361 | Full_X_Acc: 82.3% | Loss_Gen: -0.092 | Retain: 4.0% | Mask_X_Acc: 62.5% | Loss_Gen_adv: -0.797 | Loss_Gen_l1: +0.040 | Loss_Gen_p: +0.685 | W_Distance: +0.028 |
Epoch [420/1000] | Tau: 0.122 | Loss_C: -0.023 | Loss_P: +0.363 | Full_X_Acc: 82.4% | Loss_Gen: -0.073 | Retain: 4.0% | Mask_X_Acc: 63.2% | Loss_Gen_adv: -0.780 | Loss_Gen_l1: +0.040 | Loss_Gen_p: +0.688 | W_Distance: +0.025 |
Epoch [430/1000] | Tau: 0.116 | Loss_C: -0.026 | Loss_P: +0.358 | Full_X_Acc: 82.4% | Loss_Gen: -0.073 | Retain: 4.0% | Mask_X_Acc: 62.9% | Loss_Gen_adv: -0.780 | Loss_Gen_l1: +0.040 | Loss_Gen_p: +0.687 | W_Distance: +0.029 |
Epoch [440/1000] | Tau: 0.110 | Loss_C: -0.024 | Loss_P: +0.359 | Full_X_Acc: 82.7% | Loss_Gen: -0.078 | Retain: 4.0% | Mask_X_Acc: 62.7% | Loss_Gen_adv: -0.778 | Loss_Gen_l1: +0.040 | Loss_Gen_p: +0.680 | W_Distance: +0.026 |
Epoch [450/1000] | Tau: 0.105 | Loss_C: -0.024 | Loss_P: +0.359 | Full_X_Acc: 82.8% | Loss_Gen: -0.062 | Retain: 4.0% | Mask_X_Acc: 62.8% | Loss_Gen_adv: -0.766 | Loss_Gen_l1: +0.040 | Loss_Gen_p: +0.683 | W_Distance: +0.026 |
Epoch [460/1000] | Tau: 0.100 | Loss_C: -0.024 | Loss_P: +0.361 | Full_X_Acc: 82.8% | Loss_Gen: -0.059 | Retain: 4.0% | Mask_X_Acc: 62.9% | Loss_Gen_adv: -0.762 | Loss_Gen_l1: +0.040 | Loss_Gen_p: +0.683 | W_Distance: +0.027 |
Epoch [470/1000] | Tau: 0.100 | Loss_C: -0.025 | Loss_P: +0.357 | Full_X_Acc: 82.8% | Loss_Gen: -0.043 | Retain: 4.0% | Mask_X_Acc: 62.5% | Loss_Gen_adv: -0.754 | Loss_Gen_l1: +0.040 | Loss_Gen_p: +0.691 | W_Distance: +0.028 |
Epoch [480/1000] | Tau: 0.100 | Loss_C: -0.024 | Loss_P: +0.359 | Full_X_Acc: 83.1% | Loss_Gen: -0.043 | Retain: 4.0% | Mask_X_Acc: 62.9% | Loss_Gen_adv: -0.743 | Loss_Gen_l1: +0.040 | Loss_Gen_p: +0.680 | W_Distance: +0.027 |
Epoch [490/1000] | Tau: 0.100 | Loss_C: -0.024 | Loss_P: +0.359 | Full_X_Acc: 83.0% | Loss_Gen: -0.027 | Retain: 4.0% | Mask_X_Acc: 62.5% | Loss_Gen_adv: -0.732 | Loss_Gen_l1: +0.040 | Loss_Gen_p: +0.685 | W_Distance: +0.026 |
Epoch [500/1000] | Tau: 0.100 | Loss_C: -0.025 | Loss_P: +0.358 | Full_X_Acc: 83.1% | Loss_Gen: -0.021 | Retain: 4.0% | Mask_X_Acc: 63.0% | Loss_Gen_adv: -0.724 | Loss_Gen_l1: +0.040 | Loss_Gen_p: +0.683 | W_Distance: +0.027 |
Epoch [510/1000] | Tau: 0.100 | Loss_C: -0.025 | Loss_P: +0.360 | Full_X_Acc: 83.1% | Loss_Gen: -0.024 | Retain: 4.0% | Mask_X_Acc: 62.6% | Loss_Gen_adv: -0.733 | Loss_Gen_l1: +0.040 | Loss_Gen_p: +0.689 | W_Distance: +0.028 |
Epoch [520/1000] | Tau: 0.100 | Loss_C: -0.024 | Loss_P: +0.359 | Full_X_Acc: 83.7% | Loss_Gen: -0.010 | Retain: 4.0% | Mask_X_Acc: 62.6% | Loss_Gen_adv: -0.717 | Loss_Gen_l1: +0.040 | Loss_Gen_p: +0.687 | W_Distance: +0.027 |
Epoch [530/1000] | Tau: 0.100 | Loss_C: -0.025 | Loss_P: +0.356 | Full_X_Acc: 83.6% | Loss_Gen: -0.010 | Retain: 4.0% | Mask_X_Acc: 62.9% | Loss_Gen_adv: -0.722 | Loss_Gen_l1: +0.040 | Loss_Gen_p: +0.692 | W_Distance: +0.028 |
Epoch [540/1000] | Tau: 0.100 | Loss_C: -0.024 | Loss_P: +0.357 | Full_X_Acc: 84.0% | Loss_Gen: -0.011 | Retain: 4.0% | Mask_X_Acc: 62.4% | Loss_Gen_adv: -0.725 | Loss_Gen_l1: +0.040 | Loss_Gen_p: +0.695 | W_Distance: +0.026 |
Epoch [550/1000] | Tau: 0.100 | Loss_C: -0.024 | Loss_P: +0.357 | Full_X_Acc: 83.7% | Loss_Gen: -0.009 | Retain: 4.0% | Mask_X_Acc: 62.5% | Loss_Gen_adv: -0.720 | Loss_Gen_l1: +0.040 | Loss_Gen_p: +0.691 | W_Distance: +0.027 |
Epoch [560/1000] | Tau: 0.100 | Loss_C: -0.025 | Loss_P: +0.354 | Full_X_Acc: 83.7% | Loss_Gen: +0.003 | Retain: 4.0% | Mask_X_Acc: 62.6% | Loss_Gen_adv: -0.713 | Loss_Gen_l1: +0.040 | Loss_Gen_p: +0.695 | W_Distance: +0.027 |
Epoch [570/1000] | Tau: 0.100 | Loss_C: -0.026 | Loss_P: +0.356 | Full_X_Acc: 83.8% | Loss_Gen: +0.003 | Retain: 4.0% | Mask_X_Acc: 62.6% | Loss_Gen_adv: -0.712 | Loss_Gen_l1: +0.040 | Loss_Gen_p: +0.694 | W_Distance: +0.029 |
Epoch [580/1000] | Tau: 0.100 | Loss_C: -0.024 | Loss_P: +0.355 | Full_X_Acc: 83.9% | Loss_Gen: +0.004 | Retain: 4.0% | Mask_X_Acc: 62.0% | Loss_Gen_adv: -0.706 | Loss_Gen_l1: +0.040 | Loss_Gen_p: +0.690 | W_Distance: +0.027 |
Epoch [590/1000] | Tau: 0.100 | Loss_C: -0.024 | Loss_P: +0.354 | Full_X_Acc: 83.7% | Loss_Gen: +0.010 | Retain: 4.0% | Mask_X_Acc: 63.2% | Loss_Gen_adv: -0.706 | Loss_Gen_l1: +0.040 | Loss_Gen_p: +0.697 | W_Distance: +0.026 |
Epoch [600/1000] | Tau: 0.100 | Loss_C: -0.025 | Loss_P: +0.355 | Full_X_Acc: 84.0% | Loss_Gen: +0.010 | Retain: 4.0% | Mask_X_Acc: 63.2% | Loss_Gen_adv: -0.705 | Loss_Gen_l1: +0.040 | Loss_Gen_p: +0.695 | W_Distance: +0.028 |
Epoch [610/1000] | Tau: 0.100 | Loss_C: -0.024 | Loss_P: +0.354 | Full_X_Acc: 84.1% | Loss_Gen: +0.022 | Retain: 4.0% | Mask_X_Acc: 62.5% | Loss_Gen_adv: -0.697 | Loss_Gen_l1: +0.040 | Loss_Gen_p: +0.700 | W_Distance: +0.027 |
Epoch [620/1000] | Tau: 0.100 | Loss_C: -0.027 | Loss_P: +0.354 | Full_X_Acc: 84.3% | Loss_Gen: +0.012 | Retain: 4.0% | Mask_X_Acc: 62.3% | Loss_Gen_adv: -0.696 | Loss_Gen_l1: +0.040 | Loss_Gen_p: +0.687 | W_Distance: +0.030 |
Epoch [630/1000] | Tau: 0.100 | Loss_C: -0.027 | Loss_P: +0.354 | Full_X_Acc: 84.4% | Loss_Gen: +0.016 | Retain: 4.0% | Mask_X_Acc: 62.6% | Loss_Gen_adv: -0.695 | Loss_Gen_l1: +0.040 | Loss_Gen_p: +0.692 | W_Distance: +0.029 |
Epoch [640/1000] | Tau: 0.100 | Loss_C: -0.027 | Loss_P: +0.354 | Full_X_Acc: 84.5% | Loss_Gen: +0.019 | Retain: 4.0% | Mask_X_Acc: 62.8% | Loss_Gen_adv: -0.696 | Loss_Gen_l1: +0.040 | Loss_Gen_p: +0.696 | W_Distance: +0.030 |
Epoch [650/1000] | Tau: 0.100 | Loss_C: -0.026 | Loss_P: +0.353 | Full_X_Acc: 84.7% | Loss_Gen: +0.027 | Retain: 4.0% | Mask_X_Acc: 63.1% | Loss_Gen_adv: -0.687 | Loss_Gen_l1: +0.040 | Loss_Gen_p: +0.694 | W_Distance: +0.028 |
Epoch [660/1000] | Tau: 0.100 | Loss_C: -0.027 | Loss_P: +0.353 | Full_X_Acc: 84.3% | Loss_Gen: +0.037 | Retain: 4.0% | Mask_X_Acc: 61.8% | Loss_Gen_adv: -0.680 | Loss_Gen_l1: +0.040 | Loss_Gen_p: +0.697 | W_Distance: +0.029 |
Epoch [670/1000] | Tau: 0.100 | Loss_C: -0.027 | Loss_P: +0.353 | Full_X_Acc: 84.6% | Loss_Gen: +0.045 | Retain: 4.0% | Mask_X_Acc: 62.7% | Loss_Gen_adv: -0.679 | Loss_Gen_l1: +0.040 | Loss_Gen_p: +0.705 | W_Distance: +0.030 |
Epoch [680/1000] | Tau: 0.100 | Loss_C: -0.027 | Loss_P: +0.354 | Full_X_Acc: 84.2% | Loss_Gen: +0.038 | Retain: 4.0% | Mask_X_Acc: 62.7% | Loss_Gen_adv: -0.679 | Loss_Gen_l1: +0.040 | Loss_Gen_p: +0.697 | W_Distance: +0.030 |
Epoch [690/1000] | Tau: 0.100 | Loss_C: -0.026 | Loss_P: +0.351 | Full_X_Acc: 84.4% | Loss_Gen: +0.042 | Retain: 4.0% | Mask_X_Acc: 62.8% | Loss_Gen_adv: -0.671 | Loss_Gen_l1: +0.040 | Loss_Gen_p: +0.693 | W_Distance: +0.029 |
Epoch [700/1000] | Tau: 0.100 | Loss_C: -0.027 | Loss_P: +0.355 | Full_X_Acc: 84.4% | Loss_Gen: +0.047 | Retain: 4.0% | Mask_X_Acc: 62.7% | Loss_Gen_adv: -0.671 | Loss_Gen_l1: +0.040 | Loss_Gen_p: +0.699 | W_Distance: +0.030 |
Epoch [710/1000] | Tau: 0.100 | Loss_C: -0.027 | Loss_P: +0.352 | Full_X_Acc: 84.4% | Loss_Gen: +0.061 | Retain: 4.0% | Mask_X_Acc: 62.7% | Loss_Gen_adv: -0.656 | Loss_Gen_l1: +0.040 | Loss_Gen_p: +0.697 | W_Distance: +0.030 |
Epoch [720/1000] | Tau: 0.100 | Loss_C: -0.026 | Loss_P: +0.349 | Full_X_Acc: 84.4% | Loss_Gen: +0.072 | Retain: 4.0% | Mask_X_Acc: 63.1% | Loss_Gen_adv: -0.650 | Loss_Gen_l1: +0.040 | Loss_Gen_p: +0.703 | W_Distance: +0.029 |
Epoch [730/1000] | Tau: 0.100 | Loss_C: -0.027 | Loss_P: +0.350 | Full_X_Acc: 84.9% | Loss_Gen: +0.060 | Retain: 4.0% | Mask_X_Acc: 62.5% | Loss_Gen_adv: -0.659 | Loss_Gen_l1: +0.040 | Loss_Gen_p: +0.699 | W_Distance: +0.030 |
Epoch [740/1000] | Tau: 0.100 | Loss_C: -0.027 | Loss_P: +0.352 | Full_X_Acc: 84.5% | Loss_Gen: +0.065 | Retain: 4.0% | Mask_X_Acc: 62.8% | Loss_Gen_adv: -0.654 | Loss_Gen_l1: +0.040 | Loss_Gen_p: +0.700 | W_Distance: +0.030 |
Epoch [750/1000] | Tau: 0.100 | Loss_C: -0.028 | Loss_P: +0.350 | Full_X_Acc: 84.9% | Loss_Gen: +0.087 | Retain: 4.0% | Mask_X_Acc: 62.7% | Loss_Gen_adv: -0.640 | Loss_Gen_l1: +0.040 | Loss_Gen_p: +0.707 | W_Distance: +0.031 |
Epoch [760/1000] | Tau: 0.100 | Loss_C: -0.028 | Loss_P: +0.347 | Full_X_Acc: 85.0% | Loss_Gen: +0.073 | Retain: 4.0% | Mask_X_Acc: 62.2% | Loss_Gen_adv: -0.657 | Loss_Gen_l1: +0.040 | Loss_Gen_p: +0.710 | W_Distance: +0.031 |
Epoch [770/1000] | Tau: 0.100 | Loss_C: -0.026 | Loss_P: +0.352 | Full_X_Acc: 84.8% | Loss_Gen: +0.070 | Retain: 4.0% | Mask_X_Acc: 63.1% | Loss_Gen_adv: -0.643 | Loss_Gen_l1: +0.040 | Loss_Gen_p: +0.693 | W_Distance: +0.029 |
Epoch [780/1000] | Tau: 0.100 | Loss_C: -0.026 | Loss_P: +0.348 | Full_X_Acc: 84.9% | Loss_Gen: +0.079 | Retain: 4.0% | Mask_X_Acc: 62.4% | Loss_Gen_adv: -0.643 | Loss_Gen_l1: +0.040 | Loss_Gen_p: +0.702 | W_Distance: +0.029 |
Epoch [790/1000] | Tau: 0.100 | Loss_C: -0.028 | Loss_P: +0.350 | Full_X_Acc: 84.8% | Loss_Gen: +0.076 | Retain: 4.0% | Mask_X_Acc: 62.0% | Loss_Gen_adv: -0.641 | Loss_Gen_l1: +0.040 | Loss_Gen_p: +0.697 | W_Distance: +0.031 |
Epoch [800/1000] | Tau: 0.100 | Loss_C: -0.027 | Loss_P: +0.348 | Full_X_Acc: 84.7% | Loss_Gen: +0.080 | Retain: 4.0% | Mask_X_Acc: 62.9% | Loss_Gen_adv: -0.636 | Loss_Gen_l1: +0.040 | Loss_Gen_p: +0.696 | W_Distance: +0.031 |
Epoch [810/1000] | Tau: 0.100 | Loss_C: -0.028 | Loss_P: +0.348 | Full_X_Acc: 85.1% | Loss_Gen: +0.095 | Retain: 4.0% | Mask_X_Acc: 62.6% | Loss_Gen_adv: -0.629 | Loss_Gen_l1: +0.040 | Loss_Gen_p: +0.704 | W_Distance: +0.031 |
Epoch [820/1000] | Tau: 0.100 | Loss_C: -0.027 | Loss_P: +0.347 | Full_X_Acc: 85.1% | Loss_Gen: +0.096 | Retain: 4.0% | Mask_X_Acc: 62.8% | Loss_Gen_adv: -0.628 | Loss_Gen_l1: +0.040 | Loss_Gen_p: +0.704 | W_Distance: +0.031 |
Epoch [830/1000] | Tau: 0.100 | Loss_C: -0.029 | Loss_P: +0.350 | Full_X_Acc: 85.0% | Loss_Gen: +0.102 | Retain: 4.0% | Mask_X_Acc: 63.4% | Loss_Gen_adv: -0.628 | Loss_Gen_l1: +0.040 | Loss_Gen_p: +0.711 | W_Distance: +0.032 |
Epoch [840/1000] | Tau: 0.100 | Loss_C: -0.028 | Loss_P: +0.349 | Full_X_Acc: 85.2% | Loss_Gen: +0.098 | Retain: 4.0% | Mask_X_Acc: 62.2% | Loss_Gen_adv: -0.618 | Loss_Gen_l1: +0.040 | Loss_Gen_p: +0.696 | W_Distance: +0.032 |
Epoch [850/1000] | Tau: 0.100 | Loss_C: -0.028 | Loss_P: +0.348 | Full_X_Acc: 85.0% | Loss_Gen: +0.088 | Retain: 4.0% | Mask_X_Acc: 62.3% | Loss_Gen_adv: -0.624 | Loss_Gen_l1: +0.040 | Loss_Gen_p: +0.692 | W_Distance: +0.031 |
Epoch [860/1000] | Tau: 0.100 | Loss_C: -0.029 | Loss_P: +0.347 | Full_X_Acc: 85.2% | Loss_Gen: +0.103 | Retain: 4.0% | Mask_X_Acc: 61.7% | Loss_Gen_adv: -0.613 | Loss_Gen_l1: +0.040 | Loss_Gen_p: +0.697 | W_Distance: +0.032 |
Epoch [870/1000] | Tau: 0.100 | Loss_C: -0.027 | Loss_P: +0.347 | Full_X_Acc: 85.3% | Loss_Gen: +0.102 | Retain: 4.0% | Mask_X_Acc: 62.4% | Loss_Gen_adv: -0.622 | Loss_Gen_l1: +0.040 | Loss_Gen_p: +0.704 | W_Distance: +0.030 |
Epoch [880/1000] | Tau: 0.100 | Loss_C: -0.029 | Loss_P: +0.346 | Full_X_Acc: 85.6% | Loss_Gen: +0.099 | Retain: 4.0% | Mask_X_Acc: 62.8% | Loss_Gen_adv: -0.622 | Loss_Gen_l1: +0.040 | Loss_Gen_p: +0.702 | W_Distance: +0.032 |
Epoch [890/1000] | Tau: 0.100 | Loss_C: -0.028 | Loss_P: +0.348 | Full_X_Acc: 85.2% | Loss_Gen: +0.110 | Retain: 4.0% | Mask_X_Acc: 63.1% | Loss_Gen_adv: -0.613 | Loss_Gen_l1: +0.040 | Loss_Gen_p: +0.704 | W_Distance: +0.031 |
Epoch [900/1000] | Tau: 0.100 | Loss_C: -0.027 | Loss_P: +0.346 | Full_X_Acc: 85.5% | Loss_Gen: +0.117 | Retain: 4.0% | Mask_X_Acc: 62.5% | Loss_Gen_adv: -0.602 | Loss_Gen_l1: +0.040 | Loss_Gen_p: +0.699 | W_Distance: +0.030 |
Epoch [910/1000] | Tau: 0.100 | Loss_C: -0.026 | Loss_P: +0.347 | Full_X_Acc: 85.4% | Loss_Gen: +0.109 | Retain: 4.0% | Mask_X_Acc: 62.5% | Loss_Gen_adv: -0.616 | Loss_Gen_l1: +0.040 | Loss_Gen_p: +0.705 | W_Distance: +0.029 |
Epoch [920/1000] | Tau: 0.100 | Loss_C: -0.028 | Loss_P: +0.346 | Full_X_Acc: 85.7% | Loss_Gen: +0.115 | Retain: 4.0% | Mask_X_Acc: 62.2% | Loss_Gen_adv: -0.616 | Loss_Gen_l1: +0.040 | Loss_Gen_p: +0.711 | W_Distance: +0.031 |
Epoch [930/1000] | Tau: 0.100 | Loss_C: -0.027 | Loss_P: +0.346 | Full_X_Acc: 85.5% | Loss_Gen: +0.114 | Retain: 4.0% | Mask_X_Acc: 62.7% | Loss_Gen_adv: -0.611 | Loss_Gen_l1: +0.040 | Loss_Gen_p: +0.705 | W_Distance: +0.030 |
Epoch [940/1000] | Tau: 0.100 | Loss_C: -0.028 | Loss_P: +0.344 | Full_X_Acc: 85.6% | Loss_Gen: +0.119 | Retain: 4.0% | Mask_X_Acc: 62.9% | Loss_Gen_adv: -0.612 | Loss_Gen_l1: +0.040 | Loss_Gen_p: +0.710 | W_Distance: +0.031 |
Epoch [950/1000] | Tau: 0.100 | Loss_C: -0.028 | Loss_P: +0.347 | Full_X_Acc: 85.9% | Loss_Gen: +0.118 | Retain: 4.0% | Mask_X_Acc: 62.6% | Loss_Gen_adv: -0.605 | Loss_Gen_l1: +0.040 | Loss_Gen_p: +0.703 | W_Distance: +0.032 |
Epoch [960/1000] | Tau: 0.100 | Loss_C: -0.027 | Loss_P: +0.345 | Full_X_Acc: 85.5% | Loss_Gen: +0.115 | Retain: 4.0% | Mask_X_Acc: 62.3% | Loss_Gen_adv: -0.613 | Loss_Gen_l1: +0.040 | Loss_Gen_p: +0.709 | W_Distance: +0.031 |
Epoch [970/1000] | Tau: 0.100 | Loss_C: -0.028 | Loss_P: +0.346 | Full_X_Acc: 85.6% | Loss_Gen: +0.114 | Retain: 4.0% | Mask_X_Acc: 62.8% | Loss_Gen_adv: -0.606 | Loss_Gen_l1: +0.040 | Loss_Gen_p: +0.700 | W_Distance: +0.031 |
Epoch [980/1000] | Tau: 0.100 | Loss_C: -0.028 | Loss_P: +0.345 | Full_X_Acc: 85.9% | Loss_Gen: +0.110 | Retain: 4.0% | Mask_X_Acc: 63.3% | Loss_Gen_adv: -0.610 | Loss_Gen_l1: +0.040 | Loss_Gen_p: +0.700 | W_Distance: +0.032 |
Epoch [990/1000] | Tau: 0.100 | Loss_C: -0.026 | Loss_P: +0.343 | Full_X_Acc: 85.9% | Loss_Gen: +0.120 | Retain: 4.0% | Mask_X_Acc: 62.7% | Loss_Gen_adv: -0.609 | Loss_Gen_l1: +0.040 | Loss_Gen_p: +0.709 | W_Distance: +0.030 |
Epoch [1000/1000] | Tau: 0.100 | Loss_C: -0.027 | Loss_P: +0.344 | Full_X_Acc: 85.5% | Loss_Gen: +0.128 | Retain: 4.0% | Mask_X_Acc: 62.5% | Loss_Gen_adv: -0.607 | Loss_Gen_l1: +0.040 | Loss_Gen_p: +0.715 | W_Distance: +0.030 |
[Export] 训练历史已保存至 'output/run_20260818_175853/history.npz'

[System] 开始在测试集上进行推理评估...
==================================================
🎯 测试集推理报告 (Shared Architecture)
==================================================
• 测试集准确率:     62.28%
• TPR (召回率):     56.56%
• FDR (误发现率):   37.66%
• 平均保留特征数量: 4.0 / 100
• 整体保留率:       4.00%
--------------------------------------------------
🧩 Top 12 最常被选中的特征
--------------------------------------------------
Top 01: 特征 Index 006 | 被选次数: 3999 次 (100.0%) | ★ [真实关联]
Top 02: 特征 Index 010 | 被选次数: 3999 次 (100.0%) | ★ [真实关联]
Top 03: 特征 Index 008 | 被选次数: 3999 次 (100.0%) | ★ [真实关联]
Top 04: 特征 Index 009 | 被选次数: 3999 次 (100.0%) | ★ [真实关联]
Top 05: 特征 Index 095 | 被选次数:    0 次 (  0.0%) |   [纯噪声]
Top 06: 特征 Index 094 | 被选次数:    0 次 (  0.0%) |   [纯噪声]
Top 07: 特征 Index 093 | 被选次数:    0 次 (  0.0%) |   [纯噪声]
Top 08: 特征 Index 092 | 被选次数:    0 次 (  0.0%) |   [纯噪声]
Top 09: 特征 Index 091 | 被选次数:    0 次 (  0.0%) |   [纯噪声]
Top 10: 特征 Index 090 | 被选次数:    0 次 (  0.0%) |   [纯噪声]
Top 11: 特征 Index 089 | 被选次数:    0 次 (  0.0%) |   [纯噪声]
Top 12: 特征 Index 088 | 被选次数:    0 次 (  0.0%) |   [纯噪声]
==================================================
[Export] 测试集数组已保存至 'output/run_20260818_175853/test_arrays.npz'
[Export] 特征索引已保存至 'output/run_20260818_175853/selected_feature_indices.npy'
[Export] 模型权重已保存至 'output/run_20260818_175853/generator_model.pth'

[Visualization] 运行双视角 t-SNE 降维 (样本数: 4000)...
[Visualization] 降维: 原始掩码特征 (Before Ext)...
[Visualization] 降维: 隐空间特征 (After Ext)...
[Visualization] 对比 t-SNE 已保存至: 'output/run_20260818_175853/fig3_tsne_comparison.png'

