[系统] 输出目录：output\run_20260909_144330_951463
[系统] 计算设备：cuda

[训练] 开始训练 ALTAS 模型
C:\Users\caoyi\miniconda3\envs\ml\Lib\site-packages\torch\autograd\graph.py:824: UserWarning: Attempting to run cuBLAS, but there was no current CUDA context! Attempting to set the primary context... (Triggered internally at C:\actions-runner\_work\pytorch\pytorch\pytorch\aten\src\ATen\cuda\CublasHandlePool.cpp:181.)
  return Variable._execution_engine.run_backward(  # Calls into the C++ engine to run the backward pass
Epoch [0010/1000] | Temp: 0.951 | Critic: +0.059 | Predictor: +0.801 | Full acc: 79.4% | Generator: +0.972 | Retain: 48.3% | Masked acc: 64.2% | W-distance: -0.001
Epoch [0020/1000] | Temp: 0.905 | Critic: +0.049 | Predictor: +0.769 | Full acc: 80.5% | Generator: +0.958 | Retain: 46.6% | Masked acc: 65.6% | W-distance: -0.003
Epoch [0030/1000] | Temp: 0.860 | Critic: +0.047 | Predictor: +0.746 | Full acc: 81.5% | Generator: +0.903 | Retain: 43.8% | Masked acc: 68.3% | W-distance: -0.001
Epoch [0040/1000] | Temp: 0.818 | Critic: +0.053 | Predictor: +0.711 | Full acc: 82.0% | Generator: +0.868 | Retain: 39.8% | Masked acc: 70.5% | W-distance: -0.004
Epoch [0050/1000] | Temp: 0.778 | Critic: +0.048 | Predictor: +0.675 | Full acc: 82.8% | Generator: +0.871 | Retain: 34.7% | Masked acc: 72.6% | W-distance: -0.002
Epoch [0060/1000] | Temp: 0.740 | Critic: +0.030 | Predictor: +0.645 | Full acc: 83.8% | Generator: +0.952 | Retain: 29.2% | Masked acc: 74.6% | W-distance: -0.000
Epoch [0070/1000] | Temp: 0.704 | Critic: +0.021 | Predictor: +0.612 | Full acc: 84.7% | Generator: +1.009 | Retain: 24.1% | Masked acc: 76.4% | W-distance: +0.000
Epoch [0080/1000] | Temp: 0.670 | Critic: +0.010 | Predictor: +0.587 | Full acc: 85.6% | Generator: +1.071 | Retain: 20.3% | Masked acc: 77.4% | W-distance: +0.003
Epoch [0090/1000] | Temp: 0.637 | Critic: +0.002 | Predictor: +0.567 | Full acc: 86.5% | Generator: +1.149 | Retain: 17.5% | Masked acc: 78.3% | W-distance: +0.005
Epoch [0100/1000] | Temp: 0.606 | Critic: -0.003 | Predictor: +0.549 | Full acc: 87.2% | Generator: +1.205 | Retain: 15.7% | Masked acc: 78.8% | W-distance: +0.006
Epoch [0110/1000] | Temp: 0.576 | Critic: -0.002 | Predictor: +0.541 | Full acc: 87.6% | Generator: +1.211 | Retain: 14.4% | Masked acc: 79.1% | W-distance: +0.005
Epoch [0120/1000] | Temp: 0.548 | Critic: -0.005 | Predictor: +0.533 | Full acc: 88.1% | Generator: +1.199 | Retain: 13.5% | Masked acc: 79.4% | W-distance: +0.008
Epoch [0130/1000] | Temp: 0.521 | Critic: -0.006 | Predictor: +0.521 | Full acc: 88.7% | Generator: +1.144 | Retain: 12.7% | Masked acc: 78.9% | W-distance: +0.008
Epoch [0140/1000] | Temp: 0.496 | Critic: -0.008 | Predictor: +0.514 | Full acc: 89.3% | Generator: +1.107 | Retain: 11.9% | Masked acc: 79.0% | W-distance: +0.010
Epoch [0150/1000] | Temp: 0.471 | Critic: -0.008 | Predictor: +0.509 | Full acc: 89.6% | Generator: +1.076 | Retain: 11.1% | Masked acc: 79.7% | W-distance: +0.010
Epoch [0160/1000] | Temp: 0.448 | Critic: -0.009 | Predictor: +0.506 | Full acc: 90.0% | Generator: +1.068 | Retain: 10.5% | Masked acc: 79.5% | W-distance: +0.011
Epoch [0170/1000] | Temp: 0.427 | Critic: -0.011 | Predictor: +0.498 | Full acc: 90.1% | Generator: +1.053 | Retain: 9.9% | Masked acc: 79.6% | W-distance: +0.013
Epoch [0180/1000] | Temp: 0.406 | Critic: -0.011 | Predictor: +0.495 | Full acc: 90.4% | Generator: +1.037 | Retain: 9.4% | Masked acc: 79.3% | W-distance: +0.013
Epoch [0190/1000] | Temp: 0.386 | Critic: -0.011 | Predictor: +0.492 | Full acc: 90.9% | Generator: +1.041 | Retain: 9.0% | Masked acc: 79.5% | W-distance: +0.014
Epoch [0200/1000] | Temp: 0.367 | Critic: -0.012 | Predictor: +0.487 | Full acc: 91.0% | Generator: +1.033 | Retain: 8.6% | Masked acc: 79.4% | W-distance: +0.015
Epoch [0210/1000] | Temp: 0.349 | Critic: -0.013 | Predictor: +0.483 | Full acc: 91.3% | Generator: +1.040 | Retain: 8.2% | Masked acc: 79.8% | W-distance: +0.016
Epoch [0220/1000] | Temp: 0.332 | Critic: -0.015 | Predictor: +0.479 | Full acc: 91.4% | Generator: +1.036 | Retain: 7.8% | Masked acc: 79.1% | W-distance: +0.017
Epoch [0230/1000] | Temp: 0.316 | Critic: -0.015 | Predictor: +0.479 | Full acc: 91.5% | Generator: +1.034 | Retain: 7.5% | Masked acc: 79.0% | W-distance: +0.017
Epoch [0240/1000] | Temp: 0.300 | Critic: -0.014 | Predictor: +0.480 | Full acc: 91.8% | Generator: +1.019 | Retain: 7.2% | Masked acc: 79.3% | W-distance: +0.017
Epoch [0250/1000] | Temp: 0.286 | Critic: -0.015 | Predictor: +0.475 | Full acc: 91.9% | Generator: +1.004 | Retain: 6.9% | Masked acc: 79.4% | W-distance: +0.017
Epoch [0260/1000] | Temp: 0.272 | Critic: -0.016 | Predictor: +0.472 | Full acc: 92.1% | Generator: +1.008 | Retain: 6.7% | Masked acc: 79.6% | W-distance: +0.019
Epoch [0270/1000] | Temp: 0.258 | Critic: -0.016 | Predictor: +0.472 | Full acc: 92.2% | Generator: +1.007 | Retain: 6.5% | Masked acc: 79.4% | W-distance: +0.019
Epoch [0280/1000] | Temp: 0.246 | Critic: -0.016 | Predictor: +0.472 | Full acc: 92.4% | Generator: +1.007 | Retain: 6.3% | Masked acc: 79.4% | W-distance: +0.019
Epoch [0290/1000] | Temp: 0.234 | Critic: -0.017 | Predictor: +0.468 | Full acc: 92.4% | Generator: +1.022 | Retain: 6.1% | Masked acc: 79.2% | W-distance: +0.020
Epoch [0300/1000] | Temp: 0.222 | Critic: -0.018 | Predictor: +0.466 | Full acc: 92.5% | Generator: +1.017 | Retain: 6.0% | Masked acc: 79.0% | W-distance: +0.020
Epoch [0310/1000] | Temp: 0.211 | Critic: -0.018 | Predictor: +0.463 | Full acc: 92.7% | Generator: +1.006 | Retain: 5.9% | Masked acc: 79.8% | W-distance: +0.020
Epoch [0320/1000] | Temp: 0.201 | Critic: -0.018 | Predictor: +0.461 | Full acc: 92.9% | Generator: +0.995 | Retain: 5.7% | Masked acc: 79.0% | W-distance: +0.020
Epoch [0330/1000] | Temp: 0.191 | Critic: -0.020 | Predictor: +0.457 | Full acc: 92.9% | Generator: +0.999 | Retain: 5.6% | Masked acc: 78.8% | W-distance: +0.022
Epoch [0340/1000] | Temp: 0.182 | Critic: -0.021 | Predictor: +0.458 | Full acc: 93.1% | Generator: +0.985 | Retain: 5.5% | Masked acc: 79.1% | W-distance: +0.023
Epoch [0350/1000] | Temp: 0.173 | Critic: -0.020 | Predictor: +0.456 | Full acc: 93.2% | Generator: +1.002 | Retain: 5.4% | Masked acc: 79.1% | W-distance: +0.022
Epoch [0360/1000] | Temp: 0.165 | Critic: -0.021 | Predictor: +0.456 | Full acc: 93.3% | Generator: +0.993 | Retain: 5.4% | Masked acc: 79.2% | W-distance: +0.023
Epoch [0370/1000] | Temp: 0.157 | Critic: -0.021 | Predictor: +0.453 | Full acc: 93.4% | Generator: +1.004 | Retain: 5.3% | Masked acc: 79.3% | W-distance: +0.023
Epoch [0380/1000] | Temp: 0.149 | Critic: -0.020 | Predictor: +0.453 | Full acc: 93.5% | Generator: +0.997 | Retain: 5.2% | Masked acc: 79.1% | W-distance: +0.022
Epoch [0390/1000] | Temp: 0.142 | Critic: -0.020 | Predictor: +0.451 | Full acc: 93.6% | Generator: +1.011 | Retain: 5.1% | Masked acc: 79.4% | W-distance: +0.022
Epoch [0400/1000] | Temp: 0.135 | Critic: -0.020 | Predictor: +0.448 | Full acc: 93.6% | Generator: +0.995 | Retain: 5.0% | Masked acc: 78.9% | W-distance: +0.022
Epoch [0410/1000] | Temp: 0.128 | Critic: -0.021 | Predictor: +0.452 | Full acc: 93.9% | Generator: +1.006 | Retain: 5.0% | Masked acc: 79.1% | W-distance: +0.023
Epoch [0420/1000] | Temp: 0.122 | Critic: -0.023 | Predictor: +0.448 | Full acc: 93.8% | Generator: +0.992 | Retain: 4.9% | Masked acc: 79.1% | W-distance: +0.024
Epoch [0430/1000] | Temp: 0.116 | Critic: -0.021 | Predictor: +0.449 | Full acc: 94.0% | Generator: +0.997 | Retain: 4.9% | Masked acc: 78.6% | W-distance: +0.023
Epoch [0440/1000] | Temp: 0.110 | Critic: -0.023 | Predictor: +0.448 | Full acc: 94.1% | Generator: +0.996 | Retain: 4.8% | Masked acc: 79.0% | W-distance: +0.024
Epoch [0450/1000] | Temp: 0.105 | Critic: -0.022 | Predictor: +0.446 | Full acc: 94.1% | Generator: +1.000 | Retain: 4.8% | Masked acc: 78.9% | W-distance: +0.024
Epoch [0460/1000] | Temp: 0.100 | Critic: -0.020 | Predictor: +0.444 | Full acc: 94.2% | Generator: +1.000 | Retain: 4.8% | Masked acc: 78.9% | W-distance: +0.021
Epoch [0470/1000] | Temp: 0.100 | Critic: -0.022 | Predictor: +0.442 | Full acc: 94.2% | Generator: +0.989 | Retain: 4.7% | Masked acc: 78.8% | W-distance: +0.024
Epoch [0480/1000] | Temp: 0.100 | Critic: -0.022 | Predictor: +0.441 | Full acc: 94.2% | Generator: +0.993 | Retain: 4.7% | Masked acc: 79.1% | W-distance: +0.024
Epoch [0490/1000] | Temp: 0.100 | Critic: -0.021 | Predictor: +0.443 | Full acc: 94.2% | Generator: +0.987 | Retain: 4.7% | Masked acc: 79.0% | W-distance: +0.023
Epoch [0500/1000] | Temp: 0.100 | Critic: -0.023 | Predictor: +0.439 | Full acc: 94.4% | Generator: +1.002 | Retain: 4.6% | Masked acc: 79.0% | W-distance: +0.025
Epoch [0510/1000] | Temp: 0.100 | Critic: -0.023 | Predictor: +0.439 | Full acc: 94.5% | Generator: +0.998 | Retain: 4.6% | Masked acc: 78.8% | W-distance: +0.024
Epoch [0520/1000] | Temp: 0.100 | Critic: -0.021 | Predictor: +0.438 | Full acc: 94.5% | Generator: +1.008 | Retain: 4.6% | Masked acc: 79.1% | W-distance: +0.022
Epoch [0530/1000] | Temp: 0.100 | Critic: -0.022 | Predictor: +0.437 | Full acc: 94.8% | Generator: +1.019 | Retain: 4.6% | Masked acc: 78.9% | W-distance: +0.024
Epoch [0540/1000] | Temp: 0.100 | Critic: -0.021 | Predictor: +0.442 | Full acc: 94.7% | Generator: +1.022 | Retain: 4.5% | Masked acc: 78.8% | W-distance: +0.023
Epoch [0550/1000] | Temp: 0.100 | Critic: -0.023 | Predictor: +0.437 | Full acc: 94.6% | Generator: +1.017 | Retain: 4.5% | Masked acc: 78.8% | W-distance: +0.024
Epoch [0560/1000] | Temp: 0.100 | Critic: -0.023 | Predictor: +0.434 | Full acc: 94.9% | Generator: +1.028 | Retain: 4.5% | Masked acc: 78.3% | W-distance: +0.024
Epoch [0570/1000] | Temp: 0.100 | Critic: -0.024 | Predictor: +0.434 | Full acc: 94.8% | Generator: +1.029 | Retain: 4.5% | Masked acc: 78.7% | W-distance: +0.025
Epoch [0580/1000] | Temp: 0.100 | Critic: -0.024 | Predictor: +0.438 | Full acc: 95.0% | Generator: +1.026 | Retain: 4.5% | Masked acc: 79.2% | W-distance: +0.025
Epoch [0590/1000] | Temp: 0.100 | Critic: -0.024 | Predictor: +0.432 | Full acc: 95.1% | Generator: +1.042 | Retain: 4.4% | Masked acc: 78.7% | W-distance: +0.025
Epoch [0600/1000] | Temp: 0.100 | Critic: -0.023 | Predictor: +0.434 | Full acc: 94.9% | Generator: +1.031 | Retain: 4.4% | Masked acc: 78.8% | W-distance: +0.024
Epoch [0610/1000] | Temp: 0.100 | Critic: -0.023 | Predictor: +0.428 | Full acc: 95.1% | Generator: +1.030 | Retain: 4.4% | Masked acc: 78.3% | W-distance: +0.025
Epoch [0620/1000] | Temp: 0.100 | Critic: -0.023 | Predictor: +0.429 | Full acc: 95.1% | Generator: +1.051 | Retain: 4.4% | Masked acc: 78.5% | W-distance: +0.025
Epoch [0630/1000] | Temp: 0.100 | Critic: -0.023 | Predictor: +0.432 | Full acc: 95.1% | Generator: +1.059 | Retain: 4.4% | Masked acc: 78.5% | W-distance: +0.024
Epoch [0640/1000] | Temp: 0.100 | Critic: -0.022 | Predictor: +0.431 | Full acc: 95.3% | Generator: +1.069 | Retain: 4.4% | Masked acc: 78.4% | W-distance: +0.023
Epoch [0650/1000] | Temp: 0.100 | Critic: -0.023 | Predictor: +0.432 | Full acc: 95.2% | Generator: +1.076 | Retain: 4.3% | Masked acc: 78.7% | W-distance: +0.024
Epoch [0660/1000] | Temp: 0.100 | Critic: -0.024 | Predictor: +0.433 | Full acc: 95.4% | Generator: +1.080 | Retain: 4.3% | Masked acc: 78.1% | W-distance: +0.025
Epoch [0670/1000] | Temp: 0.100 | Critic: -0.023 | Predictor: +0.431 | Full acc: 95.2% | Generator: +1.092 | Retain: 4.3% | Masked acc: 78.5% | W-distance: +0.024
Epoch [0680/1000] | Temp: 0.100 | Critic: -0.024 | Predictor: +0.427 | Full acc: 95.4% | Generator: +1.095 | Retain: 4.3% | Masked acc: 78.4% | W-distance: +0.025
Epoch [0690/1000] | Temp: 0.100 | Critic: -0.022 | Predictor: +0.427 | Full acc: 95.3% | Generator: +1.097 | Retain: 4.3% | Masked acc: 78.6% | W-distance: +0.024
Epoch [0700/1000] | Temp: 0.100 | Critic: -0.022 | Predictor: +0.431 | Full acc: 95.5% | Generator: +1.111 | Retain: 4.3% | Masked acc: 78.4% | W-distance: +0.024
Epoch [0710/1000] | Temp: 0.100 | Critic: -0.023 | Predictor: +0.427 | Full acc: 95.4% | Generator: +1.113 | Retain: 4.3% | Masked acc: 78.7% | W-distance: +0.024
Epoch [0720/1000] | Temp: 0.100 | Critic: -0.024 | Predictor: +0.427 | Full acc: 95.5% | Generator: +1.109 | Retain: 4.3% | Masked acc: 78.6% | W-distance: +0.026
Epoch [0730/1000] | Temp: 0.100 | Critic: -0.024 | Predictor: +0.426 | Full acc: 95.4% | Generator: +1.130 | Retain: 4.3% | Masked acc: 79.1% | W-distance: +0.025
Epoch [0740/1000] | Temp: 0.100 | Critic: -0.023 | Predictor: +0.423 | Full acc: 95.6% | Generator: +1.146 | Retain: 4.2% | Masked acc: 78.5% | W-distance: +0.024
Epoch [0750/1000] | Temp: 0.100 | Critic: -0.024 | Predictor: +0.424 | Full acc: 95.7% | Generator: +1.150 | Retain: 4.2% | Masked acc: 78.6% | W-distance: +0.025
Epoch [0760/1000] | Temp: 0.100 | Critic: -0.024 | Predictor: +0.427 | Full acc: 95.6% | Generator: +1.156 | Retain: 4.2% | Masked acc: 78.9% | W-distance: +0.025
Epoch [0770/1000] | Temp: 0.100 | Critic: -0.024 | Predictor: +0.424 | Full acc: 95.7% | Generator: +1.166 | Retain: 4.2% | Masked acc: 78.4% | W-distance: +0.025
Epoch [0780/1000] | Temp: 0.100 | Critic: -0.023 | Predictor: +0.423 | Full acc: 95.7% | Generator: +1.172 | Retain: 4.2% | Masked acc: 78.6% | W-distance: +0.025
Epoch [0790/1000] | Temp: 0.100 | Critic: -0.024 | Predictor: +0.420 | Full acc: 95.8% | Generator: +1.177 | Retain: 4.2% | Masked acc: 78.9% | W-distance: +0.025
Epoch [0800/1000] | Temp: 0.100 | Critic: -0.023 | Predictor: +0.416 | Full acc: 95.9% | Generator: +1.189 | Retain: 4.2% | Masked acc: 78.7% | W-distance: +0.024
Epoch [0810/1000] | Temp: 0.100 | Critic: -0.024 | Predictor: +0.421 | Full acc: 95.8% | Generator: +1.196 | Retain: 4.2% | Masked acc: 79.0% | W-distance: +0.025
Epoch [0820/1000] | Temp: 0.100 | Critic: -0.024 | Predictor: +0.422 | Full acc: 95.8% | Generator: +1.198 | Retain: 4.2% | Masked acc: 78.8% | W-distance: +0.026
Epoch [0830/1000] | Temp: 0.100 | Critic: -0.023 | Predictor: +0.421 | Full acc: 95.9% | Generator: +1.203 | Retain: 4.2% | Masked acc: 78.5% | W-distance: +0.024
Epoch [0840/1000] | Temp: 0.100 | Critic: -0.024 | Predictor: +0.423 | Full acc: 95.9% | Generator: +1.215 | Retain: 4.2% | Masked acc: 78.3% | W-distance: +0.025
Epoch [0850/1000] | Temp: 0.100 | Critic: -0.023 | Predictor: +0.414 | Full acc: 96.0% | Generator: +1.216 | Retain: 4.2% | Masked acc: 78.4% | W-distance: +0.025
Epoch [0860/1000] | Temp: 0.100 | Critic: -0.024 | Predictor: +0.421 | Full acc: 96.0% | Generator: +1.226 | Retain: 4.2% | Masked acc: 78.5% | W-distance: +0.025
Epoch [0870/1000] | Temp: 0.100 | Critic: -0.022 | Predictor: +0.419 | Full acc: 95.9% | Generator: +1.232 | Retain: 4.1% | Masked acc: 78.1% | W-distance: +0.023
Epoch [0880/1000] | Temp: 0.100 | Critic: -0.023 | Predictor: +0.421 | Full acc: 96.1% | Generator: +1.230 | Retain: 4.1% | Masked acc: 78.7% | W-distance: +0.024
Epoch [0890/1000] | Temp: 0.100 | Critic: -0.024 | Predictor: +0.414 | Full acc: 96.0% | Generator: +1.246 | Retain: 4.1% | Masked acc: 78.6% | W-distance: +0.025
Epoch [0900/1000] | Temp: 0.100 | Critic: -0.024 | Predictor: +0.420 | Full acc: 96.2% | Generator: +1.248 | Retain: 4.1% | Masked acc: 78.3% | W-distance: +0.026
Epoch [0910/1000] | Temp: 0.100 | Critic: -0.026 | Predictor: +0.418 | Full acc: 96.1% | Generator: +1.259 | Retain: 4.1% | Masked acc: 78.2% | W-distance: +0.027
Epoch [0920/1000] | Temp: 0.100 | Critic: -0.026 | Predictor: +0.415 | Full acc: 96.2% | Generator: +1.248 | Retain: 4.1% | Masked acc: 78.4% | W-distance: +0.027
Epoch [0930/1000] | Temp: 0.100 | Critic: -0.025 | Predictor: +0.418 | Full acc: 96.3% | Generator: +1.269 | Retain: 4.1% | Masked acc: 78.4% | W-distance: +0.026
Epoch [0940/1000] | Temp: 0.100 | Critic: -0.024 | Predictor: +0.420 | Full acc: 96.2% | Generator: +1.268 | Retain: 4.1% | Masked acc: 78.4% | W-distance: +0.025
Epoch [0950/1000] | Temp: 0.100 | Critic: -0.025 | Predictor: +0.417 | Full acc: 96.3% | Generator: +1.262 | Retain: 4.1% | Masked acc: 78.2% | W-distance: +0.026
Epoch [0960/1000] | Temp: 0.100 | Critic: -0.025 | Predictor: +0.416 | Full acc: 96.1% | Generator: +1.264 | Retain: 4.1% | Masked acc: 78.9% | W-distance: +0.026
Epoch [0970/1000] | Temp: 0.100 | Critic: -0.024 | Predictor: +0.416 | Full acc: 96.4% | Generator: +1.265 | Retain: 4.1% | Masked acc: 78.7% | W-distance: +0.026
Epoch [0980/1000] | Temp: 0.100 | Critic: -0.024 | Predictor: +0.413 | Full acc: 96.4% | Generator: +1.266 | Retain: 4.1% | Masked acc: 78.4% | W-distance: +0.026
Epoch [0990/1000] | Temp: 0.100 | Critic: -0.026 | Predictor: +0.413 | Full acc: 96.4% | Generator: +1.282 | Retain: 4.1% | Masked acc: 78.9% | W-distance: +0.027
Epoch [1000/1000] | Temp: 0.100 | Critic: -0.025 | Predictor: +0.418 | Full acc: 96.4% | Generator: +1.273 | Retain: 4.1% | Masked acc: 78.5% | W-distance: +0.026
[导出] 训练结果已保存至 output\run_20260909_144330_951463

[评估] 开始测试集推理
================================================================
测试集评估与特征选择报告
================================================================
分类准确率：        77.60%
真正率（TPR）：     100.00%
错误发现率（FDR）： 1.69%
平均保留特征数：    4.1 / 100
----------------------------------------------------------------
选择频率最高的 15 个特征
----------------------------------------------------------------
Top 01: feature_007 | 选择 4000 次 (100.0%) | 真实相关
Top 02: feature_006 | 选择 4000 次 (100.0%) | 真实相关
Top 03: feature_008 | 选择 4000 次 (100.0%) | 真实相关
Top 04: feature_009 | 选择 4000 次 (100.0%) | 真实相关
Top 05: feature_061 | 选择   23 次 (  0.6%) | 噪声特征
Top 06: feature_018 | 选择   19 次 (  0.5%) | 噪声特征
Top 07: feature_040 | 选择   12 次 (  0.3%) | 噪声特征
Top 08: feature_035 | 选择   12 次 (  0.3%) | 噪声特征
Top 09: feature_002 | 选择   12 次 (  0.3%) | 噪声特征
Top 10: feature_092 | 选择   11 次 (  0.3%) | 噪声特征
Top 11: feature_032 | 选择   11 次 (  0.3%) | 噪声特征
Top 12: feature_049 | 选择   10 次 (  0.2%) | 噪声特征
Top 13: feature_010 | 选择   10 次 (  0.2%) | 噪声特征
Top 14: feature_068 | 选择   10 次 (  0.2%) | 噪声特征
Top 15: feature_085 | 选择    9 次 (  0.2%) | 噪声特征
================================================================
[导出] 评估结果和模型权重已保存至 output\run_20260909_144330_951463
