[System] Run dir: output/run_20260718_013737
[System] 正在使用 cuda 进行计算...

[System] 开始训练多任务共享特征架构...
Epoch [010/1000] | Tau: 0.951 | Loss_C: +0.121 | Loss_P: +1.319 | Full_X_Acc: 65.2% | Loss_Gen: +1.199 | Retain: 47.1% | Mask_X_Acc: 57.6% | Loss_Gen_adv: +0.287 | Loss_Gen_l1: +0.471 | Loss_Gen_p: +0.676 | W_Distance: -0.000 |
Epoch [020/1000] | Tau: 0.905 | Loss_C: +0.120 | Loss_P: +1.294 | Full_X_Acc: 66.7% | Loss_Gen: +1.191 | Retain: 43.1% | Mask_X_Acc: 58.7% | Loss_Gen_adv: +0.296 | Loss_Gen_l1: +0.431 | Loss_Gen_p: +0.680 | W_Distance: -0.002 |
Epoch [030/1000] | Tau: 0.860 | Loss_C: +0.104 | Loss_P: +1.278 | Full_X_Acc: 67.2% | Loss_Gen: +1.178 | Retain: 37.0% | Mask_X_Acc: 59.4% | Loss_Gen_adv: +0.317 | Loss_Gen_l1: +0.370 | Loss_Gen_p: +0.676 | W_Distance: -0.003 |
Epoch [040/1000] | Tau: 0.818 | Loss_C: +0.092 | Loss_P: +1.260 | Full_X_Acc: 68.0% | Loss_Gen: +1.140 | Retain: 29.1% | Mask_X_Acc: 60.2% | Loss_Gen_adv: +0.319 | Loss_Gen_l1: +0.291 | Loss_Gen_p: +0.675 | W_Distance: -0.004 |
Epoch [050/1000] | Tau: 0.778 | Loss_C: +0.087 | Loss_P: +1.248 | Full_X_Acc: 69.0% | Loss_Gen: +1.094 | Retain: 20.7% | Mask_X_Acc: 60.8% | Loss_Gen_adv: +0.321 | Loss_Gen_l1: +0.207 | Loss_Gen_p: +0.669 | W_Distance: -0.005 |
Epoch [060/1000] | Tau: 0.740 | Loss_C: +0.089 | Loss_P: +1.225 | Full_X_Acc: 69.3% | Loss_Gen: +1.047 | Retain: 13.8% | Mask_X_Acc: 61.8% | Loss_Gen_adv: +0.322 | Loss_Gen_l1: +0.138 | Loss_Gen_p: +0.657 | W_Distance: -0.004 |
Epoch [070/1000] | Tau: 0.704 | Loss_C: +0.096 | Loss_P: +1.206 | Full_X_Acc: 70.0% | Loss_Gen: +1.009 | Retain: 9.3% | Mask_X_Acc: 63.0% | Loss_Gen_adv: +0.316 | Loss_Gen_l1: +0.093 | Loss_Gen_p: +0.647 | W_Distance: -0.004 |
Epoch [080/1000] | Tau: 0.670 | Loss_C: +0.099 | Loss_P: +1.183 | Full_X_Acc: 70.9% | Loss_Gen: +0.999 | Retain: 7.0% | Mask_X_Acc: 63.5% | Loss_Gen_adv: +0.328 | Loss_Gen_l1: +0.070 | Loss_Gen_p: +0.636 | W_Distance: -0.002 |
Epoch [090/1000] | Tau: 0.637 | Loss_C: +0.093 | Loss_P: +1.158 | Full_X_Acc: 71.6% | Loss_Gen: +0.973 | Retain: 5.9% | Mask_X_Acc: 64.0% | Loss_Gen_adv: +0.320 | Loss_Gen_l1: +0.059 | Loss_Gen_p: +0.623 | W_Distance: +0.000 |
Epoch [100/1000] | Tau: 0.606 | Loss_C: +0.090 | Loss_P: +1.144 | Full_X_Acc: 72.2% | Loss_Gen: +0.952 | Retain: 5.3% | Mask_X_Acc: 64.4% | Loss_Gen_adv: +0.317 | Loss_Gen_l1: +0.053 | Loss_Gen_p: +0.608 | W_Distance: -0.000 |
Epoch [110/1000] | Tau: 0.576 | Loss_C: +0.072 | Loss_P: +1.128 | Full_X_Acc: 72.8% | Loss_Gen: +0.945 | Retain: 4.9% | Mask_X_Acc: 65.1% | Loss_Gen_adv: +0.313 | Loss_Gen_l1: +0.049 | Loss_Gen_p: +0.608 | W_Distance: +0.002 |
Epoch [120/1000] | Tau: 0.548 | Loss_C: +0.050 | Loss_P: +1.120 | Full_X_Acc: 73.6% | Loss_Gen: +0.945 | Retain: 4.7% | Mask_X_Acc: 65.0% | Loss_Gen_adv: +0.315 | Loss_Gen_l1: +0.047 | Loss_Gen_p: +0.607 | W_Distance: +0.003 |
Epoch [130/1000] | Tau: 0.521 | Loss_C: +0.035 | Loss_P: +1.105 | Full_X_Acc: 74.0% | Loss_Gen: +0.930 | Retain: 4.5% | Mask_X_Acc: 65.3% | Loss_Gen_adv: +0.305 | Loss_Gen_l1: +0.045 | Loss_Gen_p: +0.603 | W_Distance: +0.003 |
Epoch [140/1000] | Tau: 0.496 | Loss_C: +0.026 | Loss_P: +1.099 | Full_X_Acc: 74.5% | Loss_Gen: +0.909 | Retain: 4.4% | Mask_X_Acc: 65.3% | Loss_Gen_adv: +0.283 | Loss_Gen_l1: +0.044 | Loss_Gen_p: +0.604 | W_Distance: +0.006 |
Epoch [150/1000] | Tau: 0.471 | Loss_C: +0.021 | Loss_P: +1.097 | Full_X_Acc: 75.0% | Loss_Gen: +0.912 | Retain: 4.3% | Mask_X_Acc: 65.4% | Loss_Gen_adv: +0.288 | Loss_Gen_l1: +0.043 | Loss_Gen_p: +0.603 | W_Distance: +0.004 |
Epoch [160/1000] | Tau: 0.448 | Loss_C: +0.014 | Loss_P: +1.094 | Full_X_Acc: 75.9% | Loss_Gen: +0.952 | Retain: 4.3% | Mask_X_Acc: 65.4% | Loss_Gen_adv: +0.329 | Loss_Gen_l1: +0.043 | Loss_Gen_p: +0.602 | W_Distance: +0.005 |
Epoch [170/1000] | Tau: 0.427 | Loss_C: +0.014 | Loss_P: +1.087 | Full_X_Acc: 76.4% | Loss_Gen: +0.980 | Retain: 4.3% | Mask_X_Acc: 65.8% | Loss_Gen_adv: +0.354 | Loss_Gen_l1: +0.043 | Loss_Gen_p: +0.605 | W_Distance: +0.004 |
Epoch [180/1000] | Tau: 0.406 | Loss_C: +0.008 | Loss_P: +1.078 | Full_X_Acc: 76.6% | Loss_Gen: +1.011 | Retain: 4.2% | Mask_X_Acc: 65.1% | Loss_Gen_adv: +0.384 | Loss_Gen_l1: +0.042 | Loss_Gen_p: +0.605 | W_Distance: +0.008 |
Epoch [190/1000] | Tau: 0.386 | Loss_C: +0.006 | Loss_P: +1.072 | Full_X_Acc: 77.0% | Loss_Gen: +1.037 | Retain: 4.2% | Mask_X_Acc: 65.2% | Loss_Gen_adv: +0.411 | Loss_Gen_l1: +0.042 | Loss_Gen_p: +0.605 | W_Distance: +0.008 |
Epoch [200/1000] | Tau: 0.367 | Loss_C: +0.006 | Loss_P: +1.069 | Full_X_Acc: 77.2% | Loss_Gen: +1.062 | Retain: 4.2% | Mask_X_Acc: 65.0% | Loss_Gen_adv: +0.437 | Loss_Gen_l1: +0.042 | Loss_Gen_p: +0.604 | W_Distance: +0.007 |
Epoch [210/1000] | Tau: 0.349 | Loss_C: +0.002 | Loss_P: +1.070 | Full_X_Acc: 77.7% | Loss_Gen: +1.078 | Retain: 4.2% | Mask_X_Acc: 65.2% | Loss_Gen_adv: +0.454 | Loss_Gen_l1: +0.042 | Loss_Gen_p: +0.603 | W_Distance: +0.010 |
Epoch [220/1000] | Tau: 0.332 | Loss_C: +0.003 | Loss_P: +1.063 | Full_X_Acc: 78.0% | Loss_Gen: +1.100 | Retain: 4.2% | Mask_X_Acc: 65.0% | Loss_Gen_adv: +0.476 | Loss_Gen_l1: +0.042 | Loss_Gen_p: +0.603 | W_Distance: +0.007 |
Epoch [230/1000] | Tau: 0.316 | Loss_C: +0.001 | Loss_P: +1.059 | Full_X_Acc: 78.4% | Loss_Gen: +1.104 | Retain: 4.2% | Mask_X_Acc: 65.3% | Loss_Gen_adv: +0.481 | Loss_Gen_l1: +0.042 | Loss_Gen_p: +0.602 | W_Distance: +0.009 |
Epoch [240/1000] | Tau: 0.300 | Loss_C: -0.002 | Loss_P: +1.061 | Full_X_Acc: 78.5% | Loss_Gen: +1.110 | Retain: 4.2% | Mask_X_Acc: 65.1% | Loss_Gen_adv: +0.488 | Loss_Gen_l1: +0.042 | Loss_Gen_p: +0.601 | W_Distance: +0.010 |
Epoch [250/1000] | Tau: 0.286 | Loss_C: -0.002 | Loss_P: +1.056 | Full_X_Acc: 79.1% | Loss_Gen: +1.130 | Retain: 4.2% | Mask_X_Acc: 65.0% | Loss_Gen_adv: +0.504 | Loss_Gen_l1: +0.042 | Loss_Gen_p: +0.604 | W_Distance: +0.010 |
Epoch [260/1000] | Tau: 0.272 | Loss_C: -0.006 | Loss_P: +1.053 | Full_X_Acc: 79.3% | Loss_Gen: +1.124 | Retain: 4.2% | Mask_X_Acc: 65.8% | Loss_Gen_adv: +0.502 | Loss_Gen_l1: +0.042 | Loss_Gen_p: +0.601 | W_Distance: +0.013 |
Epoch [270/1000] | Tau: 0.258 | Loss_C: -0.007 | Loss_P: +1.048 | Full_X_Acc: 79.4% | Loss_Gen: +1.111 | Retain: 4.2% | Mask_X_Acc: 65.5% | Loss_Gen_adv: +0.486 | Loss_Gen_l1: +0.042 | Loss_Gen_p: +0.604 | W_Distance: +0.013 |
Epoch [280/1000] | Tau: 0.246 | Loss_C: -0.008 | Loss_P: +1.051 | Full_X_Acc: 79.5% | Loss_Gen: +1.113 | Retain: 4.2% | Mask_X_Acc: 65.2% | Loss_Gen_adv: +0.483 | Loss_Gen_l1: +0.042 | Loss_Gen_p: +0.609 | W_Distance: +0.014 |
Epoch [290/1000] | Tau: 0.234 | Loss_C: -0.008 | Loss_P: +1.046 | Full_X_Acc: 79.9% | Loss_Gen: +1.123 | Retain: 4.2% | Mask_X_Acc: 65.7% | Loss_Gen_adv: +0.492 | Loss_Gen_l1: +0.042 | Loss_Gen_p: +0.610 | W_Distance: +0.013 |
Epoch [300/1000] | Tau: 0.222 | Loss_C: -0.011 | Loss_P: +1.048 | Full_X_Acc: 79.9% | Loss_Gen: +1.113 | Retain: 4.2% | Mask_X_Acc: 65.4% | Loss_Gen_adv: +0.484 | Loss_Gen_l1: +0.042 | Loss_Gen_p: +0.608 | W_Distance: +0.016 |
Epoch [310/1000] | Tau: 0.211 | Loss_C: -0.012 | Loss_P: +1.037 | Full_X_Acc: 80.6% | Loss_Gen: +1.094 | Retain: 4.2% | Mask_X_Acc: 65.3% | Loss_Gen_adv: +0.469 | Loss_Gen_l1: +0.042 | Loss_Gen_p: +0.605 | W_Distance: +0.016 |
Epoch [320/1000] | Tau: 0.201 | Loss_C: -0.011 | Loss_P: +1.041 | Full_X_Acc: 80.6% | Loss_Gen: +1.099 | Retain: 4.2% | Mask_X_Acc: 65.4% | Loss_Gen_adv: +0.466 | Loss_Gen_l1: +0.042 | Loss_Gen_p: +0.612 | W_Distance: +0.016 |
Epoch [330/1000] | Tau: 0.191 | Loss_C: -0.015 | Loss_P: +1.042 | Full_X_Acc: 80.7% | Loss_Gen: +1.075 | Retain: 4.2% | Mask_X_Acc: 65.8% | Loss_Gen_adv: +0.447 | Loss_Gen_l1: +0.042 | Loss_Gen_p: +0.607 | W_Distance: +0.019 |
Epoch [340/1000] | Tau: 0.182 | Loss_C: -0.014 | Loss_P: +1.041 | Full_X_Acc: 81.0% | Loss_Gen: +1.061 | Retain: 4.2% | Mask_X_Acc: 65.6% | Loss_Gen_adv: +0.427 | Loss_Gen_l1: +0.042 | Loss_Gen_p: +0.613 | W_Distance: +0.019 |
Epoch [350/1000] | Tau: 0.173 | Loss_C: -0.014 | Loss_P: +1.040 | Full_X_Acc: 81.1% | Loss_Gen: +1.060 | Retain: 4.2% | Mask_X_Acc: 65.1% | Loss_Gen_adv: +0.423 | Loss_Gen_l1: +0.042 | Loss_Gen_p: +0.616 | W_Distance: +0.019 |
Epoch [360/1000] | Tau: 0.165 | Loss_C: -0.016 | Loss_P: +1.041 | Full_X_Acc: 81.3% | Loss_Gen: +1.049 | Retain: 4.2% | Mask_X_Acc: 65.3% | Loss_Gen_adv: +0.419 | Loss_Gen_l1: +0.042 | Loss_Gen_p: +0.609 | W_Distance: +0.020 |
Epoch [370/1000] | Tau: 0.157 | Loss_C: -0.013 | Loss_P: +1.033 | Full_X_Acc: 81.5% | Loss_Gen: +1.055 | Retain: 4.2% | Mask_X_Acc: 64.8% | Loss_Gen_adv: +0.422 | Loss_Gen_l1: +0.042 | Loss_Gen_p: +0.612 | W_Distance: +0.017 |
Epoch [380/1000] | Tau: 0.149 | Loss_C: -0.017 | Loss_P: +1.040 | Full_X_Acc: 82.0% | Loss_Gen: +1.049 | Retain: 4.2% | Mask_X_Acc: 65.4% | Loss_Gen_adv: +0.417 | Loss_Gen_l1: +0.042 | Loss_Gen_p: +0.611 | W_Distance: +0.021 |
Epoch [390/1000] | Tau: 0.142 | Loss_C: -0.016 | Loss_P: +1.034 | Full_X_Acc: 81.7% | Loss_Gen: +1.034 | Retain: 4.2% | Mask_X_Acc: 65.3% | Loss_Gen_adv: +0.400 | Loss_Gen_l1: +0.042 | Loss_Gen_p: +0.613 | W_Distance: +0.020 |
Epoch [400/1000] | Tau: 0.135 | Loss_C: -0.017 | Loss_P: +1.032 | Full_X_Acc: 82.5% | Loss_Gen: +1.037 | Retain: 4.2% | Mask_X_Acc: 65.4% | Loss_Gen_adv: +0.402 | Loss_Gen_l1: +0.042 | Loss_Gen_p: +0.614 | W_Distance: +0.021 |
Epoch [410/1000] | Tau: 0.128 | Loss_C: -0.017 | Loss_P: +1.029 | Full_X_Acc: 82.4% | Loss_Gen: +1.032 | Retain: 4.2% | Mask_X_Acc: 65.4% | Loss_Gen_adv: +0.397 | Loss_Gen_l1: +0.042 | Loss_Gen_p: +0.614 | W_Distance: +0.021 |
Epoch [420/1000] | Tau: 0.122 | Loss_C: -0.017 | Loss_P: +1.026 | Full_X_Acc: 82.4% | Loss_Gen: +1.047 | Retain: 4.2% | Mask_X_Acc: 65.6% | Loss_Gen_adv: +0.409 | Loss_Gen_l1: +0.042 | Loss_Gen_p: +0.617 | W_Distance: +0.022 |
Epoch [430/1000] | Tau: 0.116 | Loss_C: -0.018 | Loss_P: +1.030 | Full_X_Acc: 82.6% | Loss_Gen: +1.038 | Retain: 4.2% | Mask_X_Acc: 65.3% | Loss_Gen_adv: +0.399 | Loss_Gen_l1: +0.042 | Loss_Gen_p: +0.618 | W_Distance: +0.022 |
Epoch [440/1000] | Tau: 0.110 | Loss_C: -0.019 | Loss_P: +1.021 | Full_X_Acc: 82.6% | Loss_Gen: +1.040 | Retain: 4.2% | Mask_X_Acc: 65.2% | Loss_Gen_adv: +0.407 | Loss_Gen_l1: +0.042 | Loss_Gen_p: +0.611 | W_Distance: +0.023 |
Epoch [450/1000] | Tau: 0.105 | Loss_C: -0.019 | Loss_P: +1.018 | Full_X_Acc: 82.7% | Loss_Gen: +1.034 | Retain: 4.2% | Mask_X_Acc: 65.1% | Loss_Gen_adv: +0.400 | Loss_Gen_l1: +0.042 | Loss_Gen_p: +0.613 | W_Distance: +0.023 |
Epoch [460/1000] | Tau: 0.100 | Loss_C: -0.020 | Loss_P: +1.025 | Full_X_Acc: 82.9% | Loss_Gen: +1.033 | Retain: 4.2% | Mask_X_Acc: 65.7% | Loss_Gen_adv: +0.397 | Loss_Gen_l1: +0.042 | Loss_Gen_p: +0.614 | W_Distance: +0.024 |
Epoch [470/1000] | Tau: 0.100 | Loss_C: -0.020 | Loss_P: +1.013 | Full_X_Acc: 82.9% | Loss_Gen: +1.038 | Retain: 4.2% | Mask_X_Acc: 65.4% | Loss_Gen_adv: +0.404 | Loss_Gen_l1: +0.042 | Loss_Gen_p: +0.613 | W_Distance: +0.024 |
Epoch [480/1000] | Tau: 0.100 | Loss_C: -0.020 | Loss_P: +1.010 | Full_X_Acc: 83.6% | Loss_Gen: +1.038 | Retain: 4.2% | Mask_X_Acc: 65.5% | Loss_Gen_adv: +0.401 | Loss_Gen_l1: +0.042 | Loss_Gen_p: +0.616 | W_Distance: +0.024 |
Epoch [490/1000] | Tau: 0.100 | Loss_C: -0.020 | Loss_P: +1.013 | Full_X_Acc: 83.7% | Loss_Gen: +1.046 | Retain: 4.2% | Mask_X_Acc: 65.5% | Loss_Gen_adv: +0.406 | Loss_Gen_l1: +0.042 | Loss_Gen_p: +0.619 | W_Distance: +0.025 |
Epoch [500/1000] | Tau: 0.100 | Loss_C: -0.020 | Loss_P: +1.011 | Full_X_Acc: 83.6% | Loss_Gen: +1.042 | Retain: 4.2% | Mask_X_Acc: 65.3% | Loss_Gen_adv: +0.403 | Loss_Gen_l1: +0.042 | Loss_Gen_p: +0.618 | W_Distance: +0.024 |
Epoch [510/1000] | Tau: 0.100 | Loss_C: -0.022 | Loss_P: +1.011 | Full_X_Acc: 83.8% | Loss_Gen: +1.047 | Retain: 4.2% | Mask_X_Acc: 65.7% | Loss_Gen_adv: +0.409 | Loss_Gen_l1: +0.042 | Loss_Gen_p: +0.617 | W_Distance: +0.026 |
Epoch [520/1000] | Tau: 0.100 | Loss_C: -0.023 | Loss_P: +1.014 | Full_X_Acc: 83.7% | Loss_Gen: +1.042 | Retain: 4.3% | Mask_X_Acc: 66.0% | Loss_Gen_adv: +0.408 | Loss_Gen_l1: +0.043 | Loss_Gen_p: +0.612 | W_Distance: +0.027 |
Epoch [530/1000] | Tau: 0.100 | Loss_C: -0.022 | Loss_P: +1.014 | Full_X_Acc: 84.3% | Loss_Gen: +1.054 | Retain: 4.3% | Mask_X_Acc: 65.8% | Loss_Gen_adv: +0.418 | Loss_Gen_l1: +0.043 | Loss_Gen_p: +0.615 | W_Distance: +0.026 |
Epoch [540/1000] | Tau: 0.100 | Loss_C: -0.023 | Loss_P: +1.006 | Full_X_Acc: 83.9% | Loss_Gen: +1.039 | Retain: 4.3% | Mask_X_Acc: 65.0% | Loss_Gen_adv: +0.398 | Loss_Gen_l1: +0.043 | Loss_Gen_p: +0.620 | W_Distance: +0.027 |
Epoch [550/1000] | Tau: 0.100 | Loss_C: -0.017 | Loss_P: +1.010 | Full_X_Acc: 84.0% | Loss_Gen: +1.048 | Retain: 4.3% | Mask_X_Acc: 65.7% | Loss_Gen_adv: +0.410 | Loss_Gen_l1: +0.043 | Loss_Gen_p: +0.616 | W_Distance: +0.021 |
Epoch [560/1000] | Tau: 0.100 | Loss_C: -0.021 | Loss_P: +1.004 | Full_X_Acc: 84.7% | Loss_Gen: +1.050 | Retain: 4.4% | Mask_X_Acc: 66.1% | Loss_Gen_adv: +0.414 | Loss_Gen_l1: +0.044 | Loss_Gen_p: +0.614 | W_Distance: +0.025 |
Epoch [570/1000] | Tau: 0.100 | Loss_C: -0.021 | Loss_P: +1.000 | Full_X_Acc: 84.6% | Loss_Gen: +1.054 | Retain: 4.4% | Mask_X_Acc: 66.3% | Loss_Gen_adv: +0.414 | Loss_Gen_l1: +0.044 | Loss_Gen_p: +0.619 | W_Distance: +0.025 |
Epoch [580/1000] | Tau: 0.100 | Loss_C: -0.019 | Loss_P: +0.999 | Full_X_Acc: 84.6% | Loss_Gen: +1.038 | Retain: 4.5% | Mask_X_Acc: 66.4% | Loss_Gen_adv: +0.403 | Loss_Gen_l1: +0.045 | Loss_Gen_p: +0.613 | W_Distance: +0.023 |
Epoch [590/1000] | Tau: 0.100 | Loss_C: -0.021 | Loss_P: +1.004 | Full_X_Acc: 84.6% | Loss_Gen: +1.037 | Retain: 4.5% | Mask_X_Acc: 66.5% | Loss_Gen_adv: +0.399 | Loss_Gen_l1: +0.045 | Loss_Gen_p: +0.616 | W_Distance: +0.025 |
Epoch [600/1000] | Tau: 0.100 | Loss_C: -0.022 | Loss_P: +1.001 | Full_X_Acc: 85.0% | Loss_Gen: +1.049 | Retain: 4.6% | Mask_X_Acc: 65.8% | Loss_Gen_adv: +0.412 | Loss_Gen_l1: +0.046 | Loss_Gen_p: +0.615 | W_Distance: +0.026 |
Epoch [610/1000] | Tau: 0.100 | Loss_C: -0.020 | Loss_P: +0.995 | Full_X_Acc: 85.0% | Loss_Gen: +1.059 | Retain: 4.7% | Mask_X_Acc: 66.4% | Loss_Gen_adv: +0.414 | Loss_Gen_l1: +0.047 | Loss_Gen_p: +0.622 | W_Distance: +0.024 |
Epoch [620/1000] | Tau: 0.100 | Loss_C: -0.022 | Loss_P: +0.993 | Full_X_Acc: 85.1% | Loss_Gen: +1.051 | Retain: 4.8% | Mask_X_Acc: 66.2% | Loss_Gen_adv: +0.417 | Loss_Gen_l1: +0.048 | Loss_Gen_p: +0.611 | W_Distance: +0.026 |
Epoch [630/1000] | Tau: 0.100 | Loss_C: -0.023 | Loss_P: +0.982 | Full_X_Acc: 85.2% | Loss_Gen: +1.050 | Retain: 4.8% | Mask_X_Acc: 67.1% | Loss_Gen_adv: +0.413 | Loss_Gen_l1: +0.048 | Loss_Gen_p: +0.612 | W_Distance: +0.026 |
Epoch [640/1000] | Tau: 0.100 | Loss_C: -0.024 | Loss_P: +0.987 | Full_X_Acc: 85.5% | Loss_Gen: +1.041 | Retain: 4.9% | Mask_X_Acc: 66.7% | Loss_Gen_adv: +0.408 | Loss_Gen_l1: +0.049 | Loss_Gen_p: +0.608 | W_Distance: +0.028 |
Epoch [650/1000] | Tau: 0.100 | Loss_C: -0.020 | Loss_P: +0.979 | Full_X_Acc: 85.2% | Loss_Gen: +1.034 | Retain: 5.0% | Mask_X_Acc: 67.2% | Loss_Gen_adv: +0.398 | Loss_Gen_l1: +0.050 | Loss_Gen_p: +0.611 | W_Distance: +0.023 |
Epoch [660/1000] | Tau: 0.100 | Loss_C: -0.021 | Loss_P: +0.980 | Full_X_Acc: 85.5% | Loss_Gen: +1.018 | Retain: 5.1% | Mask_X_Acc: 67.2% | Loss_Gen_adv: +0.381 | Loss_Gen_l1: +0.051 | Loss_Gen_p: +0.612 | W_Distance: +0.024 |
Epoch [670/1000] | Tau: 0.100 | Loss_C: -0.020 | Loss_P: +0.976 | Full_X_Acc: 86.0% | Loss_Gen: +1.018 | Retain: 5.2% | Mask_X_Acc: 67.6% | Loss_Gen_adv: +0.383 | Loss_Gen_l1: +0.052 | Loss_Gen_p: +0.610 | W_Distance: +0.024 |
Epoch [680/1000] | Tau: 0.100 | Loss_C: -0.020 | Loss_P: +0.972 | Full_X_Acc: 85.8% | Loss_Gen: +1.011 | Retain: 5.3% | Mask_X_Acc: 67.5% | Loss_Gen_adv: +0.381 | Loss_Gen_l1: +0.053 | Loss_Gen_p: +0.603 | W_Distance: +0.023 |
Epoch [690/1000] | Tau: 0.100 | Loss_C: -0.023 | Loss_P: +0.968 | Full_X_Acc: 85.9% | Loss_Gen: +1.007 | Retain: 5.4% | Mask_X_Acc: 67.8% | Loss_Gen_adv: +0.375 | Loss_Gen_l1: +0.054 | Loss_Gen_p: +0.605 | W_Distance: +0.026 |
Epoch [700/1000] | Tau: 0.100 | Loss_C: -0.022 | Loss_P: +0.969 | Full_X_Acc: 86.0% | Loss_Gen: +1.015 | Retain: 5.4% | Mask_X_Acc: 68.5% | Loss_Gen_adv: +0.378 | Loss_Gen_l1: +0.054 | Loss_Gen_p: +0.609 | W_Distance: +0.025 |
Epoch [710/1000] | Tau: 0.100 | Loss_C: -0.021 | Loss_P: +0.963 | Full_X_Acc: 86.0% | Loss_Gen: +1.014 | Retain: 5.6% | Mask_X_Acc: 68.3% | Loss_Gen_adv: +0.387 | Loss_Gen_l1: +0.056 | Loss_Gen_p: +0.600 | W_Distance: +0.024 |
Epoch [720/1000] | Tau: 0.100 | Loss_C: -0.024 | Loss_P: +0.959 | Full_X_Acc: 86.1% | Loss_Gen: +1.015 | Retain: 5.7% | Mask_X_Acc: 69.0% | Loss_Gen_adv: +0.389 | Loss_Gen_l1: +0.057 | Loss_Gen_p: +0.598 | W_Distance: +0.028 |
Epoch [730/1000] | Tau: 0.100 | Loss_C: -0.026 | Loss_P: +0.956 | Full_X_Acc: 86.4% | Loss_Gen: +1.019 | Retain: 5.9% | Mask_X_Acc: 69.5% | Loss_Gen_adv: +0.392 | Loss_Gen_l1: +0.059 | Loss_Gen_p: +0.598 | W_Distance: +0.029 |
Epoch [740/1000] | Tau: 0.100 | Loss_C: -0.022 | Loss_P: +0.943 | Full_X_Acc: 86.6% | Loss_Gen: +1.006 | Retain: 6.0% | Mask_X_Acc: 69.4% | Loss_Gen_adv: +0.381 | Loss_Gen_l1: +0.060 | Loss_Gen_p: +0.595 | W_Distance: +0.025 |
Epoch [750/1000] | Tau: 0.100 | Loss_C: -0.024 | Loss_P: +0.945 | Full_X_Acc: 86.6% | Loss_Gen: +1.006 | Retain: 6.1% | Mask_X_Acc: 69.4% | Loss_Gen_adv: +0.382 | Loss_Gen_l1: +0.061 | Loss_Gen_p: +0.593 | W_Distance: +0.027 |
Epoch [760/1000] | Tau: 0.100 | Loss_C: -0.023 | Loss_P: +0.934 | Full_X_Acc: 87.1% | Loss_Gen: +1.006 | Retain: 6.3% | Mask_X_Acc: 70.2% | Loss_Gen_adv: +0.384 | Loss_Gen_l1: +0.063 | Loss_Gen_p: +0.591 | W_Distance: +0.026 |
Epoch [770/1000] | Tau: 0.100 | Loss_C: -0.021 | Loss_P: +0.932 | Full_X_Acc: 87.0% | Loss_Gen: +1.006 | Retain: 6.5% | Mask_X_Acc: 70.4% | Loss_Gen_adv: +0.385 | Loss_Gen_l1: +0.065 | Loss_Gen_p: +0.589 | W_Distance: +0.024 |
Epoch [780/1000] | Tau: 0.100 | Loss_C: -0.023 | Loss_P: +0.924 | Full_X_Acc: 87.0% | Loss_Gen: +1.002 | Retain: 6.6% | Mask_X_Acc: 70.9% | Loss_Gen_adv: +0.388 | Loss_Gen_l1: +0.066 | Loss_Gen_p: +0.581 | W_Distance: +0.026 |
Epoch [790/1000] | Tau: 0.100 | Loss_C: -0.020 | Loss_P: +0.901 | Full_X_Acc: 87.1% | Loss_Gen: +0.979 | Retain: 6.7% | Mask_X_Acc: 71.9% | Loss_Gen_adv: +0.380 | Loss_Gen_l1: +0.067 | Loss_Gen_p: +0.566 | W_Distance: +0.023 |
Epoch [800/1000] | Tau: 0.100 | Loss_C: -0.022 | Loss_P: +0.897 | Full_X_Acc: 87.3% | Loss_Gen: +0.996 | Retain: 6.9% | Mask_X_Acc: 72.3% | Loss_Gen_adv: +0.386 | Loss_Gen_l1: +0.069 | Loss_Gen_p: +0.575 | W_Distance: +0.025 |
Epoch [810/1000] | Tau: 0.100 | Loss_C: -0.024 | Loss_P: +0.898 | Full_X_Acc: 87.3% | Loss_Gen: +0.965 | Retain: 7.0% | Mask_X_Acc: 72.8% | Loss_Gen_adv: +0.366 | Loss_Gen_l1: +0.070 | Loss_Gen_p: +0.564 | W_Distance: +0.027 |
Epoch [820/1000] | Tau: 0.100 | Loss_C: -0.024 | Loss_P: +0.888 | Full_X_Acc: 87.5% | Loss_Gen: +0.982 | Retain: 7.1% | Mask_X_Acc: 72.8% | Loss_Gen_adv: +0.382 | Loss_Gen_l1: +0.071 | Loss_Gen_p: +0.564 | W_Distance: +0.027 |
Epoch [830/1000] | Tau: 0.100 | Loss_C: -0.020 | Loss_P: +0.884 | Full_X_Acc: 87.7% | Loss_Gen: +0.967 | Retain: 7.2% | Mask_X_Acc: 73.1% | Loss_Gen_adv: +0.371 | Loss_Gen_l1: +0.072 | Loss_Gen_p: +0.561 | W_Distance: +0.022 |
Epoch [840/1000] | Tau: 0.100 | Loss_C: -0.022 | Loss_P: +0.878 | Full_X_Acc: 87.7% | Loss_Gen: +0.963 | Retain: 7.3% | Mask_X_Acc: 73.7% | Loss_Gen_adv: +0.371 | Loss_Gen_l1: +0.073 | Loss_Gen_p: +0.555 | W_Distance: +0.024 |
Epoch [850/1000] | Tau: 0.100 | Loss_C: -0.021 | Loss_P: +0.872 | Full_X_Acc: 88.0% | Loss_Gen: +0.971 | Retain: 7.4% | Mask_X_Acc: 73.4% | Loss_Gen_adv: +0.390 | Loss_Gen_l1: +0.074 | Loss_Gen_p: +0.544 | W_Distance: +0.024 |
Epoch [860/1000] | Tau: 0.100 | Loss_C: -0.022 | Loss_P: +0.860 | Full_X_Acc: 87.9% | Loss_Gen: +0.974 | Retain: 7.5% | Mask_X_Acc: 73.8% | Loss_Gen_adv: +0.386 | Loss_Gen_l1: +0.075 | Loss_Gen_p: +0.550 | W_Distance: +0.025 |
Epoch [870/1000] | Tau: 0.100 | Loss_C: -0.022 | Loss_P: +0.856 | Full_X_Acc: 88.0% | Loss_Gen: +0.964 | Retain: 7.6% | Mask_X_Acc: 74.5% | Loss_Gen_adv: +0.383 | Loss_Gen_l1: +0.076 | Loss_Gen_p: +0.542 | W_Distance: +0.025 |
Epoch [880/1000] | Tau: 0.100 | Loss_C: -0.025 | Loss_P: +0.851 | Full_X_Acc: 88.3% | Loss_Gen: +0.967 | Retain: 7.7% | Mask_X_Acc: 75.0% | Loss_Gen_adv: +0.389 | Loss_Gen_l1: +0.077 | Loss_Gen_p: +0.539 | W_Distance: +0.028 |
Epoch [890/1000] | Tau: 0.100 | Loss_C: -0.022 | Loss_P: +0.839 | Full_X_Acc: 88.2% | Loss_Gen: +0.943 | Retain: 7.8% | Mask_X_Acc: 75.3% | Loss_Gen_adv: +0.370 | Loss_Gen_l1: +0.078 | Loss_Gen_p: +0.534 | W_Distance: +0.025 |
Epoch [900/1000] | Tau: 0.100 | Loss_C: -0.025 | Loss_P: +0.830 | Full_X_Acc: 88.6% | Loss_Gen: +0.942 | Retain: 7.9% | Mask_X_Acc: 75.7% | Loss_Gen_adv: +0.373 | Loss_Gen_l1: +0.079 | Loss_Gen_p: +0.529 | W_Distance: +0.028 |
Epoch [910/1000] | Tau: 0.100 | Loss_C: -0.025 | Loss_P: +0.825 | Full_X_Acc: 88.8% | Loss_Gen: +0.937 | Retain: 8.0% | Mask_X_Acc: 75.4% | Loss_Gen_adv: +0.378 | Loss_Gen_l1: +0.080 | Loss_Gen_p: +0.519 | W_Distance: +0.028 |
Epoch [920/1000] | Tau: 0.100 | Loss_C: -0.023 | Loss_P: +0.829 | Full_X_Acc: 88.5% | Loss_Gen: +0.934 | Retain: 8.0% | Mask_X_Acc: 75.6% | Loss_Gen_adv: +0.376 | Loss_Gen_l1: +0.080 | Loss_Gen_p: +0.519 | W_Distance: +0.025 |
Epoch [930/1000] | Tau: 0.100 | Loss_C: -0.023 | Loss_P: +0.827 | Full_X_Acc: 88.6% | Loss_Gen: +0.951 | Retain: 8.0% | Mask_X_Acc: 75.7% | Loss_Gen_adv: +0.393 | Loss_Gen_l1: +0.080 | Loss_Gen_p: +0.518 | W_Distance: +0.026 |
Epoch [940/1000] | Tau: 0.100 | Loss_C: -0.022 | Loss_P: +0.819 | Full_X_Acc: 88.7% | Loss_Gen: +0.938 | Retain: 8.1% | Mask_X_Acc: 76.4% | Loss_Gen_adv: +0.380 | Loss_Gen_l1: +0.081 | Loss_Gen_p: +0.518 | W_Distance: +0.025 |
Epoch [950/1000] | Tau: 0.100 | Loss_C: -0.024 | Loss_P: +0.806 | Full_X_Acc: 88.8% | Loss_Gen: +0.950 | Retain: 8.1% | Mask_X_Acc: 76.5% | Loss_Gen_adv: +0.400 | Loss_Gen_l1: +0.081 | Loss_Gen_p: +0.510 | W_Distance: +0.026 |
Epoch [960/1000] | Tau: 0.100 | Loss_C: -0.022 | Loss_P: +0.805 | Full_X_Acc: 88.9% | Loss_Gen: +0.948 | Retain: 8.2% | Mask_X_Acc: 76.2% | Loss_Gen_adv: +0.394 | Loss_Gen_l1: +0.082 | Loss_Gen_p: +0.513 | W_Distance: +0.025 |
Epoch [970/1000] | Tau: 0.100 | Loss_C: -0.022 | Loss_P: +0.803 | Full_X_Acc: 88.7% | Loss_Gen: +0.971 | Retain: 8.2% | Mask_X_Acc: 77.1% | Loss_Gen_adv: +0.423 | Loss_Gen_l1: +0.082 | Loss_Gen_p: +0.507 | W_Distance: +0.025 |
Epoch [980/1000] | Tau: 0.100 | Loss_C: -0.022 | Loss_P: +0.804 | Full_X_Acc: 89.1% | Loss_Gen: +0.969 | Retain: 8.2% | Mask_X_Acc: 76.9% | Loss_Gen_adv: +0.427 | Loss_Gen_l1: +0.082 | Loss_Gen_p: +0.501 | W_Distance: +0.025 |
Epoch [990/1000] | Tau: 0.100 | Loss_C: -0.019 | Loss_P: +0.799 | Full_X_Acc: 89.1% | Loss_Gen: +0.968 | Retain: 8.2% | Mask_X_Acc: 76.8% | Loss_Gen_adv: +0.424 | Loss_Gen_l1: +0.082 | Loss_Gen_p: +0.503 | W_Distance: +0.021 |
Epoch [1000/1000] | Tau: 0.100 | Loss_C: -0.022 | Loss_P: +0.794 | Full_X_Acc: 89.1% | Loss_Gen: +0.970 | Retain: 8.3% | Mask_X_Acc: 77.2% | Loss_Gen_adv: +0.424 | Loss_Gen_l1: +0.083 | Loss_Gen_p: +0.505 | W_Distance: +0.025 |
[Export] 训练历史已保存至 'output/run_20260718_013737/history.npz'

[System] 开始在测试集上进行推理评估...
==================================================
🎯 测试集推理报告 (Shared Architecture)
==================================================
• 测试集准确率:     78.12%
• TPR (召回率):     92.80%
• FDR (误发现率):   43.92%
• 平均保留特征数量: 8.3 / 100
• 整体保留率:       8.28%
--------------------------------------------------
🧩 Top 27 最常被选中的特征
--------------------------------------------------
Top 01: 特征 Index 006 | 被选次数: 4000 次 (100.0%) | ★ [真实关联]
Top 02: 特征 Index 009 | 被选次数: 4000 次 (100.0%) | ★ [真实关联]
Top 03: 特征 Index 010 | 被选次数: 3999 次 (100.0%) | ★ [真实关联]
Top 04: 特征 Index 008 | 被选次数: 3997 次 ( 99.9%) | ★ [真实关联]
Top 05: 特征 Index 002 | 被选次数: 3957 次 ( 98.9%) | ★ [真实关联]
Top 06: 特征 Index 004 | 被选次数: 3928 次 ( 98.2%) | ★ [真实关联]
Top 07: 特征 Index 003 | 被选次数: 3927 次 ( 98.2%) | ★ [真实关联]
Top 08: 特征 Index 005 | 被选次数: 3879 次 ( 97.0%) | ★ [真实关联]
Top 09: 特征 Index 007 | 被选次数: 1421 次 ( 35.5%) | ★ [真实关联]
Top 10: 特征 Index 023 | 被选次数:    1 次 (  0.0%) |   [纯噪声]
Top 11: 特征 Index 091 | 被选次数:    0 次 (  0.0%) |   [纯噪声]
Top 12: 特征 Index 090 | 被选次数:    0 次 (  0.0%) |   [纯噪声]
Top 13: 特征 Index 095 | 被选次数:    0 次 (  0.0%) |   [纯噪声]
Top 14: 特征 Index 094 | 被选次数:    0 次 (  0.0%) |   [纯噪声]
Top 15: 特征 Index 093 | 被选次数:    0 次 (  0.0%) |   [纯噪声]
Top 16: 特征 Index 092 | 被选次数:    0 次 (  0.0%) |   [纯噪声]
Top 17: 特征 Index 083 | 被选次数:    0 次 (  0.0%) |   [纯噪声]
Top 18: 特征 Index 082 | 被选次数:    0 次 (  0.0%) |   [纯噪声]
Top 19: 特征 Index 081 | 被选次数:    0 次 (  0.0%) |   [纯噪声]
Top 20: 特征 Index 080 | 被选次数:    0 次 (  0.0%) |   [纯噪声]
Top 21: 特征 Index 079 | 被选次数:    0 次 (  0.0%) |   [纯噪声]
Top 22: 特征 Index 078 | 被选次数:    0 次 (  0.0%) |   [纯噪声]
Top 23: 特征 Index 077 | 被选次数:    0 次 (  0.0%) |   [纯噪声]
Top 24: 特征 Index 076 | 被选次数:    0 次 (  0.0%) |   [纯噪声]
Top 25: 特征 Index 075 | 被选次数:    0 次 (  0.0%) |   [纯噪声]
Top 26: 特征 Index 074 | 被选次数:    0 次 (  0.0%) |   [纯噪声]
Top 27: 特征 Index 089 | 被选次数:    0 次 (  0.0%) |   [纯噪声]
==================================================
[Export] 测试集数组已保存至 'output/run_20260718_013737/test_arrays.npz'
[Export] 特征索引已保存至 'output/run_20260718_013737/selected_feature_indices.npy'
[Export] 模型权重已保存至 'output/run_20260718_013737/generator_model.pth'

[Visualization] 运行双视角 t-SNE 降维 (样本数: 4000)...
[Visualization] 降维: 原始掩码特征 (Before Ext)...
[Visualization] 降维: 隐空间特征 (After Ext)...
[Visualization] 对比 t-SNE 已保存至: 'output/run_20260718_013737/fig3_tsne_comparison.png'

