[System] Run dir: output/run_20260718_010524
[System] 正在使用 cuda 进行计算...

[System] 开始训练多任务共享特征架构...
Epoch [010/1000] | Tau: 0.951 | Loss_C: +0.143 | Loss_P: +1.128 | Full_X_Acc: 79.5% | Loss_Gen: +0.827 | Retain: 47.6% | Mask_X_Acc: 64.1% | Loss_Gen_adv: -0.070 | Loss_Gen_l1: +0.476 | Loss_Gen_p: +0.659 | W_Distance: +0.001 |
Epoch [020/1000] | Tau: 0.905 | Loss_C: +0.071 | Loss_P: +1.086 | Full_X_Acc: 80.4% | Loss_Gen: +0.821 | Retain: 44.5% | Mask_X_Acc: 66.8% | Loss_Gen_adv: -0.038 | Loss_Gen_l1: +0.445 | Loss_Gen_p: +0.636 | W_Distance: -0.003 |
Epoch [030/1000] | Tau: 0.860 | Loss_C: +0.069 | Loss_P: +1.046 | Full_X_Acc: 81.1% | Loss_Gen: +0.778 | Retain: 39.6% | Mask_X_Acc: 68.6% | Loss_Gen_adv: -0.035 | Loss_Gen_l1: +0.396 | Loss_Gen_p: +0.615 | W_Distance: -0.009 |
Epoch [040/1000] | Tau: 0.818 | Loss_C: +0.063 | Loss_P: +1.008 | Full_X_Acc: 81.8% | Loss_Gen: +0.703 | Retain: 32.9% | Mask_X_Acc: 70.9% | Loss_Gen_adv: -0.040 | Loss_Gen_l1: +0.329 | Loss_Gen_p: +0.579 | W_Distance: -0.004 |
Epoch [050/1000] | Tau: 0.778 | Loss_C: +0.066 | Loss_P: +0.945 | Full_X_Acc: 82.3% | Loss_Gen: +0.619 | Retain: 25.1% | Mask_X_Acc: 74.6% | Loss_Gen_adv: -0.041 | Loss_Gen_l1: +0.251 | Loss_Gen_p: +0.534 | W_Distance: -0.005 |
Epoch [060/1000] | Tau: 0.740 | Loss_C: +0.081 | Loss_P: +0.889 | Full_X_Acc: 82.9% | Loss_Gen: +0.552 | Retain: 17.8% | Mask_X_Acc: 76.7% | Loss_Gen_adv: -0.036 | Loss_Gen_l1: +0.178 | Loss_Gen_p: +0.500 | W_Distance: -0.008 |
Epoch [070/1000] | Tau: 0.704 | Loss_C: +0.101 | Loss_P: +0.847 | Full_X_Acc: 83.7% | Loss_Gen: +0.476 | Retain: 12.2% | Mask_X_Acc: 78.1% | Loss_Gen_adv: -0.052 | Loss_Gen_l1: +0.122 | Loss_Gen_p: +0.467 | W_Distance: -0.005 |
Epoch [080/1000] | Tau: 0.670 | Loss_C: +0.121 | Loss_P: +0.818 | Full_X_Acc: 84.6% | Loss_Gen: +0.443 | Retain: 8.5% | Mask_X_Acc: 78.9% | Loss_Gen_adv: -0.054 | Loss_Gen_l1: +0.085 | Loss_Gen_p: +0.454 | W_Distance: -0.003 |
Epoch [090/1000] | Tau: 0.637 | Loss_C: +0.142 | Loss_P: +0.798 | Full_X_Acc: 85.0% | Loss_Gen: +0.413 | Retain: 6.5% | Mask_X_Acc: 79.2% | Loss_Gen_adv: -0.063 | Loss_Gen_l1: +0.065 | Loss_Gen_p: +0.443 | W_Distance: -0.001 |
Epoch [100/1000] | Tau: 0.606 | Loss_C: +0.148 | Loss_P: +0.783 | Full_X_Acc: 85.5% | Loss_Gen: +0.377 | Retain: 5.4% | Mask_X_Acc: 79.6% | Loss_Gen_adv: -0.085 | Loss_Gen_l1: +0.054 | Loss_Gen_p: +0.436 | W_Distance: +0.000 |
Epoch [110/1000] | Tau: 0.576 | Loss_C: +0.128 | Loss_P: +0.772 | Full_X_Acc: 85.9% | Loss_Gen: +0.324 | Retain: 4.9% | Mask_X_Acc: 80.2% | Loss_Gen_adv: -0.135 | Loss_Gen_l1: +0.049 | Loss_Gen_p: +0.434 | W_Distance: +0.001 |
Epoch [120/1000] | Tau: 0.548 | Loss_C: +0.094 | Loss_P: +0.763 | Full_X_Acc: 86.3% | Loss_Gen: +0.242 | Retain: 4.6% | Mask_X_Acc: 80.2% | Loss_Gen_adv: -0.209 | Loss_Gen_l1: +0.046 | Loss_Gen_p: +0.428 | W_Distance: +0.002 |
Epoch [130/1000] | Tau: 0.521 | Loss_C: +0.073 | Loss_P: +0.759 | Full_X_Acc: 86.7% | Loss_Gen: +0.199 | Retain: 4.4% | Mask_X_Acc: 80.1% | Loss_Gen_adv: -0.250 | Loss_Gen_l1: +0.044 | Loss_Gen_p: +0.427 | W_Distance: +0.001 |
Epoch [140/1000] | Tau: 0.496 | Loss_C: +0.049 | Loss_P: +0.751 | Full_X_Acc: 86.8% | Loss_Gen: +0.183 | Retain: 4.3% | Mask_X_Acc: 80.1% | Loss_Gen_adv: -0.267 | Loss_Gen_l1: +0.043 | Loss_Gen_p: +0.428 | W_Distance: +0.006 |
Epoch [150/1000] | Tau: 0.471 | Loss_C: +0.038 | Loss_P: +0.747 | Full_X_Acc: 87.1% | Loss_Gen: +0.154 | Retain: 4.3% | Mask_X_Acc: 80.3% | Loss_Gen_adv: -0.293 | Loss_Gen_l1: +0.043 | Loss_Gen_p: +0.425 | W_Distance: +0.005 |
Epoch [160/1000] | Tau: 0.448 | Loss_C: +0.027 | Loss_P: +0.740 | Full_X_Acc: 87.5% | Loss_Gen: +0.140 | Retain: 4.2% | Mask_X_Acc: 80.4% | Loss_Gen_adv: -0.304 | Loss_Gen_l1: +0.042 | Loss_Gen_p: +0.423 | W_Distance: +0.007 |
Epoch [170/1000] | Tau: 0.427 | Loss_C: +0.021 | Loss_P: +0.736 | Full_X_Acc: 87.8% | Loss_Gen: +0.139 | Retain: 4.2% | Mask_X_Acc: 80.5% | Loss_Gen_adv: -0.313 | Loss_Gen_l1: +0.042 | Loss_Gen_p: +0.431 | W_Distance: +0.007 |
Epoch [180/1000] | Tau: 0.406 | Loss_C: +0.015 | Loss_P: +0.728 | Full_X_Acc: 87.8% | Loss_Gen: +0.116 | Retain: 4.1% | Mask_X_Acc: 80.2% | Loss_Gen_adv: -0.331 | Loss_Gen_l1: +0.041 | Loss_Gen_p: +0.427 | W_Distance: +0.007 |
Epoch [190/1000] | Tau: 0.386 | Loss_C: +0.011 | Loss_P: +0.731 | Full_X_Acc: 88.1% | Loss_Gen: +0.117 | Retain: 4.1% | Mask_X_Acc: 80.8% | Loss_Gen_adv: -0.334 | Loss_Gen_l1: +0.041 | Loss_Gen_p: +0.431 | W_Distance: +0.008 |
Epoch [200/1000] | Tau: 0.367 | Loss_C: +0.010 | Loss_P: +0.725 | Full_X_Acc: 88.5% | Loss_Gen: +0.127 | Retain: 4.1% | Mask_X_Acc: 80.7% | Loss_Gen_adv: -0.324 | Loss_Gen_l1: +0.041 | Loss_Gen_p: +0.430 | W_Distance: +0.007 |
Epoch [210/1000] | Tau: 0.349 | Loss_C: +0.006 | Loss_P: +0.721 | Full_X_Acc: 88.6% | Loss_Gen: +0.103 | Retain: 4.1% | Mask_X_Acc: 80.3% | Loss_Gen_adv: -0.341 | Loss_Gen_l1: +0.041 | Loss_Gen_p: +0.424 | W_Distance: +0.009 |
Epoch [220/1000] | Tau: 0.332 | Loss_C: +0.003 | Loss_P: +0.724 | Full_X_Acc: 88.6% | Loss_Gen: +0.126 | Retain: 4.1% | Mask_X_Acc: 79.8% | Loss_Gen_adv: -0.322 | Loss_Gen_l1: +0.041 | Loss_Gen_p: +0.428 | W_Distance: +0.010 |
Epoch [230/1000] | Tau: 0.316 | Loss_C: +0.004 | Loss_P: +0.712 | Full_X_Acc: 89.0% | Loss_Gen: +0.130 | Retain: 4.1% | Mask_X_Acc: 80.7% | Loss_Gen_adv: -0.318 | Loss_Gen_l1: +0.041 | Loss_Gen_p: +0.427 | W_Distance: +0.009 |
Epoch [240/1000] | Tau: 0.300 | Loss_C: +0.001 | Loss_P: +0.716 | Full_X_Acc: 89.1% | Loss_Gen: +0.143 | Retain: 4.1% | Mask_X_Acc: 80.2% | Loss_Gen_adv: -0.309 | Loss_Gen_l1: +0.041 | Loss_Gen_p: +0.432 | W_Distance: +0.010 |
Epoch [250/1000] | Tau: 0.286 | Loss_C: -0.000 | Loss_P: +0.710 | Full_X_Acc: 89.3% | Loss_Gen: +0.144 | Retain: 4.0% | Mask_X_Acc: 80.4% | Loss_Gen_adv: -0.304 | Loss_Gen_l1: +0.040 | Loss_Gen_p: +0.428 | W_Distance: +0.010 |
Epoch [260/1000] | Tau: 0.272 | Loss_C: -0.001 | Loss_P: +0.708 | Full_X_Acc: 89.2% | Loss_Gen: +0.161 | Retain: 4.0% | Mask_X_Acc: 80.3% | Loss_Gen_adv: -0.293 | Loss_Gen_l1: +0.040 | Loss_Gen_p: +0.434 | W_Distance: +0.011 |
Epoch [270/1000] | Tau: 0.258 | Loss_C: -0.002 | Loss_P: +0.708 | Full_X_Acc: 89.5% | Loss_Gen: +0.162 | Retain: 4.0% | Mask_X_Acc: 80.4% | Loss_Gen_adv: -0.289 | Loss_Gen_l1: +0.040 | Loss_Gen_p: +0.431 | W_Distance: +0.011 |
Epoch [280/1000] | Tau: 0.246 | Loss_C: -0.002 | Loss_P: +0.709 | Full_X_Acc: 89.5% | Loss_Gen: +0.165 | Retain: 4.0% | Mask_X_Acc: 80.3% | Loss_Gen_adv: -0.285 | Loss_Gen_l1: +0.040 | Loss_Gen_p: +0.430 | W_Distance: +0.010 |
Epoch [290/1000] | Tau: 0.234 | Loss_C: -0.004 | Loss_P: +0.704 | Full_X_Acc: 89.9% | Loss_Gen: +0.163 | Retain: 4.0% | Mask_X_Acc: 80.3% | Loss_Gen_adv: -0.290 | Loss_Gen_l1: +0.040 | Loss_Gen_p: +0.432 | W_Distance: +0.012 |
Epoch [300/1000] | Tau: 0.222 | Loss_C: -0.006 | Loss_P: +0.702 | Full_X_Acc: 89.7% | Loss_Gen: +0.141 | Retain: 4.0% | Mask_X_Acc: 80.4% | Loss_Gen_adv: -0.302 | Loss_Gen_l1: +0.040 | Loss_Gen_p: +0.422 | W_Distance: +0.014 |
Epoch [310/1000] | Tau: 0.211 | Loss_C: -0.006 | Loss_P: +0.702 | Full_X_Acc: 89.9% | Loss_Gen: +0.140 | Retain: 4.0% | Mask_X_Acc: 80.2% | Loss_Gen_adv: -0.311 | Loss_Gen_l1: +0.040 | Loss_Gen_p: +0.431 | W_Distance: +0.013 |
Epoch [320/1000] | Tau: 0.201 | Loss_C: -0.008 | Loss_P: +0.703 | Full_X_Acc: 90.0% | Loss_Gen: +0.141 | Retain: 4.0% | Mask_X_Acc: 80.2% | Loss_Gen_adv: -0.312 | Loss_Gen_l1: +0.040 | Loss_Gen_p: +0.433 | W_Distance: +0.014 |
Epoch [330/1000] | Tau: 0.191 | Loss_C: -0.008 | Loss_P: +0.699 | Full_X_Acc: 90.1% | Loss_Gen: +0.136 | Retain: 4.0% | Mask_X_Acc: 80.6% | Loss_Gen_adv: -0.311 | Loss_Gen_l1: +0.040 | Loss_Gen_p: +0.426 | W_Distance: +0.015 |
Epoch [340/1000] | Tau: 0.182 | Loss_C: -0.007 | Loss_P: +0.696 | Full_X_Acc: 90.2% | Loss_Gen: +0.136 | Retain: 4.0% | Mask_X_Acc: 80.0% | Loss_Gen_adv: -0.318 | Loss_Gen_l1: +0.040 | Loss_Gen_p: +0.433 | W_Distance: +0.013 |
Epoch [350/1000] | Tau: 0.173 | Loss_C: -0.010 | Loss_P: +0.697 | Full_X_Acc: 90.3% | Loss_Gen: +0.133 | Retain: 4.0% | Mask_X_Acc: 80.4% | Loss_Gen_adv: -0.322 | Loss_Gen_l1: +0.040 | Loss_Gen_p: +0.435 | W_Distance: +0.016 |
Epoch [360/1000] | Tau: 0.165 | Loss_C: -0.012 | Loss_P: +0.698 | Full_X_Acc: 90.4% | Loss_Gen: +0.119 | Retain: 4.0% | Mask_X_Acc: 80.4% | Loss_Gen_adv: -0.332 | Loss_Gen_l1: +0.040 | Loss_Gen_p: +0.431 | W_Distance: +0.017 |
Epoch [370/1000] | Tau: 0.157 | Loss_C: -0.012 | Loss_P: +0.692 | Full_X_Acc: 90.5% | Loss_Gen: +0.107 | Retain: 4.0% | Mask_X_Acc: 80.4% | Loss_Gen_adv: -0.344 | Loss_Gen_l1: +0.040 | Loss_Gen_p: +0.431 | W_Distance: +0.017 |
Epoch [380/1000] | Tau: 0.149 | Loss_C: -0.011 | Loss_P: +0.692 | Full_X_Acc: 90.6% | Loss_Gen: +0.103 | Retain: 4.0% | Mask_X_Acc: 80.6% | Loss_Gen_adv: -0.349 | Loss_Gen_l1: +0.040 | Loss_Gen_p: +0.432 | W_Distance: +0.015 |
Epoch [390/1000] | Tau: 0.142 | Loss_C: -0.010 | Loss_P: +0.686 | Full_X_Acc: 90.6% | Loss_Gen: +0.098 | Retain: 4.0% | Mask_X_Acc: 80.5% | Loss_Gen_adv: -0.356 | Loss_Gen_l1: +0.040 | Loss_Gen_p: +0.434 | W_Distance: +0.015 |
Epoch [400/1000] | Tau: 0.135 | Loss_C: -0.011 | Loss_P: +0.693 | Full_X_Acc: 90.6% | Loss_Gen: +0.101 | Retain: 4.0% | Mask_X_Acc: 80.1% | Loss_Gen_adv: -0.357 | Loss_Gen_l1: +0.040 | Loss_Gen_p: +0.438 | W_Distance: +0.016 |
Epoch [410/1000] | Tau: 0.128 | Loss_C: -0.013 | Loss_P: +0.687 | Full_X_Acc: 91.0% | Loss_Gen: +0.081 | Retain: 4.0% | Mask_X_Acc: 80.2% | Loss_Gen_adv: -0.370 | Loss_Gen_l1: +0.040 | Loss_Gen_p: +0.432 | W_Distance: +0.017 |
Epoch [420/1000] | Tau: 0.122 | Loss_C: -0.013 | Loss_P: +0.688 | Full_X_Acc: 90.9% | Loss_Gen: +0.076 | Retain: 4.0% | Mask_X_Acc: 80.3% | Loss_Gen_adv: -0.382 | Loss_Gen_l1: +0.040 | Loss_Gen_p: +0.438 | W_Distance: +0.018 |
Epoch [430/1000] | Tau: 0.116 | Loss_C: -0.015 | Loss_P: +0.686 | Full_X_Acc: 90.9% | Loss_Gen: +0.066 | Retain: 4.0% | Mask_X_Acc: 80.4% | Loss_Gen_adv: -0.390 | Loss_Gen_l1: +0.040 | Loss_Gen_p: +0.435 | W_Distance: +0.019 |
Epoch [440/1000] | Tau: 0.110 | Loss_C: -0.012 | Loss_P: +0.686 | Full_X_Acc: 91.2% | Loss_Gen: +0.052 | Retain: 4.0% | Mask_X_Acc: 80.7% | Loss_Gen_adv: -0.406 | Loss_Gen_l1: +0.040 | Loss_Gen_p: +0.437 | W_Distance: +0.016 |
Epoch [450/1000] | Tau: 0.105 | Loss_C: -0.016 | Loss_P: +0.684 | Full_X_Acc: 91.2% | Loss_Gen: +0.044 | Retain: 4.0% | Mask_X_Acc: 80.5% | Loss_Gen_adv: -0.412 | Loss_Gen_l1: +0.040 | Loss_Gen_p: +0.435 | W_Distance: +0.020 |
Epoch [460/1000] | Tau: 0.100 | Loss_C: -0.017 | Loss_P: +0.682 | Full_X_Acc: 91.1% | Loss_Gen: +0.028 | Retain: 4.0% | Mask_X_Acc: 80.8% | Loss_Gen_adv: -0.427 | Loss_Gen_l1: +0.040 | Loss_Gen_p: +0.435 | W_Distance: +0.021 |
Epoch [470/1000] | Tau: 0.100 | Loss_C: -0.016 | Loss_P: +0.686 | Full_X_Acc: 91.2% | Loss_Gen: +0.022 | Retain: 4.0% | Mask_X_Acc: 79.9% | Loss_Gen_adv: -0.436 | Loss_Gen_l1: +0.040 | Loss_Gen_p: +0.438 | W_Distance: +0.020 |
Epoch [480/1000] | Tau: 0.100 | Loss_C: -0.016 | Loss_P: +0.687 | Full_X_Acc: 91.3% | Loss_Gen: -0.003 | Retain: 4.0% | Mask_X_Acc: 80.6% | Loss_Gen_adv: -0.454 | Loss_Gen_l1: +0.040 | Loss_Gen_p: +0.431 | W_Distance: +0.020 |
Epoch [490/1000] | Tau: 0.100 | Loss_C: -0.015 | Loss_P: +0.681 | Full_X_Acc: 91.3% | Loss_Gen: -0.005 | Retain: 4.0% | Mask_X_Acc: 80.5% | Loss_Gen_adv: -0.460 | Loss_Gen_l1: +0.040 | Loss_Gen_p: +0.435 | W_Distance: +0.019 |
Epoch [500/1000] | Tau: 0.100 | Loss_C: -0.019 | Loss_P: +0.684 | Full_X_Acc: 91.5% | Loss_Gen: -0.013 | Retain: 4.0% | Mask_X_Acc: 80.5% | Loss_Gen_adv: -0.472 | Loss_Gen_l1: +0.040 | Loss_Gen_p: +0.438 | W_Distance: +0.023 |
Epoch [510/1000] | Tau: 0.100 | Loss_C: -0.017 | Loss_P: +0.680 | Full_X_Acc: 91.4% | Loss_Gen: -0.024 | Retain: 4.0% | Mask_X_Acc: 80.1% | Loss_Gen_adv: -0.484 | Loss_Gen_l1: +0.040 | Loss_Gen_p: +0.440 | W_Distance: +0.021 |
Epoch [520/1000] | Tau: 0.100 | Loss_C: -0.017 | Loss_P: +0.684 | Full_X_Acc: 91.7% | Loss_Gen: -0.026 | Retain: 4.0% | Mask_X_Acc: 80.0% | Loss_Gen_adv: -0.483 | Loss_Gen_l1: +0.040 | Loss_Gen_p: +0.437 | W_Distance: +0.021 |
Epoch [530/1000] | Tau: 0.100 | Loss_C: -0.017 | Loss_P: +0.681 | Full_X_Acc: 91.7% | Loss_Gen: -0.035 | Retain: 4.0% | Mask_X_Acc: 80.3% | Loss_Gen_adv: -0.494 | Loss_Gen_l1: +0.040 | Loss_Gen_p: +0.439 | W_Distance: +0.020 |
Epoch [540/1000] | Tau: 0.100 | Loss_C: -0.017 | Loss_P: +0.682 | Full_X_Acc: 91.6% | Loss_Gen: -0.033 | Retain: 4.0% | Mask_X_Acc: 80.2% | Loss_Gen_adv: -0.492 | Loss_Gen_l1: +0.040 | Loss_Gen_p: +0.439 | W_Distance: +0.021 |
Epoch [550/1000] | Tau: 0.100 | Loss_C: -0.015 | Loss_P: +0.682 | Full_X_Acc: 91.5% | Loss_Gen: -0.049 | Retain: 4.0% | Mask_X_Acc: 80.6% | Loss_Gen_adv: -0.508 | Loss_Gen_l1: +0.040 | Loss_Gen_p: +0.439 | W_Distance: +0.018 |
Epoch [560/1000] | Tau: 0.100 | Loss_C: -0.020 | Loss_P: +0.677 | Full_X_Acc: 91.8% | Loss_Gen: -0.056 | Retain: 4.0% | Mask_X_Acc: 80.5% | Loss_Gen_adv: -0.515 | Loss_Gen_l1: +0.040 | Loss_Gen_p: +0.439 | W_Distance: +0.024 |
Epoch [570/1000] | Tau: 0.100 | Loss_C: -0.017 | Loss_P: +0.685 | Full_X_Acc: 91.9% | Loss_Gen: -0.052 | Retain: 4.0% | Mask_X_Acc: 80.3% | Loss_Gen_adv: -0.513 | Loss_Gen_l1: +0.040 | Loss_Gen_p: +0.441 | W_Distance: +0.021 |
Epoch [580/1000] | Tau: 0.100 | Loss_C: -0.017 | Loss_P: +0.671 | Full_X_Acc: 91.9% | Loss_Gen: -0.053 | Retain: 4.0% | Mask_X_Acc: 80.4% | Loss_Gen_adv: -0.511 | Loss_Gen_l1: +0.040 | Loss_Gen_p: +0.438 | W_Distance: +0.021 |
Epoch [590/1000] | Tau: 0.100 | Loss_C: -0.017 | Loss_P: +0.672 | Full_X_Acc: 91.9% | Loss_Gen: -0.057 | Retain: 4.0% | Mask_X_Acc: 80.2% | Loss_Gen_adv: -0.519 | Loss_Gen_l1: +0.040 | Loss_Gen_p: +0.442 | W_Distance: +0.021 |
Epoch [600/1000] | Tau: 0.100 | Loss_C: -0.020 | Loss_P: +0.674 | Full_X_Acc: 92.0% | Loss_Gen: -0.064 | Retain: 4.0% | Mask_X_Acc: 80.1% | Loss_Gen_adv: -0.521 | Loss_Gen_l1: +0.040 | Loss_Gen_p: +0.437 | W_Distance: +0.024 |
Epoch [610/1000] | Tau: 0.100 | Loss_C: -0.020 | Loss_P: +0.681 | Full_X_Acc: 91.9% | Loss_Gen: -0.063 | Retain: 4.0% | Mask_X_Acc: 79.8% | Loss_Gen_adv: -0.522 | Loss_Gen_l1: +0.040 | Loss_Gen_p: +0.439 | W_Distance: +0.023 |
Epoch [620/1000] | Tau: 0.100 | Loss_C: -0.019 | Loss_P: +0.676 | Full_X_Acc: 92.1% | Loss_Gen: -0.066 | Retain: 4.0% | Mask_X_Acc: 80.4% | Loss_Gen_adv: -0.524 | Loss_Gen_l1: +0.040 | Loss_Gen_p: +0.439 | W_Distance: +0.023 |
Epoch [630/1000] | Tau: 0.100 | Loss_C: -0.021 | Loss_P: +0.680 | Full_X_Acc: 92.1% | Loss_Gen: -0.072 | Retain: 4.0% | Mask_X_Acc: 80.1% | Loss_Gen_adv: -0.535 | Loss_Gen_l1: +0.040 | Loss_Gen_p: +0.442 | W_Distance: +0.024 |
Epoch [640/1000] | Tau: 0.100 | Loss_C: -0.021 | Loss_P: +0.675 | Full_X_Acc: 92.2% | Loss_Gen: -0.084 | Retain: 4.0% | Mask_X_Acc: 80.3% | Loss_Gen_adv: -0.545 | Loss_Gen_l1: +0.040 | Loss_Gen_p: +0.442 | W_Distance: +0.025 |
Epoch [650/1000] | Tau: 0.100 | Loss_C: -0.021 | Loss_P: +0.678 | Full_X_Acc: 92.3% | Loss_Gen: -0.081 | Retain: 4.0% | Mask_X_Acc: 80.6% | Loss_Gen_adv: -0.539 | Loss_Gen_l1: +0.040 | Loss_Gen_p: +0.438 | W_Distance: +0.024 |
Epoch [660/1000] | Tau: 0.100 | Loss_C: -0.021 | Loss_P: +0.671 | Full_X_Acc: 92.2% | Loss_Gen: -0.074 | Retain: 4.0% | Mask_X_Acc: 79.9% | Loss_Gen_adv: -0.538 | Loss_Gen_l1: +0.040 | Loss_Gen_p: +0.443 | W_Distance: +0.025 |
Epoch [670/1000] | Tau: 0.100 | Loss_C: -0.024 | Loss_P: +0.669 | Full_X_Acc: 92.3% | Loss_Gen: -0.071 | Retain: 4.0% | Mask_X_Acc: 80.6% | Loss_Gen_adv: -0.531 | Loss_Gen_l1: +0.040 | Loss_Gen_p: +0.440 | W_Distance: +0.027 |
Epoch [680/1000] | Tau: 0.100 | Loss_C: -0.021 | Loss_P: +0.670 | Full_X_Acc: 92.2% | Loss_Gen: -0.071 | Retain: 4.0% | Mask_X_Acc: 79.9% | Loss_Gen_adv: -0.536 | Loss_Gen_l1: +0.040 | Loss_Gen_p: +0.444 | W_Distance: +0.024 |
Epoch [690/1000] | Tau: 0.100 | Loss_C: -0.020 | Loss_P: +0.669 | Full_X_Acc: 92.3% | Loss_Gen: -0.084 | Retain: 4.0% | Mask_X_Acc: 80.4% | Loss_Gen_adv: -0.543 | Loss_Gen_l1: +0.040 | Loss_Gen_p: +0.438 | W_Distance: +0.023 |
Epoch [700/1000] | Tau: 0.100 | Loss_C: -0.021 | Loss_P: +0.671 | Full_X_Acc: 92.2% | Loss_Gen: -0.075 | Retain: 4.0% | Mask_X_Acc: 80.3% | Loss_Gen_adv: -0.536 | Loss_Gen_l1: +0.040 | Loss_Gen_p: +0.441 | W_Distance: +0.024 |
Epoch [710/1000] | Tau: 0.100 | Loss_C: -0.022 | Loss_P: +0.671 | Full_X_Acc: 92.4% | Loss_Gen: -0.070 | Retain: 4.0% | Mask_X_Acc: 80.2% | Loss_Gen_adv: -0.535 | Loss_Gen_l1: +0.040 | Loss_Gen_p: +0.445 | W_Distance: +0.026 |
Epoch [720/1000] | Tau: 0.100 | Loss_C: -0.023 | Loss_P: +0.670 | Full_X_Acc: 92.6% | Loss_Gen: -0.087 | Retain: 4.0% | Mask_X_Acc: 80.4% | Loss_Gen_adv: -0.549 | Loss_Gen_l1: +0.040 | Loss_Gen_p: +0.442 | W_Distance: +0.026 |
Epoch [730/1000] | Tau: 0.100 | Loss_C: -0.022 | Loss_P: +0.674 | Full_X_Acc: 92.5% | Loss_Gen: -0.074 | Retain: 4.0% | Mask_X_Acc: 80.0% | Loss_Gen_adv: -0.537 | Loss_Gen_l1: +0.040 | Loss_Gen_p: +0.443 | W_Distance: +0.025 |
Epoch [740/1000] | Tau: 0.100 | Loss_C: -0.021 | Loss_P: +0.668 | Full_X_Acc: 92.6% | Loss_Gen: -0.075 | Retain: 4.0% | Mask_X_Acc: 80.2% | Loss_Gen_adv: -0.537 | Loss_Gen_l1: +0.040 | Loss_Gen_p: +0.442 | W_Distance: +0.024 |
Epoch [750/1000] | Tau: 0.100 | Loss_C: -0.019 | Loss_P: +0.667 | Full_X_Acc: 92.5% | Loss_Gen: -0.076 | Retain: 4.0% | Mask_X_Acc: 80.2% | Loss_Gen_adv: -0.538 | Loss_Gen_l1: +0.040 | Loss_Gen_p: +0.442 | W_Distance: +0.022 |
Epoch [760/1000] | Tau: 0.100 | Loss_C: -0.024 | Loss_P: +0.673 | Full_X_Acc: 92.6% | Loss_Gen: -0.073 | Retain: 4.0% | Mask_X_Acc: 80.3% | Loss_Gen_adv: -0.537 | Loss_Gen_l1: +0.040 | Loss_Gen_p: +0.444 | W_Distance: +0.027 |
Epoch [770/1000] | Tau: 0.100 | Loss_C: -0.024 | Loss_P: +0.669 | Full_X_Acc: 92.8% | Loss_Gen: -0.073 | Retain: 4.0% | Mask_X_Acc: 80.2% | Loss_Gen_adv: -0.537 | Loss_Gen_l1: +0.040 | Loss_Gen_p: +0.444 | W_Distance: +0.027 |
Epoch [780/1000] | Tau: 0.100 | Loss_C: -0.021 | Loss_P: +0.671 | Full_X_Acc: 92.8% | Loss_Gen: -0.069 | Retain: 4.0% | Mask_X_Acc: 80.1% | Loss_Gen_adv: -0.530 | Loss_Gen_l1: +0.040 | Loss_Gen_p: +0.441 | W_Distance: +0.024 |
Epoch [790/1000] | Tau: 0.100 | Loss_C: -0.019 | Loss_P: +0.667 | Full_X_Acc: 92.7% | Loss_Gen: -0.066 | Retain: 4.0% | Mask_X_Acc: 80.4% | Loss_Gen_adv: -0.529 | Loss_Gen_l1: +0.040 | Loss_Gen_p: +0.442 | W_Distance: +0.023 |
Epoch [800/1000] | Tau: 0.100 | Loss_C: -0.021 | Loss_P: +0.667 | Full_X_Acc: 92.7% | Loss_Gen: -0.057 | Retain: 4.0% | Mask_X_Acc: 79.8% | Loss_Gen_adv: -0.528 | Loss_Gen_l1: +0.040 | Loss_Gen_p: +0.451 | W_Distance: +0.024 |
Epoch [810/1000] | Tau: 0.100 | Loss_C: -0.022 | Loss_P: +0.674 | Full_X_Acc: 92.8% | Loss_Gen: -0.072 | Retain: 4.0% | Mask_X_Acc: 80.3% | Loss_Gen_adv: -0.534 | Loss_Gen_l1: +0.040 | Loss_Gen_p: +0.442 | W_Distance: +0.026 |
Epoch [820/1000] | Tau: 0.100 | Loss_C: -0.021 | Loss_P: +0.670 | Full_X_Acc: 92.7% | Loss_Gen: -0.063 | Retain: 4.0% | Mask_X_Acc: 80.1% | Loss_Gen_adv: -0.525 | Loss_Gen_l1: +0.040 | Loss_Gen_p: +0.441 | W_Distance: +0.025 |
Epoch [830/1000] | Tau: 0.100 | Loss_C: -0.020 | Loss_P: +0.665 | Full_X_Acc: 92.5% | Loss_Gen: -0.059 | Retain: 4.0% | Mask_X_Acc: 80.1% | Loss_Gen_adv: -0.520 | Loss_Gen_l1: +0.040 | Loss_Gen_p: +0.442 | W_Distance: +0.023 |
Epoch [840/1000] | Tau: 0.100 | Loss_C: -0.020 | Loss_P: +0.662 | Full_X_Acc: 92.8% | Loss_Gen: -0.053 | Retain: 4.0% | Mask_X_Acc: 80.2% | Loss_Gen_adv: -0.522 | Loss_Gen_l1: +0.040 | Loss_Gen_p: +0.449 | W_Distance: +0.023 |
Epoch [850/1000] | Tau: 0.100 | Loss_C: -0.023 | Loss_P: +0.664 | Full_X_Acc: 92.9% | Loss_Gen: -0.060 | Retain: 4.0% | Mask_X_Acc: 80.0% | Loss_Gen_adv: -0.524 | Loss_Gen_l1: +0.040 | Loss_Gen_p: +0.445 | W_Distance: +0.026 |
Epoch [860/1000] | Tau: 0.100 | Loss_C: -0.023 | Loss_P: +0.667 | Full_X_Acc: 92.9% | Loss_Gen: -0.063 | Retain: 4.0% | Mask_X_Acc: 80.2% | Loss_Gen_adv: -0.526 | Loss_Gen_l1: +0.040 | Loss_Gen_p: +0.443 | W_Distance: +0.026 |
Epoch [870/1000] | Tau: 0.100 | Loss_C: -0.023 | Loss_P: +0.668 | Full_X_Acc: 92.9% | Loss_Gen: -0.063 | Retain: 4.0% | Mask_X_Acc: 80.4% | Loss_Gen_adv: -0.524 | Loss_Gen_l1: +0.040 | Loss_Gen_p: +0.441 | W_Distance: +0.026 |
Epoch [880/1000] | Tau: 0.100 | Loss_C: -0.023 | Loss_P: +0.667 | Full_X_Acc: 92.9% | Loss_Gen: -0.061 | Retain: 4.0% | Mask_X_Acc: 80.4% | Loss_Gen_adv: -0.526 | Loss_Gen_l1: +0.040 | Loss_Gen_p: +0.445 | W_Distance: +0.026 |
Epoch [890/1000] | Tau: 0.100 | Loss_C: -0.022 | Loss_P: +0.662 | Full_X_Acc: 93.1% | Loss_Gen: -0.060 | Retain: 4.0% | Mask_X_Acc: 80.0% | Loss_Gen_adv: -0.531 | Loss_Gen_l1: +0.040 | Loss_Gen_p: +0.451 | W_Distance: +0.025 |
Epoch [900/1000] | Tau: 0.100 | Loss_C: -0.023 | Loss_P: +0.664 | Full_X_Acc: 93.0% | Loss_Gen: -0.062 | Retain: 4.0% | Mask_X_Acc: 79.9% | Loss_Gen_adv: -0.529 | Loss_Gen_l1: +0.040 | Loss_Gen_p: +0.448 | W_Distance: +0.026 |
Epoch [910/1000] | Tau: 0.100 | Loss_C: -0.025 | Loss_P: +0.666 | Full_X_Acc: 93.1% | Loss_Gen: -0.059 | Retain: 4.0% | Mask_X_Acc: 79.5% | Loss_Gen_adv: -0.523 | Loss_Gen_l1: +0.040 | Loss_Gen_p: +0.445 | W_Distance: +0.028 |
Epoch [920/1000] | Tau: 0.100 | Loss_C: -0.025 | Loss_P: +0.663 | Full_X_Acc: 93.2% | Loss_Gen: -0.065 | Retain: 4.0% | Mask_X_Acc: 80.2% | Loss_Gen_adv: -0.529 | Loss_Gen_l1: +0.040 | Loss_Gen_p: +0.444 | W_Distance: +0.028 |
Epoch [930/1000] | Tau: 0.100 | Loss_C: -0.027 | Loss_P: +0.666 | Full_X_Acc: 93.1% | Loss_Gen: -0.075 | Retain: 4.0% | Mask_X_Acc: 80.2% | Loss_Gen_adv: -0.535 | Loss_Gen_l1: +0.040 | Loss_Gen_p: +0.440 | W_Distance: +0.030 |
Epoch [940/1000] | Tau: 0.100 | Loss_C: -0.023 | Loss_P: +0.663 | Full_X_Acc: 93.2% | Loss_Gen: -0.066 | Retain: 4.0% | Mask_X_Acc: 80.1% | Loss_Gen_adv: -0.529 | Loss_Gen_l1: +0.040 | Loss_Gen_p: +0.444 | W_Distance: +0.026 |
Epoch [950/1000] | Tau: 0.100 | Loss_C: -0.020 | Loss_P: +0.664 | Full_X_Acc: 93.2% | Loss_Gen: -0.058 | Retain: 4.0% | Mask_X_Acc: 80.2% | Loss_Gen_adv: -0.530 | Loss_Gen_l1: +0.040 | Loss_Gen_p: +0.451 | W_Distance: +0.023 |
Epoch [960/1000] | Tau: 0.100 | Loss_C: -0.023 | Loss_P: +0.665 | Full_X_Acc: 93.3% | Loss_Gen: -0.056 | Retain: 4.0% | Mask_X_Acc: 79.7% | Loss_Gen_adv: -0.526 | Loss_Gen_l1: +0.040 | Loss_Gen_p: +0.450 | W_Distance: +0.026 |
Epoch [970/1000] | Tau: 0.100 | Loss_C: -0.024 | Loss_P: +0.665 | Full_X_Acc: 93.3% | Loss_Gen: -0.063 | Retain: 4.0% | Mask_X_Acc: 79.9% | Loss_Gen_adv: -0.530 | Loss_Gen_l1: +0.040 | Loss_Gen_p: +0.448 | W_Distance: +0.027 |
Epoch [980/1000] | Tau: 0.100 | Loss_C: -0.024 | Loss_P: +0.656 | Full_X_Acc: 93.3% | Loss_Gen: -0.055 | Retain: 4.0% | Mask_X_Acc: 80.2% | Loss_Gen_adv: -0.525 | Loss_Gen_l1: +0.040 | Loss_Gen_p: +0.451 | W_Distance: +0.026 |
Epoch [990/1000] | Tau: 0.100 | Loss_C: -0.024 | Loss_P: +0.660 | Full_X_Acc: 93.4% | Loss_Gen: -0.059 | Retain: 4.0% | Mask_X_Acc: 80.0% | Loss_Gen_adv: -0.522 | Loss_Gen_l1: +0.040 | Loss_Gen_p: +0.444 | W_Distance: +0.027 |
Epoch [1000/1000] | Tau: 0.100 | Loss_C: -0.025 | Loss_P: +0.663 | Full_X_Acc: 93.4% | Loss_Gen: -0.065 | Retain: 4.0% | Mask_X_Acc: 80.4% | Loss_Gen_adv: -0.524 | Loss_Gen_l1: +0.040 | Loss_Gen_p: +0.440 | W_Distance: +0.028 |
[Export] 训练历史已保存至 'output/run_20260718_010524/history.npz'

[System] 开始在测试集上进行推理评估...
==================================================
🎯 测试集推理报告 (Shared Architecture)
==================================================
• 测试集准确率:     78.92%
• TPR (召回率):     99.89%
• FDR (误发现率):   0.00%
• 平均保留特征数量: 4.0 / 100
• 整体保留率:       4.00%
--------------------------------------------------
🧩 Top 12 最常被选中的特征
--------------------------------------------------
Top 01: 特征 Index 008 | 被选次数: 4000 次 (100.0%) | ★ [真实关联]
Top 02: 特征 Index 006 | 被选次数: 3999 次 (100.0%) | ★ [真实关联]
Top 03: 特征 Index 009 | 被选次数: 3998 次 ( 99.9%) | ★ [真实关联]
Top 04: 特征 Index 007 | 被选次数: 3985 次 ( 99.6%) | ★ [真实关联]
Top 05: 特征 Index 095 | 被选次数:    0 次 (  0.0%) |   [纯噪声]
Top 06: 特征 Index 094 | 被选次数:    0 次 (  0.0%) |   [纯噪声]
Top 07: 特征 Index 093 | 被选次数:    0 次 (  0.0%) |   [纯噪声]
Top 08: 特征 Index 092 | 被选次数:    0 次 (  0.0%) |   [纯噪声]
Top 09: 特征 Index 091 | 被选次数:    0 次 (  0.0%) |   [纯噪声]
Top 10: 特征 Index 090 | 被选次数:    0 次 (  0.0%) |   [纯噪声]
Top 11: 特征 Index 089 | 被选次数:    0 次 (  0.0%) |   [纯噪声]
Top 12: 特征 Index 088 | 被选次数:    0 次 (  0.0%) |   [纯噪声]
==================================================
[Export] 测试集数组已保存至 'output/run_20260718_010524/test_arrays.npz'
[Export] 特征索引已保存至 'output/run_20260718_010524/selected_feature_indices.npy'
[Export] 模型权重已保存至 'output/run_20260718_010524/generator_model.pth'

[Visualization] 运行双视角 t-SNE 降维 (样本数: 4000)...
[Visualization] 降维: 原始掩码特征 (Before Ext)...
[Visualization] 降维: 隐空间特征 (After Ext)...
[Visualization] 对比 t-SNE 已保存至: 'output/run_20260718_010524/fig3_tsne_comparison.png'

