[系统] 输出目录：output\run_20260914_172302_742505
[系统] 计算设备：cuda

[训练] 开始训练 ALTAS 模型
C:\Users\caoyi\miniconda3\envs\ml\Lib\site-packages\torch\autograd\graph.py:824: UserWarning: Attempting to run cuBLAS, but there was no current CUDA context! Attempting to set the primary context... (Triggered internally at C:\actions-runner\_work\pytorch\pytorch\pytorch\aten\src\ATen\cuda\CublasHandlePool.cpp:181.)
  return Variable._execution_engine.run_backward(  # Calls into the C++ engine to run the backward pass
Epoch [0010/1000] | Temp: 0.951 | Critic: +0.059 | Predictor: +0.983 | Full acc: 64.8% | Generator: +0.826 | Retain: 46.8% | Masked acc: 57.0% | W-distance: +0.001
Epoch [0020/1000] | Temp: 0.905 | Critic: +0.054 | Predictor: +0.953 | Full acc: 66.4% | Generator: +0.814 | Retain: 42.6% | Masked acc: 57.2% | W-distance: -0.001
Epoch [0030/1000] | Temp: 0.860 | Critic: +0.043 | Predictor: +0.928 | Full acc: 67.2% | Generator: +0.796 | Retain: 36.9% | Masked acc: 58.5% | W-distance: +0.002
Epoch [0040/1000] | Temp: 0.818 | Critic: +0.044 | Predictor: +0.912 | Full acc: 67.9% | Generator: +0.773 | Retain: 29.8% | Masked acc: 59.0% | W-distance: +0.003
Epoch [0050/1000] | Temp: 0.778 | Critic: +0.045 | Predictor: +0.893 | Full acc: 68.3% | Generator: +0.738 | Retain: 22.5% | Masked acc: 59.2% | W-distance: +0.005
Epoch [0060/1000] | Temp: 0.740 | Critic: +0.035 | Predictor: +0.878 | Full acc: 69.8% | Generator: +0.705 | Retain: 16.3% | Masked acc: 60.0% | W-distance: +0.002
Epoch [0070/1000] | Temp: 0.704 | Critic: +0.019 | Predictor: +0.855 | Full acc: 70.3% | Generator: +0.680 | Retain: 11.9% | Masked acc: 62.3% | W-distance: +0.006
Epoch [0080/1000] | Temp: 0.670 | Critic: +0.010 | Predictor: +0.840 | Full acc: 71.2% | Generator: +0.661 | Retain: 9.3% | Masked acc: 62.5% | W-distance: +0.005
Epoch [0090/1000] | Temp: 0.637 | Critic: +0.005 | Predictor: +0.826 | Full acc: 71.9% | Generator: +0.653 | Retain: 7.6% | Masked acc: 62.8% | W-distance: +0.006
Epoch [0100/1000] | Temp: 0.606 | Critic: +0.000 | Predictor: +0.817 | Full acc: 72.5% | Generator: +0.648 | Retain: 6.7% | Masked acc: 63.2% | W-distance: +0.006
Epoch [0110/1000] | Temp: 0.576 | Critic: -0.003 | Predictor: +0.810 | Full acc: 73.3% | Generator: +0.647 | Retain: 6.0% | Masked acc: 63.8% | W-distance: +0.007
Epoch [0120/1000] | Temp: 0.548 | Critic: -0.005 | Predictor: +0.798 | Full acc: 74.0% | Generator: +0.647 | Retain: 5.6% | Masked acc: 62.9% | W-distance: +0.009
Epoch [0130/1000] | Temp: 0.521 | Critic: -0.007 | Predictor: +0.791 | Full acc: 74.5% | Generator: +0.647 | Retain: 5.3% | Masked acc: 62.7% | W-distance: +0.010
Epoch [0140/1000] | Temp: 0.496 | Critic: -0.008 | Predictor: +0.791 | Full acc: 75.1% | Generator: +0.649 | Retain: 5.1% | Masked acc: 63.4% | W-distance: +0.010
Epoch [0150/1000] | Temp: 0.471 | Critic: -0.011 | Predictor: +0.782 | Full acc: 75.5% | Generator: +0.649 | Retain: 4.9% | Masked acc: 63.3% | W-distance: +0.013
Epoch [0160/1000] | Temp: 0.448 | Critic: -0.011 | Predictor: +0.779 | Full acc: 76.1% | Generator: +0.650 | Retain: 4.8% | Masked acc: 63.3% | W-distance: +0.013
Epoch [0170/1000] | Temp: 0.427 | Critic: -0.011 | Predictor: +0.774 | Full acc: 76.6% | Generator: +0.660 | Retain: 4.7% | Masked acc: 63.3% | W-distance: +0.014
Epoch [0180/1000] | Temp: 0.406 | Critic: -0.014 | Predictor: +0.769 | Full acc: 76.9% | Generator: +0.656 | Retain: 4.6% | Masked acc: 63.0% | W-distance: +0.016
Epoch [0190/1000] | Temp: 0.386 | Critic: -0.015 | Predictor: +0.768 | Full acc: 77.1% | Generator: +0.658 | Retain: 4.5% | Masked acc: 62.8% | W-distance: +0.017
Epoch [0200/1000] | Temp: 0.367 | Critic: -0.013 | Predictor: +0.765 | Full acc: 77.5% | Generator: +0.652 | Retain: 4.5% | Masked acc: 62.6% | W-distance: +0.015
Epoch [0210/1000] | Temp: 0.349 | Critic: -0.017 | Predictor: +0.760 | Full acc: 77.9% | Generator: +0.664 | Retain: 4.4% | Masked acc: 62.9% | W-distance: +0.019
Epoch [0220/1000] | Temp: 0.332 | Critic: -0.018 | Predictor: +0.757 | Full acc: 78.3% | Generator: +0.664 | Retain: 4.4% | Masked acc: 63.1% | W-distance: +0.020
Epoch [0230/1000] | Temp: 0.316 | Critic: -0.017 | Predictor: +0.761 | Full acc: 78.4% | Generator: +0.669 | Retain: 4.4% | Masked acc: 62.4% | W-distance: +0.020
Epoch [0240/1000] | Temp: 0.300 | Critic: -0.018 | Predictor: +0.752 | Full acc: 78.5% | Generator: +0.671 | Retain: 4.3% | Masked acc: 63.6% | W-distance: +0.020
Epoch [0250/1000] | Temp: 0.286 | Critic: -0.019 | Predictor: +0.753 | Full acc: 78.8% | Generator: +0.674 | Retain: 4.3% | Masked acc: 62.2% | W-distance: +0.022
Epoch [0260/1000] | Temp: 0.272 | Critic: -0.018 | Predictor: +0.752 | Full acc: 79.5% | Generator: +0.674 | Retain: 4.3% | Masked acc: 62.6% | W-distance: +0.021
Epoch [0270/1000] | Temp: 0.258 | Critic: -0.020 | Predictor: +0.744 | Full acc: 79.4% | Generator: +0.668 | Retain: 4.3% | Masked acc: 62.3% | W-distance: +0.022
Epoch [0280/1000] | Temp: 0.246 | Critic: -0.018 | Predictor: +0.742 | Full acc: 79.6% | Generator: +0.673 | Retain: 4.2% | Masked acc: 62.8% | W-distance: +0.021
Epoch [0290/1000] | Temp: 0.234 | Critic: -0.020 | Predictor: +0.743 | Full acc: 79.9% | Generator: +0.674 | Retain: 4.2% | Masked acc: 62.7% | W-distance: +0.023
Epoch [0300/1000] | Temp: 0.222 | Critic: -0.020 | Predictor: +0.737 | Full acc: 79.8% | Generator: +0.678 | Retain: 4.2% | Masked acc: 63.2% | W-distance: +0.023
Epoch [0310/1000] | Temp: 0.211 | Critic: -0.021 | Predictor: +0.736 | Full acc: 80.2% | Generator: +0.679 | Retain: 4.2% | Masked acc: 62.4% | W-distance: +0.024
Epoch [0320/1000] | Temp: 0.201 | Critic: -0.022 | Predictor: +0.735 | Full acc: 80.4% | Generator: +0.686 | Retain: 4.2% | Masked acc: 62.8% | W-distance: +0.025
Epoch [0330/1000] | Temp: 0.191 | Critic: -0.023 | Predictor: +0.732 | Full acc: 80.3% | Generator: +0.686 | Retain: 4.2% | Masked acc: 62.6% | W-distance: +0.026
Epoch [0340/1000] | Temp: 0.182 | Critic: -0.023 | Predictor: +0.735 | Full acc: 81.0% | Generator: +0.685 | Retain: 4.2% | Masked acc: 62.4% | W-distance: +0.026
Epoch [0350/1000] | Temp: 0.173 | Critic: -0.023 | Predictor: +0.730 | Full acc: 81.0% | Generator: +0.691 | Retain: 4.1% | Masked acc: 62.5% | W-distance: +0.026
Epoch [0360/1000] | Temp: 0.165 | Critic: -0.022 | Predictor: +0.732 | Full acc: 81.2% | Generator: +0.692 | Retain: 4.1% | Masked acc: 62.2% | W-distance: +0.025
Epoch [0370/1000] | Temp: 0.157 | Critic: -0.023 | Predictor: +0.729 | Full acc: 81.1% | Generator: +0.694 | Retain: 4.1% | Masked acc: 63.3% | W-distance: +0.026
Epoch [0380/1000] | Temp: 0.149 | Critic: -0.024 | Predictor: +0.729 | Full acc: 81.9% | Generator: +0.687 | Retain: 4.1% | Masked acc: 62.8% | W-distance: +0.027
Epoch [0390/1000] | Temp: 0.142 | Critic: -0.023 | Predictor: +0.726 | Full acc: 82.0% | Generator: +0.688 | Retain: 4.1% | Masked acc: 62.9% | W-distance: +0.025
Epoch [0400/1000] | Temp: 0.135 | Critic: -0.026 | Predictor: +0.723 | Full acc: 81.4% | Generator: +0.687 | Retain: 4.1% | Masked acc: 62.2% | W-distance: +0.029
Epoch [0410/1000] | Temp: 0.128 | Critic: -0.026 | Predictor: +0.722 | Full acc: 81.8% | Generator: +0.694 | Retain: 4.1% | Masked acc: 63.1% | W-distance: +0.028
Epoch [0420/1000] | Temp: 0.122 | Critic: -0.025 | Predictor: +0.720 | Full acc: 82.4% | Generator: +0.689 | Retain: 4.1% | Masked acc: 63.0% | W-distance: +0.028
Epoch [0430/1000] | Temp: 0.116 | Critic: -0.026 | Predictor: +0.724 | Full acc: 81.9% | Generator: +0.692 | Retain: 4.1% | Masked acc: 62.3% | W-distance: +0.029
Epoch [0440/1000] | Temp: 0.110 | Critic: -0.028 | Predictor: +0.721 | Full acc: 81.9% | Generator: +0.684 | Retain: 4.1% | Masked acc: 62.8% | W-distance: +0.031
Epoch [0450/1000] | Temp: 0.105 | Critic: -0.027 | Predictor: +0.722 | Full acc: 82.6% | Generator: +0.695 | Retain: 4.1% | Masked acc: 62.4% | W-distance: +0.030
Epoch [0460/1000] | Temp: 0.100 | Critic: -0.027 | Predictor: +0.722 | Full acc: 82.4% | Generator: +0.693 | Retain: 4.1% | Masked acc: 62.6% | W-distance: +0.029
Epoch [0470/1000] | Temp: 0.100 | Critic: -0.028 | Predictor: +0.717 | Full acc: 82.7% | Generator: +0.699 | Retain: 4.1% | Masked acc: 62.7% | W-distance: +0.031
Epoch [0480/1000] | Temp: 0.100 | Critic: -0.027 | Predictor: +0.715 | Full acc: 82.9% | Generator: +0.685 | Retain: 4.1% | Masked acc: 63.1% | W-distance: +0.030
Epoch [0490/1000] | Temp: 0.100 | Critic: -0.027 | Predictor: +0.715 | Full acc: 83.1% | Generator: +0.690 | Retain: 4.1% | Masked acc: 62.4% | W-distance: +0.030
Epoch [0500/1000] | Temp: 0.100 | Critic: -0.028 | Predictor: +0.715 | Full acc: 83.0% | Generator: +0.694 | Retain: 4.1% | Masked acc: 62.0% | W-distance: +0.030
Epoch [0510/1000] | Temp: 0.100 | Critic: -0.029 | Predictor: +0.716 | Full acc: 83.2% | Generator: +0.690 | Retain: 4.1% | Masked acc: 62.7% | W-distance: +0.032
Epoch [0520/1000] | Temp: 0.100 | Critic: -0.028 | Predictor: +0.716 | Full acc: 83.6% | Generator: +0.705 | Retain: 4.0% | Masked acc: 62.6% | W-distance: +0.031
Epoch [0530/1000] | Temp: 0.100 | Critic: -0.027 | Predictor: +0.716 | Full acc: 83.6% | Generator: +0.694 | Retain: 4.0% | Masked acc: 62.3% | W-distance: +0.030
Epoch [0540/1000] | Temp: 0.100 | Critic: -0.026 | Predictor: +0.711 | Full acc: 83.7% | Generator: +0.706 | Retain: 4.0% | Masked acc: 62.8% | W-distance: +0.029
Epoch [0550/1000] | Temp: 0.100 | Critic: -0.027 | Predictor: +0.715 | Full acc: 83.8% | Generator: +0.694 | Retain: 4.0% | Masked acc: 62.5% | W-distance: +0.030
Epoch [0560/1000] | Temp: 0.100 | Critic: -0.029 | Predictor: +0.710 | Full acc: 83.5% | Generator: +0.695 | Retain: 4.0% | Masked acc: 62.6% | W-distance: +0.032
Epoch [0570/1000] | Temp: 0.100 | Critic: -0.028 | Predictor: +0.706 | Full acc: 83.8% | Generator: +0.698 | Retain: 4.0% | Masked acc: 62.7% | W-distance: +0.030
Epoch [0580/1000] | Temp: 0.100 | Critic: -0.030 | Predictor: +0.709 | Full acc: 83.5% | Generator: +0.701 | Retain: 4.0% | Masked acc: 62.6% | W-distance: +0.033
Epoch [0590/1000] | Temp: 0.100 | Critic: -0.029 | Predictor: +0.710 | Full acc: 83.7% | Generator: +0.693 | Retain: 4.0% | Masked acc: 62.9% | W-distance: +0.031
Epoch [0600/1000] | Temp: 0.100 | Critic: -0.030 | Predictor: +0.709 | Full acc: 83.7% | Generator: +0.700 | Retain: 4.0% | Masked acc: 62.5% | W-distance: +0.032
Epoch [0610/1000] | Temp: 0.100 | Critic: -0.029 | Predictor: +0.707 | Full acc: 84.0% | Generator: +0.700 | Retain: 4.0% | Masked acc: 62.7% | W-distance: +0.032
Epoch [0620/1000] | Temp: 0.100 | Critic: -0.029 | Predictor: +0.704 | Full acc: 84.1% | Generator: +0.694 | Retain: 4.0% | Masked acc: 62.4% | W-distance: +0.032
Epoch [0630/1000] | Temp: 0.100 | Critic: -0.028 | Predictor: +0.702 | Full acc: 84.0% | Generator: +0.706 | Retain: 4.0% | Masked acc: 62.6% | W-distance: +0.030
Epoch [0640/1000] | Temp: 0.100 | Critic: -0.029 | Predictor: +0.703 | Full acc: 83.9% | Generator: +0.704 | Retain: 4.0% | Masked acc: 62.5% | W-distance: +0.032
Epoch [0650/1000] | Temp: 0.100 | Critic: -0.031 | Predictor: +0.706 | Full acc: 84.4% | Generator: +0.704 | Retain: 4.0% | Masked acc: 62.3% | W-distance: +0.033
Epoch [0660/1000] | Temp: 0.100 | Critic: -0.030 | Predictor: +0.702 | Full acc: 84.5% | Generator: +0.699 | Retain: 4.0% | Masked acc: 62.7% | W-distance: +0.033
Epoch [0670/1000] | Temp: 0.100 | Critic: -0.029 | Predictor: +0.703 | Full acc: 84.5% | Generator: +0.703 | Retain: 4.0% | Masked acc: 62.6% | W-distance: +0.031
Epoch [0680/1000] | Temp: 0.100 | Critic: -0.031 | Predictor: +0.700 | Full acc: 84.6% | Generator: +0.703 | Retain: 4.0% | Masked acc: 62.8% | W-distance: +0.033
Epoch [0690/1000] | Temp: 0.100 | Critic: -0.031 | Predictor: +0.701 | Full acc: 84.6% | Generator: +0.699 | Retain: 4.0% | Masked acc: 62.8% | W-distance: +0.033
Epoch [0700/1000] | Temp: 0.100 | Critic: -0.031 | Predictor: +0.703 | Full acc: 84.7% | Generator: +0.710 | Retain: 4.0% | Masked acc: 62.5% | W-distance: +0.033
Epoch [0710/1000] | Temp: 0.100 | Critic: -0.029 | Predictor: +0.702 | Full acc: 84.7% | Generator: +0.703 | Retain: 4.0% | Masked acc: 63.2% | W-distance: +0.031
Epoch [0720/1000] | Temp: 0.100 | Critic: -0.030 | Predictor: +0.699 | Full acc: 84.8% | Generator: +0.702 | Retain: 4.0% | Masked acc: 63.1% | W-distance: +0.032
Epoch [0730/1000] | Temp: 0.100 | Critic: -0.030 | Predictor: +0.697 | Full acc: 84.9% | Generator: +0.715 | Retain: 4.0% | Masked acc: 63.1% | W-distance: +0.032
Epoch [0740/1000] | Temp: 0.100 | Critic: -0.033 | Predictor: +0.702 | Full acc: 84.7% | Generator: +0.710 | Retain: 4.0% | Masked acc: 62.9% | W-distance: +0.035
Epoch [0750/1000] | Temp: 0.100 | Critic: -0.030 | Predictor: +0.695 | Full acc: 84.8% | Generator: +0.696 | Retain: 4.0% | Masked acc: 63.6% | W-distance: +0.032
Epoch [0760/1000] | Temp: 0.100 | Critic: -0.032 | Predictor: +0.697 | Full acc: 84.9% | Generator: +0.705 | Retain: 4.0% | Masked acc: 62.5% | W-distance: +0.033
Epoch [0770/1000] | Temp: 0.100 | Critic: -0.030 | Predictor: +0.697 | Full acc: 85.2% | Generator: +0.709 | Retain: 4.0% | Masked acc: 62.5% | W-distance: +0.032
Epoch [0780/1000] | Temp: 0.100 | Critic: -0.031 | Predictor: +0.694 | Full acc: 84.6% | Generator: +0.704 | Retain: 4.0% | Masked acc: 62.5% | W-distance: +0.033
Epoch [0790/1000] | Temp: 0.100 | Critic: -0.032 | Predictor: +0.693 | Full acc: 85.3% | Generator: +0.710 | Retain: 4.0% | Masked acc: 62.1% | W-distance: +0.033
Epoch [0800/1000] | Temp: 0.100 | Critic: -0.028 | Predictor: +0.695 | Full acc: 85.3% | Generator: +0.706 | Retain: 4.0% | Masked acc: 62.9% | W-distance: +0.030
Epoch [0810/1000] | Temp: 0.100 | Critic: -0.032 | Predictor: +0.696 | Full acc: 85.4% | Generator: +0.708 | Retain: 4.0% | Masked acc: 63.2% | W-distance: +0.033
Epoch [0820/1000] | Temp: 0.100 | Critic: -0.030 | Predictor: +0.693 | Full acc: 85.4% | Generator: +0.708 | Retain: 4.0% | Masked acc: 62.7% | W-distance: +0.032
Epoch [0830/1000] | Temp: 0.100 | Critic: -0.031 | Predictor: +0.694 | Full acc: 85.6% | Generator: +0.714 | Retain: 4.0% | Masked acc: 62.7% | W-distance: +0.032
Epoch [0840/1000] | Temp: 0.100 | Critic: -0.032 | Predictor: +0.694 | Full acc: 85.3% | Generator: +0.710 | Retain: 4.0% | Masked acc: 62.2% | W-distance: +0.033
Epoch [0850/1000] | Temp: 0.100 | Critic: -0.033 | Predictor: +0.694 | Full acc: 85.7% | Generator: +0.711 | Retain: 4.0% | Masked acc: 63.4% | W-distance: +0.034
Epoch [0860/1000] | Temp: 0.100 | Critic: -0.031 | Predictor: +0.693 | Full acc: 85.6% | Generator: +0.702 | Retain: 4.0% | Masked acc: 63.3% | W-distance: +0.033
Epoch [0870/1000] | Temp: 0.100 | Critic: -0.033 | Predictor: +0.697 | Full acc: 85.9% | Generator: +0.700 | Retain: 4.0% | Masked acc: 63.1% | W-distance: +0.035
Epoch [0880/1000] | Temp: 0.100 | Critic: -0.033 | Predictor: +0.692 | Full acc: 86.0% | Generator: +0.700 | Retain: 4.0% | Masked acc: 63.3% | W-distance: +0.035
Epoch [0890/1000] | Temp: 0.100 | Critic: -0.034 | Predictor: +0.696 | Full acc: 85.8% | Generator: +0.698 | Retain: 4.0% | Masked acc: 62.2% | W-distance: +0.036
Epoch [0900/1000] | Temp: 0.100 | Critic: -0.034 | Predictor: +0.691 | Full acc: 85.8% | Generator: +0.715 | Retain: 4.0% | Masked acc: 63.1% | W-distance: +0.035
Epoch [0910/1000] | Temp: 0.100 | Critic: -0.032 | Predictor: +0.697 | Full acc: 85.8% | Generator: +0.709 | Retain: 4.0% | Masked acc: 62.9% | W-distance: +0.034
Epoch [0920/1000] | Temp: 0.100 | Critic: -0.034 | Predictor: +0.689 | Full acc: 85.9% | Generator: +0.711 | Retain: 4.0% | Masked acc: 62.7% | W-distance: +0.036
Epoch [0930/1000] | Temp: 0.100 | Critic: -0.032 | Predictor: +0.690 | Full acc: 85.9% | Generator: +0.707 | Retain: 4.0% | Masked acc: 63.0% | W-distance: +0.033
Epoch [0940/1000] | Temp: 0.100 | Critic: -0.033 | Predictor: +0.693 | Full acc: 86.2% | Generator: +0.703 | Retain: 4.0% | Masked acc: 62.5% | W-distance: +0.035
Epoch [0950/1000] | Temp: 0.100 | Critic: -0.034 | Predictor: +0.689 | Full acc: 86.0% | Generator: +0.717 | Retain: 4.0% | Masked acc: 62.6% | W-distance: +0.035
Epoch [0960/1000] | Temp: 0.100 | Critic: -0.034 | Predictor: +0.688 | Full acc: 85.9% | Generator: +0.717 | Retain: 4.0% | Masked acc: 63.3% | W-distance: +0.035
Epoch [0970/1000] | Temp: 0.100 | Critic: -0.034 | Predictor: +0.689 | Full acc: 86.0% | Generator: +0.721 | Retain: 4.0% | Masked acc: 62.7% | W-distance: +0.035
Epoch [0980/1000] | Temp: 0.100 | Critic: -0.032 | Predictor: +0.687 | Full acc: 85.9% | Generator: +0.710 | Retain: 4.0% | Masked acc: 63.4% | W-distance: +0.034
Epoch [0990/1000] | Temp: 0.100 | Critic: -0.034 | Predictor: +0.686 | Full acc: 86.1% | Generator: +0.709 | Retain: 4.0% | Masked acc: 62.9% | W-distance: +0.036
Epoch [1000/1000] | Temp: 0.100 | Critic: -0.033 | Predictor: +0.688 | Full acc: 86.1% | Generator: +0.709 | Retain: 4.0% | Masked acc: 62.7% | W-distance: +0.035
[导出] 训练结果已保存至 output\run_20260914_172302_742505

[评估] 开始测试集推理
================================================================
测试集评估与特征选择报告
================================================================
分类准确率：        62.12%
真正率（TPR）：     56.97%
错误发现率（FDR）： 37.02%
平均保留特征数：    4.0 / 100
----------------------------------------------------------------
选择频率最高的 15 个特征
----------------------------------------------------------------
Top 01: feature_006 | 选择 4000 次 (100.0%) | 真实相关
Top 02: feature_009 | 选择 4000 次 (100.0%) | 真实相关
Top 03: feature_010 | 选择 3998 次 ( 99.9%) | 真实相关
Top 04: feature_008 | 选择 3998 次 ( 99.9%) | 真实相关
Top 05: feature_007 | 选择    5 次 (  0.1%) | 真实相关
Top 06: feature_000 | 选择    1 次 (  0.0%) | 真实相关
Top 07: feature_095 | 选择    0 次 (  0.0%) | 噪声特征
Top 08: feature_094 | 选择    0 次 (  0.0%) | 噪声特征
Top 09: feature_091 | 选择    0 次 (  0.0%) | 噪声特征
Top 10: feature_090 | 选择    0 次 (  0.0%) | 噪声特征
Top 11: feature_089 | 选择    0 次 (  0.0%) | 噪声特征
Top 12: feature_088 | 选择    0 次 (  0.0%) | 噪声特征
Top 13: feature_087 | 选择    0 次 (  0.0%) | 噪声特征
Top 14: feature_086 | 选择    0 次 (  0.0%) | 噪声特征
Top 15: feature_093 | 选择    0 次 (  0.0%) | 噪声特征
================================================================
[导出] 评估结果和模型权重已保存至 output\run_20260914_172302_742505
