[System] Run dir: output/run_20260818_165313
[System] 正在使用 cuda 进行计算...

[System] 开始训练多任务共享特征架构...
Epoch [010/1000] | Tau: 0.951 | Loss_C: +0.127 | Loss_P: +1.035 | Full_X_Acc: 54.3% | Loss_Gen: +1.051 | Retain: 46.5% | Mask_X_Acc: 51.7% | Loss_Gen_adv: +0.127 | Loss_Gen_l1: +0.465 | Loss_Gen_p: +0.692 | W_Distance: -0.003 |
Epoch [020/1000] | Tau: 0.905 | Loss_C: +0.099 | Loss_P: +1.028 | Full_X_Acc: 56.2% | Loss_Gen: +1.046 | Retain: 40.9% | Mask_X_Acc: 52.4% | Loss_Gen_adv: +0.149 | Loss_Gen_l1: +0.409 | Loss_Gen_p: +0.693 | W_Distance: -0.003 |
Epoch [030/1000] | Tau: 0.860 | Loss_C: +0.094 | Loss_P: +1.017 | Full_X_Acc: 59.1% | Loss_Gen: +1.013 | Retain: 32.7% | Mask_X_Acc: 52.7% | Loss_Gen_adv: +0.155 | Loss_Gen_l1: +0.327 | Loss_Gen_p: +0.695 | W_Distance: -0.005 |
Epoch [040/1000] | Tau: 0.818 | Loss_C: +0.093 | Loss_P: +1.008 | Full_X_Acc: 61.4% | Loss_Gen: +0.962 | Retain: 23.0% | Mask_X_Acc: 52.1% | Loss_Gen_adv: +0.147 | Loss_Gen_l1: +0.230 | Loss_Gen_p: +0.700 | W_Distance: -0.005 |
Epoch [050/1000] | Tau: 0.778 | Loss_C: +0.107 | Loss_P: +0.993 | Full_X_Acc: 64.8% | Loss_Gen: +0.914 | Retain: 14.3% | Mask_X_Acc: 52.0% | Loss_Gen_adv: +0.140 | Loss_Gen_l1: +0.143 | Loss_Gen_p: +0.702 | W_Distance: -0.007 |
Epoch [060/1000] | Tau: 0.740 | Loss_C: +0.114 | Loss_P: +0.978 | Full_X_Acc: 67.3% | Loss_Gen: +0.892 | Retain: 8.7% | Mask_X_Acc: 51.9% | Loss_Gen_adv: +0.135 | Loss_Gen_l1: +0.087 | Loss_Gen_p: +0.713 | W_Distance: -0.005 |
Epoch [070/1000] | Tau: 0.704 | Loss_C: +0.121 | Loss_P: +0.963 | Full_X_Acc: 69.3% | Loss_Gen: +0.886 | Retain: 6.0% | Mask_X_Acc: 52.1% | Loss_Gen_adv: +0.137 | Loss_Gen_l1: +0.060 | Loss_Gen_p: +0.719 | W_Distance: -0.003 |
Epoch [080/1000] | Tau: 0.670 | Loss_C: +0.129 | Loss_P: +0.952 | Full_X_Acc: 70.8% | Loss_Gen: +0.879 | Retain: 4.7% | Mask_X_Acc: 52.5% | Loss_Gen_adv: +0.128 | Loss_Gen_l1: +0.047 | Loss_Gen_p: +0.727 | W_Distance: -0.004 |
Epoch [090/1000] | Tau: 0.637 | Loss_C: +0.143 | Loss_P: +0.942 | Full_X_Acc: 71.7% | Loss_Gen: +0.871 | Retain: 4.1% | Mask_X_Acc: 52.6% | Loss_Gen_adv: +0.115 | Loss_Gen_l1: +0.041 | Loss_Gen_p: +0.735 | W_Distance: -0.003 |
Epoch [100/1000] | Tau: 0.606 | Loss_C: +0.149 | Loss_P: +0.929 | Full_X_Acc: 73.2% | Loss_Gen: +0.868 | Retain: 3.8% | Mask_X_Acc: 52.1% | Loss_Gen_adv: +0.112 | Loss_Gen_l1: +0.038 | Loss_Gen_p: +0.737 | W_Distance: -0.003 |
Epoch [110/1000] | Tau: 0.576 | Loss_C: +0.152 | Loss_P: +0.923 | Full_X_Acc: 74.5% | Loss_Gen: +0.864 | Retain: 3.6% | Mask_X_Acc: 53.7% | Loss_Gen_adv: +0.107 | Loss_Gen_l1: +0.036 | Loss_Gen_p: +0.738 | W_Distance: -0.002 |
Epoch [120/1000] | Tau: 0.548 | Loss_C: +0.148 | Loss_P: +0.912 | Full_X_Acc: 74.7% | Loss_Gen: +0.873 | Retain: 3.6% | Mask_X_Acc: 53.4% | Loss_Gen_adv: +0.110 | Loss_Gen_l1: +0.036 | Loss_Gen_p: +0.744 | W_Distance: -0.002 |
Epoch [130/1000] | Tau: 0.521 | Loss_C: +0.132 | Loss_P: +0.906 | Full_X_Acc: 75.5% | Loss_Gen: +0.879 | Retain: 3.6% | Mask_X_Acc: 53.7% | Loss_Gen_adv: +0.121 | Loss_Gen_l1: +0.036 | Loss_Gen_p: +0.740 | W_Distance: -0.002 |
Epoch [140/1000] | Tau: 0.496 | Loss_C: +0.117 | Loss_P: +0.897 | Full_X_Acc: 75.7% | Loss_Gen: +0.905 | Retain: 3.7% | Mask_X_Acc: 54.1% | Loss_Gen_adv: +0.144 | Loss_Gen_l1: +0.037 | Loss_Gen_p: +0.742 | W_Distance: -0.001 |
Epoch [150/1000] | Tau: 0.471 | Loss_C: +0.092 | Loss_P: +0.889 | Full_X_Acc: 76.3% | Loss_Gen: +0.946 | Retain: 3.8% | Mask_X_Acc: 55.0% | Loss_Gen_adv: +0.176 | Loss_Gen_l1: +0.038 | Loss_Gen_p: +0.751 | W_Distance: -0.001 |
Epoch [160/1000] | Tau: 0.448 | Loss_C: +0.068 | Loss_P: +0.881 | Full_X_Acc: 77.1% | Loss_Gen: +0.978 | Retain: 3.9% | Mask_X_Acc: 55.5% | Loss_Gen_adv: +0.214 | Loss_Gen_l1: +0.039 | Loss_Gen_p: +0.744 | W_Distance: -0.000 |
Epoch [170/1000] | Tau: 0.427 | Loss_C: +0.049 | Loss_P: +0.875 | Full_X_Acc: 77.5% | Loss_Gen: +1.015 | Retain: 4.0% | Mask_X_Acc: 55.5% | Loss_Gen_adv: +0.255 | Loss_Gen_l1: +0.040 | Loss_Gen_p: +0.740 | W_Distance: -0.000 |
Epoch [180/1000] | Tau: 0.406 | Loss_C: +0.034 | Loss_P: +0.869 | Full_X_Acc: 77.7% | Loss_Gen: +1.046 | Retain: 4.1% | Mask_X_Acc: 56.4% | Loss_Gen_adv: +0.283 | Loss_Gen_l1: +0.041 | Loss_Gen_p: +0.743 | W_Distance: +0.002 |
Epoch [190/1000] | Tau: 0.386 | Loss_C: +0.027 | Loss_P: +0.858 | Full_X_Acc: 78.0% | Loss_Gen: +1.060 | Retain: 4.2% | Mask_X_Acc: 56.2% | Loss_Gen_adv: +0.299 | Loss_Gen_l1: +0.042 | Loss_Gen_p: +0.740 | W_Distance: +0.002 |
Epoch [200/1000] | Tau: 0.367 | Loss_C: +0.021 | Loss_P: +0.854 | Full_X_Acc: 78.7% | Loss_Gen: +1.081 | Retain: 4.2% | Mask_X_Acc: 56.3% | Loss_Gen_adv: +0.320 | Loss_Gen_l1: +0.042 | Loss_Gen_p: +0.740 | W_Distance: +0.003 |
Epoch [210/1000] | Tau: 0.349 | Loss_C: +0.019 | Loss_P: +0.852 | Full_X_Acc: 78.6% | Loss_Gen: +1.098 | Retain: 4.3% | Mask_X_Acc: 57.1% | Loss_Gen_adv: +0.331 | Loss_Gen_l1: +0.043 | Loss_Gen_p: +0.746 | W_Distance: +0.004 |
Epoch [220/1000] | Tau: 0.332 | Loss_C: +0.016 | Loss_P: +0.845 | Full_X_Acc: 78.9% | Loss_Gen: +1.102 | Retain: 4.4% | Mask_X_Acc: 57.2% | Loss_Gen_adv: +0.333 | Loss_Gen_l1: +0.044 | Loss_Gen_p: +0.747 | W_Distance: +0.004 |
Epoch [230/1000] | Tau: 0.316 | Loss_C: +0.014 | Loss_P: +0.839 | Full_X_Acc: 79.4% | Loss_Gen: +1.100 | Retain: 4.4% | Mask_X_Acc: 57.5% | Loss_Gen_adv: +0.337 | Loss_Gen_l1: +0.044 | Loss_Gen_p: +0.741 | W_Distance: +0.004 |
Epoch [240/1000] | Tau: 0.300 | Loss_C: +0.013 | Loss_P: +0.834 | Full_X_Acc: 79.5% | Loss_Gen: +1.105 | Retain: 4.5% | Mask_X_Acc: 57.3% | Loss_Gen_adv: +0.343 | Loss_Gen_l1: +0.045 | Loss_Gen_p: +0.740 | W_Distance: +0.004 |
Epoch [250/1000] | Tau: 0.286 | Loss_C: +0.010 | Loss_P: +0.833 | Full_X_Acc: 79.8% | Loss_Gen: +1.099 | Retain: 4.5% | Mask_X_Acc: 57.5% | Loss_Gen_adv: +0.347 | Loss_Gen_l1: +0.045 | Loss_Gen_p: +0.730 | W_Distance: +0.006 |
Epoch [260/1000] | Tau: 0.272 | Loss_C: +0.011 | Loss_P: +0.823 | Full_X_Acc: 80.1% | Loss_Gen: +1.094 | Retain: 4.5% | Mask_X_Acc: 58.5% | Loss_Gen_adv: +0.338 | Loss_Gen_l1: +0.045 | Loss_Gen_p: +0.734 | W_Distance: +0.004 |
Epoch [270/1000] | Tau: 0.258 | Loss_C: +0.009 | Loss_P: +0.826 | Full_X_Acc: 80.3% | Loss_Gen: +1.085 | Retain: 4.6% | Mask_X_Acc: 57.6% | Loss_Gen_adv: +0.324 | Loss_Gen_l1: +0.046 | Loss_Gen_p: +0.738 | W_Distance: +0.007 |
Epoch [280/1000] | Tau: 0.246 | Loss_C: +0.009 | Loss_P: +0.816 | Full_X_Acc: 80.5% | Loss_Gen: +1.072 | Retain: 4.6% | Mask_X_Acc: 58.7% | Loss_Gen_adv: +0.305 | Loss_Gen_l1: +0.046 | Loss_Gen_p: +0.743 | W_Distance: +0.007 |
Epoch [290/1000] | Tau: 0.234 | Loss_C: +0.006 | Loss_P: +0.816 | Full_X_Acc: 80.5% | Loss_Gen: +1.064 | Retain: 4.7% | Mask_X_Acc: 58.6% | Loss_Gen_adv: +0.299 | Loss_Gen_l1: +0.047 | Loss_Gen_p: +0.742 | W_Distance: +0.009 |
Epoch [300/1000] | Tau: 0.222 | Loss_C: +0.007 | Loss_P: +0.810 | Full_X_Acc: 80.5% | Loss_Gen: +1.054 | Retain: 4.7% | Mask_X_Acc: 58.6% | Loss_Gen_adv: +0.287 | Loss_Gen_l1: +0.047 | Loss_Gen_p: +0.743 | W_Distance: +0.008 |
Epoch [310/1000] | Tau: 0.211 | Loss_C: +0.003 | Loss_P: +0.805 | Full_X_Acc: 80.8% | Loss_Gen: +1.034 | Retain: 4.8% | Mask_X_Acc: 59.2% | Loss_Gen_adv: +0.275 | Loss_Gen_l1: +0.048 | Loss_Gen_p: +0.735 | W_Distance: +0.011 |
Epoch [320/1000] | Tau: 0.201 | Loss_C: +0.004 | Loss_P: +0.800 | Full_X_Acc: 81.0% | Loss_Gen: +1.012 | Retain: 4.9% | Mask_X_Acc: 58.8% | Loss_Gen_adv: +0.262 | Loss_Gen_l1: +0.049 | Loss_Gen_p: +0.726 | W_Distance: +0.010 |
Epoch [330/1000] | Tau: 0.191 | Loss_C: +0.002 | Loss_P: +0.792 | Full_X_Acc: 80.9% | Loss_Gen: +1.007 | Retain: 4.9% | Mask_X_Acc: 59.4% | Loss_Gen_adv: +0.252 | Loss_Gen_l1: +0.049 | Loss_Gen_p: +0.731 | W_Distance: +0.011 |
Epoch [340/1000] | Tau: 0.182 | Loss_C: +0.002 | Loss_P: +0.792 | Full_X_Acc: 81.2% | Loss_Gen: +0.991 | Retain: 5.0% | Mask_X_Acc: 59.7% | Loss_Gen_adv: +0.248 | Loss_Gen_l1: +0.050 | Loss_Gen_p: +0.718 | W_Distance: +0.010 |
Epoch [350/1000] | Tau: 0.173 | Loss_C: +0.001 | Loss_P: +0.789 | Full_X_Acc: 81.4% | Loss_Gen: +0.991 | Retain: 5.0% | Mask_X_Acc: 60.2% | Loss_Gen_adv: +0.239 | Loss_Gen_l1: +0.050 | Loss_Gen_p: +0.727 | W_Distance: +0.011 |
Epoch [360/1000] | Tau: 0.165 | Loss_C: -0.001 | Loss_P: +0.785 | Full_X_Acc: 81.3% | Loss_Gen: +0.987 | Retain: 5.0% | Mask_X_Acc: 59.7% | Loss_Gen_adv: +0.239 | Loss_Gen_l1: +0.050 | Loss_Gen_p: +0.723 | W_Distance: +0.013 |
Epoch [370/1000] | Tau: 0.157 | Loss_C: -0.003 | Loss_P: +0.783 | Full_X_Acc: 81.2% | Loss_Gen: +0.962 | Retain: 5.1% | Mask_X_Acc: 59.7% | Loss_Gen_adv: +0.215 | Loss_Gen_l1: +0.051 | Loss_Gen_p: +0.722 | W_Distance: +0.014 |
Epoch [380/1000] | Tau: 0.149 | Loss_C: -0.003 | Loss_P: +0.778 | Full_X_Acc: 81.6% | Loss_Gen: +0.961 | Retain: 5.1% | Mask_X_Acc: 60.4% | Loss_Gen_adv: +0.220 | Loss_Gen_l1: +0.051 | Loss_Gen_p: +0.715 | W_Distance: +0.014 |
Epoch [390/1000] | Tau: 0.142 | Loss_C: -0.006 | Loss_P: +0.779 | Full_X_Acc: 81.4% | Loss_Gen: +0.972 | Retain: 5.1% | Mask_X_Acc: 59.9% | Loss_Gen_adv: +0.220 | Loss_Gen_l1: +0.051 | Loss_Gen_p: +0.727 | W_Distance: +0.016 |
Epoch [400/1000] | Tau: 0.135 | Loss_C: -0.001 | Loss_P: +0.772 | Full_X_Acc: 81.6% | Loss_Gen: +0.963 | Retain: 5.1% | Mask_X_Acc: 60.7% | Loss_Gen_adv: +0.217 | Loss_Gen_l1: +0.051 | Loss_Gen_p: +0.721 | W_Distance: +0.012 |
Epoch [410/1000] | Tau: 0.128 | Loss_C: -0.005 | Loss_P: +0.774 | Full_X_Acc: 81.6% | Loss_Gen: +0.959 | Retain: 5.1% | Mask_X_Acc: 61.1% | Loss_Gen_adv: +0.212 | Loss_Gen_l1: +0.051 | Loss_Gen_p: +0.722 | W_Distance: +0.016 |
Epoch [420/1000] | Tau: 0.122 | Loss_C: -0.006 | Loss_P: +0.773 | Full_X_Acc: 81.6% | Loss_Gen: +0.955 | Retain: 5.1% | Mask_X_Acc: 60.3% | Loss_Gen_adv: +0.208 | Loss_Gen_l1: +0.051 | Loss_Gen_p: +0.722 | W_Distance: +0.017 |
Epoch [430/1000] | Tau: 0.116 | Loss_C: -0.007 | Loss_P: +0.767 | Full_X_Acc: 81.8% | Loss_Gen: +0.946 | Retain: 5.1% | Mask_X_Acc: 60.7% | Loss_Gen_adv: +0.209 | Loss_Gen_l1: +0.051 | Loss_Gen_p: +0.712 | W_Distance: +0.018 |
Epoch [440/1000] | Tau: 0.110 | Loss_C: -0.007 | Loss_P: +0.764 | Full_X_Acc: 81.8% | Loss_Gen: +0.953 | Retain: 5.1% | Mask_X_Acc: 60.7% | Loss_Gen_adv: +0.206 | Loss_Gen_l1: +0.051 | Loss_Gen_p: +0.722 | W_Distance: +0.018 |
Epoch [450/1000] | Tau: 0.105 | Loss_C: -0.008 | Loss_P: +0.763 | Full_X_Acc: 81.8% | Loss_Gen: +0.948 | Retain: 5.1% | Mask_X_Acc: 61.2% | Loss_Gen_adv: +0.207 | Loss_Gen_l1: +0.051 | Loss_Gen_p: +0.716 | W_Distance: +0.017 |
Epoch [460/1000] | Tau: 0.100 | Loss_C: -0.008 | Loss_P: +0.761 | Full_X_Acc: 82.1% | Loss_Gen: +0.947 | Retain: 5.1% | Mask_X_Acc: 61.4% | Loss_Gen_adv: +0.208 | Loss_Gen_l1: +0.051 | Loss_Gen_p: +0.714 | W_Distance: +0.017 |
Epoch [470/1000] | Tau: 0.100 | Loss_C: -0.009 | Loss_P: +0.761 | Full_X_Acc: 82.0% | Loss_Gen: +0.936 | Retain: 5.1% | Mask_X_Acc: 61.2% | Loss_Gen_adv: +0.194 | Loss_Gen_l1: +0.051 | Loss_Gen_p: +0.716 | W_Distance: +0.018 |
Epoch [480/1000] | Tau: 0.100 | Loss_C: -0.010 | Loss_P: +0.760 | Full_X_Acc: 81.9% | Loss_Gen: +0.941 | Retain: 5.1% | Mask_X_Acc: 61.1% | Loss_Gen_adv: +0.189 | Loss_Gen_l1: +0.051 | Loss_Gen_p: +0.727 | W_Distance: +0.019 |
Epoch [490/1000] | Tau: 0.100 | Loss_C: -0.011 | Loss_P: +0.753 | Full_X_Acc: 82.4% | Loss_Gen: +0.931 | Retain: 5.1% | Mask_X_Acc: 61.5% | Loss_Gen_adv: +0.192 | Loss_Gen_l1: +0.051 | Loss_Gen_p: +0.713 | W_Distance: +0.020 |
Epoch [500/1000] | Tau: 0.100 | Loss_C: -0.010 | Loss_P: +0.754 | Full_X_Acc: 82.2% | Loss_Gen: +0.923 | Retain: 5.1% | Mask_X_Acc: 61.5% | Loss_Gen_adv: +0.181 | Loss_Gen_l1: +0.051 | Loss_Gen_p: +0.717 | W_Distance: +0.018 |
Epoch [510/1000] | Tau: 0.100 | Loss_C: -0.011 | Loss_P: +0.757 | Full_X_Acc: 82.4% | Loss_Gen: +0.932 | Retain: 5.1% | Mask_X_Acc: 61.7% | Loss_Gen_adv: +0.183 | Loss_Gen_l1: +0.051 | Loss_Gen_p: +0.723 | W_Distance: +0.019 |
Epoch [520/1000] | Tau: 0.100 | Loss_C: -0.010 | Loss_P: +0.757 | Full_X_Acc: 82.3% | Loss_Gen: +0.927 | Retain: 5.1% | Mask_X_Acc: 61.4% | Loss_Gen_adv: +0.187 | Loss_Gen_l1: +0.051 | Loss_Gen_p: +0.715 | W_Distance: +0.018 |
Epoch [530/1000] | Tau: 0.100 | Loss_C: -0.012 | Loss_P: +0.752 | Full_X_Acc: 82.7% | Loss_Gen: +0.922 | Retain: 5.1% | Mask_X_Acc: 61.3% | Loss_Gen_adv: +0.181 | Loss_Gen_l1: +0.051 | Loss_Gen_p: +0.715 | W_Distance: +0.020 |
Epoch [540/1000] | Tau: 0.100 | Loss_C: -0.015 | Loss_P: +0.750 | Full_X_Acc: 82.5% | Loss_Gen: +0.915 | Retain: 5.1% | Mask_X_Acc: 61.4% | Loss_Gen_adv: +0.181 | Loss_Gen_l1: +0.051 | Loss_Gen_p: +0.709 | W_Distance: +0.022 |
Epoch [550/1000] | Tau: 0.100 | Loss_C: -0.014 | Loss_P: +0.744 | Full_X_Acc: 82.5% | Loss_Gen: +0.931 | Retain: 5.0% | Mask_X_Acc: 61.7% | Loss_Gen_adv: +0.183 | Loss_Gen_l1: +0.050 | Loss_Gen_p: +0.722 | W_Distance: +0.021 |
Epoch [560/1000] | Tau: 0.100 | Loss_C: -0.016 | Loss_P: +0.753 | Full_X_Acc: 82.7% | Loss_Gen: +0.928 | Retain: 5.0% | Mask_X_Acc: 60.9% | Loss_Gen_adv: +0.188 | Loss_Gen_l1: +0.050 | Loss_Gen_p: +0.715 | W_Distance: +0.023 |
Epoch [570/1000] | Tau: 0.100 | Loss_C: -0.015 | Loss_P: +0.742 | Full_X_Acc: 82.8% | Loss_Gen: +0.919 | Retain: 5.0% | Mask_X_Acc: 61.5% | Loss_Gen_adv: +0.187 | Loss_Gen_l1: +0.050 | Loss_Gen_p: +0.707 | W_Distance: +0.022 |
Epoch [580/1000] | Tau: 0.100 | Loss_C: -0.015 | Loss_P: +0.745 | Full_X_Acc: 82.7% | Loss_Gen: +0.942 | Retain: 5.0% | Mask_X_Acc: 61.0% | Loss_Gen_adv: +0.190 | Loss_Gen_l1: +0.050 | Loss_Gen_p: +0.727 | W_Distance: +0.021 |
Epoch [590/1000] | Tau: 0.100 | Loss_C: -0.015 | Loss_P: +0.742 | Full_X_Acc: 82.7% | Loss_Gen: +0.923 | Retain: 5.0% | Mask_X_Acc: 61.6% | Loss_Gen_adv: +0.182 | Loss_Gen_l1: +0.050 | Loss_Gen_p: +0.716 | W_Distance: +0.021 |
Epoch [600/1000] | Tau: 0.100 | Loss_C: -0.019 | Loss_P: +0.748 | Full_X_Acc: 83.1% | Loss_Gen: +0.928 | Retain: 5.0% | Mask_X_Acc: 61.7% | Loss_Gen_adv: +0.184 | Loss_Gen_l1: +0.050 | Loss_Gen_p: +0.719 | W_Distance: +0.025 |
Epoch [610/1000] | Tau: 0.100 | Loss_C: -0.015 | Loss_P: +0.741 | Full_X_Acc: 82.9% | Loss_Gen: +0.933 | Retain: 5.0% | Mask_X_Acc: 61.3% | Loss_Gen_adv: +0.189 | Loss_Gen_l1: +0.050 | Loss_Gen_p: +0.719 | W_Distance: +0.021 |
Epoch [620/1000] | Tau: 0.100 | Loss_C: -0.018 | Loss_P: +0.739 | Full_X_Acc: 83.2% | Loss_Gen: +0.941 | Retain: 5.0% | Mask_X_Acc: 61.4% | Loss_Gen_adv: +0.193 | Loss_Gen_l1: +0.050 | Loss_Gen_p: +0.724 | W_Distance: +0.024 |
Epoch [630/1000] | Tau: 0.100 | Loss_C: -0.018 | Loss_P: +0.736 | Full_X_Acc: 83.1% | Loss_Gen: +0.952 | Retain: 5.0% | Mask_X_Acc: 61.0% | Loss_Gen_adv: +0.198 | Loss_Gen_l1: +0.050 | Loss_Gen_p: +0.728 | W_Distance: +0.024 |
Epoch [640/1000] | Tau: 0.100 | Loss_C: -0.018 | Loss_P: +0.736 | Full_X_Acc: 83.4% | Loss_Gen: +0.944 | Retain: 5.0% | Mask_X_Acc: 61.9% | Loss_Gen_adv: +0.202 | Loss_Gen_l1: +0.050 | Loss_Gen_p: +0.717 | W_Distance: +0.024 |
Epoch [650/1000] | Tau: 0.100 | Loss_C: -0.016 | Loss_P: +0.736 | Full_X_Acc: 83.5% | Loss_Gen: +0.939 | Retain: 5.0% | Mask_X_Acc: 61.2% | Loss_Gen_adv: +0.206 | Loss_Gen_l1: +0.050 | Loss_Gen_p: +0.708 | W_Distance: +0.022 |
Epoch [660/1000] | Tau: 0.100 | Loss_C: -0.020 | Loss_P: +0.735 | Full_X_Acc: 83.4% | Loss_Gen: +0.948 | Retain: 5.0% | Mask_X_Acc: 61.0% | Loss_Gen_adv: +0.207 | Loss_Gen_l1: +0.050 | Loss_Gen_p: +0.716 | W_Distance: +0.026 |
Epoch [670/1000] | Tau: 0.100 | Loss_C: -0.019 | Loss_P: +0.736 | Full_X_Acc: 83.4% | Loss_Gen: +0.954 | Retain: 5.0% | Mask_X_Acc: 61.3% | Loss_Gen_adv: +0.214 | Loss_Gen_l1: +0.050 | Loss_Gen_p: +0.715 | W_Distance: +0.025 |
Epoch [680/1000] | Tau: 0.100 | Loss_C: -0.019 | Loss_P: +0.731 | Full_X_Acc: 83.8% | Loss_Gen: +0.968 | Retain: 5.0% | Mask_X_Acc: 61.8% | Loss_Gen_adv: +0.223 | Loss_Gen_l1: +0.050 | Loss_Gen_p: +0.720 | W_Distance: +0.025 |
Epoch [690/1000] | Tau: 0.100 | Loss_C: -0.019 | Loss_P: +0.728 | Full_X_Acc: 83.6% | Loss_Gen: +0.965 | Retain: 5.0% | Mask_X_Acc: 61.7% | Loss_Gen_adv: +0.211 | Loss_Gen_l1: +0.050 | Loss_Gen_p: +0.729 | W_Distance: +0.024 |
Epoch [700/1000] | Tau: 0.100 | Loss_C: -0.020 | Loss_P: +0.734 | Full_X_Acc: 83.6% | Loss_Gen: +0.962 | Retain: 5.0% | Mask_X_Acc: 61.3% | Loss_Gen_adv: +0.217 | Loss_Gen_l1: +0.050 | Loss_Gen_p: +0.720 | W_Distance: +0.025 |
Epoch [710/1000] | Tau: 0.100 | Loss_C: -0.019 | Loss_P: +0.730 | Full_X_Acc: 83.8% | Loss_Gen: +0.952 | Retain: 5.0% | Mask_X_Acc: 61.9% | Loss_Gen_adv: +0.210 | Loss_Gen_l1: +0.050 | Loss_Gen_p: +0.716 | W_Distance: +0.024 |
Epoch [720/1000] | Tau: 0.100 | Loss_C: -0.023 | Loss_P: +0.733 | Full_X_Acc: 83.9% | Loss_Gen: +0.949 | Retain: 5.0% | Mask_X_Acc: 60.7% | Loss_Gen_adv: +0.209 | Loss_Gen_l1: +0.050 | Loss_Gen_p: +0.715 | W_Distance: +0.028 |
Epoch [730/1000] | Tau: 0.100 | Loss_C: -0.019 | Loss_P: +0.727 | Full_X_Acc: 83.9% | Loss_Gen: +0.954 | Retain: 5.0% | Mask_X_Acc: 61.5% | Loss_Gen_adv: +0.207 | Loss_Gen_l1: +0.050 | Loss_Gen_p: +0.722 | W_Distance: +0.024 |
Epoch [740/1000] | Tau: 0.100 | Loss_C: -0.021 | Loss_P: +0.728 | Full_X_Acc: 84.2% | Loss_Gen: +0.961 | Retain: 5.0% | Mask_X_Acc: 61.3% | Loss_Gen_adv: +0.209 | Loss_Gen_l1: +0.050 | Loss_Gen_p: +0.727 | W_Distance: +0.026 |
Epoch [750/1000] | Tau: 0.100 | Loss_C: -0.020 | Loss_P: +0.725 | Full_X_Acc: 84.1% | Loss_Gen: +0.940 | Retain: 5.0% | Mask_X_Acc: 61.4% | Loss_Gen_adv: +0.201 | Loss_Gen_l1: +0.050 | Loss_Gen_p: +0.713 | W_Distance: +0.025 |
Epoch [760/1000] | Tau: 0.100 | Loss_C: -0.019 | Loss_P: +0.724 | Full_X_Acc: 84.1% | Loss_Gen: +0.975 | Retain: 5.0% | Mask_X_Acc: 61.4% | Loss_Gen_adv: +0.217 | Loss_Gen_l1: +0.050 | Loss_Gen_p: +0.733 | W_Distance: +0.024 |
Epoch [770/1000] | Tau: 0.100 | Loss_C: -0.022 | Loss_P: +0.729 | Full_X_Acc: 83.8% | Loss_Gen: +0.961 | Retain: 5.0% | Mask_X_Acc: 61.0% | Loss_Gen_adv: +0.213 | Loss_Gen_l1: +0.050 | Loss_Gen_p: +0.723 | W_Distance: +0.027 |
Epoch [780/1000] | Tau: 0.100 | Loss_C: -0.021 | Loss_P: +0.721 | Full_X_Acc: 84.2% | Loss_Gen: +0.960 | Retain: 5.0% | Mask_X_Acc: 62.1% | Loss_Gen_adv: +0.210 | Loss_Gen_l1: +0.050 | Loss_Gen_p: +0.725 | W_Distance: +0.025 |
Epoch [790/1000] | Tau: 0.100 | Loss_C: -0.022 | Loss_P: +0.722 | Full_X_Acc: 83.9% | Loss_Gen: +0.954 | Retain: 5.0% | Mask_X_Acc: 61.4% | Loss_Gen_adv: +0.203 | Loss_Gen_l1: +0.050 | Loss_Gen_p: +0.726 | W_Distance: +0.026 |
Epoch [800/1000] | Tau: 0.100 | Loss_C: -0.024 | Loss_P: +0.722 | Full_X_Acc: 84.2% | Loss_Gen: +0.964 | Retain: 5.0% | Mask_X_Acc: 61.7% | Loss_Gen_adv: +0.211 | Loss_Gen_l1: +0.050 | Loss_Gen_p: +0.728 | W_Distance: +0.029 |
Epoch [810/1000] | Tau: 0.100 | Loss_C: -0.022 | Loss_P: +0.722 | Full_X_Acc: 84.5% | Loss_Gen: +0.957 | Retain: 5.0% | Mask_X_Acc: 61.3% | Loss_Gen_adv: +0.204 | Loss_Gen_l1: +0.050 | Loss_Gen_p: +0.728 | W_Distance: +0.026 |
Epoch [820/1000] | Tau: 0.100 | Loss_C: -0.023 | Loss_P: +0.718 | Full_X_Acc: 84.2% | Loss_Gen: +0.940 | Retain: 5.0% | Mask_X_Acc: 61.3% | Loss_Gen_adv: +0.196 | Loss_Gen_l1: +0.050 | Loss_Gen_p: +0.719 | W_Distance: +0.027 |
Epoch [830/1000] | Tau: 0.100 | Loss_C: -0.023 | Loss_P: +0.724 | Full_X_Acc: 84.6% | Loss_Gen: +0.947 | Retain: 5.0% | Mask_X_Acc: 61.6% | Loss_Gen_adv: +0.191 | Loss_Gen_l1: +0.050 | Loss_Gen_p: +0.730 | W_Distance: +0.028 |
Epoch [840/1000] | Tau: 0.100 | Loss_C: -0.025 | Loss_P: +0.722 | Full_X_Acc: 84.5% | Loss_Gen: +0.934 | Retain: 5.0% | Mask_X_Acc: 61.5% | Loss_Gen_adv: +0.188 | Loss_Gen_l1: +0.050 | Loss_Gen_p: +0.721 | W_Distance: +0.029 |
Epoch [850/1000] | Tau: 0.100 | Loss_C: -0.020 | Loss_P: +0.723 | Full_X_Acc: 84.7% | Loss_Gen: +0.940 | Retain: 5.0% | Mask_X_Acc: 61.6% | Loss_Gen_adv: +0.191 | Loss_Gen_l1: +0.050 | Loss_Gen_p: +0.724 | W_Distance: +0.024 |
Epoch [860/1000] | Tau: 0.100 | Loss_C: -0.024 | Loss_P: +0.717 | Full_X_Acc: 84.7% | Loss_Gen: +0.935 | Retain: 5.0% | Mask_X_Acc: 61.7% | Loss_Gen_adv: +0.186 | Loss_Gen_l1: +0.050 | Loss_Gen_p: +0.724 | W_Distance: +0.029 |
Epoch [870/1000] | Tau: 0.100 | Loss_C: -0.022 | Loss_P: +0.724 | Full_X_Acc: 84.8% | Loss_Gen: +0.942 | Retain: 5.0% | Mask_X_Acc: 62.1% | Loss_Gen_adv: +0.189 | Loss_Gen_l1: +0.050 | Loss_Gen_p: +0.728 | W_Distance: +0.026 |
Epoch [880/1000] | Tau: 0.100 | Loss_C: -0.023 | Loss_P: +0.717 | Full_X_Acc: 84.8% | Loss_Gen: +0.944 | Retain: 5.0% | Mask_X_Acc: 61.5% | Loss_Gen_adv: +0.185 | Loss_Gen_l1: +0.050 | Loss_Gen_p: +0.734 | W_Distance: +0.027 |
Epoch [890/1000] | Tau: 0.100 | Loss_C: -0.023 | Loss_P: +0.718 | Full_X_Acc: 84.8% | Loss_Gen: +0.937 | Retain: 5.0% | Mask_X_Acc: 61.7% | Loss_Gen_adv: +0.183 | Loss_Gen_l1: +0.050 | Loss_Gen_p: +0.729 | W_Distance: +0.027 |
Epoch [900/1000] | Tau: 0.100 | Loss_C: -0.024 | Loss_P: +0.716 | Full_X_Acc: 84.9% | Loss_Gen: +0.937 | Retain: 5.0% | Mask_X_Acc: 61.5% | Loss_Gen_adv: +0.184 | Loss_Gen_l1: +0.050 | Loss_Gen_p: +0.728 | W_Distance: +0.028 |
Epoch [910/1000] | Tau: 0.100 | Loss_C: -0.026 | Loss_P: +0.715 | Full_X_Acc: 84.9% | Loss_Gen: +0.944 | Retain: 5.0% | Mask_X_Acc: 62.0% | Loss_Gen_adv: +0.189 | Loss_Gen_l1: +0.050 | Loss_Gen_p: +0.730 | W_Distance: +0.030 |
Epoch [920/1000] | Tau: 0.100 | Loss_C: -0.023 | Loss_P: +0.711 | Full_X_Acc: 85.2% | Loss_Gen: +0.943 | Retain: 5.0% | Mask_X_Acc: 61.7% | Loss_Gen_adv: +0.187 | Loss_Gen_l1: +0.050 | Loss_Gen_p: +0.730 | W_Distance: +0.027 |
Epoch [930/1000] | Tau: 0.100 | Loss_C: -0.022 | Loss_P: +0.717 | Full_X_Acc: 85.4% | Loss_Gen: +0.931 | Retain: 5.0% | Mask_X_Acc: 61.8% | Loss_Gen_adv: +0.185 | Loss_Gen_l1: +0.050 | Loss_Gen_p: +0.721 | W_Distance: +0.026 |
Epoch [940/1000] | Tau: 0.100 | Loss_C: -0.023 | Loss_P: +0.713 | Full_X_Acc: 85.2% | Loss_Gen: +0.947 | Retain: 5.0% | Mask_X_Acc: 62.0% | Loss_Gen_adv: +0.196 | Loss_Gen_l1: +0.050 | Loss_Gen_p: +0.727 | W_Distance: +0.027 |
Epoch [950/1000] | Tau: 0.100 | Loss_C: -0.024 | Loss_P: +0.709 | Full_X_Acc: 85.2% | Loss_Gen: +0.945 | Retain: 5.0% | Mask_X_Acc: 61.5% | Loss_Gen_adv: +0.188 | Loss_Gen_l1: +0.050 | Loss_Gen_p: +0.732 | W_Distance: +0.028 |
Epoch [960/1000] | Tau: 0.100 | Loss_C: -0.021 | Loss_P: +0.712 | Full_X_Acc: 85.4% | Loss_Gen: +0.933 | Retain: 5.0% | Mask_X_Acc: 62.4% | Loss_Gen_adv: +0.188 | Loss_Gen_l1: +0.050 | Loss_Gen_p: +0.720 | W_Distance: +0.025 |
Epoch [970/1000] | Tau: 0.100 | Loss_C: -0.022 | Loss_P: +0.711 | Full_X_Acc: 85.4% | Loss_Gen: +0.943 | Retain: 5.0% | Mask_X_Acc: 62.0% | Loss_Gen_adv: +0.187 | Loss_Gen_l1: +0.050 | Loss_Gen_p: +0.731 | W_Distance: +0.026 |
Epoch [980/1000] | Tau: 0.100 | Loss_C: -0.025 | Loss_P: +0.710 | Full_X_Acc: 85.6% | Loss_Gen: +0.949 | Retain: 5.0% | Mask_X_Acc: 62.0% | Loss_Gen_adv: +0.190 | Loss_Gen_l1: +0.050 | Loss_Gen_p: +0.734 | W_Distance: +0.028 |
Epoch [990/1000] | Tau: 0.100 | Loss_C: -0.023 | Loss_P: +0.710 | Full_X_Acc: 85.7% | Loss_Gen: +0.938 | Retain: 5.0% | Mask_X_Acc: 61.8% | Loss_Gen_adv: +0.182 | Loss_Gen_l1: +0.050 | Loss_Gen_p: +0.730 | W_Distance: +0.027 |
Epoch [1000/1000] | Tau: 0.100 | Loss_C: -0.025 | Loss_P: +0.712 | Full_X_Acc: 85.7% | Loss_Gen: +0.948 | Retain: 5.0% | Mask_X_Acc: 61.5% | Loss_Gen_adv: +0.191 | Loss_Gen_l1: +0.050 | Loss_Gen_p: +0.731 | W_Distance: +0.029 |
[Export] 训练历史已保存至 'output/run_20260818_165313/history.npz'

[System] 开始在测试集上进行推理评估...
==================================================
🎯 测试集推理报告 (Shared Architecture)
==================================================
• 测试集准确率:     62.32%
• TPR (召回率):     67.14%
• FDR (误发现率):   39.41%
• 平均保留特征数量: 5.0 / 100
• 整体保留率:       4.99%
--------------------------------------------------
🧩 Top 15 最常被选中的特征
--------------------------------------------------
Top 01: 特征 Index 010 | 被选次数: 3997 次 ( 99.9%) | ★ [真实关联]
Top 02: 特征 Index 003 | 被选次数: 3986 次 ( 99.7%) | ★ [真实关联]
Top 03: 特征 Index 005 | 被选次数: 3976 次 ( 99.4%) | ★ [真实关联]
Top 04: 特征 Index 004 | 被选次数: 3971 次 ( 99.3%) | ★ [真实关联]
Top 05: 特征 Index 002 | 被选次数: 3966 次 ( 99.2%) | ★ [真实关联]
Top 06: 特征 Index 001 | 被选次数:   20 次 (  0.5%) | ★ [真实关联]
Top 07: 特征 Index 000 | 被选次数:   17 次 (  0.4%) | ★ [真实关联]
Top 08: 特征 Index 075 | 被选次数:    7 次 (  0.2%) |   [纯噪声]
Top 09: 特征 Index 073 | 被选次数:    4 次 (  0.1%) |   [纯噪声]
Top 10: 特征 Index 070 | 被选次数:    3 次 (  0.1%) |   [纯噪声]
Top 11: 特征 Index 011 | 被选次数:    2 次 (  0.1%) |   [纯噪声]
Top 12: 特征 Index 062 | 被选次数:    1 次 (  0.0%) |   [纯噪声]
Top 13: 特征 Index 046 | 被选次数:    1 次 (  0.0%) |   [纯噪声]
Top 14: 特征 Index 097 | 被选次数:    0 次 (  0.0%) |   [纯噪声]
Top 15: 特征 Index 096 | 被选次数:    0 次 (  0.0%) |   [纯噪声]
==================================================
[Export] 测试集数组已保存至 'output/run_20260818_165313/test_arrays.npz'
[Export] 特征索引已保存至 'output/run_20260818_165313/selected_feature_indices.npy'
[Export] 模型权重已保存至 'output/run_20260818_165313/generator_model.pth'

[Visualization] 运行双视角 t-SNE 降维 (样本数: 4000)...
[Visualization] 降维: 原始掩码特征 (Before Ext)...
[Visualization] 降维: 隐空间特征 (After Ext)...
[Visualization] 对比 t-SNE 已保存至: 'output/run_20260818_165313/fig3_tsne_comparison.png'

