[System] Run dir: output/run_20260718_012624
[System] 正在使用 cuda 进行计算...

[System] 开始训练多任务共享特征架构...
Epoch [010/1000] | Tau: 0.951 | Loss_C: +0.076 | Loss_P: +1.384 | Full_X_Acc: 53.0% | Loss_Gen: +1.106 | Retain: 47.2% | Mask_X_Acc: 51.1% | Loss_Gen_adv: +0.176 | Loss_Gen_l1: +0.472 | Loss_Gen_p: +0.694 | W_Distance: +0.000 |
Epoch [020/1000] | Tau: 0.905 | Loss_C: +0.069 | Loss_P: +1.379 | Full_X_Acc: 55.6% | Loss_Gen: +1.094 | Retain: 42.7% | Mask_X_Acc: 51.5% | Loss_Gen_adv: +0.188 | Loss_Gen_l1: +0.427 | Loss_Gen_p: +0.693 | W_Distance: +0.001 |
Epoch [030/1000] | Tau: 0.860 | Loss_C: +0.072 | Loss_P: +1.368 | Full_X_Acc: 59.6% | Loss_Gen: +1.057 | Retain: 35.4% | Mask_X_Acc: 51.9% | Loss_Gen_adv: +0.185 | Loss_Gen_l1: +0.354 | Loss_Gen_p: +0.695 | W_Distance: -0.005 |
Epoch [040/1000] | Tau: 0.818 | Loss_C: +0.070 | Loss_P: +1.352 | Full_X_Acc: 63.7% | Loss_Gen: +1.041 | Retain: 26.1% | Mask_X_Acc: 52.0% | Loss_Gen_adv: +0.210 | Loss_Gen_l1: +0.261 | Loss_Gen_p: +0.700 | W_Distance: -0.005 |
Epoch [050/1000] | Tau: 0.778 | Loss_C: +0.066 | Loss_P: +1.336 | Full_X_Acc: 66.3% | Loss_Gen: +1.024 | Retain: 16.9% | Mask_X_Acc: 51.6% | Loss_Gen_adv: +0.231 | Loss_Gen_l1: +0.169 | Loss_Gen_p: +0.708 | W_Distance: -0.006 |
Epoch [060/1000] | Tau: 0.740 | Loss_C: +0.065 | Loss_P: +1.330 | Full_X_Acc: 67.1% | Loss_Gen: +1.001 | Retain: 10.1% | Mask_X_Acc: 51.0% | Loss_Gen_adv: +0.245 | Loss_Gen_l1: +0.101 | Loss_Gen_p: +0.706 | W_Distance: -0.008 |
Epoch [070/1000] | Tau: 0.704 | Loss_C: +0.064 | Loss_P: +1.323 | Full_X_Acc: 68.2% | Loss_Gen: +0.971 | Retain: 6.2% | Mask_X_Acc: 52.2% | Loss_Gen_adv: +0.236 | Loss_Gen_l1: +0.062 | Loss_Gen_p: +0.704 | W_Distance: -0.004 |
Epoch [080/1000] | Tau: 0.670 | Loss_C: +0.062 | Loss_P: +1.300 | Full_X_Acc: 69.2% | Loss_Gen: +0.930 | Retain: 4.4% | Mask_X_Acc: 54.1% | Loss_Gen_adv: +0.208 | Loss_Gen_l1: +0.044 | Loss_Gen_p: +0.700 | W_Distance: -0.000 |
Epoch [090/1000] | Tau: 0.637 | Loss_C: +0.063 | Loss_P: +1.278 | Full_X_Acc: 69.5% | Loss_Gen: +0.900 | Retain: 3.6% | Mask_X_Acc: 57.0% | Loss_Gen_adv: +0.196 | Loss_Gen_l1: +0.036 | Loss_Gen_p: +0.686 | W_Distance: +0.001 |
Epoch [100/1000] | Tau: 0.606 | Loss_C: +0.065 | Loss_P: +1.254 | Full_X_Acc: 70.3% | Loss_Gen: +0.856 | Retain: 3.2% | Mask_X_Acc: 58.5% | Loss_Gen_adv: +0.172 | Loss_Gen_l1: +0.032 | Loss_Gen_p: +0.668 | W_Distance: -0.001 |
Epoch [110/1000] | Tau: 0.576 | Loss_C: +0.053 | Loss_P: +1.235 | Full_X_Acc: 70.9% | Loss_Gen: +0.825 | Retain: 2.9% | Mask_X_Acc: 59.3% | Loss_Gen_adv: +0.149 | Loss_Gen_l1: +0.029 | Loss_Gen_p: +0.661 | W_Distance: -0.000 |
Epoch [120/1000] | Tau: 0.548 | Loss_C: +0.045 | Loss_P: +1.225 | Full_X_Acc: 71.4% | Loss_Gen: +0.823 | Retain: 2.7% | Mask_X_Acc: 60.8% | Loss_Gen_adv: +0.152 | Loss_Gen_l1: +0.027 | Loss_Gen_p: +0.657 | W_Distance: +0.001 |
Epoch [130/1000] | Tau: 0.521 | Loss_C: +0.038 | Loss_P: +1.222 | Full_X_Acc: 71.9% | Loss_Gen: +0.845 | Retain: 2.6% | Mask_X_Acc: 60.3% | Loss_Gen_adv: +0.174 | Loss_Gen_l1: +0.026 | Loss_Gen_p: +0.658 | W_Distance: +0.001 |
Epoch [140/1000] | Tau: 0.496 | Loss_C: +0.027 | Loss_P: +1.214 | Full_X_Acc: 72.6% | Loss_Gen: +0.879 | Retain: 2.5% | Mask_X_Acc: 60.9% | Loss_Gen_adv: +0.212 | Loss_Gen_l1: +0.025 | Loss_Gen_p: +0.654 | W_Distance: +0.002 |
Epoch [150/1000] | Tau: 0.471 | Loss_C: +0.020 | Loss_P: +1.212 | Full_X_Acc: 72.5% | Loss_Gen: +0.900 | Retain: 2.4% | Mask_X_Acc: 60.8% | Loss_Gen_adv: +0.227 | Loss_Gen_l1: +0.024 | Loss_Gen_p: +0.661 | W_Distance: +0.004 |
Epoch [160/1000] | Tau: 0.448 | Loss_C: +0.014 | Loss_P: +1.206 | Full_X_Acc: 73.5% | Loss_Gen: +0.913 | Retain: 2.3% | Mask_X_Acc: 61.1% | Loss_Gen_adv: +0.245 | Loss_Gen_l1: +0.023 | Loss_Gen_p: +0.656 | W_Distance: +0.004 |
Epoch [170/1000] | Tau: 0.427 | Loss_C: +0.009 | Loss_P: +1.203 | Full_X_Acc: 73.9% | Loss_Gen: +0.927 | Retain: 2.3% | Mask_X_Acc: 60.4% | Loss_Gen_adv: +0.259 | Loss_Gen_l1: +0.023 | Loss_Gen_p: +0.656 | W_Distance: +0.005 |
Epoch [180/1000] | Tau: 0.406 | Loss_C: +0.006 | Loss_P: +1.201 | Full_X_Acc: 74.3% | Loss_Gen: +0.954 | Retain: 2.3% | Mask_X_Acc: 61.0% | Loss_Gen_adv: +0.283 | Loss_Gen_l1: +0.023 | Loss_Gen_p: +0.660 | W_Distance: +0.005 |
Epoch [190/1000] | Tau: 0.386 | Loss_C: +0.005 | Loss_P: +1.195 | Full_X_Acc: 74.3% | Loss_Gen: +0.950 | Retain: 2.2% | Mask_X_Acc: 60.9% | Loss_Gen_adv: +0.284 | Loss_Gen_l1: +0.022 | Loss_Gen_p: +0.654 | W_Distance: +0.004 |
Epoch [200/1000] | Tau: 0.367 | Loss_C: +0.000 | Loss_P: +1.194 | Full_X_Acc: 74.9% | Loss_Gen: +0.949 | Retain: 2.2% | Mask_X_Acc: 60.4% | Loss_Gen_adv: +0.280 | Loss_Gen_l1: +0.022 | Loss_Gen_p: +0.658 | W_Distance: +0.008 |
Epoch [210/1000] | Tau: 0.349 | Loss_C: -0.001 | Loss_P: +1.187 | Full_X_Acc: 75.2% | Loss_Gen: +0.944 | Retain: 2.2% | Mask_X_Acc: 60.9% | Loss_Gen_adv: +0.277 | Loss_Gen_l1: +0.022 | Loss_Gen_p: +0.656 | W_Distance: +0.008 |
Epoch [220/1000] | Tau: 0.332 | Loss_C: -0.002 | Loss_P: +1.185 | Full_X_Acc: 75.4% | Loss_Gen: +0.945 | Retain: 2.2% | Mask_X_Acc: 61.0% | Loss_Gen_adv: +0.275 | Loss_Gen_l1: +0.022 | Loss_Gen_p: +0.659 | W_Distance: +0.008 |
Epoch [230/1000] | Tau: 0.316 | Loss_C: -0.004 | Loss_P: +1.181 | Full_X_Acc: 75.9% | Loss_Gen: +0.943 | Retain: 2.1% | Mask_X_Acc: 61.0% | Loss_Gen_adv: +0.273 | Loss_Gen_l1: +0.021 | Loss_Gen_p: +0.660 | W_Distance: +0.009 |
Epoch [240/1000] | Tau: 0.300 | Loss_C: -0.005 | Loss_P: +1.184 | Full_X_Acc: 76.0% | Loss_Gen: +0.944 | Retain: 2.1% | Mask_X_Acc: 61.1% | Loss_Gen_adv: +0.275 | Loss_Gen_l1: +0.021 | Loss_Gen_p: +0.658 | W_Distance: +0.009 |
Epoch [250/1000] | Tau: 0.286 | Loss_C: -0.006 | Loss_P: +1.177 | Full_X_Acc: 76.3% | Loss_Gen: +0.945 | Retain: 2.1% | Mask_X_Acc: 60.6% | Loss_Gen_adv: +0.273 | Loss_Gen_l1: +0.021 | Loss_Gen_p: +0.661 | W_Distance: +0.010 |
Epoch [260/1000] | Tau: 0.272 | Loss_C: -0.006 | Loss_P: +1.175 | Full_X_Acc: 76.8% | Loss_Gen: +0.925 | Retain: 2.1% | Mask_X_Acc: 61.1% | Loss_Gen_adv: +0.255 | Loss_Gen_l1: +0.021 | Loss_Gen_p: +0.659 | W_Distance: +0.010 |
Epoch [270/1000] | Tau: 0.258 | Loss_C: -0.009 | Loss_P: +1.174 | Full_X_Acc: 76.9% | Loss_Gen: +0.923 | Retain: 2.1% | Mask_X_Acc: 60.8% | Loss_Gen_adv: +0.253 | Loss_Gen_l1: +0.021 | Loss_Gen_p: +0.659 | W_Distance: +0.012 |
Epoch [280/1000] | Tau: 0.246 | Loss_C: -0.008 | Loss_P: +1.169 | Full_X_Acc: 76.7% | Loss_Gen: +0.929 | Retain: 2.1% | Mask_X_Acc: 60.8% | Loss_Gen_adv: +0.255 | Loss_Gen_l1: +0.021 | Loss_Gen_p: +0.664 | W_Distance: +0.012 |
Epoch [290/1000] | Tau: 0.234 | Loss_C: -0.008 | Loss_P: +1.167 | Full_X_Acc: 77.3% | Loss_Gen: +0.924 | Retain: 2.1% | Mask_X_Acc: 61.4% | Loss_Gen_adv: +0.250 | Loss_Gen_l1: +0.021 | Loss_Gen_p: +0.664 | W_Distance: +0.011 |
Epoch [300/1000] | Tau: 0.222 | Loss_C: -0.008 | Loss_P: +1.165 | Full_X_Acc: 77.9% | Loss_Gen: +0.900 | Retain: 2.1% | Mask_X_Acc: 60.5% | Loss_Gen_adv: +0.228 | Loss_Gen_l1: +0.021 | Loss_Gen_p: +0.662 | W_Distance: +0.012 |
Epoch [310/1000] | Tau: 0.211 | Loss_C: -0.010 | Loss_P: +1.166 | Full_X_Acc: 77.9% | Loss_Gen: +0.917 | Retain: 2.1% | Mask_X_Acc: 61.0% | Loss_Gen_adv: +0.245 | Loss_Gen_l1: +0.021 | Loss_Gen_p: +0.661 | W_Distance: +0.012 |
Epoch [320/1000] | Tau: 0.201 | Loss_C: -0.008 | Loss_P: +1.164 | Full_X_Acc: 78.2% | Loss_Gen: +0.918 | Retain: 2.1% | Mask_X_Acc: 61.0% | Loss_Gen_adv: +0.234 | Loss_Gen_l1: +0.021 | Loss_Gen_p: +0.673 | W_Distance: +0.011 |
Epoch [330/1000] | Tau: 0.191 | Loss_C: -0.013 | Loss_P: +1.160 | Full_X_Acc: 78.1% | Loss_Gen: +0.912 | Retain: 2.0% | Mask_X_Acc: 60.4% | Loss_Gen_adv: +0.235 | Loss_Gen_l1: +0.020 | Loss_Gen_p: +0.667 | W_Distance: +0.016 |
Epoch [340/1000] | Tau: 0.182 | Loss_C: -0.013 | Loss_P: +1.162 | Full_X_Acc: 78.5% | Loss_Gen: +0.906 | Retain: 2.0% | Mask_X_Acc: 60.4% | Loss_Gen_adv: +0.232 | Loss_Gen_l1: +0.020 | Loss_Gen_p: +0.664 | W_Distance: +0.016 |
Epoch [350/1000] | Tau: 0.173 | Loss_C: -0.011 | Loss_P: +1.164 | Full_X_Acc: 78.9% | Loss_Gen: +0.920 | Retain: 2.0% | Mask_X_Acc: 60.0% | Loss_Gen_adv: +0.243 | Loss_Gen_l1: +0.020 | Loss_Gen_p: +0.667 | W_Distance: +0.014 |
Epoch [360/1000] | Tau: 0.165 | Loss_C: -0.013 | Loss_P: +1.156 | Full_X_Acc: 78.5% | Loss_Gen: +0.901 | Retain: 2.0% | Mask_X_Acc: 60.9% | Loss_Gen_adv: +0.218 | Loss_Gen_l1: +0.020 | Loss_Gen_p: +0.673 | W_Distance: +0.016 |
Epoch [370/1000] | Tau: 0.157 | Loss_C: -0.011 | Loss_P: +1.156 | Full_X_Acc: 79.2% | Loss_Gen: +0.895 | Retain: 2.0% | Mask_X_Acc: 60.9% | Loss_Gen_adv: +0.212 | Loss_Gen_l1: +0.020 | Loss_Gen_p: +0.673 | W_Distance: +0.014 |
Epoch [380/1000] | Tau: 0.149 | Loss_C: -0.013 | Loss_P: +1.154 | Full_X_Acc: 79.2% | Loss_Gen: +0.896 | Retain: 2.0% | Mask_X_Acc: 60.2% | Loss_Gen_adv: +0.213 | Loss_Gen_l1: +0.020 | Loss_Gen_p: +0.672 | W_Distance: +0.016 |
Epoch [390/1000] | Tau: 0.142 | Loss_C: -0.014 | Loss_P: +1.155 | Full_X_Acc: 79.0% | Loss_Gen: +0.889 | Retain: 2.0% | Mask_X_Acc: 60.7% | Loss_Gen_adv: +0.210 | Loss_Gen_l1: +0.020 | Loss_Gen_p: +0.669 | W_Distance: +0.017 |
Epoch [400/1000] | Tau: 0.135 | Loss_C: -0.014 | Loss_P: +1.153 | Full_X_Acc: 79.1% | Loss_Gen: +0.883 | Retain: 2.0% | Mask_X_Acc: 60.7% | Loss_Gen_adv: +0.201 | Loss_Gen_l1: +0.020 | Loss_Gen_p: +0.672 | W_Distance: +0.017 |
Epoch [410/1000] | Tau: 0.128 | Loss_C: -0.013 | Loss_P: +1.153 | Full_X_Acc: 79.5% | Loss_Gen: +0.878 | Retain: 2.0% | Mask_X_Acc: 60.4% | Loss_Gen_adv: +0.191 | Loss_Gen_l1: +0.020 | Loss_Gen_p: +0.677 | W_Distance: +0.016 |
Epoch [420/1000] | Tau: 0.122 | Loss_C: -0.015 | Loss_P: +1.149 | Full_X_Acc: 79.5% | Loss_Gen: +0.888 | Retain: 2.0% | Mask_X_Acc: 60.6% | Loss_Gen_adv: +0.205 | Loss_Gen_l1: +0.020 | Loss_Gen_p: +0.673 | W_Distance: +0.018 |
Epoch [430/1000] | Tau: 0.116 | Loss_C: -0.015 | Loss_P: +1.147 | Full_X_Acc: 79.6% | Loss_Gen: +0.881 | Retain: 2.0% | Mask_X_Acc: 60.8% | Loss_Gen_adv: +0.198 | Loss_Gen_l1: +0.020 | Loss_Gen_p: +0.674 | W_Distance: +0.017 |
Epoch [440/1000] | Tau: 0.110 | Loss_C: -0.016 | Loss_P: +1.152 | Full_X_Acc: 79.8% | Loss_Gen: +0.874 | Retain: 2.0% | Mask_X_Acc: 60.3% | Loss_Gen_adv: +0.191 | Loss_Gen_l1: +0.020 | Loss_Gen_p: +0.673 | W_Distance: +0.018 |
Epoch [450/1000] | Tau: 0.105 | Loss_C: -0.014 | Loss_P: +1.149 | Full_X_Acc: 80.0% | Loss_Gen: +0.876 | Retain: 2.0% | Mask_X_Acc: 60.2% | Loss_Gen_adv: +0.190 | Loss_Gen_l1: +0.020 | Loss_Gen_p: +0.676 | W_Distance: +0.016 |
Epoch [460/1000] | Tau: 0.100 | Loss_C: -0.016 | Loss_P: +1.145 | Full_X_Acc: 79.7% | Loss_Gen: +0.878 | Retain: 2.0% | Mask_X_Acc: 60.5% | Loss_Gen_adv: +0.190 | Loss_Gen_l1: +0.020 | Loss_Gen_p: +0.678 | W_Distance: +0.019 |
Epoch [470/1000] | Tau: 0.100 | Loss_C: -0.015 | Loss_P: +1.145 | Full_X_Acc: 80.3% | Loss_Gen: +0.864 | Retain: 2.0% | Mask_X_Acc: 60.9% | Loss_Gen_adv: +0.181 | Loss_Gen_l1: +0.020 | Loss_Gen_p: +0.673 | W_Distance: +0.018 |
Epoch [480/1000] | Tau: 0.100 | Loss_C: -0.017 | Loss_P: +1.145 | Full_X_Acc: 80.2% | Loss_Gen: +0.862 | Retain: 2.0% | Mask_X_Acc: 59.8% | Loss_Gen_adv: +0.176 | Loss_Gen_l1: +0.020 | Loss_Gen_p: +0.676 | W_Distance: +0.019 |
Epoch [490/1000] | Tau: 0.100 | Loss_C: -0.017 | Loss_P: +1.144 | Full_X_Acc: 80.6% | Loss_Gen: +0.869 | Retain: 2.0% | Mask_X_Acc: 59.5% | Loss_Gen_adv: +0.179 | Loss_Gen_l1: +0.020 | Loss_Gen_p: +0.680 | W_Distance: +0.020 |
Epoch [500/1000] | Tau: 0.100 | Loss_C: -0.019 | Loss_P: +1.141 | Full_X_Acc: 80.5% | Loss_Gen: +0.859 | Retain: 2.0% | Mask_X_Acc: 60.1% | Loss_Gen_adv: +0.174 | Loss_Gen_l1: +0.020 | Loss_Gen_p: +0.675 | W_Distance: +0.021 |
Epoch [510/1000] | Tau: 0.100 | Loss_C: -0.017 | Loss_P: +1.144 | Full_X_Acc: 80.7% | Loss_Gen: +0.860 | Retain: 2.0% | Mask_X_Acc: 60.5% | Loss_Gen_adv: +0.174 | Loss_Gen_l1: +0.020 | Loss_Gen_p: +0.675 | W_Distance: +0.020 |
Epoch [520/1000] | Tau: 0.100 | Loss_C: -0.019 | Loss_P: +1.141 | Full_X_Acc: 80.7% | Loss_Gen: +0.857 | Retain: 2.0% | Mask_X_Acc: 60.7% | Loss_Gen_adv: +0.170 | Loss_Gen_l1: +0.020 | Loss_Gen_p: +0.677 | W_Distance: +0.022 |
Epoch [530/1000] | Tau: 0.100 | Loss_C: -0.018 | Loss_P: +1.140 | Full_X_Acc: 80.9% | Loss_Gen: +0.859 | Retain: 2.0% | Mask_X_Acc: 60.0% | Loss_Gen_adv: +0.169 | Loss_Gen_l1: +0.020 | Loss_Gen_p: +0.680 | W_Distance: +0.021 |
Epoch [540/1000] | Tau: 0.100 | Loss_C: -0.016 | Loss_P: +1.139 | Full_X_Acc: 81.1% | Loss_Gen: +0.850 | Retain: 2.0% | Mask_X_Acc: 60.5% | Loss_Gen_adv: +0.161 | Loss_Gen_l1: +0.020 | Loss_Gen_p: +0.679 | W_Distance: +0.019 |
Epoch [550/1000] | Tau: 0.100 | Loss_C: -0.019 | Loss_P: +1.141 | Full_X_Acc: 80.9% | Loss_Gen: +0.851 | Retain: 2.0% | Mask_X_Acc: 60.5% | Loss_Gen_adv: +0.166 | Loss_Gen_l1: +0.020 | Loss_Gen_p: +0.675 | W_Distance: +0.022 |
Epoch [560/1000] | Tau: 0.100 | Loss_C: -0.016 | Loss_P: +1.136 | Full_X_Acc: 80.8% | Loss_Gen: +0.833 | Retain: 2.0% | Mask_X_Acc: 60.6% | Loss_Gen_adv: +0.142 | Loss_Gen_l1: +0.020 | Loss_Gen_p: +0.681 | W_Distance: +0.019 |
Epoch [570/1000] | Tau: 0.100 | Loss_C: -0.017 | Loss_P: +1.140 | Full_X_Acc: 81.3% | Loss_Gen: +0.847 | Retain: 2.0% | Mask_X_Acc: 60.0% | Loss_Gen_adv: +0.156 | Loss_Gen_l1: +0.020 | Loss_Gen_p: +0.680 | W_Distance: +0.020 |
Epoch [580/1000] | Tau: 0.100 | Loss_C: -0.019 | Loss_P: +1.133 | Full_X_Acc: 81.3% | Loss_Gen: +0.845 | Retain: 2.0% | Mask_X_Acc: 60.1% | Loss_Gen_adv: +0.156 | Loss_Gen_l1: +0.020 | Loss_Gen_p: +0.678 | W_Distance: +0.022 |
Epoch [590/1000] | Tau: 0.100 | Loss_C: -0.018 | Loss_P: +1.137 | Full_X_Acc: 81.1% | Loss_Gen: +0.841 | Retain: 2.0% | Mask_X_Acc: 60.1% | Loss_Gen_adv: +0.151 | Loss_Gen_l1: +0.020 | Loss_Gen_p: +0.679 | W_Distance: +0.021 |
Epoch [600/1000] | Tau: 0.100 | Loss_C: -0.020 | Loss_P: +1.132 | Full_X_Acc: 81.6% | Loss_Gen: +0.825 | Retain: 2.0% | Mask_X_Acc: 60.6% | Loss_Gen_adv: +0.136 | Loss_Gen_l1: +0.020 | Loss_Gen_p: +0.679 | W_Distance: +0.023 |
Epoch [610/1000] | Tau: 0.100 | Loss_C: -0.018 | Loss_P: +1.136 | Full_X_Acc: 81.5% | Loss_Gen: +0.832 | Retain: 2.0% | Mask_X_Acc: 60.2% | Loss_Gen_adv: +0.139 | Loss_Gen_l1: +0.020 | Loss_Gen_p: +0.682 | W_Distance: +0.020 |
Epoch [620/1000] | Tau: 0.100 | Loss_C: -0.018 | Loss_P: +1.135 | Full_X_Acc: 81.5% | Loss_Gen: +0.828 | Retain: 2.0% | Mask_X_Acc: 60.2% | Loss_Gen_adv: +0.142 | Loss_Gen_l1: +0.020 | Loss_Gen_p: +0.677 | W_Distance: +0.021 |
Epoch [630/1000] | Tau: 0.100 | Loss_C: -0.018 | Loss_P: +1.137 | Full_X_Acc: 81.5% | Loss_Gen: +0.823 | Retain: 2.0% | Mask_X_Acc: 60.0% | Loss_Gen_adv: +0.127 | Loss_Gen_l1: +0.020 | Loss_Gen_p: +0.686 | W_Distance: +0.021 |
Epoch [640/1000] | Tau: 0.100 | Loss_C: -0.018 | Loss_P: +1.128 | Full_X_Acc: 81.6% | Loss_Gen: +0.800 | Retain: 2.0% | Mask_X_Acc: 59.9% | Loss_Gen_adv: +0.116 | Loss_Gen_l1: +0.020 | Loss_Gen_p: +0.674 | W_Distance: +0.021 |
Epoch [650/1000] | Tau: 0.100 | Loss_C: -0.020 | Loss_P: +1.133 | Full_X_Acc: 81.7% | Loss_Gen: +0.810 | Retain: 2.0% | Mask_X_Acc: 59.9% | Loss_Gen_adv: +0.116 | Loss_Gen_l1: +0.020 | Loss_Gen_p: +0.683 | W_Distance: +0.023 |
Epoch [660/1000] | Tau: 0.100 | Loss_C: -0.020 | Loss_P: +1.135 | Full_X_Acc: 81.8% | Loss_Gen: +0.801 | Retain: 2.0% | Mask_X_Acc: 59.9% | Loss_Gen_adv: +0.104 | Loss_Gen_l1: +0.020 | Loss_Gen_p: +0.687 | W_Distance: +0.023 |
Epoch [670/1000] | Tau: 0.100 | Loss_C: -0.020 | Loss_P: +1.123 | Full_X_Acc: 82.1% | Loss_Gen: +0.786 | Retain: 2.0% | Mask_X_Acc: 60.0% | Loss_Gen_adv: +0.089 | Loss_Gen_l1: +0.020 | Loss_Gen_p: +0.687 | W_Distance: +0.023 |
Epoch [680/1000] | Tau: 0.100 | Loss_C: -0.020 | Loss_P: +1.126 | Full_X_Acc: 82.0% | Loss_Gen: +0.777 | Retain: 2.0% | Mask_X_Acc: 60.7% | Loss_Gen_adv: +0.084 | Loss_Gen_l1: +0.020 | Loss_Gen_p: +0.684 | W_Distance: +0.023 |
Epoch [690/1000] | Tau: 0.100 | Loss_C: -0.022 | Loss_P: +1.128 | Full_X_Acc: 82.1% | Loss_Gen: +0.774 | Retain: 2.0% | Mask_X_Acc: 60.7% | Loss_Gen_adv: +0.076 | Loss_Gen_l1: +0.020 | Loss_Gen_p: +0.688 | W_Distance: +0.025 |
Epoch [700/1000] | Tau: 0.100 | Loss_C: -0.022 | Loss_P: +1.128 | Full_X_Acc: 81.8% | Loss_Gen: +0.769 | Retain: 2.0% | Mask_X_Acc: 60.5% | Loss_Gen_adv: +0.078 | Loss_Gen_l1: +0.020 | Loss_Gen_p: +0.681 | W_Distance: +0.025 |
Epoch [710/1000] | Tau: 0.100 | Loss_C: -0.022 | Loss_P: +1.131 | Full_X_Acc: 82.0% | Loss_Gen: +0.769 | Retain: 2.0% | Mask_X_Acc: 60.0% | Loss_Gen_adv: +0.075 | Loss_Gen_l1: +0.020 | Loss_Gen_p: +0.684 | W_Distance: +0.025 |
Epoch [720/1000] | Tau: 0.100 | Loss_C: -0.022 | Loss_P: +1.127 | Full_X_Acc: 82.3% | Loss_Gen: +0.766 | Retain: 2.0% | Mask_X_Acc: 59.9% | Loss_Gen_adv: +0.072 | Loss_Gen_l1: +0.020 | Loss_Gen_p: +0.684 | W_Distance: +0.025 |
Epoch [730/1000] | Tau: 0.100 | Loss_C: -0.020 | Loss_P: +1.130 | Full_X_Acc: 82.5% | Loss_Gen: +0.762 | Retain: 2.0% | Mask_X_Acc: 60.4% | Loss_Gen_adv: +0.065 | Loss_Gen_l1: +0.020 | Loss_Gen_p: +0.687 | W_Distance: +0.023 |
Epoch [740/1000] | Tau: 0.100 | Loss_C: -0.019 | Loss_P: +1.124 | Full_X_Acc: 82.4% | Loss_Gen: +0.743 | Retain: 2.0% | Mask_X_Acc: 59.9% | Loss_Gen_adv: +0.051 | Loss_Gen_l1: +0.020 | Loss_Gen_p: +0.682 | W_Distance: +0.022 |
Epoch [750/1000] | Tau: 0.100 | Loss_C: -0.021 | Loss_P: +1.126 | Full_X_Acc: 82.4% | Loss_Gen: +0.738 | Retain: 2.0% | Mask_X_Acc: 60.1% | Loss_Gen_adv: +0.046 | Loss_Gen_l1: +0.020 | Loss_Gen_p: +0.682 | W_Distance: +0.024 |
Epoch [760/1000] | Tau: 0.100 | Loss_C: -0.018 | Loss_P: +1.129 | Full_X_Acc: 82.5% | Loss_Gen: +0.738 | Retain: 2.0% | Mask_X_Acc: 60.2% | Loss_Gen_adv: +0.043 | Loss_Gen_l1: +0.020 | Loss_Gen_p: +0.685 | W_Distance: +0.021 |
Epoch [770/1000] | Tau: 0.100 | Loss_C: -0.021 | Loss_P: +1.120 | Full_X_Acc: 82.6% | Loss_Gen: +0.735 | Retain: 2.0% | Mask_X_Acc: 60.0% | Loss_Gen_adv: +0.037 | Loss_Gen_l1: +0.020 | Loss_Gen_p: +0.687 | W_Distance: +0.024 |
Epoch [780/1000] | Tau: 0.100 | Loss_C: -0.021 | Loss_P: +1.126 | Full_X_Acc: 82.8% | Loss_Gen: +0.720 | Retain: 2.0% | Mask_X_Acc: 60.3% | Loss_Gen_adv: +0.023 | Loss_Gen_l1: +0.020 | Loss_Gen_p: +0.687 | W_Distance: +0.024 |
Epoch [790/1000] | Tau: 0.100 | Loss_C: -0.022 | Loss_P: +1.130 | Full_X_Acc: 83.0% | Loss_Gen: +0.713 | Retain: 2.0% | Mask_X_Acc: 60.0% | Loss_Gen_adv: +0.017 | Loss_Gen_l1: +0.020 | Loss_Gen_p: +0.686 | W_Distance: +0.025 |
Epoch [800/1000] | Tau: 0.100 | Loss_C: -0.023 | Loss_P: +1.131 | Full_X_Acc: 82.5% | Loss_Gen: +0.719 | Retain: 2.0% | Mask_X_Acc: 59.7% | Loss_Gen_adv: +0.024 | Loss_Gen_l1: +0.020 | Loss_Gen_p: +0.686 | W_Distance: +0.026 |
Epoch [810/1000] | Tau: 0.100 | Loss_C: -0.021 | Loss_P: +1.120 | Full_X_Acc: 83.0% | Loss_Gen: +0.701 | Retain: 2.0% | Mask_X_Acc: 60.3% | Loss_Gen_adv: +0.003 | Loss_Gen_l1: +0.020 | Loss_Gen_p: +0.688 | W_Distance: +0.024 |
Epoch [820/1000] | Tau: 0.100 | Loss_C: -0.022 | Loss_P: +1.123 | Full_X_Acc: 82.6% | Loss_Gen: +0.705 | Retain: 2.0% | Mask_X_Acc: 59.9% | Loss_Gen_adv: +0.013 | Loss_Gen_l1: +0.020 | Loss_Gen_p: +0.682 | W_Distance: +0.025 |
Epoch [830/1000] | Tau: 0.100 | Loss_C: -0.022 | Loss_P: +1.128 | Full_X_Acc: 82.6% | Loss_Gen: +0.702 | Retain: 2.0% | Mask_X_Acc: 60.3% | Loss_Gen_adv: +0.005 | Loss_Gen_l1: +0.020 | Loss_Gen_p: +0.687 | W_Distance: +0.025 |
Epoch [840/1000] | Tau: 0.100 | Loss_C: -0.020 | Loss_P: +1.123 | Full_X_Acc: 82.8% | Loss_Gen: +0.707 | Retain: 2.0% | Mask_X_Acc: 59.7% | Loss_Gen_adv: +0.005 | Loss_Gen_l1: +0.020 | Loss_Gen_p: +0.693 | W_Distance: +0.023 |
Epoch [850/1000] | Tau: 0.100 | Loss_C: -0.024 | Loss_P: +1.122 | Full_X_Acc: 83.2% | Loss_Gen: +0.699 | Retain: 2.0% | Mask_X_Acc: 59.7% | Loss_Gen_adv: +0.000 | Loss_Gen_l1: +0.020 | Loss_Gen_p: +0.689 | W_Distance: +0.026 |
Epoch [860/1000] | Tau: 0.100 | Loss_C: -0.022 | Loss_P: +1.122 | Full_X_Acc: 82.8% | Loss_Gen: +0.697 | Retain: 2.0% | Mask_X_Acc: 59.6% | Loss_Gen_adv: -0.003 | Loss_Gen_l1: +0.020 | Loss_Gen_p: +0.690 | W_Distance: +0.025 |
Epoch [870/1000] | Tau: 0.100 | Loss_C: -0.021 | Loss_P: +1.124 | Full_X_Acc: 83.0% | Loss_Gen: +0.703 | Retain: 2.0% | Mask_X_Acc: 59.9% | Loss_Gen_adv: +0.001 | Loss_Gen_l1: +0.020 | Loss_Gen_p: +0.692 | W_Distance: +0.024 |
Epoch [880/1000] | Tau: 0.100 | Loss_C: -0.023 | Loss_P: +1.126 | Full_X_Acc: 83.3% | Loss_Gen: +0.704 | Retain: 2.0% | Mask_X_Acc: 60.3% | Loss_Gen_adv: +0.003 | Loss_Gen_l1: +0.020 | Loss_Gen_p: +0.691 | W_Distance: +0.026 |
Epoch [890/1000] | Tau: 0.100 | Loss_C: -0.023 | Loss_P: +1.119 | Full_X_Acc: 83.5% | Loss_Gen: +0.696 | Retain: 2.0% | Mask_X_Acc: 60.0% | Loss_Gen_adv: +0.000 | Loss_Gen_l1: +0.020 | Loss_Gen_p: +0.686 | W_Distance: +0.026 |
Epoch [900/1000] | Tau: 0.100 | Loss_C: -0.023 | Loss_P: +1.122 | Full_X_Acc: 83.4% | Loss_Gen: +0.714 | Retain: 2.0% | Mask_X_Acc: 60.0% | Loss_Gen_adv: +0.005 | Loss_Gen_l1: +0.020 | Loss_Gen_p: +0.699 | W_Distance: +0.026 |
Epoch [910/1000] | Tau: 0.100 | Loss_C: -0.020 | Loss_P: +1.125 | Full_X_Acc: 83.2% | Loss_Gen: +0.705 | Retain: 2.0% | Mask_X_Acc: 60.4% | Loss_Gen_adv: +0.001 | Loss_Gen_l1: +0.020 | Loss_Gen_p: +0.693 | W_Distance: +0.023 |
Epoch [920/1000] | Tau: 0.100 | Loss_C: -0.023 | Loss_P: +1.126 | Full_X_Acc: 83.6% | Loss_Gen: +0.700 | Retain: 2.0% | Mask_X_Acc: 59.5% | Loss_Gen_adv: +0.002 | Loss_Gen_l1: +0.020 | Loss_Gen_p: +0.688 | W_Distance: +0.026 |
Epoch [930/1000] | Tau: 0.100 | Loss_C: -0.022 | Loss_P: +1.118 | Full_X_Acc: 83.6% | Loss_Gen: +0.686 | Retain: 2.0% | Mask_X_Acc: 59.7% | Loss_Gen_adv: -0.007 | Loss_Gen_l1: +0.020 | Loss_Gen_p: +0.683 | W_Distance: +0.025 |
Epoch [940/1000] | Tau: 0.100 | Loss_C: -0.019 | Loss_P: +1.122 | Full_X_Acc: 83.4% | Loss_Gen: +0.690 | Retain: 2.0% | Mask_X_Acc: 60.1% | Loss_Gen_adv: -0.010 | Loss_Gen_l1: +0.020 | Loss_Gen_p: +0.690 | W_Distance: +0.022 |
Epoch [950/1000] | Tau: 0.100 | Loss_C: -0.024 | Loss_P: +1.120 | Full_X_Acc: 83.5% | Loss_Gen: +0.690 | Retain: 2.0% | Mask_X_Acc: 59.7% | Loss_Gen_adv: -0.012 | Loss_Gen_l1: +0.020 | Loss_Gen_p: +0.692 | W_Distance: +0.027 |
Epoch [960/1000] | Tau: 0.100 | Loss_C: -0.021 | Loss_P: +1.119 | Full_X_Acc: 83.7% | Loss_Gen: +0.692 | Retain: 2.0% | Mask_X_Acc: 59.9% | Loss_Gen_adv: -0.008 | Loss_Gen_l1: +0.020 | Loss_Gen_p: +0.690 | W_Distance: +0.024 |
Epoch [970/1000] | Tau: 0.100 | Loss_C: -0.023 | Loss_P: +1.128 | Full_X_Acc: 83.6% | Loss_Gen: +0.693 | Retain: 2.0% | Mask_X_Acc: 60.0% | Loss_Gen_adv: -0.005 | Loss_Gen_l1: +0.020 | Loss_Gen_p: +0.688 | W_Distance: +0.026 |
Epoch [980/1000] | Tau: 0.100 | Loss_C: -0.024 | Loss_P: +1.120 | Full_X_Acc: 83.8% | Loss_Gen: +0.679 | Retain: 2.0% | Mask_X_Acc: 60.2% | Loss_Gen_adv: -0.022 | Loss_Gen_l1: +0.020 | Loss_Gen_p: +0.691 | W_Distance: +0.027 |
Epoch [990/1000] | Tau: 0.100 | Loss_C: -0.022 | Loss_P: +1.123 | Full_X_Acc: 83.6% | Loss_Gen: +0.672 | Retain: 2.0% | Mask_X_Acc: 60.0% | Loss_Gen_adv: -0.029 | Loss_Gen_l1: +0.020 | Loss_Gen_p: +0.691 | W_Distance: +0.025 |
Epoch [1000/1000] | Tau: 0.100 | Loss_C: -0.023 | Loss_P: +1.117 | Full_X_Acc: 83.9% | Loss_Gen: +0.666 | Retain: 2.0% | Mask_X_Acc: 60.1% | Loss_Gen_adv: -0.031 | Loss_Gen_l1: +0.020 | Loss_Gen_p: +0.687 | W_Distance: +0.026 |
[Export] 训练历史已保存至 'output/run_20260718_012624/history.npz'

[System] 开始在测试集上进行推理评估...
==================================================
🎯 测试集推理报告 (Shared Architecture)
==================================================
• 测试集准确率:     59.40%
• TPR (召回率):     99.96%
• FDR (误发现率):   0.00%
• 平均保留特征数量: 2.0 / 100
• 整体保留率:       2.00%
--------------------------------------------------
🧩 Top 6 最常被选中的特征
--------------------------------------------------
Top 01: 特征 Index 000 | 被选次数: 3999 次 (100.0%) | ★ [真实关联]
Top 02: 特征 Index 001 | 被选次数: 3998 次 ( 99.9%) | ★ [真实关联]
Top 03: 特征 Index 099 | 被选次数:    0 次 (  0.0%) |   [纯噪声]
Top 04: 特征 Index 098 | 被选次数:    0 次 (  0.0%) |   [纯噪声]
Top 05: 特征 Index 095 | 被选次数:    0 次 (  0.0%) |   [纯噪声]
Top 06: 特征 Index 094 | 被选次数:    0 次 (  0.0%) |   [纯噪声]
==================================================
[Export] 测试集数组已保存至 'output/run_20260718_012624/test_arrays.npz'
[Export] 特征索引已保存至 'output/run_20260718_012624/selected_feature_indices.npy'
[Export] 模型权重已保存至 'output/run_20260718_012624/generator_model.pth'

[Visualization] 运行双视角 t-SNE 降维 (样本数: 4000)...
[Visualization] 降维: 原始掩码特征 (Before Ext)...
[Visualization] 降维: 隐空间特征 (After Ext)...
[Visualization] 对比 t-SNE 已保存至: 'output/run_20260718_012624/fig3_tsne_comparison.png'

