[System] Run dir: output\run_20260831_142918
[System] 正在使用 cpu 进行计算...

[System] 开始训练多任务共享特征架构...
Epoch [010/1000] | Tau: 0.951 | Loss_C: +0.054 | Loss_P: +0.519 | Full_X_Acc: 53.1% | Loss_Gen: +0.576 | Retain: 48.7% | Mask_X_Acc: 51.6% | Loss_Gen_adv: -0.263 | Loss_Gen_l1: +0.487 | Loss_Gen_p: +0.693 | W_Distance: -0.003 |
Epoch [020/1000] | Tau: 0.905 | Loss_C: +0.063 | Loss_P: +0.514 | Full_X_Acc: 57.4% | Loss_Gen: +0.579 | Retain: 45.5% | Mask_X_Acc: 52.3% | Loss_Gen_adv: -0.250 | Loss_Gen_l1: +0.455 | Loss_Gen_p: +0.692 | W_Distance: -0.006 |
Epoch [030/1000] | Tau: 0.860 | Loss_C: +0.074 | Loss_P: +0.501 | Full_X_Acc: 62.5% | Loss_Gen: +0.547 | Retain: 40.6% | Mask_X_Acc: 52.5% | Loss_Gen_adv: -0.270 | Loss_Gen_l1: +0.406 | Loss_Gen_p: +0.696 | W_Distance: -0.008 |
Epoch [040/1000] | Tau: 0.818 | Loss_C: +0.097 | Loss_P: +0.489 | Full_X_Acc: 65.5% | Loss_Gen: +0.454 | Retain: 34.1% | Mask_X_Acc: 53.4% | Loss_Gen_adv: -0.357 | Loss_Gen_l1: +0.341 | Loss_Gen_p: +0.709 | W_Distance: -0.008 |
Epoch [050/1000] | Tau: 0.778 | Loss_C: +0.067 | Loss_P: +0.482 | Full_X_Acc: 67.5% | Loss_Gen: +0.375 | Retain: 26.4% | Mask_X_Acc: 54.5% | Loss_Gen_adv: -0.412 | Loss_Gen_l1: +0.264 | Loss_Gen_p: +0.709 | W_Distance: -0.006 |
Epoch [060/1000] | Tau: 0.740 | Loss_C: +0.066 | Loss_P: +0.476 | Full_X_Acc: 68.0% | Loss_Gen: +0.464 | Retain: 18.8% | Mask_X_Acc: 55.0% | Loss_Gen_adv: -0.300 | Loss_Gen_l1: +0.188 | Loss_Gen_p: +0.708 | W_Distance: -0.002 |
Epoch [070/1000] | Tau: 0.704 | Loss_C: +0.051 | Loss_P: +0.469 | Full_X_Acc: 69.6% | Loss_Gen: +0.720 | Retain: 13.3% | Mask_X_Acc: 56.3% | Loss_Gen_adv: -0.015 | Loss_Gen_l1: +0.133 | Loss_Gen_p: +0.695 | W_Distance: -0.000 |
Epoch [080/1000] | Tau: 0.670 | Loss_C: +0.018 | Loss_P: +0.459 | Full_X_Acc: 69.9% | Loss_Gen: +0.714 | Retain: 10.0% | Mask_X_Acc: 57.8% | Loss_Gen_adv: -0.008 | Loss_Gen_l1: +0.100 | Loss_Gen_p: +0.692 | W_Distance: +0.005 |
Epoch [090/1000] | Tau: 0.637 | Loss_C: +0.014 | Loss_P: +0.453 | Full_X_Acc: 71.2% | Loss_Gen: +0.778 | Retain: 7.8% | Mask_X_Acc: 58.8% | Loss_Gen_adv: +0.079 | Loss_Gen_l1: +0.078 | Loss_Gen_p: +0.676 | W_Distance: +0.001 |
Epoch [100/1000] | Tau: 0.606 | Loss_C: +0.006 | Loss_P: +0.445 | Full_X_Acc: 71.8% | Loss_Gen: +0.879 | Retain: 6.5% | Mask_X_Acc: 59.5% | Loss_Gen_adv: +0.192 | Loss_Gen_l1: +0.065 | Loss_Gen_p: +0.667 | W_Distance: +0.003 |
Epoch [110/1000] | Tau: 0.576 | Loss_C: +0.001 | Loss_P: +0.440 | Full_X_Acc: 72.7% | Loss_Gen: +0.963 | Retain: 5.8% | Mask_X_Acc: 59.6% | Loss_Gen_adv: +0.281 | Loss_Gen_l1: +0.058 | Loss_Gen_p: +0.665 | W_Distance: +0.004 |
Epoch [120/1000] | Tau: 0.548 | Loss_C: -0.002 | Loss_P: +0.436 | Full_X_Acc: 73.4% | Loss_Gen: +1.023 | Retain: 5.4% | Mask_X_Acc: 60.2% | Loss_Gen_adv: +0.337 | Loss_Gen_l1: +0.054 | Loss_Gen_p: +0.670 | W_Distance: +0.006 |
Epoch [130/1000] | Tau: 0.521 | Loss_C: -0.003 | Loss_P: +0.433 | Full_X_Acc: 73.9% | Loss_Gen: +1.054 | Retain: 5.2% | Mask_X_Acc: 60.6% | Loss_Gen_adv: +0.367 | Loss_Gen_l1: +0.052 | Loss_Gen_p: +0.671 | W_Distance: +0.005 |
Epoch [140/1000] | Tau: 0.496 | Loss_C: -0.005 | Loss_P: +0.428 | Full_X_Acc: 74.5% | Loss_Gen: +1.062 | Retain: 5.1% | Mask_X_Acc: 60.4% | Loss_Gen_adv: +0.378 | Loss_Gen_l1: +0.051 | Loss_Gen_p: +0.669 | W_Distance: +0.007 |
Epoch [150/1000] | Tau: 0.471 | Loss_C: -0.006 | Loss_P: +0.426 | Full_X_Acc: 75.2% | Loss_Gen: +1.057 | Retain: 5.0% | Mask_X_Acc: 60.6% | Loss_Gen_adv: +0.364 | Loss_Gen_l1: +0.050 | Loss_Gen_p: +0.678 | W_Distance: +0.008 |
Epoch [160/1000] | Tau: 0.448 | Loss_C: -0.007 | Loss_P: +0.423 | Full_X_Acc: 76.0% | Loss_Gen: +1.041 | Retain: 4.8% | Mask_X_Acc: 60.5% | Loss_Gen_adv: +0.345 | Loss_Gen_l1: +0.048 | Loss_Gen_p: +0.681 | W_Distance: +0.009 |
Epoch [170/1000] | Tau: 0.427 | Loss_C: -0.009 | Loss_P: +0.423 | Full_X_Acc: 76.5% | Loss_Gen: +1.002 | Retain: 4.7% | Mask_X_Acc: 59.9% | Loss_Gen_adv: +0.308 | Loss_Gen_l1: +0.047 | Loss_Gen_p: +0.680 | W_Distance: +0.011 |
Epoch [180/1000] | Tau: 0.406 | Loss_C: -0.009 | Loss_P: +0.420 | Full_X_Acc: 76.8% | Loss_Gen: +0.970 | Retain: 4.5% | Mask_X_Acc: 60.4% | Loss_Gen_adv: +0.280 | Loss_Gen_l1: +0.045 | Loss_Gen_p: +0.677 | W_Distance: +0.011 |
Epoch [190/1000] | Tau: 0.386 | Loss_C: -0.010 | Loss_P: +0.416 | Full_X_Acc: 77.5% | Loss_Gen: +0.939 | Retain: 4.3% | Mask_X_Acc: 60.3% | Loss_Gen_adv: +0.246 | Loss_Gen_l1: +0.043 | Loss_Gen_p: +0.680 | W_Distance: +0.013 |
Epoch [200/1000] | Tau: 0.367 | Loss_C: -0.009 | Loss_P: +0.414 | Full_X_Acc: 78.1% | Loss_Gen: +0.935 | Retain: 4.1% | Mask_X_Acc: 60.5% | Loss_Gen_adv: +0.232 | Loss_Gen_l1: +0.041 | Loss_Gen_p: +0.691 | W_Distance: +0.011 |
Epoch [210/1000] | Tau: 0.349 | Loss_C: -0.011 | Loss_P: +0.411 | Full_X_Acc: 78.4% | Loss_Gen: +0.908 | Retain: 3.9% | Mask_X_Acc: 60.5% | Loss_Gen_adv: +0.207 | Loss_Gen_l1: +0.039 | Loss_Gen_p: +0.690 | W_Distance: +0.013 |
Epoch [220/1000] | Tau: 0.332 | Loss_C: -0.012 | Loss_P: +0.412 | Full_X_Acc: 78.7% | Loss_Gen: +0.895 | Retain: 3.7% | Mask_X_Acc: 59.7% | Loss_Gen_adv: +0.187 | Loss_Gen_l1: +0.037 | Loss_Gen_p: +0.697 | W_Distance: +0.014 |
Epoch [230/1000] | Tau: 0.316 | Loss_C: -0.013 | Loss_P: +0.410 | Full_X_Acc: 79.1% | Loss_Gen: +0.905 | Retain: 3.5% | Mask_X_Acc: 59.6% | Loss_Gen_adv: +0.202 | Loss_Gen_l1: +0.035 | Loss_Gen_p: +0.693 | W_Distance: +0.016 |
Epoch [240/1000] | Tau: 0.300 | Loss_C: -0.011 | Loss_P: +0.409 | Full_X_Acc: 79.2% | Loss_Gen: +0.906 | Retain: 3.4% | Mask_X_Acc: 59.8% | Loss_Gen_adv: +0.198 | Loss_Gen_l1: +0.034 | Loss_Gen_p: +0.697 | W_Distance: +0.014 |
Epoch [250/1000] | Tau: 0.286 | Loss_C: -0.014 | Loss_P: +0.407 | Full_X_Acc: 80.1% | Loss_Gen: +0.918 | Retain: 3.3% | Mask_X_Acc: 60.6% | Loss_Gen_adv: +0.208 | Loss_Gen_l1: +0.033 | Loss_Gen_p: +0.701 | W_Distance: +0.017 |
Epoch [260/1000] | Tau: 0.272 | Loss_C: -0.014 | Loss_P: +0.406 | Full_X_Acc: 80.0% | Loss_Gen: +0.938 | Retain: 3.2% | Mask_X_Acc: 59.6% | Loss_Gen_adv: +0.222 | Loss_Gen_l1: +0.032 | Loss_Gen_p: +0.707 | W_Distance: +0.017 |
Epoch [270/1000] | Tau: 0.258 | Loss_C: -0.014 | Loss_P: +0.406 | Full_X_Acc: 80.3% | Loss_Gen: +0.941 | Retain: 3.1% | Mask_X_Acc: 58.9% | Loss_Gen_adv: +0.221 | Loss_Gen_l1: +0.031 | Loss_Gen_p: +0.711 | W_Distance: +0.017 |
Epoch [280/1000] | Tau: 0.246 | Loss_C: -0.014 | Loss_P: +0.404 | Full_X_Acc: 80.5% | Loss_Gen: +0.928 | Retain: 3.0% | Mask_X_Acc: 59.6% | Loss_Gen_adv: +0.208 | Loss_Gen_l1: +0.030 | Loss_Gen_p: +0.711 | W_Distance: +0.017 |
Epoch [290/1000] | Tau: 0.234 | Loss_C: -0.015 | Loss_P: +0.402 | Full_X_Acc: 81.0% | Loss_Gen: +0.916 | Retain: 2.9% | Mask_X_Acc: 59.4% | Loss_Gen_adv: +0.197 | Loss_Gen_l1: +0.029 | Loss_Gen_p: +0.710 | W_Distance: +0.018 |
Epoch [300/1000] | Tau: 0.222 | Loss_C: -0.016 | Loss_P: +0.401 | Full_X_Acc: 81.3% | Loss_Gen: +0.926 | Retain: 2.9% | Mask_X_Acc: 59.2% | Loss_Gen_adv: +0.197 | Loss_Gen_l1: +0.029 | Loss_Gen_p: +0.721 | W_Distance: +0.019 |
Epoch [310/1000] | Tau: 0.211 | Loss_C: -0.019 | Loss_P: +0.400 | Full_X_Acc: 81.5% | Loss_Gen: +0.903 | Retain: 2.8% | Mask_X_Acc: 59.4% | Loss_Gen_adv: +0.180 | Loss_Gen_l1: +0.028 | Loss_Gen_p: +0.715 | W_Distance: +0.023 |
Epoch [320/1000] | Tau: 0.201 | Loss_C: -0.016 | Loss_P: +0.398 | Full_X_Acc: 81.7% | Loss_Gen: +0.907 | Retain: 2.7% | Mask_X_Acc: 59.4% | Loss_Gen_adv: +0.178 | Loss_Gen_l1: +0.027 | Loss_Gen_p: +0.720 | W_Distance: +0.020 |
Epoch [330/1000] | Tau: 0.191 | Loss_C: -0.018 | Loss_P: +0.397 | Full_X_Acc: 81.8% | Loss_Gen: +0.924 | Retain: 2.7% | Mask_X_Acc: 59.2% | Loss_Gen_adv: +0.198 | Loss_Gen_l1: +0.027 | Loss_Gen_p: +0.719 | W_Distance: +0.022 |
Epoch [340/1000] | Tau: 0.182 | Loss_C: -0.018 | Loss_P: +0.396 | Full_X_Acc: 82.2% | Loss_Gen: +0.924 | Retain: 2.7% | Mask_X_Acc: 59.8% | Loss_Gen_adv: +0.191 | Loss_Gen_l1: +0.027 | Loss_Gen_p: +0.725 | W_Distance: +0.022 |
Epoch [350/1000] | Tau: 0.173 | Loss_C: -0.019 | Loss_P: +0.395 | Full_X_Acc: 82.2% | Loss_Gen: +0.926 | Retain: 2.6% | Mask_X_Acc: 59.1% | Loss_Gen_adv: +0.196 | Loss_Gen_l1: +0.026 | Loss_Gen_p: +0.721 | W_Distance: +0.023 |
Epoch [360/1000] | Tau: 0.165 | Loss_C: -0.018 | Loss_P: +0.393 | Full_X_Acc: 82.5% | Loss_Gen: +0.921 | Retain: 2.6% | Mask_X_Acc: 59.6% | Loss_Gen_adv: +0.187 | Loss_Gen_l1: +0.026 | Loss_Gen_p: +0.726 | W_Distance: +0.022 |
Epoch [370/1000] | Tau: 0.157 | Loss_C: -0.019 | Loss_P: +0.396 | Full_X_Acc: 82.4% | Loss_Gen: +0.928 | Retain: 2.6% | Mask_X_Acc: 58.9% | Loss_Gen_adv: +0.197 | Loss_Gen_l1: +0.026 | Loss_Gen_p: +0.724 | W_Distance: +0.023 |
Epoch [380/1000] | Tau: 0.149 | Loss_C: -0.020 | Loss_P: +0.393 | Full_X_Acc: 82.8% | Loss_Gen: +0.929 | Retain: 2.5% | Mask_X_Acc: 59.1% | Loss_Gen_adv: +0.199 | Loss_Gen_l1: +0.025 | Loss_Gen_p: +0.722 | W_Distance: +0.024 |
Epoch [390/1000] | Tau: 0.142 | Loss_C: -0.021 | Loss_P: +0.393 | Full_X_Acc: 82.7% | Loss_Gen: +0.940 | Retain: 2.5% | Mask_X_Acc: 59.3% | Loss_Gen_adv: +0.193 | Loss_Gen_l1: +0.025 | Loss_Gen_p: +0.740 | W_Distance: +0.025 |
Epoch [400/1000] | Tau: 0.135 | Loss_C: -0.022 | Loss_P: +0.393 | Full_X_Acc: 83.1% | Loss_Gen: +0.940 | Retain: 2.5% | Mask_X_Acc: 59.1% | Loss_Gen_adv: +0.193 | Loss_Gen_l1: +0.025 | Loss_Gen_p: +0.739 | W_Distance: +0.025 |
Epoch [410/1000] | Tau: 0.128 | Loss_C: -0.022 | Loss_P: +0.391 | Full_X_Acc: 83.1% | Loss_Gen: +0.948 | Retain: 2.5% | Mask_X_Acc: 59.7% | Loss_Gen_adv: +0.209 | Loss_Gen_l1: +0.025 | Loss_Gen_p: +0.732 | W_Distance: +0.026 |
Epoch [420/1000] | Tau: 0.122 | Loss_C: -0.021 | Loss_P: +0.390 | Full_X_Acc: 83.2% | Loss_Gen: +0.953 | Retain: 2.5% | Mask_X_Acc: 59.4% | Loss_Gen_adv: +0.219 | Loss_Gen_l1: +0.025 | Loss_Gen_p: +0.727 | W_Distance: +0.024 |
Epoch [430/1000] | Tau: 0.116 | Loss_C: -0.024 | Loss_P: +0.388 | Full_X_Acc: 83.7% | Loss_Gen: +0.957 | Retain: 2.4% | Mask_X_Acc: 59.4% | Loss_Gen_adv: +0.214 | Loss_Gen_l1: +0.024 | Loss_Gen_p: +0.735 | W_Distance: +0.027 |
Epoch [440/1000] | Tau: 0.110 | Loss_C: -0.022 | Loss_P: +0.389 | Full_X_Acc: 83.6% | Loss_Gen: +0.971 | Retain: 2.4% | Mask_X_Acc: 58.9% | Loss_Gen_adv: +0.224 | Loss_Gen_l1: +0.024 | Loss_Gen_p: +0.740 | W_Distance: +0.025 |
Epoch [450/1000] | Tau: 0.105 | Loss_C: -0.024 | Loss_P: +0.388 | Full_X_Acc: 83.7% | Loss_Gen: +0.950 | Retain: 2.4% | Mask_X_Acc: 58.9% | Loss_Gen_adv: +0.203 | Loss_Gen_l1: +0.024 | Loss_Gen_p: +0.741 | W_Distance: +0.027 |
Epoch [460/1000] | Tau: 0.100 | Loss_C: -0.024 | Loss_P: +0.389 | Full_X_Acc: 83.9% | Loss_Gen: +0.967 | Retain: 2.4% | Mask_X_Acc: 58.8% | Loss_Gen_adv: +0.219 | Loss_Gen_l1: +0.024 | Loss_Gen_p: +0.741 | W_Distance: +0.027 |
Epoch [470/1000] | Tau: 0.100 | Loss_C: -0.023 | Loss_P: +0.386 | Full_X_Acc: 84.2% | Loss_Gen: +0.952 | Retain: 2.3% | Mask_X_Acc: 59.2% | Loss_Gen_adv: +0.202 | Loss_Gen_l1: +0.023 | Loss_Gen_p: +0.743 | W_Distance: +0.026 |
Epoch [480/1000] | Tau: 0.100 | Loss_C: -0.021 | Loss_P: +0.387 | Full_X_Acc: 84.2% | Loss_Gen: +0.957 | Retain: 2.3% | Mask_X_Acc: 59.8% | Loss_Gen_adv: +0.202 | Loss_Gen_l1: +0.023 | Loss_Gen_p: +0.747 | W_Distance: +0.024 |
Epoch [490/1000] | Tau: 0.100 | Loss_C: -0.023 | Loss_P: +0.387 | Full_X_Acc: 84.0% | Loss_Gen: +0.949 | Retain: 2.3% | Mask_X_Acc: 58.7% | Loss_Gen_adv: +0.198 | Loss_Gen_l1: +0.023 | Loss_Gen_p: +0.745 | W_Distance: +0.026 |
Epoch [500/1000] | Tau: 0.100 | Loss_C: -0.024 | Loss_P: +0.384 | Full_X_Acc: 84.4% | Loss_Gen: +0.951 | Retain: 2.3% | Mask_X_Acc: 58.7% | Loss_Gen_adv: +0.200 | Loss_Gen_l1: +0.023 | Loss_Gen_p: +0.745 | W_Distance: +0.027 |
Epoch [510/1000] | Tau: 0.100 | Loss_C: -0.023 | Loss_P: +0.383 | Full_X_Acc: 84.3% | Loss_Gen: +0.952 | Retain: 2.3% | Mask_X_Acc: 58.5% | Loss_Gen_adv: +0.195 | Loss_Gen_l1: +0.023 | Loss_Gen_p: +0.750 | W_Distance: +0.026 |
Epoch [520/1000] | Tau: 0.100 | Loss_C: -0.024 | Loss_P: +0.385 | Full_X_Acc: 84.4% | Loss_Gen: +0.941 | Retain: 2.3% | Mask_X_Acc: 59.3% | Loss_Gen_adv: +0.191 | Loss_Gen_l1: +0.023 | Loss_Gen_p: +0.743 | W_Distance: +0.027 |
Epoch [530/1000] | Tau: 0.100 | Loss_C: -0.025 | Loss_P: +0.384 | Full_X_Acc: 84.4% | Loss_Gen: +0.936 | Retain: 2.3% | Mask_X_Acc: 59.7% | Loss_Gen_adv: +0.181 | Loss_Gen_l1: +0.023 | Loss_Gen_p: +0.749 | W_Distance: +0.028 |
Epoch [540/1000] | Tau: 0.100 | Loss_C: -0.025 | Loss_P: +0.385 | Full_X_Acc: 84.8% | Loss_Gen: +0.931 | Retain: 2.3% | Mask_X_Acc: 59.4% | Loss_Gen_adv: +0.173 | Loss_Gen_l1: +0.023 | Loss_Gen_p: +0.752 | W_Distance: +0.028 |
Epoch [550/1000] | Tau: 0.100 | Loss_C: -0.025 | Loss_P: +0.384 | Full_X_Acc: 84.8% | Loss_Gen: +0.930 | Retain: 2.3% | Mask_X_Acc: 59.4% | Loss_Gen_adv: +0.172 | Loss_Gen_l1: +0.023 | Loss_Gen_p: +0.751 | W_Distance: +0.028 |
Epoch [560/1000] | Tau: 0.100 | Loss_C: -0.024 | Loss_P: +0.381 | Full_X_Acc: 84.9% | Loss_Gen: +0.931 | Retain: 2.2% | Mask_X_Acc: 59.0% | Loss_Gen_adv: +0.172 | Loss_Gen_l1: +0.022 | Loss_Gen_p: +0.752 | W_Distance: +0.027 |
Epoch [570/1000] | Tau: 0.100 | Loss_C: -0.024 | Loss_P: +0.381 | Full_X_Acc: 85.1% | Loss_Gen: +0.938 | Retain: 2.2% | Mask_X_Acc: 58.8% | Loss_Gen_adv: +0.177 | Loss_Gen_l1: +0.022 | Loss_Gen_p: +0.755 | W_Distance: +0.027 |
Epoch [580/1000] | Tau: 0.100 | Loss_C: -0.024 | Loss_P: +0.385 | Full_X_Acc: 85.2% | Loss_Gen: +0.934 | Retain: 2.2% | Mask_X_Acc: 59.1% | Loss_Gen_adv: +0.173 | Loss_Gen_l1: +0.022 | Loss_Gen_p: +0.754 | W_Distance: +0.027 |
Epoch [590/1000] | Tau: 0.100 | Loss_C: -0.024 | Loss_P: +0.381 | Full_X_Acc: 85.2% | Loss_Gen: +0.933 | Retain: 2.2% | Mask_X_Acc: 58.9% | Loss_Gen_adv: +0.177 | Loss_Gen_l1: +0.022 | Loss_Gen_p: +0.749 | W_Distance: +0.027 |
Epoch [600/1000] | Tau: 0.100 | Loss_C: -0.026 | Loss_P: +0.380 | Full_X_Acc: 85.3% | Loss_Gen: +0.929 | Retain: 2.2% | Mask_X_Acc: 59.4% | Loss_Gen_adv: +0.168 | Loss_Gen_l1: +0.022 | Loss_Gen_p: +0.754 | W_Distance: +0.029 |
Epoch [610/1000] | Tau: 0.100 | Loss_C: -0.024 | Loss_P: +0.383 | Full_X_Acc: 85.2% | Loss_Gen: +0.941 | Retain: 2.2% | Mask_X_Acc: 59.2% | Loss_Gen_adv: +0.173 | Loss_Gen_l1: +0.022 | Loss_Gen_p: +0.761 | W_Distance: +0.027 |
Epoch [620/1000] | Tau: 0.100 | Loss_C: -0.025 | Loss_P: +0.382 | Full_X_Acc: 85.5% | Loss_Gen: +0.943 | Retain: 2.2% | Mask_X_Acc: 58.4% | Loss_Gen_adv: +0.175 | Loss_Gen_l1: +0.022 | Loss_Gen_p: +0.761 | W_Distance: +0.028 |
Epoch [630/1000] | Tau: 0.100 | Loss_C: -0.028 | Loss_P: +0.381 | Full_X_Acc: 85.4% | Loss_Gen: +0.938 | Retain: 2.2% | Mask_X_Acc: 59.2% | Loss_Gen_adv: +0.171 | Loss_Gen_l1: +0.022 | Loss_Gen_p: +0.761 | W_Distance: +0.031 |
Epoch [640/1000] | Tau: 0.100 | Loss_C: -0.025 | Loss_P: +0.381 | Full_X_Acc: 85.7% | Loss_Gen: +0.933 | Retain: 2.2% | Mask_X_Acc: 58.8% | Loss_Gen_adv: +0.172 | Loss_Gen_l1: +0.022 | Loss_Gen_p: +0.754 | W_Distance: +0.028 |
Epoch [650/1000] | Tau: 0.100 | Loss_C: -0.024 | Loss_P: +0.379 | Full_X_Acc: 85.7% | Loss_Gen: +0.939 | Retain: 2.2% | Mask_X_Acc: 58.9% | Loss_Gen_adv: +0.167 | Loss_Gen_l1: +0.022 | Loss_Gen_p: +0.765 | W_Distance: +0.027 |
Epoch [660/1000] | Tau: 0.100 | Loss_C: -0.025 | Loss_P: +0.379 | Full_X_Acc: 85.8% | Loss_Gen: +0.918 | Retain: 2.2% | Mask_X_Acc: 58.7% | Loss_Gen_adv: +0.156 | Loss_Gen_l1: +0.022 | Loss_Gen_p: +0.756 | W_Distance: +0.028 |
Epoch [670/1000] | Tau: 0.100 | Loss_C: -0.025 | Loss_P: +0.381 | Full_X_Acc: 85.9% | Loss_Gen: +0.927 | Retain: 2.2% | Mask_X_Acc: 59.3% | Loss_Gen_adv: +0.158 | Loss_Gen_l1: +0.022 | Loss_Gen_p: +0.763 | W_Distance: +0.028 |
Epoch [680/1000] | Tau: 0.100 | Loss_C: -0.025 | Loss_P: +0.380 | Full_X_Acc: 86.0% | Loss_Gen: +0.923 | Retain: 2.1% | Mask_X_Acc: 59.0% | Loss_Gen_adv: +0.157 | Loss_Gen_l1: +0.021 | Loss_Gen_p: +0.759 | W_Distance: +0.028 |
Epoch [690/1000] | Tau: 0.100 | Loss_C: -0.025 | Loss_P: +0.377 | Full_X_Acc: 86.0% | Loss_Gen: +0.914 | Retain: 2.1% | Mask_X_Acc: 59.1% | Loss_Gen_adv: +0.155 | Loss_Gen_l1: +0.021 | Loss_Gen_p: +0.753 | W_Distance: +0.028 |
Epoch [700/1000] | Tau: 0.100 | Loss_C: -0.026 | Loss_P: +0.378 | Full_X_Acc: 86.0% | Loss_Gen: +0.904 | Retain: 2.1% | Mask_X_Acc: 58.9% | Loss_Gen_adv: +0.138 | Loss_Gen_l1: +0.021 | Loss_Gen_p: +0.760 | W_Distance: +0.029 |
Epoch [710/1000] | Tau: 0.100 | Loss_C: -0.025 | Loss_P: +0.378 | Full_X_Acc: 86.0% | Loss_Gen: +0.918 | Retain: 2.1% | Mask_X_Acc: 58.5% | Loss_Gen_adv: +0.147 | Loss_Gen_l1: +0.021 | Loss_Gen_p: +0.765 | W_Distance: +0.028 |
Epoch [720/1000] | Tau: 0.100 | Loss_C: -0.025 | Loss_P: +0.377 | Full_X_Acc: 86.1% | Loss_Gen: +0.905 | Retain: 2.1% | Mask_X_Acc: 59.5% | Loss_Gen_adv: +0.136 | Loss_Gen_l1: +0.021 | Loss_Gen_p: +0.763 | W_Distance: +0.028 |
Epoch [730/1000] | Tau: 0.100 | Loss_C: -0.026 | Loss_P: +0.376 | Full_X_Acc: 86.4% | Loss_Gen: +0.901 | Retain: 2.1% | Mask_X_Acc: 59.1% | Loss_Gen_adv: +0.135 | Loss_Gen_l1: +0.021 | Loss_Gen_p: +0.759 | W_Distance: +0.029 |
Epoch [740/1000] | Tau: 0.100 | Loss_C: -0.026 | Loss_P: +0.377 | Full_X_Acc: 86.2% | Loss_Gen: +0.905 | Retain: 2.1% | Mask_X_Acc: 58.6% | Loss_Gen_adv: +0.127 | Loss_Gen_l1: +0.021 | Loss_Gen_p: +0.771 | W_Distance: +0.029 |
Epoch [750/1000] | Tau: 0.100 | Loss_C: -0.026 | Loss_P: +0.376 | Full_X_Acc: 86.4% | Loss_Gen: +0.898 | Retain: 2.1% | Mask_X_Acc: 59.4% | Loss_Gen_adv: +0.124 | Loss_Gen_l1: +0.021 | Loss_Gen_p: +0.768 | W_Distance: +0.029 |
Epoch [760/1000] | Tau: 0.100 | Loss_C: -0.024 | Loss_P: +0.375 | Full_X_Acc: 86.5% | Loss_Gen: +0.876 | Retain: 2.1% | Mask_X_Acc: 59.0% | Loss_Gen_adv: +0.106 | Loss_Gen_l1: +0.021 | Loss_Gen_p: +0.763 | W_Distance: +0.027 |
Epoch [770/1000] | Tau: 0.100 | Loss_C: -0.026 | Loss_P: +0.375 | Full_X_Acc: 86.8% | Loss_Gen: +0.878 | Retain: 2.1% | Mask_X_Acc: 58.8% | Loss_Gen_adv: +0.105 | Loss_Gen_l1: +0.021 | Loss_Gen_p: +0.767 | W_Distance: +0.029 |
Epoch [780/1000] | Tau: 0.100 | Loss_C: -0.026 | Loss_P: +0.373 | Full_X_Acc: 86.7% | Loss_Gen: +0.880 | Retain: 2.1% | Mask_X_Acc: 59.0% | Loss_Gen_adv: +0.104 | Loss_Gen_l1: +0.021 | Loss_Gen_p: +0.769 | W_Distance: +0.029 |
Epoch [790/1000] | Tau: 0.100 | Loss_C: -0.025 | Loss_P: +0.376 | Full_X_Acc: 86.9% | Loss_Gen: +0.881 | Retain: 2.1% | Mask_X_Acc: 58.8% | Loss_Gen_adv: +0.094 | Loss_Gen_l1: +0.021 | Loss_Gen_p: +0.781 | W_Distance: +0.028 |
Epoch [800/1000] | Tau: 0.100 | Loss_C: -0.024 | Loss_P: +0.374 | Full_X_Acc: 86.9% | Loss_Gen: +0.842 | Retain: 2.1% | Mask_X_Acc: 59.0% | Loss_Gen_adv: +0.077 | Loss_Gen_l1: +0.021 | Loss_Gen_p: +0.758 | W_Distance: +0.027 |
Epoch [810/1000] | Tau: 0.100 | Loss_C: -0.026 | Loss_P: +0.374 | Full_X_Acc: 86.7% | Loss_Gen: +0.835 | Retain: 2.1% | Mask_X_Acc: 59.2% | Loss_Gen_adv: +0.063 | Loss_Gen_l1: +0.021 | Loss_Gen_p: +0.766 | W_Distance: +0.029 |
Epoch [820/1000] | Tau: 0.100 | Loss_C: -0.026 | Loss_P: +0.375 | Full_X_Acc: 86.8% | Loss_Gen: +0.827 | Retain: 2.1% | Mask_X_Acc: 59.2% | Loss_Gen_adv: +0.061 | Loss_Gen_l1: +0.021 | Loss_Gen_p: +0.760 | W_Distance: +0.029 |
Epoch [830/1000] | Tau: 0.100 | Loss_C: -0.027 | Loss_P: +0.375 | Full_X_Acc: 87.1% | Loss_Gen: +0.838 | Retain: 2.1% | Mask_X_Acc: 58.7% | Loss_Gen_adv: +0.062 | Loss_Gen_l1: +0.021 | Loss_Gen_p: +0.769 | W_Distance: +0.030 |
Epoch [840/1000] | Tau: 0.100 | Loss_C: -0.025 | Loss_P: +0.373 | Full_X_Acc: 87.0% | Loss_Gen: +0.836 | Retain: 2.1% | Mask_X_Acc: 59.3% | Loss_Gen_adv: +0.062 | Loss_Gen_l1: +0.021 | Loss_Gen_p: +0.768 | W_Distance: +0.028 |
Epoch [850/1000] | Tau: 0.100 | Loss_C: -0.027 | Loss_P: +0.373 | Full_X_Acc: 87.0% | Loss_Gen: +0.835 | Retain: 2.1% | Mask_X_Acc: 59.1% | Loss_Gen_adv: +0.056 | Loss_Gen_l1: +0.021 | Loss_Gen_p: +0.773 | W_Distance: +0.030 |
Epoch [860/1000] | Tau: 0.100 | Loss_C: -0.026 | Loss_P: +0.376 | Full_X_Acc: 87.1% | Loss_Gen: +0.835 | Retain: 2.1% | Mask_X_Acc: 58.8% | Loss_Gen_adv: +0.057 | Loss_Gen_l1: +0.021 | Loss_Gen_p: +0.772 | W_Distance: +0.029 |
Epoch [870/1000] | Tau: 0.100 | Loss_C: -0.024 | Loss_P: +0.375 | Full_X_Acc: 87.3% | Loss_Gen: +0.834 | Retain: 2.1% | Mask_X_Acc: 59.3% | Loss_Gen_adv: +0.054 | Loss_Gen_l1: +0.021 | Loss_Gen_p: +0.773 | W_Distance: +0.027 |
Epoch [880/1000] | Tau: 0.100 | Loss_C: -0.027 | Loss_P: +0.373 | Full_X_Acc: 87.0% | Loss_Gen: +0.831 | Retain: 2.1% | Mask_X_Acc: 59.0% | Loss_Gen_adv: +0.051 | Loss_Gen_l1: +0.021 | Loss_Gen_p: +0.773 | W_Distance: +0.030 |
Epoch [890/1000] | Tau: 0.100 | Loss_C: -0.026 | Loss_P: +0.372 | Full_X_Acc: 87.3% | Loss_Gen: +0.823 | Retain: 2.1% | Mask_X_Acc: 59.0% | Loss_Gen_adv: +0.050 | Loss_Gen_l1: +0.021 | Loss_Gen_p: +0.767 | W_Distance: +0.029 |
Epoch [900/1000] | Tau: 0.100 | Loss_C: -0.026 | Loss_P: +0.372 | Full_X_Acc: 87.5% | Loss_Gen: +0.835 | Retain: 2.1% | Mask_X_Acc: 59.2% | Loss_Gen_adv: +0.056 | Loss_Gen_l1: +0.021 | Loss_Gen_p: +0.772 | W_Distance: +0.029 |
Epoch [910/1000] | Tau: 0.100 | Loss_C: -0.026 | Loss_P: +0.375 | Full_X_Acc: 87.4% | Loss_Gen: +0.830 | Retain: 2.1% | Mask_X_Acc: 58.5% | Loss_Gen_adv: +0.047 | Loss_Gen_l1: +0.021 | Loss_Gen_p: +0.776 | W_Distance: +0.030 |
Epoch [920/1000] | Tau: 0.100 | Loss_C: -0.026 | Loss_P: +0.373 | Full_X_Acc: 87.5% | Loss_Gen: +0.819 | Retain: 2.1% | Mask_X_Acc: 59.7% | Loss_Gen_adv: +0.044 | Loss_Gen_l1: +0.021 | Loss_Gen_p: +0.769 | W_Distance: +0.029 |
Epoch [930/1000] | Tau: 0.100 | Loss_C: -0.027 | Loss_P: +0.371 | Full_X_Acc: 87.3% | Loss_Gen: +0.825 | Retain: 2.1% | Mask_X_Acc: 59.0% | Loss_Gen_adv: +0.048 | Loss_Gen_l1: +0.021 | Loss_Gen_p: +0.771 | W_Distance: +0.030 |
Epoch [940/1000] | Tau: 0.100 | Loss_C: -0.027 | Loss_P: +0.373 | Full_X_Acc: 87.4% | Loss_Gen: +0.814 | Retain: 2.1% | Mask_X_Acc: 59.0% | Loss_Gen_adv: +0.037 | Loss_Gen_l1: +0.021 | Loss_Gen_p: +0.770 | W_Distance: +0.030 |
Epoch [950/1000] | Tau: 0.100 | Loss_C: -0.026 | Loss_P: +0.373 | Full_X_Acc: 87.5% | Loss_Gen: +0.808 | Retain: 2.1% | Mask_X_Acc: 59.0% | Loss_Gen_adv: +0.029 | Loss_Gen_l1: +0.021 | Loss_Gen_p: +0.774 | W_Distance: +0.030 |
Epoch [960/1000] | Tau: 0.100 | Loss_C: -0.026 | Loss_P: +0.369 | Full_X_Acc: 87.4% | Loss_Gen: +0.814 | Retain: 2.1% | Mask_X_Acc: 58.3% | Loss_Gen_adv: +0.031 | Loss_Gen_l1: +0.021 | Loss_Gen_p: +0.777 | W_Distance: +0.029 |
Epoch [970/1000] | Tau: 0.100 | Loss_C: -0.027 | Loss_P: +0.372 | Full_X_Acc: 87.7% | Loss_Gen: +0.815 | Retain: 2.1% | Mask_X_Acc: 59.0% | Loss_Gen_adv: +0.023 | Loss_Gen_l1: +0.021 | Loss_Gen_p: +0.786 | W_Distance: +0.030 |
Epoch [980/1000] | Tau: 0.100 | Loss_C: -0.025 | Loss_P: +0.372 | Full_X_Acc: 87.7% | Loss_Gen: +0.821 | Retain: 2.1% | Mask_X_Acc: 58.9% | Loss_Gen_adv: +0.027 | Loss_Gen_l1: +0.021 | Loss_Gen_p: +0.788 | W_Distance: +0.028 |
Epoch [990/1000] | Tau: 0.100 | Loss_C: -0.025 | Loss_P: +0.370 | Full_X_Acc: 87.4% | Loss_Gen: +0.806 | Retain: 2.1% | Mask_X_Acc: 59.4% | Loss_Gen_adv: +0.023 | Loss_Gen_l1: +0.021 | Loss_Gen_p: +0.777 | W_Distance: +0.029 |
Epoch [1000/1000] | Tau: 0.100 | Loss_C: -0.027 | Loss_P: +0.369 | Full_X_Acc: 87.8% | Loss_Gen: +0.806 | Retain: 2.1% | Mask_X_Acc: 59.0% | Loss_Gen_adv: +0.023 | Loss_Gen_l1: +0.021 | Loss_Gen_p: +0.777 | W_Distance: +0.030 |
[Export] 训练历史已保存至 'output\run_20260831_142918\history.npz'

[System] 开始在测试集上进行推理评估...
==================================================
🎯 测试集推理报告 (Shared Architecture)
==================================================
• 测试集准确率:     58.90%
• TPR (召回率):     99.98%
• FDR (误发现率):   2.28%
• 平均保留特征数量: 2.1 / 100
• 整体保留率:       2.07%
--------------------------------------------------
🧩 Top 9 最常被选中的特征
--------------------------------------------------
Top 01: 特征 Index 001 | 被选次数: 4000 次 (100.0%) | ★ [真实关联]
Top 02: 特征 Index 000 | 被选次数: 3998 次 ( 99.9%) | ★ [真实关联]
Top 03: 特征 Index 031 | 被选次数:   33 次 (  0.8%) |   [纯噪声]
Top 04: 特征 Index 091 | 被选次数:   22 次 (  0.6%) |   [纯噪声]
Top 05: 特征 Index 066 | 被选次数:   19 次 (  0.5%) |   [纯噪声]
Top 06: 特征 Index 053 | 被选次数:   15 次 (  0.4%) |   [纯噪声]
Top 07: 特征 Index 082 | 被选次数:   15 次 (  0.4%) |   [纯噪声]
Top 08: 特征 Index 017 | 被选次数:   10 次 (  0.2%) |   [纯噪声]
Top 09: 特征 Index 056 | 被选次数:    9 次 (  0.2%) |   [纯噪声]
==================================================
[Export] 测试集数组已保存至 'output\run_20260831_142918\test_arrays.npz'
[Export] 特征索引已保存至 'output\run_20260831_142918\selected_feature_indices.npy'
[Export] 模型权重已保存至 'output\run_20260831_142918\generator_model.pth'

[Visualization] 运行双视角 t-SNE 降维 (样本数: 4000)...
[Visualization] 降维: 原始掩码特征 (Before Ext)...
[Visualization] 降维: 隐空间特征 (After Ext)...
d:\Workspace\ALTAS\utils.py:213: UserWarning: Glyph 8857 (\N{CIRCLED DOT OPERATOR}) missing from font(s) Arial.
  plt.tight_layout()
d:\Workspace\ALTAS\utils.py:214: UserWarning: Glyph 8857 (\N{CIRCLED DOT OPERATOR}) missing from font(s) Arial.
  plt.savefig(save_path, dpi=FIGURE_DPI, bbox_inches="tight")
[Visualization] 对比 t-SNE 已保存至: 'output\run_20260831_142918\fig3_tsne_comparison.png'

