[System] Run dir: output/run_20260717_232356
[System] 正在使用 cuda 进行计算...

[System] 开始训练多任务共享特征架构...
Epoch [010/1000] | Tau: 0.951 | Loss_C: +0.094 | Loss_P: +0.687 | Full_X_Acc: 55.2% | Loss_Gen: +1.031 | Retain: 46.5% | Mask_X_Acc: 52.9% | Loss_Gen_adv: -0.125 | Loss_Gen_l1: +0.465 | Loss_Gen_p: +0.691 | W_Distance: -0.000 |
Epoch [020/1000] | Tau: 0.905 | Loss_C: +0.085 | Loss_P: +0.678 | Full_X_Acc: 57.9% | Loss_Gen: +0.959 | Retain: 40.4% | Mask_X_Acc: 52.5% | Loss_Gen_adv: -0.138 | Loss_Gen_l1: +0.404 | Loss_Gen_p: +0.692 | W_Distance: -0.002 |
Epoch [030/1000] | Tau: 0.860 | Loss_C: +0.081 | Loss_P: +0.664 | Full_X_Acc: 60.0% | Loss_Gen: +0.879 | Retain: 31.3% | Mask_X_Acc: 52.4% | Loss_Gen_adv: -0.133 | Loss_Gen_l1: +0.313 | Loss_Gen_p: +0.699 | W_Distance: -0.002 |
Epoch [040/1000] | Tau: 0.818 | Loss_C: +0.078 | Loss_P: +0.644 | Full_X_Acc: 63.2% | Loss_Gen: +0.810 | Retain: 20.7% | Mask_X_Acc: 52.3% | Loss_Gen_adv: -0.110 | Loss_Gen_l1: +0.207 | Loss_Gen_p: +0.713 | W_Distance: -0.002 |
Epoch [050/1000] | Tau: 0.778 | Loss_C: +0.074 | Loss_P: +0.617 | Full_X_Acc: 67.1% | Loss_Gen: +0.769 | Retain: 11.6% | Mask_X_Acc: 51.0% | Loss_Gen_adv: -0.089 | Loss_Gen_l1: +0.116 | Loss_Gen_p: +0.742 | W_Distance: -0.002 |
Epoch [060/1000] | Tau: 0.740 | Loss_C: +0.074 | Loss_P: +0.590 | Full_X_Acc: 69.2% | Loss_Gen: +0.765 | Retain: 6.2% | Mask_X_Acc: 50.8% | Loss_Gen_adv: -0.076 | Loss_Gen_l1: +0.062 | Loss_Gen_p: +0.779 | W_Distance: -0.001 |
Epoch [070/1000] | Tau: 0.704 | Loss_C: +0.074 | Loss_P: +0.566 | Full_X_Acc: 71.0% | Loss_Gen: +0.777 | Retain: 3.8% | Mask_X_Acc: 51.7% | Loss_Gen_adv: -0.064 | Loss_Gen_l1: +0.038 | Loss_Gen_p: +0.803 | W_Distance: -0.001 |
Epoch [080/1000] | Tau: 0.670 | Loss_C: +0.075 | Loss_P: +0.549 | Full_X_Acc: 72.5% | Loss_Gen: +0.791 | Retain: 2.8% | Mask_X_Acc: 51.3% | Loss_Gen_adv: -0.067 | Loss_Gen_l1: +0.028 | Loss_Gen_p: +0.830 | W_Distance: -0.001 |
Epoch [090/1000] | Tau: 0.637 | Loss_C: +0.078 | Loss_P: +0.533 | Full_X_Acc: 74.1% | Loss_Gen: +0.809 | Retain: 2.4% | Mask_X_Acc: 51.9% | Loss_Gen_adv: -0.074 | Loss_Gen_l1: +0.024 | Loss_Gen_p: +0.859 | W_Distance: -0.000 |
Epoch [100/1000] | Tau: 0.606 | Loss_C: +0.081 | Loss_P: +0.516 | Full_X_Acc: 75.1% | Loss_Gen: +0.820 | Retain: 2.3% | Mask_X_Acc: 51.8% | Loss_Gen_adv: -0.086 | Loss_Gen_l1: +0.023 | Loss_Gen_p: +0.883 | W_Distance: +0.000 |
Epoch [110/1000] | Tau: 0.576 | Loss_C: +0.081 | Loss_P: +0.502 | Full_X_Acc: 76.0% | Loss_Gen: +0.816 | Retain: 2.3% | Mask_X_Acc: 51.6% | Loss_Gen_adv: -0.096 | Loss_Gen_l1: +0.023 | Loss_Gen_p: +0.888 | W_Distance: -0.000 |
Epoch [120/1000] | Tau: 0.548 | Loss_C: +0.077 | Loss_P: +0.489 | Full_X_Acc: 77.0% | Loss_Gen: +0.825 | Retain: 2.4% | Mask_X_Acc: 52.2% | Loss_Gen_adv: -0.111 | Loss_Gen_l1: +0.024 | Loss_Gen_p: +0.913 | W_Distance: +0.001 |
Epoch [130/1000] | Tau: 0.521 | Loss_C: +0.070 | Loss_P: +0.479 | Full_X_Acc: 77.5% | Loss_Gen: +0.831 | Retain: 2.6% | Mask_X_Acc: 52.8% | Loss_Gen_adv: -0.130 | Loss_Gen_l1: +0.026 | Loss_Gen_p: +0.935 | W_Distance: -0.001 |
Epoch [140/1000] | Tau: 0.496 | Loss_C: +0.059 | Loss_P: +0.468 | Full_X_Acc: 78.2% | Loss_Gen: +0.832 | Retain: 2.8% | Mask_X_Acc: 54.2% | Loss_Gen_adv: -0.129 | Loss_Gen_l1: +0.028 | Loss_Gen_p: +0.933 | W_Distance: +0.000 |
Epoch [150/1000] | Tau: 0.471 | Loss_C: +0.047 | Loss_P: +0.458 | Full_X_Acc: 78.5% | Loss_Gen: +0.877 | Retain: 3.0% | Mask_X_Acc: 54.0% | Loss_Gen_adv: -0.101 | Loss_Gen_l1: +0.030 | Loss_Gen_p: +0.948 | W_Distance: +0.001 |
Epoch [160/1000] | Tau: 0.448 | Loss_C: +0.035 | Loss_P: +0.450 | Full_X_Acc: 79.1% | Loss_Gen: +0.946 | Retain: 3.3% | Mask_X_Acc: 54.5% | Loss_Gen_adv: -0.051 | Loss_Gen_l1: +0.033 | Loss_Gen_p: +0.964 | W_Distance: +0.000 |
Epoch [170/1000] | Tau: 0.427 | Loss_C: +0.024 | Loss_P: +0.440 | Full_X_Acc: 79.8% | Loss_Gen: +0.991 | Retain: 3.6% | Mask_X_Acc: 55.4% | Loss_Gen_adv: -0.001 | Loss_Gen_l1: +0.036 | Loss_Gen_p: +0.956 | W_Distance: +0.003 |
Epoch [180/1000] | Tau: 0.406 | Loss_C: +0.018 | Loss_P: +0.431 | Full_X_Acc: 80.0% | Loss_Gen: +1.073 | Retain: 3.9% | Mask_X_Acc: 55.3% | Loss_Gen_adv: +0.049 | Loss_Gen_l1: +0.039 | Loss_Gen_p: +0.985 | W_Distance: +0.003 |
Epoch [190/1000] | Tau: 0.386 | Loss_C: +0.013 | Loss_P: +0.423 | Full_X_Acc: 80.5% | Loss_Gen: +1.118 | Retain: 4.2% | Mask_X_Acc: 56.2% | Loss_Gen_adv: +0.088 | Loss_Gen_l1: +0.042 | Loss_Gen_p: +0.988 | W_Distance: +0.004 |
Epoch [200/1000] | Tau: 0.367 | Loss_C: +0.012 | Loss_P: +0.416 | Full_X_Acc: 80.9% | Loss_Gen: +1.167 | Retain: 4.4% | Mask_X_Acc: 56.4% | Loss_Gen_adv: +0.115 | Loss_Gen_l1: +0.044 | Loss_Gen_p: +1.008 | W_Distance: +0.003 |
Epoch [210/1000] | Tau: 0.349 | Loss_C: +0.010 | Loss_P: +0.409 | Full_X_Acc: 81.1% | Loss_Gen: +1.213 | Retain: 4.6% | Mask_X_Acc: 56.2% | Loss_Gen_adv: +0.143 | Loss_Gen_l1: +0.046 | Loss_Gen_p: +1.024 | W_Distance: +0.004 |
Epoch [220/1000] | Tau: 0.332 | Loss_C: +0.005 | Loss_P: +0.398 | Full_X_Acc: 81.5% | Loss_Gen: +1.240 | Retain: 4.8% | Mask_X_Acc: 56.3% | Loss_Gen_adv: +0.156 | Loss_Gen_l1: +0.048 | Loss_Gen_p: +1.036 | W_Distance: +0.007 |
Epoch [230/1000] | Tau: 0.316 | Loss_C: +0.005 | Loss_P: +0.391 | Full_X_Acc: 82.0% | Loss_Gen: +1.303 | Retain: 4.9% | Mask_X_Acc: 56.8% | Loss_Gen_adv: +0.175 | Loss_Gen_l1: +0.049 | Loss_Gen_p: +1.079 | W_Distance: +0.005 |
Epoch [240/1000] | Tau: 0.300 | Loss_C: +0.002 | Loss_P: +0.382 | Full_X_Acc: 82.2% | Loss_Gen: +1.355 | Retain: 5.0% | Mask_X_Acc: 57.0% | Loss_Gen_adv: +0.201 | Loss_Gen_l1: +0.050 | Loss_Gen_p: +1.104 | W_Distance: +0.007 |
Epoch [250/1000] | Tau: 0.286 | Loss_C: +0.001 | Loss_P: +0.374 | Full_X_Acc: 82.7% | Loss_Gen: +1.427 | Retain: 5.1% | Mask_X_Acc: 57.6% | Loss_Gen_adv: +0.211 | Loss_Gen_l1: +0.051 | Loss_Gen_p: +1.166 | W_Distance: +0.006 |
Epoch [260/1000] | Tau: 0.272 | Loss_C: -0.000 | Loss_P: +0.367 | Full_X_Acc: 83.3% | Loss_Gen: +1.457 | Retain: 5.1% | Mask_X_Acc: 57.0% | Loss_Gen_adv: +0.225 | Loss_Gen_l1: +0.051 | Loss_Gen_p: +1.181 | W_Distance: +0.007 |
Epoch [270/1000] | Tau: 0.258 | Loss_C: -0.002 | Loss_P: +0.360 | Full_X_Acc: 83.5% | Loss_Gen: +1.524 | Retain: 5.2% | Mask_X_Acc: 57.1% | Loss_Gen_adv: +0.224 | Loss_Gen_l1: +0.052 | Loss_Gen_p: +1.248 | W_Distance: +0.009 |
Epoch [280/1000] | Tau: 0.246 | Loss_C: -0.003 | Loss_P: +0.353 | Full_X_Acc: 83.7% | Loss_Gen: +1.545 | Retain: 5.2% | Mask_X_Acc: 57.5% | Loss_Gen_adv: +0.225 | Loss_Gen_l1: +0.052 | Loss_Gen_p: +1.268 | W_Distance: +0.009 |
Epoch [290/1000] | Tau: 0.234 | Loss_C: -0.002 | Loss_P: +0.342 | Full_X_Acc: 84.4% | Loss_Gen: +1.654 | Retain: 5.2% | Mask_X_Acc: 57.2% | Loss_Gen_adv: +0.223 | Loss_Gen_l1: +0.052 | Loss_Gen_p: +1.379 | W_Distance: +0.008 |
Epoch [300/1000] | Tau: 0.222 | Loss_C: -0.003 | Loss_P: +0.335 | Full_X_Acc: 84.6% | Loss_Gen: +1.700 | Retain: 5.2% | Mask_X_Acc: 57.3% | Loss_Gen_adv: +0.221 | Loss_Gen_l1: +0.052 | Loss_Gen_p: +1.426 | W_Distance: +0.009 |
Epoch [310/1000] | Tau: 0.211 | Loss_C: -0.003 | Loss_P: +0.326 | Full_X_Acc: 85.2% | Loss_Gen: +1.753 | Retain: 5.3% | Mask_X_Acc: 56.8% | Loss_Gen_adv: +0.221 | Loss_Gen_l1: +0.053 | Loss_Gen_p: +1.480 | W_Distance: +0.009 |
Epoch [320/1000] | Tau: 0.201 | Loss_C: -0.005 | Loss_P: +0.318 | Full_X_Acc: 85.5% | Loss_Gen: +1.820 | Retain: 5.3% | Mask_X_Acc: 57.5% | Loss_Gen_adv: +0.229 | Loss_Gen_l1: +0.053 | Loss_Gen_p: +1.539 | W_Distance: +0.011 |
Epoch [330/1000] | Tau: 0.191 | Loss_C: -0.003 | Loss_P: +0.309 | Full_X_Acc: 86.0% | Loss_Gen: +1.936 | Retain: 5.3% | Mask_X_Acc: 56.9% | Loss_Gen_adv: +0.230 | Loss_Gen_l1: +0.053 | Loss_Gen_p: +1.654 | W_Distance: +0.010 |
Epoch [340/1000] | Tau: 0.182 | Loss_C: -0.006 | Loss_P: +0.302 | Full_X_Acc: 86.4% | Loss_Gen: +2.048 | Retain: 5.3% | Mask_X_Acc: 57.2% | Loss_Gen_adv: +0.239 | Loss_Gen_l1: +0.053 | Loss_Gen_p: +1.756 | W_Distance: +0.012 |
Epoch [350/1000] | Tau: 0.173 | Loss_C: -0.006 | Loss_P: +0.294 | Full_X_Acc: 86.7% | Loss_Gen: +2.151 | Retain: 5.3% | Mask_X_Acc: 57.1% | Loss_Gen_adv: +0.244 | Loss_Gen_l1: +0.053 | Loss_Gen_p: +1.854 | W_Distance: +0.011 |
Epoch [360/1000] | Tau: 0.165 | Loss_C: -0.007 | Loss_P: +0.284 | Full_X_Acc: 87.2% | Loss_Gen: +2.193 | Retain: 5.3% | Mask_X_Acc: 57.8% | Loss_Gen_adv: +0.226 | Loss_Gen_l1: +0.053 | Loss_Gen_p: +1.913 | W_Distance: +0.013 |
Epoch [370/1000] | Tau: 0.157 | Loss_C: -0.009 | Loss_P: +0.278 | Full_X_Acc: 87.5% | Loss_Gen: +2.381 | Retain: 5.4% | Mask_X_Acc: 56.7% | Loss_Gen_adv: +0.233 | Loss_Gen_l1: +0.054 | Loss_Gen_p: +2.095 | W_Distance: +0.014 |
Epoch [380/1000] | Tau: 0.149 | Loss_C: -0.009 | Loss_P: +0.272 | Full_X_Acc: 87.7% | Loss_Gen: +2.491 | Retain: 5.4% | Mask_X_Acc: 57.4% | Loss_Gen_adv: +0.224 | Loss_Gen_l1: +0.054 | Loss_Gen_p: +2.213 | W_Distance: +0.014 |
Epoch [390/1000] | Tau: 0.142 | Loss_C: -0.010 | Loss_P: +0.265 | Full_X_Acc: 88.2% | Loss_Gen: +2.623 | Retain: 5.4% | Mask_X_Acc: 56.7% | Loss_Gen_adv: +0.216 | Loss_Gen_l1: +0.054 | Loss_Gen_p: +2.353 | W_Distance: +0.015 |
Epoch [400/1000] | Tau: 0.135 | Loss_C: -0.009 | Loss_P: +0.259 | Full_X_Acc: 88.3% | Loss_Gen: +2.743 | Retain: 5.4% | Mask_X_Acc: 57.2% | Loss_Gen_adv: +0.219 | Loss_Gen_l1: +0.054 | Loss_Gen_p: +2.470 | W_Distance: +0.014 |
Epoch [410/1000] | Tau: 0.128 | Loss_C: -0.009 | Loss_P: +0.257 | Full_X_Acc: 88.5% | Loss_Gen: +2.860 | Retain: 5.4% | Mask_X_Acc: 57.2% | Loss_Gen_adv: +0.216 | Loss_Gen_l1: +0.054 | Loss_Gen_p: +2.591 | W_Distance: +0.014 |
Epoch [420/1000] | Tau: 0.122 | Loss_C: -0.009 | Loss_P: +0.251 | Full_X_Acc: 88.5% | Loss_Gen: +2.998 | Retain: 5.4% | Mask_X_Acc: 56.8% | Loss_Gen_adv: +0.215 | Loss_Gen_l1: +0.054 | Loss_Gen_p: +2.729 | W_Distance: +0.014 |
Epoch [430/1000] | Tau: 0.116 | Loss_C: -0.010 | Loss_P: +0.249 | Full_X_Acc: 88.7% | Loss_Gen: +3.141 | Retain: 5.4% | Mask_X_Acc: 56.8% | Loss_Gen_adv: +0.213 | Loss_Gen_l1: +0.054 | Loss_Gen_p: +2.873 | W_Distance: +0.015 |
Epoch [440/1000] | Tau: 0.110 | Loss_C: -0.013 | Loss_P: +0.248 | Full_X_Acc: 88.6% | Loss_Gen: +3.252 | Retain: 5.4% | Mask_X_Acc: 57.7% | Loss_Gen_adv: +0.219 | Loss_Gen_l1: +0.054 | Loss_Gen_p: +2.979 | W_Distance: +0.017 |
Epoch [450/1000] | Tau: 0.105 | Loss_C: -0.010 | Loss_P: +0.243 | Full_X_Acc: 88.8% | Loss_Gen: +3.413 | Retain: 5.4% | Mask_X_Acc: 57.6% | Loss_Gen_adv: +0.211 | Loss_Gen_l1: +0.054 | Loss_Gen_p: +3.147 | W_Distance: +0.015 |
Epoch [460/1000] | Tau: 0.100 | Loss_C: -0.014 | Loss_P: +0.242 | Full_X_Acc: 88.9% | Loss_Gen: +3.554 | Retain: 5.5% | Mask_X_Acc: 56.6% | Loss_Gen_adv: +0.197 | Loss_Gen_l1: +0.055 | Loss_Gen_p: +3.302 | W_Distance: +0.019 |
Epoch [470/1000] | Tau: 0.100 | Loss_C: -0.015 | Loss_P: +0.242 | Full_X_Acc: 88.7% | Loss_Gen: +3.558 | Retain: 5.5% | Mask_X_Acc: 56.9% | Loss_Gen_adv: +0.206 | Loss_Gen_l1: +0.055 | Loss_Gen_p: +3.298 | W_Distance: +0.019 |
Epoch [480/1000] | Tau: 0.100 | Loss_C: -0.014 | Loss_P: +0.240 | Full_X_Acc: 88.9% | Loss_Gen: +3.555 | Retain: 5.5% | Mask_X_Acc: 57.0% | Loss_Gen_adv: +0.198 | Loss_Gen_l1: +0.055 | Loss_Gen_p: +3.301 | W_Distance: +0.019 |
Epoch [490/1000] | Tau: 0.100 | Loss_C: -0.016 | Loss_P: +0.239 | Full_X_Acc: 89.0% | Loss_Gen: +3.793 | Retain: 5.5% | Mask_X_Acc: 56.7% | Loss_Gen_adv: +0.194 | Loss_Gen_l1: +0.055 | Loss_Gen_p: +3.544 | W_Distance: +0.020 |
Epoch [500/1000] | Tau: 0.100 | Loss_C: -0.015 | Loss_P: +0.236 | Full_X_Acc: 89.0% | Loss_Gen: +3.947 | Retain: 5.5% | Mask_X_Acc: 56.6% | Loss_Gen_adv: +0.180 | Loss_Gen_l1: +0.055 | Loss_Gen_p: +3.711 | W_Distance: +0.020 |
Epoch [510/1000] | Tau: 0.100 | Loss_C: -0.016 | Loss_P: +0.238 | Full_X_Acc: 89.0% | Loss_Gen: +4.073 | Retain: 5.5% | Mask_X_Acc: 56.8% | Loss_Gen_adv: +0.178 | Loss_Gen_l1: +0.055 | Loss_Gen_p: +3.841 | W_Distance: +0.020 |
Epoch [520/1000] | Tau: 0.100 | Loss_C: -0.017 | Loss_P: +0.233 | Full_X_Acc: 89.0% | Loss_Gen: +4.181 | Retain: 5.5% | Mask_X_Acc: 56.6% | Loss_Gen_adv: +0.170 | Loss_Gen_l1: +0.055 | Loss_Gen_p: +3.955 | W_Distance: +0.021 |
Epoch [530/1000] | Tau: 0.100 | Loss_C: -0.018 | Loss_P: +0.230 | Full_X_Acc: 89.2% | Loss_Gen: +4.278 | Retain: 5.5% | Mask_X_Acc: 56.8% | Loss_Gen_adv: +0.172 | Loss_Gen_l1: +0.055 | Loss_Gen_p: +4.051 | W_Distance: +0.023 |
Epoch [540/1000] | Tau: 0.100 | Loss_C: -0.017 | Loss_P: +0.230 | Full_X_Acc: 89.0% | Loss_Gen: +4.221 | Retain: 5.5% | Mask_X_Acc: 56.8% | Loss_Gen_adv: +0.169 | Loss_Gen_l1: +0.055 | Loss_Gen_p: +3.997 | W_Distance: +0.021 |
Epoch [550/1000] | Tau: 0.100 | Loss_C: -0.019 | Loss_P: +0.225 | Full_X_Acc: 89.0% | Loss_Gen: +4.405 | Retain: 5.6% | Mask_X_Acc: 57.4% | Loss_Gen_adv: +0.174 | Loss_Gen_l1: +0.056 | Loss_Gen_p: +4.176 | W_Distance: +0.023 |
Epoch [560/1000] | Tau: 0.100 | Loss_C: -0.020 | Loss_P: +0.232 | Full_X_Acc: 89.0% | Loss_Gen: +4.367 | Retain: 5.6% | Mask_X_Acc: 56.7% | Loss_Gen_adv: +0.159 | Loss_Gen_l1: +0.056 | Loss_Gen_p: +4.152 | W_Distance: +0.024 |
Epoch [570/1000] | Tau: 0.100 | Loss_C: -0.019 | Loss_P: +0.223 | Full_X_Acc: 89.1% | Loss_Gen: +4.462 | Retain: 5.6% | Mask_X_Acc: 56.1% | Loss_Gen_adv: +0.156 | Loss_Gen_l1: +0.056 | Loss_Gen_p: +4.251 | W_Distance: +0.023 |
Epoch [580/1000] | Tau: 0.100 | Loss_C: -0.019 | Loss_P: +0.221 | Full_X_Acc: 89.3% | Loss_Gen: +4.564 | Retain: 5.6% | Mask_X_Acc: 57.4% | Loss_Gen_adv: +0.151 | Loss_Gen_l1: +0.056 | Loss_Gen_p: +4.357 | W_Distance: +0.023 |
Epoch [590/1000] | Tau: 0.100 | Loss_C: -0.019 | Loss_P: +0.221 | Full_X_Acc: 89.3% | Loss_Gen: +4.614 | Retain: 5.7% | Mask_X_Acc: 57.1% | Loss_Gen_adv: +0.141 | Loss_Gen_l1: +0.057 | Loss_Gen_p: +4.416 | W_Distance: +0.024 |
Epoch [600/1000] | Tau: 0.100 | Loss_C: -0.018 | Loss_P: +0.228 | Full_X_Acc: 89.1% | Loss_Gen: +4.643 | Retain: 5.7% | Mask_X_Acc: 56.9% | Loss_Gen_adv: +0.140 | Loss_Gen_l1: +0.057 | Loss_Gen_p: +4.447 | W_Distance: +0.023 |
Epoch [610/1000] | Tau: 0.100 | Loss_C: -0.018 | Loss_P: +0.217 | Full_X_Acc: 89.5% | Loss_Gen: +4.665 | Retain: 5.7% | Mask_X_Acc: 56.3% | Loss_Gen_adv: +0.135 | Loss_Gen_l1: +0.057 | Loss_Gen_p: +4.473 | W_Distance: +0.022 |
Epoch [620/1000] | Tau: 0.100 | Loss_C: -0.018 | Loss_P: +0.220 | Full_X_Acc: 89.1% | Loss_Gen: +4.750 | Retain: 5.8% | Mask_X_Acc: 56.3% | Loss_Gen_adv: +0.138 | Loss_Gen_l1: +0.058 | Loss_Gen_p: +4.554 | W_Distance: +0.023 |
Epoch [630/1000] | Tau: 0.100 | Loss_C: -0.021 | Loss_P: +0.215 | Full_X_Acc: 89.4% | Loss_Gen: +4.739 | Retain: 5.8% | Mask_X_Acc: 57.1% | Loss_Gen_adv: +0.130 | Loss_Gen_l1: +0.058 | Loss_Gen_p: +4.551 | W_Distance: +0.025 |
Epoch [640/1000] | Tau: 0.100 | Loss_C: -0.019 | Loss_P: +0.224 | Full_X_Acc: 89.2% | Loss_Gen: +4.751 | Retain: 5.8% | Mask_X_Acc: 57.0% | Loss_Gen_adv: +0.129 | Loss_Gen_l1: +0.058 | Loss_Gen_p: +4.563 | W_Distance: +0.023 |
Epoch [650/1000] | Tau: 0.100 | Loss_C: -0.022 | Loss_P: +0.222 | Full_X_Acc: 89.4% | Loss_Gen: +4.733 | Retain: 5.9% | Mask_X_Acc: 57.0% | Loss_Gen_adv: +0.119 | Loss_Gen_l1: +0.059 | Loss_Gen_p: +4.555 | W_Distance: +0.027 |
Epoch [660/1000] | Tau: 0.100 | Loss_C: -0.022 | Loss_P: +0.216 | Full_X_Acc: 89.5% | Loss_Gen: +4.890 | Retain: 5.9% | Mask_X_Acc: 56.7% | Loss_Gen_adv: +0.116 | Loss_Gen_l1: +0.059 | Loss_Gen_p: +4.715 | W_Distance: +0.027 |
Epoch [670/1000] | Tau: 0.100 | Loss_C: -0.021 | Loss_P: +0.212 | Full_X_Acc: 89.3% | Loss_Gen: +5.011 | Retain: 5.9% | Mask_X_Acc: 56.5% | Loss_Gen_adv: +0.126 | Loss_Gen_l1: +0.059 | Loss_Gen_p: +4.825 | W_Distance: +0.025 |
Epoch [680/1000] | Tau: 0.100 | Loss_C: -0.020 | Loss_P: +0.221 | Full_X_Acc: 89.1% | Loss_Gen: +4.816 | Retain: 6.0% | Mask_X_Acc: 57.3% | Loss_Gen_adv: +0.116 | Loss_Gen_l1: +0.060 | Loss_Gen_p: +4.640 | W_Distance: +0.025 |
Epoch [690/1000] | Tau: 0.100 | Loss_C: -0.022 | Loss_P: +0.210 | Full_X_Acc: 89.6% | Loss_Gen: +5.028 | Retain: 6.0% | Mask_X_Acc: 56.5% | Loss_Gen_adv: +0.117 | Loss_Gen_l1: +0.060 | Loss_Gen_p: +4.851 | W_Distance: +0.026 |
Epoch [700/1000] | Tau: 0.100 | Loss_C: -0.018 | Loss_P: +0.206 | Full_X_Acc: 89.5% | Loss_Gen: +5.034 | Retain: 6.1% | Mask_X_Acc: 57.3% | Loss_Gen_adv: +0.110 | Loss_Gen_l1: +0.061 | Loss_Gen_p: +4.864 | W_Distance: +0.022 |
Epoch [710/1000] | Tau: 0.100 | Loss_C: -0.023 | Loss_P: +0.208 | Full_X_Acc: 89.4% | Loss_Gen: +5.121 | Retain: 6.1% | Mask_X_Acc: 57.1% | Loss_Gen_adv: +0.105 | Loss_Gen_l1: +0.061 | Loss_Gen_p: +4.955 | W_Distance: +0.027 |
Epoch [720/1000] | Tau: 0.100 | Loss_C: -0.021 | Loss_P: +0.208 | Full_X_Acc: 89.5% | Loss_Gen: +5.233 | Retain: 6.1% | Mask_X_Acc: 56.9% | Loss_Gen_adv: +0.104 | Loss_Gen_l1: +0.061 | Loss_Gen_p: +5.068 | W_Distance: +0.025 |
Epoch [730/1000] | Tau: 0.100 | Loss_C: -0.021 | Loss_P: +0.210 | Full_X_Acc: 89.5% | Loss_Gen: +5.114 | Retain: 6.2% | Mask_X_Acc: 57.4% | Loss_Gen_adv: +0.093 | Loss_Gen_l1: +0.062 | Loss_Gen_p: +4.960 | W_Distance: +0.026 |
Epoch [740/1000] | Tau: 0.100 | Loss_C: -0.021 | Loss_P: +0.200 | Full_X_Acc: 89.8% | Loss_Gen: +5.235 | Retain: 6.2% | Mask_X_Acc: 57.4% | Loss_Gen_adv: +0.082 | Loss_Gen_l1: +0.062 | Loss_Gen_p: +5.090 | W_Distance: +0.025 |
Epoch [750/1000] | Tau: 0.100 | Loss_C: -0.021 | Loss_P: +0.201 | Full_X_Acc: 89.6% | Loss_Gen: +5.516 | Retain: 6.3% | Mask_X_Acc: 56.9% | Loss_Gen_adv: +0.093 | Loss_Gen_l1: +0.063 | Loss_Gen_p: +5.360 | W_Distance: +0.026 |
Epoch [760/1000] | Tau: 0.100 | Loss_C: -0.022 | Loss_P: +0.205 | Full_X_Acc: 89.8% | Loss_Gen: +5.398 | Retain: 6.3% | Mask_X_Acc: 57.5% | Loss_Gen_adv: +0.078 | Loss_Gen_l1: +0.063 | Loss_Gen_p: +5.257 | W_Distance: +0.027 |
Epoch [770/1000] | Tau: 0.100 | Loss_C: -0.023 | Loss_P: +0.200 | Full_X_Acc: 89.8% | Loss_Gen: +5.402 | Retain: 6.4% | Mask_X_Acc: 57.2% | Loss_Gen_adv: +0.078 | Loss_Gen_l1: +0.064 | Loss_Gen_p: +5.260 | W_Distance: +0.027 |
Epoch [780/1000] | Tau: 0.100 | Loss_C: -0.025 | Loss_P: +0.201 | Full_X_Acc: 89.7% | Loss_Gen: +5.154 | Retain: 6.4% | Mask_X_Acc: 58.0% | Loss_Gen_adv: +0.069 | Loss_Gen_l1: +0.064 | Loss_Gen_p: +5.021 | W_Distance: +0.030 |
Epoch [790/1000] | Tau: 0.100 | Loss_C: -0.025 | Loss_P: +0.198 | Full_X_Acc: 90.0% | Loss_Gen: +5.348 | Retain: 6.4% | Mask_X_Acc: 57.6% | Loss_Gen_adv: +0.080 | Loss_Gen_l1: +0.064 | Loss_Gen_p: +5.204 | W_Distance: +0.029 |
Epoch [800/1000] | Tau: 0.100 | Loss_C: -0.024 | Loss_P: +0.203 | Full_X_Acc: 89.9% | Loss_Gen: +5.508 | Retain: 6.5% | Mask_X_Acc: 57.4% | Loss_Gen_adv: +0.080 | Loss_Gen_l1: +0.065 | Loss_Gen_p: +5.364 | W_Distance: +0.028 |
Epoch [810/1000] | Tau: 0.100 | Loss_C: -0.022 | Loss_P: +0.192 | Full_X_Acc: 90.1% | Loss_Gen: +5.484 | Retain: 6.5% | Mask_X_Acc: 57.3% | Loss_Gen_adv: +0.070 | Loss_Gen_l1: +0.065 | Loss_Gen_p: +5.349 | W_Distance: +0.027 |
Epoch [820/1000] | Tau: 0.100 | Loss_C: -0.024 | Loss_P: +0.202 | Full_X_Acc: 89.7% | Loss_Gen: +5.526 | Retain: 6.6% | Mask_X_Acc: 57.4% | Loss_Gen_adv: +0.075 | Loss_Gen_l1: +0.066 | Loss_Gen_p: +5.385 | W_Distance: +0.029 |
Epoch [830/1000] | Tau: 0.100 | Loss_C: -0.022 | Loss_P: +0.191 | Full_X_Acc: 89.9% | Loss_Gen: +5.606 | Retain: 6.6% | Mask_X_Acc: 58.0% | Loss_Gen_adv: +0.057 | Loss_Gen_l1: +0.066 | Loss_Gen_p: +5.482 | W_Distance: +0.027 |
Epoch [840/1000] | Tau: 0.100 | Loss_C: -0.023 | Loss_P: +0.190 | Full_X_Acc: 90.0% | Loss_Gen: +5.560 | Retain: 6.6% | Mask_X_Acc: 56.8% | Loss_Gen_adv: +0.055 | Loss_Gen_l1: +0.066 | Loss_Gen_p: +5.439 | W_Distance: +0.028 |
Epoch [850/1000] | Tau: 0.100 | Loss_C: -0.025 | Loss_P: +0.193 | Full_X_Acc: 90.6% | Loss_Gen: +5.693 | Retain: 6.7% | Mask_X_Acc: 57.9% | Loss_Gen_adv: +0.051 | Loss_Gen_l1: +0.067 | Loss_Gen_p: +5.575 | W_Distance: +0.029 |
Epoch [860/1000] | Tau: 0.100 | Loss_C: -0.024 | Loss_P: +0.193 | Full_X_Acc: 90.5% | Loss_Gen: +5.724 | Retain: 6.7% | Mask_X_Acc: 57.2% | Loss_Gen_adv: +0.053 | Loss_Gen_l1: +0.067 | Loss_Gen_p: +5.603 | W_Distance: +0.028 |
Epoch [870/1000] | Tau: 0.100 | Loss_C: -0.025 | Loss_P: +0.194 | Full_X_Acc: 90.7% | Loss_Gen: +5.781 | Retain: 6.7% | Mask_X_Acc: 58.1% | Loss_Gen_adv: +0.046 | Loss_Gen_l1: +0.067 | Loss_Gen_p: +5.668 | W_Distance: +0.029 |
Epoch [880/1000] | Tau: 0.100 | Loss_C: -0.025 | Loss_P: +0.182 | Full_X_Acc: 91.0% | Loss_Gen: +5.757 | Retain: 6.8% | Mask_X_Acc: 57.0% | Loss_Gen_adv: +0.040 | Loss_Gen_l1: +0.068 | Loss_Gen_p: +5.650 | W_Distance: +0.030 |
Epoch [890/1000] | Tau: 0.100 | Loss_C: -0.026 | Loss_P: +0.188 | Full_X_Acc: 91.2% | Loss_Gen: +5.914 | Retain: 6.8% | Mask_X_Acc: 57.1% | Loss_Gen_adv: +0.041 | Loss_Gen_l1: +0.068 | Loss_Gen_p: +5.805 | W_Distance: +0.031 |
Epoch [900/1000] | Tau: 0.100 | Loss_C: -0.027 | Loss_P: +0.183 | Full_X_Acc: 91.2% | Loss_Gen: +6.033 | Retain: 6.8% | Mask_X_Acc: 58.0% | Loss_Gen_adv: +0.042 | Loss_Gen_l1: +0.068 | Loss_Gen_p: +5.923 | W_Distance: +0.031 |
Epoch [910/1000] | Tau: 0.100 | Loss_C: -0.027 | Loss_P: +0.188 | Full_X_Acc: 91.2% | Loss_Gen: +5.876 | Retain: 6.8% | Mask_X_Acc: 57.0% | Loss_Gen_adv: +0.046 | Loss_Gen_l1: +0.068 | Loss_Gen_p: +5.762 | W_Distance: +0.032 |
Epoch [920/1000] | Tau: 0.100 | Loss_C: -0.026 | Loss_P: +0.189 | Full_X_Acc: 91.1% | Loss_Gen: +5.948 | Retain: 6.8% | Mask_X_Acc: 57.2% | Loss_Gen_adv: +0.046 | Loss_Gen_l1: +0.068 | Loss_Gen_p: +5.834 | W_Distance: +0.030 |
Epoch [930/1000] | Tau: 0.100 | Loss_C: -0.026 | Loss_P: +0.186 | Full_X_Acc: 91.4% | Loss_Gen: +6.081 | Retain: 6.8% | Mask_X_Acc: 57.1% | Loss_Gen_adv: +0.041 | Loss_Gen_l1: +0.068 | Loss_Gen_p: +5.972 | W_Distance: +0.031 |
Epoch [940/1000] | Tau: 0.100 | Loss_C: -0.027 | Loss_P: +0.181 | Full_X_Acc: 91.4% | Loss_Gen: +6.080 | Retain: 6.9% | Mask_X_Acc: 57.9% | Loss_Gen_adv: +0.047 | Loss_Gen_l1: +0.069 | Loss_Gen_p: +5.964 | W_Distance: +0.032 |
Epoch [950/1000] | Tau: 0.100 | Loss_C: -0.028 | Loss_P: +0.183 | Full_X_Acc: 91.3% | Loss_Gen: +6.169 | Retain: 6.9% | Mask_X_Acc: 57.2% | Loss_Gen_adv: +0.035 | Loss_Gen_l1: +0.069 | Loss_Gen_p: +6.065 | W_Distance: +0.033 |
Epoch [960/1000] | Tau: 0.100 | Loss_C: -0.027 | Loss_P: +0.183 | Full_X_Acc: 91.5% | Loss_Gen: +6.271 | Retain: 6.9% | Mask_X_Acc: 57.4% | Loss_Gen_adv: +0.034 | Loss_Gen_l1: +0.069 | Loss_Gen_p: +6.169 | W_Distance: +0.031 |
Epoch [970/1000] | Tau: 0.100 | Loss_C: -0.027 | Loss_P: +0.184 | Full_X_Acc: 91.6% | Loss_Gen: +6.035 | Retain: 6.9% | Mask_X_Acc: 56.5% | Loss_Gen_adv: +0.039 | Loss_Gen_l1: +0.069 | Loss_Gen_p: +5.928 | W_Distance: +0.031 |
Epoch [980/1000] | Tau: 0.100 | Loss_C: -0.024 | Loss_P: +0.175 | Full_X_Acc: 91.8% | Loss_Gen: +6.587 | Retain: 6.9% | Mask_X_Acc: 57.4% | Loss_Gen_adv: +0.040 | Loss_Gen_l1: +0.069 | Loss_Gen_p: +6.478 | W_Distance: +0.028 |
Epoch [990/1000] | Tau: 0.100 | Loss_C: -0.029 | Loss_P: +0.180 | Full_X_Acc: 91.5% | Loss_Gen: +6.310 | Retain: 6.9% | Mask_X_Acc: 57.7% | Loss_Gen_adv: +0.039 | Loss_Gen_l1: +0.069 | Loss_Gen_p: +6.202 | W_Distance: +0.033 |
Epoch [1000/1000] | Tau: 0.100 | Loss_C: -0.027 | Loss_P: +0.178 | Full_X_Acc: 91.9% | Loss_Gen: +6.557 | Retain: 6.9% | Mask_X_Acc: 57.4% | Loss_Gen_adv: +0.049 | Loss_Gen_l1: +0.069 | Loss_Gen_p: +6.439 | W_Distance: +0.032 |
[Export] 训练历史已保存至 'output/run_20260717_232356/history.npz'

[System] 开始在测试集上进行推理评估...
==================================================
🎯 测试集推理报告 (Shared Architecture)
==================================================
• 测试集准确率:     56.45%
• TPR (召回率):     98.00%
• FDR (误发现率):   42.95%
• 平均保留特征数量: 6.9 / 100
• 整体保留率:       6.90%
--------------------------------------------------
🧩 Top 21 最常被选中的特征
--------------------------------------------------
Top 01: 特征 Index 005 | 被选次数: 3997 次 ( 99.9%) | ★ [真实关联]
Top 02: 特征 Index 010 | 被选次数: 3997 次 ( 99.9%) | ★ [真实关联]
Top 03: 特征 Index 002 | 被选次数: 3994 次 ( 99.8%) | ★ [真实关联]
Top 04: 特征 Index 004 | 被选次数: 3994 次 ( 99.8%) | ★ [真实关联]
Top 05: 特征 Index 003 | 被选次数: 3992 次 ( 99.8%) | ★ [真实关联]
Top 06: 特征 Index 001 | 被选次数: 3784 次 ( 94.6%) | ★ [真实关联]
Top 07: 特征 Index 000 | 被选次数: 3732 次 ( 93.3%) | ★ [真实关联]
Top 08: 特征 Index 074 | 被选次数:   16 次 (  0.4%) |   [纯噪声]
Top 09: 特征 Index 016 | 被选次数:   12 次 (  0.3%) |   [纯噪声]
Top 10: 特征 Index 041 | 被选次数:    8 次 (  0.2%) |   [纯噪声]
Top 11: 特征 Index 012 | 被选次数:    7 次 (  0.2%) |   [纯噪声]
Top 12: 特征 Index 073 | 被选次数:    7 次 (  0.2%) |   [纯噪声]
Top 13: 特征 Index 058 | 被选次数:    5 次 (  0.1%) |   [纯噪声]
Top 14: 特征 Index 042 | 被选次数:    5 次 (  0.1%) |   [纯噪声]
Top 15: 特征 Index 087 | 被选次数:    5 次 (  0.1%) |   [纯噪声]
Top 16: 特征 Index 036 | 被选次数:    5 次 (  0.1%) |   [纯噪声]
Top 17: 特征 Index 055 | 被选次数:    4 次 (  0.1%) |   [纯噪声]
Top 18: 特征 Index 007 | 被选次数:    4 次 (  0.1%) | ★ [真实关联]
Top 19: 特征 Index 072 | 被选次数:    4 次 (  0.1%) |   [纯噪声]
Top 20: 特征 Index 064 | 被选次数:    3 次 (  0.1%) |   [纯噪声]
Top 21: 特征 Index 057 | 被选次数:    3 次 (  0.1%) |   [纯噪声]
==================================================
[Export] 测试集数组已保存至 'output/run_20260717_232356/test_arrays.npz'
[Export] 特征索引已保存至 'output/run_20260717_232356/selected_feature_indices.npy'
[Export] 模型权重已保存至 'output/run_20260717_232356/generator_model.pth'

[Visualization] 运行双视角 t-SNE 降维 (样本数: 4000)...
[Visualization] 降维: 原始掩码特征 (Before Ext)...
[Visualization] 降维: 隐空间特征 (After Ext)...
[Visualization] 对比 t-SNE 已保存至: 'output/run_20260717_232356/fig3_tsne_comparison.png'

