[System] Run dir: output/run_20260818_171830
[System] 正在使用 cuda 进行计算...

[System] 开始训练多任务共享特征架构...
Epoch [010/1000] | Tau: 0.951 | Loss_C: +0.057 | Loss_P: +0.516 | Full_X_Acc: 54.0% | Loss_Gen: +0.999 | Retain: 46.4% | Mask_X_Acc: 53.7% | Loss_Gen_adv: +0.077 | Loss_Gen_l1: +0.464 | Loss_Gen_p: +0.690 | W_Distance: -0.001 |
Epoch [020/1000] | Tau: 0.905 | Loss_C: +0.049 | Loss_P: +0.514 | Full_X_Acc: 55.8% | Loss_Gen: +0.968 | Retain: 41.2% | Mask_X_Acc: 54.1% | Loss_Gen_adv: +0.071 | Loss_Gen_l1: +0.412 | Loss_Gen_p: +0.691 | W_Distance: -0.003 |
Epoch [030/1000] | Tau: 0.860 | Loss_C: +0.053 | Loss_P: +0.508 | Full_X_Acc: 59.5% | Loss_Gen: +0.929 | Retain: 33.4% | Mask_X_Acc: 53.6% | Loss_Gen_adv: +0.072 | Loss_Gen_l1: +0.334 | Loss_Gen_p: +0.691 | W_Distance: -0.003 |
Epoch [040/1000] | Tau: 0.818 | Loss_C: +0.062 | Loss_P: +0.502 | Full_X_Acc: 61.5% | Loss_Gen: +0.894 | Retain: 24.0% | Mask_X_Acc: 53.6% | Loss_Gen_adv: +0.078 | Loss_Gen_l1: +0.240 | Loss_Gen_p: +0.697 | W_Distance: -0.004 |
Epoch [050/1000] | Tau: 0.778 | Loss_C: +0.072 | Loss_P: +0.495 | Full_X_Acc: 64.4% | Loss_Gen: +0.857 | Retain: 15.3% | Mask_X_Acc: 53.0% | Loss_Gen_adv: +0.077 | Loss_Gen_l1: +0.153 | Loss_Gen_p: +0.703 | W_Distance: -0.001 |
Epoch [060/1000] | Tau: 0.740 | Loss_C: +0.063 | Loss_P: +0.489 | Full_X_Acc: 67.1% | Loss_Gen: +0.903 | Retain: 9.6% | Mask_X_Acc: 52.2% | Loss_Gen_adv: +0.143 | Loss_Gen_l1: +0.096 | Loss_Gen_p: +0.712 | W_Distance: -0.001 |
Epoch [070/1000] | Tau: 0.704 | Loss_C: +0.030 | Loss_P: +0.483 | Full_X_Acc: 69.0% | Loss_Gen: +0.993 | Retain: 6.9% | Mask_X_Acc: 52.6% | Loss_Gen_adv: +0.236 | Loss_Gen_l1: +0.069 | Loss_Gen_p: +0.723 | W_Distance: +0.001 |
Epoch [080/1000] | Tau: 0.670 | Loss_C: +0.016 | Loss_P: +0.477 | Full_X_Acc: 70.7% | Loss_Gen: +1.078 | Retain: 5.7% | Mask_X_Acc: 52.2% | Loss_Gen_adv: +0.320 | Loss_Gen_l1: +0.057 | Loss_Gen_p: +0.729 | W_Distance: -0.000 |
Epoch [090/1000] | Tau: 0.637 | Loss_C: +0.007 | Loss_P: +0.471 | Full_X_Acc: 71.6% | Loss_Gen: +1.115 | Retain: 5.3% | Mask_X_Acc: 52.5% | Loss_Gen_adv: +0.354 | Loss_Gen_l1: +0.053 | Loss_Gen_p: +0.734 | W_Distance: +0.002 |
Epoch [100/1000] | Tau: 0.606 | Loss_C: +0.005 | Loss_P: +0.467 | Full_X_Acc: 72.9% | Loss_Gen: +1.106 | Retain: 5.0% | Mask_X_Acc: 52.3% | Loss_Gen_adv: +0.340 | Loss_Gen_l1: +0.050 | Loss_Gen_p: +0.741 | W_Distance: +0.002 |
Epoch [110/1000] | Tau: 0.576 | Loss_C: -0.000 | Loss_P: +0.464 | Full_X_Acc: 74.0% | Loss_Gen: +1.101 | Retain: 4.8% | Mask_X_Acc: 52.3% | Loss_Gen_adv: +0.329 | Loss_Gen_l1: +0.048 | Loss_Gen_p: +0.748 | W_Distance: +0.005 |
Epoch [120/1000] | Tau: 0.548 | Loss_C: +0.002 | Loss_P: +0.459 | Full_X_Acc: 74.9% | Loss_Gen: +1.083 | Retain: 4.6% | Mask_X_Acc: 52.2% | Loss_Gen_adv: +0.313 | Loss_Gen_l1: +0.046 | Loss_Gen_p: +0.747 | W_Distance: +0.002 |
Epoch [130/1000] | Tau: 0.521 | Loss_C: +0.002 | Loss_P: +0.457 | Full_X_Acc: 75.4% | Loss_Gen: +1.046 | Retain: 4.5% | Mask_X_Acc: 53.4% | Loss_Gen_adv: +0.272 | Loss_Gen_l1: +0.045 | Loss_Gen_p: +0.752 | W_Distance: +0.002 |
Epoch [140/1000] | Tau: 0.496 | Loss_C: +0.002 | Loss_P: +0.453 | Full_X_Acc: 76.2% | Loss_Gen: +1.027 | Retain: 4.3% | Mask_X_Acc: 53.0% | Loss_Gen_adv: +0.248 | Loss_Gen_l1: +0.043 | Loss_Gen_p: +0.758 | W_Distance: +0.003 |
Epoch [150/1000] | Tau: 0.471 | Loss_C: +0.003 | Loss_P: +0.450 | Full_X_Acc: 76.6% | Loss_Gen: +1.000 | Retain: 4.1% | Mask_X_Acc: 53.8% | Loss_Gen_adv: +0.217 | Loss_Gen_l1: +0.041 | Loss_Gen_p: +0.762 | W_Distance: +0.003 |
Epoch [160/1000] | Tau: 0.448 | Loss_C: -0.000 | Loss_P: +0.447 | Full_X_Acc: 76.9% | Loss_Gen: +0.996 | Retain: 4.0% | Mask_X_Acc: 54.0% | Loss_Gen_adv: +0.218 | Loss_Gen_l1: +0.040 | Loss_Gen_p: +0.758 | W_Distance: +0.005 |
Epoch [170/1000] | Tau: 0.427 | Loss_C: +0.000 | Loss_P: +0.443 | Full_X_Acc: 77.8% | Loss_Gen: +0.993 | Retain: 3.9% | Mask_X_Acc: 53.7% | Loss_Gen_adv: +0.200 | Loss_Gen_l1: +0.039 | Loss_Gen_p: +0.774 | W_Distance: +0.005 |
Epoch [180/1000] | Tau: 0.406 | Loss_C: -0.001 | Loss_P: +0.443 | Full_X_Acc: 78.1% | Loss_Gen: +0.960 | Retain: 3.9% | Mask_X_Acc: 53.0% | Loss_Gen_adv: +0.178 | Loss_Gen_l1: +0.039 | Loss_Gen_p: +0.763 | W_Distance: +0.005 |
Epoch [190/1000] | Tau: 0.386 | Loss_C: -0.002 | Loss_P: +0.438 | Full_X_Acc: 78.6% | Loss_Gen: +0.940 | Retain: 3.8% | Mask_X_Acc: 54.3% | Loss_Gen_adv: +0.158 | Loss_Gen_l1: +0.038 | Loss_Gen_p: +0.763 | W_Distance: +0.007 |
Epoch [200/1000] | Tau: 0.367 | Loss_C: -0.002 | Loss_P: +0.437 | Full_X_Acc: 78.9% | Loss_Gen: +0.923 | Retain: 3.8% | Mask_X_Acc: 54.0% | Loss_Gen_adv: +0.134 | Loss_Gen_l1: +0.038 | Loss_Gen_p: +0.770 | W_Distance: +0.007 |
Epoch [210/1000] | Tau: 0.349 | Loss_C: -0.004 | Loss_P: +0.433 | Full_X_Acc: 78.9% | Loss_Gen: +0.911 | Retain: 3.8% | Mask_X_Acc: 54.1% | Loss_Gen_adv: +0.108 | Loss_Gen_l1: +0.038 | Loss_Gen_p: +0.783 | W_Distance: +0.008 |
Epoch [220/1000] | Tau: 0.332 | Loss_C: -0.005 | Loss_P: +0.432 | Full_X_Acc: 79.5% | Loss_Gen: +0.883 | Retain: 3.9% | Mask_X_Acc: 53.9% | Loss_Gen_adv: +0.098 | Loss_Gen_l1: +0.039 | Loss_Gen_p: +0.765 | W_Distance: +0.009 |
Epoch [230/1000] | Tau: 0.316 | Loss_C: -0.004 | Loss_P: +0.430 | Full_X_Acc: 79.7% | Loss_Gen: +0.886 | Retain: 3.9% | Mask_X_Acc: 54.6% | Loss_Gen_adv: +0.090 | Loss_Gen_l1: +0.039 | Loss_Gen_p: +0.776 | W_Distance: +0.008 |
Epoch [240/1000] | Tau: 0.300 | Loss_C: -0.006 | Loss_P: +0.428 | Full_X_Acc: 80.2% | Loss_Gen: +0.871 | Retain: 4.0% | Mask_X_Acc: 54.2% | Loss_Gen_adv: +0.076 | Loss_Gen_l1: +0.040 | Loss_Gen_p: +0.775 | W_Distance: +0.010 |
Epoch [250/1000] | Tau: 0.286 | Loss_C: -0.007 | Loss_P: +0.425 | Full_X_Acc: 80.2% | Loss_Gen: +0.870 | Retain: 4.0% | Mask_X_Acc: 55.0% | Loss_Gen_adv: +0.075 | Loss_Gen_l1: +0.040 | Loss_Gen_p: +0.776 | W_Distance: +0.011 |
Epoch [260/1000] | Tau: 0.272 | Loss_C: -0.007 | Loss_P: +0.423 | Full_X_Acc: 80.7% | Loss_Gen: +0.878 | Retain: 4.1% | Mask_X_Acc: 54.8% | Loss_Gen_adv: +0.080 | Loss_Gen_l1: +0.041 | Loss_Gen_p: +0.777 | W_Distance: +0.011 |
Epoch [270/1000] | Tau: 0.258 | Loss_C: -0.007 | Loss_P: +0.423 | Full_X_Acc: 81.0% | Loss_Gen: +0.885 | Retain: 4.2% | Mask_X_Acc: 54.8% | Loss_Gen_adv: +0.091 | Loss_Gen_l1: +0.042 | Loss_Gen_p: +0.773 | W_Distance: +0.011 |
Epoch [280/1000] | Tau: 0.246 | Loss_C: -0.009 | Loss_P: +0.422 | Full_X_Acc: 81.5% | Loss_Gen: +0.879 | Retain: 4.2% | Mask_X_Acc: 54.9% | Loss_Gen_adv: +0.085 | Loss_Gen_l1: +0.042 | Loss_Gen_p: +0.773 | W_Distance: +0.013 |
Epoch [290/1000] | Tau: 0.234 | Loss_C: -0.008 | Loss_P: +0.417 | Full_X_Acc: 81.5% | Loss_Gen: +0.895 | Retain: 4.3% | Mask_X_Acc: 54.8% | Loss_Gen_adv: +0.085 | Loss_Gen_l1: +0.043 | Loss_Gen_p: +0.789 | W_Distance: +0.013 |
Epoch [300/1000] | Tau: 0.222 | Loss_C: -0.010 | Loss_P: +0.419 | Full_X_Acc: 81.7% | Loss_Gen: +0.900 | Retain: 4.3% | Mask_X_Acc: 55.6% | Loss_Gen_adv: +0.095 | Loss_Gen_l1: +0.043 | Loss_Gen_p: +0.783 | W_Distance: +0.014 |
Epoch [310/1000] | Tau: 0.211 | Loss_C: -0.009 | Loss_P: +0.416 | Full_X_Acc: 82.1% | Loss_Gen: +0.903 | Retain: 4.4% | Mask_X_Acc: 55.2% | Loss_Gen_adv: +0.099 | Loss_Gen_l1: +0.044 | Loss_Gen_p: +0.782 | W_Distance: +0.014 |
Epoch [320/1000] | Tau: 0.201 | Loss_C: -0.010 | Loss_P: +0.415 | Full_X_Acc: 82.1% | Loss_Gen: +0.914 | Retain: 4.5% | Mask_X_Acc: 55.6% | Loss_Gen_adv: +0.111 | Loss_Gen_l1: +0.045 | Loss_Gen_p: +0.781 | W_Distance: +0.014 |
Epoch [330/1000] | Tau: 0.191 | Loss_C: -0.010 | Loss_P: +0.413 | Full_X_Acc: 82.5% | Loss_Gen: +0.917 | Retain: 4.6% | Mask_X_Acc: 55.8% | Loss_Gen_adv: +0.121 | Loss_Gen_l1: +0.046 | Loss_Gen_p: +0.774 | W_Distance: +0.014 |
Epoch [340/1000] | Tau: 0.182 | Loss_C: -0.011 | Loss_P: +0.409 | Full_X_Acc: 83.0% | Loss_Gen: +0.918 | Retain: 4.8% | Mask_X_Acc: 55.0% | Loss_Gen_adv: +0.116 | Loss_Gen_l1: +0.048 | Loss_Gen_p: +0.778 | W_Distance: +0.015 |
Epoch [350/1000] | Tau: 0.173 | Loss_C: -0.011 | Loss_P: +0.411 | Full_X_Acc: 83.2% | Loss_Gen: +0.923 | Retain: 4.9% | Mask_X_Acc: 55.7% | Loss_Gen_adv: +0.126 | Loss_Gen_l1: +0.049 | Loss_Gen_p: +0.773 | W_Distance: +0.015 |
Epoch [360/1000] | Tau: 0.165 | Loss_C: -0.011 | Loss_P: +0.408 | Full_X_Acc: 83.0% | Loss_Gen: +0.921 | Retain: 5.0% | Mask_X_Acc: 56.4% | Loss_Gen_adv: +0.124 | Loss_Gen_l1: +0.050 | Loss_Gen_p: +0.772 | W_Distance: +0.015 |
Epoch [370/1000] | Tau: 0.157 | Loss_C: -0.013 | Loss_P: +0.403 | Full_X_Acc: 83.4% | Loss_Gen: +0.926 | Retain: 5.1% | Mask_X_Acc: 56.2% | Loss_Gen_adv: +0.129 | Loss_Gen_l1: +0.051 | Loss_Gen_p: +0.772 | W_Distance: +0.017 |
Epoch [380/1000] | Tau: 0.149 | Loss_C: -0.013 | Loss_P: +0.404 | Full_X_Acc: 83.2% | Loss_Gen: +0.920 | Retain: 5.2% | Mask_X_Acc: 56.0% | Loss_Gen_adv: +0.125 | Loss_Gen_l1: +0.052 | Loss_Gen_p: +0.769 | W_Distance: +0.018 |
Epoch [390/1000] | Tau: 0.142 | Loss_C: -0.013 | Loss_P: +0.404 | Full_X_Acc: 83.6% | Loss_Gen: +0.932 | Retain: 5.3% | Mask_X_Acc: 56.8% | Loss_Gen_adv: +0.134 | Loss_Gen_l1: +0.053 | Loss_Gen_p: +0.772 | W_Distance: +0.018 |
Epoch [400/1000] | Tau: 0.135 | Loss_C: -0.013 | Loss_P: +0.402 | Full_X_Acc: 83.8% | Loss_Gen: +0.946 | Retain: 5.4% | Mask_X_Acc: 57.0% | Loss_Gen_adv: +0.144 | Loss_Gen_l1: +0.054 | Loss_Gen_p: +0.775 | W_Distance: +0.018 |
Epoch [410/1000] | Tau: 0.128 | Loss_C: -0.014 | Loss_P: +0.398 | Full_X_Acc: 83.9% | Loss_Gen: +0.956 | Retain: 5.5% | Mask_X_Acc: 57.1% | Loss_Gen_adv: +0.150 | Loss_Gen_l1: +0.055 | Loss_Gen_p: +0.778 | W_Distance: +0.019 |
Epoch [420/1000] | Tau: 0.122 | Loss_C: -0.016 | Loss_P: +0.396 | Full_X_Acc: 84.3% | Loss_Gen: +0.955 | Retain: 5.6% | Mask_X_Acc: 57.1% | Loss_Gen_adv: +0.155 | Loss_Gen_l1: +0.056 | Loss_Gen_p: +0.773 | W_Distance: +0.020 |
Epoch [430/1000] | Tau: 0.116 | Loss_C: -0.015 | Loss_P: +0.396 | Full_X_Acc: 84.0% | Loss_Gen: +0.959 | Retain: 5.6% | Mask_X_Acc: 57.7% | Loss_Gen_adv: +0.161 | Loss_Gen_l1: +0.056 | Loss_Gen_p: +0.770 | W_Distance: +0.020 |
Epoch [440/1000] | Tau: 0.110 | Loss_C: -0.016 | Loss_P: +0.397 | Full_X_Acc: 84.2% | Loss_Gen: +0.966 | Retain: 5.7% | Mask_X_Acc: 57.9% | Loss_Gen_adv: +0.167 | Loss_Gen_l1: +0.057 | Loss_Gen_p: +0.771 | W_Distance: +0.021 |
Epoch [450/1000] | Tau: 0.105 | Loss_C: -0.015 | Loss_P: +0.394 | Full_X_Acc: 84.4% | Loss_Gen: +0.956 | Retain: 5.8% | Mask_X_Acc: 58.2% | Loss_Gen_adv: +0.160 | Loss_Gen_l1: +0.058 | Loss_Gen_p: +0.768 | W_Distance: +0.019 |
Epoch [460/1000] | Tau: 0.100 | Loss_C: -0.015 | Loss_P: +0.391 | Full_X_Acc: 84.5% | Loss_Gen: +0.955 | Retain: 5.8% | Mask_X_Acc: 57.7% | Loss_Gen_adv: +0.158 | Loss_Gen_l1: +0.058 | Loss_Gen_p: +0.768 | W_Distance: +0.019 |
Epoch [470/1000] | Tau: 0.100 | Loss_C: -0.016 | Loss_P: +0.390 | Full_X_Acc: 84.7% | Loss_Gen: +0.960 | Retain: 5.9% | Mask_X_Acc: 57.5% | Loss_Gen_adv: +0.158 | Loss_Gen_l1: +0.059 | Loss_Gen_p: +0.772 | W_Distance: +0.020 |
Epoch [480/1000] | Tau: 0.100 | Loss_C: -0.017 | Loss_P: +0.390 | Full_X_Acc: 84.6% | Loss_Gen: +0.940 | Retain: 5.9% | Mask_X_Acc: 58.0% | Loss_Gen_adv: +0.144 | Loss_Gen_l1: +0.059 | Loss_Gen_p: +0.766 | W_Distance: +0.021 |
Epoch [490/1000] | Tau: 0.100 | Loss_C: -0.018 | Loss_P: +0.390 | Full_X_Acc: 85.1% | Loss_Gen: +0.952 | Retain: 6.0% | Mask_X_Acc: 58.3% | Loss_Gen_adv: +0.156 | Loss_Gen_l1: +0.060 | Loss_Gen_p: +0.766 | W_Distance: +0.022 |
Epoch [500/1000] | Tau: 0.100 | Loss_C: -0.017 | Loss_P: +0.388 | Full_X_Acc: 85.3% | Loss_Gen: +0.957 | Retain: 6.1% | Mask_X_Acc: 58.9% | Loss_Gen_adv: +0.160 | Loss_Gen_l1: +0.061 | Loss_Gen_p: +0.767 | W_Distance: +0.021 |
Epoch [510/1000] | Tau: 0.100 | Loss_C: -0.018 | Loss_P: +0.386 | Full_X_Acc: 85.4% | Loss_Gen: +0.952 | Retain: 6.1% | Mask_X_Acc: 58.9% | Loss_Gen_adv: +0.161 | Loss_Gen_l1: +0.061 | Loss_Gen_p: +0.760 | W_Distance: +0.022 |
Epoch [520/1000] | Tau: 0.100 | Loss_C: -0.018 | Loss_P: +0.387 | Full_X_Acc: 85.5% | Loss_Gen: +0.943 | Retain: 6.2% | Mask_X_Acc: 59.1% | Loss_Gen_adv: +0.155 | Loss_Gen_l1: +0.062 | Loss_Gen_p: +0.758 | W_Distance: +0.022 |
Epoch [530/1000] | Tau: 0.100 | Loss_C: -0.018 | Loss_P: +0.382 | Full_X_Acc: 85.1% | Loss_Gen: +0.941 | Retain: 6.2% | Mask_X_Acc: 59.4% | Loss_Gen_adv: +0.149 | Loss_Gen_l1: +0.062 | Loss_Gen_p: +0.761 | W_Distance: +0.022 |
Epoch [540/1000] | Tau: 0.100 | Loss_C: -0.018 | Loss_P: +0.381 | Full_X_Acc: 85.7% | Loss_Gen: +0.930 | Retain: 6.3% | Mask_X_Acc: 59.0% | Loss_Gen_adv: +0.144 | Loss_Gen_l1: +0.063 | Loss_Gen_p: +0.754 | W_Distance: +0.022 |
Epoch [550/1000] | Tau: 0.100 | Loss_C: -0.019 | Loss_P: +0.379 | Full_X_Acc: 85.7% | Loss_Gen: +0.924 | Retain: 6.4% | Mask_X_Acc: 59.4% | Loss_Gen_adv: +0.135 | Loss_Gen_l1: +0.064 | Loss_Gen_p: +0.756 | W_Distance: +0.023 |
Epoch [560/1000] | Tau: 0.100 | Loss_C: -0.021 | Loss_P: +0.380 | Full_X_Acc: 85.8% | Loss_Gen: +0.930 | Retain: 6.5% | Mask_X_Acc: 59.7% | Loss_Gen_adv: +0.135 | Loss_Gen_l1: +0.065 | Loss_Gen_p: +0.763 | W_Distance: +0.025 |
Epoch [570/1000] | Tau: 0.100 | Loss_C: -0.020 | Loss_P: +0.379 | Full_X_Acc: 85.7% | Loss_Gen: +0.922 | Retain: 6.5% | Mask_X_Acc: 59.6% | Loss_Gen_adv: +0.132 | Loss_Gen_l1: +0.065 | Loss_Gen_p: +0.757 | W_Distance: +0.024 |
Epoch [580/1000] | Tau: 0.100 | Loss_C: -0.019 | Loss_P: +0.378 | Full_X_Acc: 85.9% | Loss_Gen: +0.921 | Retain: 6.6% | Mask_X_Acc: 59.3% | Loss_Gen_adv: +0.133 | Loss_Gen_l1: +0.066 | Loss_Gen_p: +0.754 | W_Distance: +0.023 |
Epoch [590/1000] | Tau: 0.100 | Loss_C: -0.020 | Loss_P: +0.376 | Full_X_Acc: 85.8% | Loss_Gen: +0.915 | Retain: 6.6% | Mask_X_Acc: 59.8% | Loss_Gen_adv: +0.131 | Loss_Gen_l1: +0.066 | Loss_Gen_p: +0.751 | W_Distance: +0.024 |
Epoch [600/1000] | Tau: 0.100 | Loss_C: -0.021 | Loss_P: +0.374 | Full_X_Acc: 85.9% | Loss_Gen: +0.912 | Retain: 6.7% | Mask_X_Acc: 60.0% | Loss_Gen_adv: +0.121 | Loss_Gen_l1: +0.067 | Loss_Gen_p: +0.757 | W_Distance: +0.025 |
Epoch [610/1000] | Tau: 0.100 | Loss_C: -0.021 | Loss_P: +0.376 | Full_X_Acc: 85.9% | Loss_Gen: +0.907 | Retain: 6.7% | Mask_X_Acc: 60.3% | Loss_Gen_adv: +0.124 | Loss_Gen_l1: +0.067 | Loss_Gen_p: +0.750 | W_Distance: +0.025 |
Epoch [620/1000] | Tau: 0.100 | Loss_C: -0.021 | Loss_P: +0.373 | Full_X_Acc: 86.0% | Loss_Gen: +0.906 | Retain: 6.8% | Mask_X_Acc: 60.5% | Loss_Gen_adv: +0.118 | Loss_Gen_l1: +0.068 | Loss_Gen_p: +0.754 | W_Distance: +0.025 |
Epoch [630/1000] | Tau: 0.100 | Loss_C: -0.021 | Loss_P: +0.375 | Full_X_Acc: 86.0% | Loss_Gen: +0.892 | Retain: 6.8% | Mask_X_Acc: 60.3% | Loss_Gen_adv: +0.109 | Loss_Gen_l1: +0.068 | Loss_Gen_p: +0.748 | W_Distance: +0.025 |
Epoch [640/1000] | Tau: 0.100 | Loss_C: -0.021 | Loss_P: +0.373 | Full_X_Acc: 86.2% | Loss_Gen: +0.896 | Retain: 6.8% | Mask_X_Acc: 61.3% | Loss_Gen_adv: +0.106 | Loss_Gen_l1: +0.068 | Loss_Gen_p: +0.755 | W_Distance: +0.025 |
Epoch [650/1000] | Tau: 0.100 | Loss_C: -0.022 | Loss_P: +0.371 | Full_X_Acc: 86.4% | Loss_Gen: +0.890 | Retain: 6.9% | Mask_X_Acc: 60.6% | Loss_Gen_adv: +0.105 | Loss_Gen_l1: +0.069 | Loss_Gen_p: +0.750 | W_Distance: +0.026 |
Epoch [660/1000] | Tau: 0.100 | Loss_C: -0.022 | Loss_P: +0.369 | Full_X_Acc: 86.3% | Loss_Gen: +0.870 | Retain: 6.9% | Mask_X_Acc: 60.1% | Loss_Gen_adv: +0.096 | Loss_Gen_l1: +0.069 | Loss_Gen_p: +0.739 | W_Distance: +0.026 |
Epoch [670/1000] | Tau: 0.100 | Loss_C: -0.022 | Loss_P: +0.369 | Full_X_Acc: 86.6% | Loss_Gen: +0.874 | Retain: 6.9% | Mask_X_Acc: 60.6% | Loss_Gen_adv: +0.097 | Loss_Gen_l1: +0.069 | Loss_Gen_p: +0.743 | W_Distance: +0.026 |
Epoch [680/1000] | Tau: 0.100 | Loss_C: -0.020 | Loss_P: +0.371 | Full_X_Acc: 86.6% | Loss_Gen: +0.869 | Retain: 6.9% | Mask_X_Acc: 60.8% | Loss_Gen_adv: +0.092 | Loss_Gen_l1: +0.069 | Loss_Gen_p: +0.743 | W_Distance: +0.024 |
Epoch [690/1000] | Tau: 0.100 | Loss_C: -0.020 | Loss_P: +0.369 | Full_X_Acc: 86.7% | Loss_Gen: +0.878 | Retain: 6.9% | Mask_X_Acc: 61.3% | Loss_Gen_adv: +0.101 | Loss_Gen_l1: +0.069 | Loss_Gen_p: +0.743 | W_Distance: +0.024 |
Epoch [700/1000] | Tau: 0.100 | Loss_C: -0.023 | Loss_P: +0.369 | Full_X_Acc: 86.5% | Loss_Gen: +0.860 | Retain: 6.9% | Mask_X_Acc: 60.8% | Loss_Gen_adv: +0.087 | Loss_Gen_l1: +0.069 | Loss_Gen_p: +0.738 | W_Distance: +0.027 |
Epoch [710/1000] | Tau: 0.100 | Loss_C: -0.021 | Loss_P: +0.369 | Full_X_Acc: 86.5% | Loss_Gen: +0.863 | Retain: 6.9% | Mask_X_Acc: 61.2% | Loss_Gen_adv: +0.086 | Loss_Gen_l1: +0.069 | Loss_Gen_p: +0.742 | W_Distance: +0.024 |
Epoch [720/1000] | Tau: 0.100 | Loss_C: -0.021 | Loss_P: +0.367 | Full_X_Acc: 86.8% | Loss_Gen: +0.859 | Retain: 6.9% | Mask_X_Acc: 61.2% | Loss_Gen_adv: +0.081 | Loss_Gen_l1: +0.069 | Loss_Gen_p: +0.743 | W_Distance: +0.025 |
Epoch [730/1000] | Tau: 0.100 | Loss_C: -0.021 | Loss_P: +0.367 | Full_X_Acc: 86.8% | Loss_Gen: +0.867 | Retain: 6.9% | Mask_X_Acc: 61.5% | Loss_Gen_adv: +0.085 | Loss_Gen_l1: +0.069 | Loss_Gen_p: +0.748 | W_Distance: +0.025 |
Epoch [740/1000] | Tau: 0.100 | Loss_C: -0.022 | Loss_P: +0.363 | Full_X_Acc: 86.8% | Loss_Gen: +0.871 | Retain: 6.9% | Mask_X_Acc: 61.5% | Loss_Gen_adv: +0.080 | Loss_Gen_l1: +0.069 | Loss_Gen_p: +0.756 | W_Distance: +0.026 |
Epoch [750/1000] | Tau: 0.100 | Loss_C: -0.021 | Loss_P: +0.363 | Full_X_Acc: 87.1% | Loss_Gen: +0.857 | Retain: 7.0% | Mask_X_Acc: 61.3% | Loss_Gen_adv: +0.078 | Loss_Gen_l1: +0.070 | Loss_Gen_p: +0.744 | W_Distance: +0.025 |
Epoch [760/1000] | Tau: 0.100 | Loss_C: -0.023 | Loss_P: +0.364 | Full_X_Acc: 86.7% | Loss_Gen: +0.855 | Retain: 7.0% | Mask_X_Acc: 60.9% | Loss_Gen_adv: +0.080 | Loss_Gen_l1: +0.070 | Loss_Gen_p: +0.740 | W_Distance: +0.027 |
Epoch [770/1000] | Tau: 0.100 | Loss_C: -0.022 | Loss_P: +0.365 | Full_X_Acc: 87.0% | Loss_Gen: +0.852 | Retain: 7.0% | Mask_X_Acc: 61.1% | Loss_Gen_adv: +0.078 | Loss_Gen_l1: +0.070 | Loss_Gen_p: +0.739 | W_Distance: +0.025 |
Epoch [780/1000] | Tau: 0.100 | Loss_C: -0.022 | Loss_P: +0.362 | Full_X_Acc: 86.9% | Loss_Gen: +0.846 | Retain: 7.0% | Mask_X_Acc: 60.8% | Loss_Gen_adv: +0.072 | Loss_Gen_l1: +0.070 | Loss_Gen_p: +0.739 | W_Distance: +0.026 |
Epoch [790/1000] | Tau: 0.100 | Loss_C: -0.023 | Loss_P: +0.363 | Full_X_Acc: 87.2% | Loss_Gen: +0.849 | Retain: 7.0% | Mask_X_Acc: 60.7% | Loss_Gen_adv: +0.064 | Loss_Gen_l1: +0.070 | Loss_Gen_p: +0.749 | W_Distance: +0.027 |
Epoch [800/1000] | Tau: 0.100 | Loss_C: -0.023 | Loss_P: +0.363 | Full_X_Acc: 87.0% | Loss_Gen: +0.842 | Retain: 7.0% | Mask_X_Acc: 61.1% | Loss_Gen_adv: +0.064 | Loss_Gen_l1: +0.070 | Loss_Gen_p: +0.743 | W_Distance: +0.027 |
Epoch [810/1000] | Tau: 0.100 | Loss_C: -0.023 | Loss_P: +0.361 | Full_X_Acc: 87.0% | Loss_Gen: +0.841 | Retain: 7.0% | Mask_X_Acc: 61.5% | Loss_Gen_adv: +0.067 | Loss_Gen_l1: +0.070 | Loss_Gen_p: +0.739 | W_Distance: +0.026 |
Epoch [820/1000] | Tau: 0.100 | Loss_C: -0.022 | Loss_P: +0.363 | Full_X_Acc: 87.4% | Loss_Gen: +0.842 | Retain: 7.0% | Mask_X_Acc: 61.5% | Loss_Gen_adv: +0.064 | Loss_Gen_l1: +0.070 | Loss_Gen_p: +0.743 | W_Distance: +0.026 |
Epoch [830/1000] | Tau: 0.100 | Loss_C: -0.022 | Loss_P: +0.360 | Full_X_Acc: 87.3% | Loss_Gen: +0.842 | Retain: 7.0% | Mask_X_Acc: 61.4% | Loss_Gen_adv: +0.062 | Loss_Gen_l1: +0.070 | Loss_Gen_p: +0.745 | W_Distance: +0.026 |
Epoch [840/1000] | Tau: 0.100 | Loss_C: -0.023 | Loss_P: +0.360 | Full_X_Acc: 87.1% | Loss_Gen: +0.842 | Retain: 7.0% | Mask_X_Acc: 61.4% | Loss_Gen_adv: +0.066 | Loss_Gen_l1: +0.070 | Loss_Gen_p: +0.741 | W_Distance: +0.026 |
Epoch [850/1000] | Tau: 0.100 | Loss_C: -0.023 | Loss_P: +0.361 | Full_X_Acc: 87.0% | Loss_Gen: +0.858 | Retain: 7.0% | Mask_X_Acc: 61.7% | Loss_Gen_adv: +0.068 | Loss_Gen_l1: +0.070 | Loss_Gen_p: +0.756 | W_Distance: +0.026 |
Epoch [860/1000] | Tau: 0.100 | Loss_C: -0.022 | Loss_P: +0.360 | Full_X_Acc: 87.4% | Loss_Gen: +0.854 | Retain: 7.0% | Mask_X_Acc: 61.1% | Loss_Gen_adv: +0.068 | Loss_Gen_l1: +0.070 | Loss_Gen_p: +0.751 | W_Distance: +0.026 |
Epoch [870/1000] | Tau: 0.100 | Loss_C: -0.024 | Loss_P: +0.358 | Full_X_Acc: 87.5% | Loss_Gen: +0.838 | Retain: 7.0% | Mask_X_Acc: 61.6% | Loss_Gen_adv: +0.059 | Loss_Gen_l1: +0.070 | Loss_Gen_p: +0.745 | W_Distance: +0.028 |
Epoch [880/1000] | Tau: 0.100 | Loss_C: -0.022 | Loss_P: +0.359 | Full_X_Acc: 87.5% | Loss_Gen: +0.849 | Retain: 7.0% | Mask_X_Acc: 61.6% | Loss_Gen_adv: +0.065 | Loss_Gen_l1: +0.070 | Loss_Gen_p: +0.749 | W_Distance: +0.026 |
Epoch [890/1000] | Tau: 0.100 | Loss_C: -0.023 | Loss_P: +0.357 | Full_X_Acc: 87.7% | Loss_Gen: +0.839 | Retain: 7.0% | Mask_X_Acc: 62.0% | Loss_Gen_adv: +0.061 | Loss_Gen_l1: +0.070 | Loss_Gen_p: +0.744 | W_Distance: +0.027 |
Epoch [900/1000] | Tau: 0.100 | Loss_C: -0.024 | Loss_P: +0.357 | Full_X_Acc: 87.9% | Loss_Gen: +0.844 | Retain: 7.0% | Mask_X_Acc: 61.1% | Loss_Gen_adv: +0.065 | Loss_Gen_l1: +0.070 | Loss_Gen_p: +0.744 | W_Distance: +0.028 |
Epoch [910/1000] | Tau: 0.100 | Loss_C: -0.023 | Loss_P: +0.359 | Full_X_Acc: 87.9% | Loss_Gen: +0.838 | Retain: 7.0% | Mask_X_Acc: 61.7% | Loss_Gen_adv: +0.064 | Loss_Gen_l1: +0.070 | Loss_Gen_p: +0.740 | W_Distance: +0.027 |
Epoch [920/1000] | Tau: 0.100 | Loss_C: -0.024 | Loss_P: +0.360 | Full_X_Acc: 87.8% | Loss_Gen: +0.842 | Retain: 7.0% | Mask_X_Acc: 61.8% | Loss_Gen_adv: +0.057 | Loss_Gen_l1: +0.070 | Loss_Gen_p: +0.750 | W_Distance: +0.028 |
Epoch [930/1000] | Tau: 0.100 | Loss_C: -0.022 | Loss_P: +0.356 | Full_X_Acc: 87.7% | Loss_Gen: +0.832 | Retain: 7.0% | Mask_X_Acc: 61.6% | Loss_Gen_adv: +0.050 | Loss_Gen_l1: +0.070 | Loss_Gen_p: +0.747 | W_Distance: +0.026 |
Epoch [940/1000] | Tau: 0.100 | Loss_C: -0.024 | Loss_P: +0.358 | Full_X_Acc: 87.8% | Loss_Gen: +0.821 | Retain: 7.0% | Mask_X_Acc: 61.4% | Loss_Gen_adv: +0.048 | Loss_Gen_l1: +0.070 | Loss_Gen_p: +0.738 | W_Distance: +0.027 |
Epoch [950/1000] | Tau: 0.100 | Loss_C: -0.024 | Loss_P: +0.354 | Full_X_Acc: 87.9% | Loss_Gen: +0.826 | Retain: 7.0% | Mask_X_Acc: 62.1% | Loss_Gen_adv: +0.057 | Loss_Gen_l1: +0.070 | Loss_Gen_p: +0.734 | W_Distance: +0.028 |
Epoch [960/1000] | Tau: 0.100 | Loss_C: -0.024 | Loss_P: +0.356 | Full_X_Acc: 88.0% | Loss_Gen: +0.828 | Retain: 7.0% | Mask_X_Acc: 62.4% | Loss_Gen_adv: +0.047 | Loss_Gen_l1: +0.070 | Loss_Gen_p: +0.746 | W_Distance: +0.028 |
Epoch [970/1000] | Tau: 0.100 | Loss_C: -0.024 | Loss_P: +0.354 | Full_X_Acc: 87.9% | Loss_Gen: +0.820 | Retain: 7.0% | Mask_X_Acc: 62.0% | Loss_Gen_adv: +0.046 | Loss_Gen_l1: +0.070 | Loss_Gen_p: +0.739 | W_Distance: +0.028 |
Epoch [980/1000] | Tau: 0.100 | Loss_C: -0.024 | Loss_P: +0.355 | Full_X_Acc: 88.3% | Loss_Gen: +0.820 | Retain: 7.0% | Mask_X_Acc: 61.9% | Loss_Gen_adv: +0.043 | Loss_Gen_l1: +0.070 | Loss_Gen_p: +0.743 | W_Distance: +0.028 |
Epoch [990/1000] | Tau: 0.100 | Loss_C: -0.026 | Loss_P: +0.355 | Full_X_Acc: 88.2% | Loss_Gen: +0.822 | Retain: 7.0% | Mask_X_Acc: 61.5% | Loss_Gen_adv: +0.041 | Loss_Gen_l1: +0.070 | Loss_Gen_p: +0.747 | W_Distance: +0.029 |
Epoch [1000/1000] | Tau: 0.100 | Loss_C: -0.023 | Loss_P: +0.355 | Full_X_Acc: 88.3% | Loss_Gen: +0.828 | Retain: 7.0% | Mask_X_Acc: 61.7% | Loss_Gen_adv: +0.042 | Loss_Gen_l1: +0.070 | Loss_Gen_p: +0.751 | W_Distance: +0.027 |
[Export] 训练历史已保存至 'output/run_20260818_171830/history.npz'

[System] 开始在测试集上进行推理评估...
==================================================
🎯 测试集推理报告 (Shared Architecture)
==================================================
• 测试集准确率:     61.18%
• TPR (召回率):     99.59%
• FDR (误发现率):   42.91%
• 平均保留特征数量: 7.0 / 100
• 整体保留率:       6.98%
--------------------------------------------------
🧩 Top 21 最常被选中的特征
--------------------------------------------------
Top 01: 特征 Index 003 | 被选次数: 3995 次 ( 99.9%) | ★ [真实关联]
Top 02: 特征 Index 010 | 被选次数: 3992 次 ( 99.8%) | ★ [真实关联]
Top 03: 特征 Index 002 | 被选次数: 3988 次 ( 99.7%) | ★ [真实关联]
Top 04: 特征 Index 004 | 被选次数: 3982 次 ( 99.6%) | ★ [真实关联]
Top 05: 特征 Index 000 | 被选次数: 3981 次 ( 99.5%) | ★ [真实关联]
Top 06: 特征 Index 005 | 被选次数: 3978 次 ( 99.4%) | ★ [真实关联]
Top 07: 特征 Index 001 | 被选次数: 3969 次 ( 99.2%) | ★ [真实关联]
Top 08: 特征 Index 058 | 被选次数:    5 次 (  0.1%) |   [纯噪声]
Top 09: 特征 Index 073 | 被选次数:    4 次 (  0.1%) |   [纯噪声]
Top 10: 特征 Index 024 | 被选次数:    4 次 (  0.1%) |   [纯噪声]
Top 11: 特征 Index 015 | 被选次数:    4 次 (  0.1%) |   [纯噪声]
Top 12: 特征 Index 045 | 被选次数:    3 次 (  0.1%) |   [纯噪声]
Top 13: 特征 Index 052 | 被选次数:    3 次 (  0.1%) |   [纯噪声]
Top 14: 特征 Index 021 | 被选次数:    3 次 (  0.1%) |   [纯噪声]
Top 15: 特征 Index 047 | 被选次数:    3 次 (  0.1%) |   [纯噪声]
Top 16: 特征 Index 020 | 被选次数:    2 次 (  0.1%) |   [纯噪声]
Top 17: 特征 Index 078 | 被选次数:    2 次 (  0.1%) |   [纯噪声]
Top 18: 特征 Index 084 | 被选次数:    2 次 (  0.1%) |   [纯噪声]
Top 19: 特征 Index 086 | 被选次数:    2 次 (  0.1%) |   [纯噪声]
Top 20: 特征 Index 087 | 被选次数:    2 次 (  0.1%) |   [纯噪声]
Top 21: 特征 Index 048 | 被选次数:    1 次 (  0.0%) |   [纯噪声]
==================================================
[Export] 测试集数组已保存至 'output/run_20260818_171830/test_arrays.npz'
[Export] 特征索引已保存至 'output/run_20260818_171830/selected_feature_indices.npy'
[Export] 模型权重已保存至 'output/run_20260818_171830/generator_model.pth'

[Visualization] 运行双视角 t-SNE 降维 (样本数: 4000)...
[Visualization] 降维: 原始掩码特征 (Before Ext)...
[Visualization] 降维: 隐空间特征 (After Ext)...
[Visualization] 对比 t-SNE 已保存至: 'output/run_20260818_171830/fig3_tsne_comparison.png'

