[系统] 输出目录：output\run_20260909_170024_969431
[系统] 计算设备：cuda

[训练] 开始训练 ALTAS 模型
C:\Users\caoyi\miniconda3\envs\ml\Lib\site-packages\torch\autograd\graph.py:824: UserWarning: Attempting to run cuBLAS, but there was no current CUDA context! Attempting to set the primary context... (Triggered internally at C:\actions-runner\_work\pytorch\pytorch\pytorch\aten\src\ATen\cuda\CublasHandlePool.cpp:181.)
  return Variable._execution_engine.run_backward(  # Calls into the C++ engine to run the backward pass
Epoch [0010/1000] | Temp: 0.951 | Critic: +0.078 | Predictor: +0.983 | Full acc: 64.3% | Generator: +0.766 | Retain: 48.0% | Masked acc: 57.8% | W-distance: -0.001
Epoch [0020/1000] | Temp: 0.905 | Critic: +0.072 | Predictor: +0.951 | Full acc: 66.1% | Generator: +0.798 | Retain: 44.8% | Masked acc: 58.2% | W-distance: -0.004
Epoch [0030/1000] | Temp: 0.860 | Critic: +0.077 | Predictor: +0.928 | Full acc: 66.0% | Generator: +0.818 | Retain: 40.2% | Masked acc: 58.2% | W-distance: -0.007
Epoch [0040/1000] | Temp: 0.818 | Critic: +0.099 | Predictor: +0.913 | Full acc: 66.9% | Generator: +0.792 | Retain: 34.1% | Masked acc: 59.0% | W-distance: -0.006
Epoch [0050/1000] | Temp: 0.778 | Critic: +0.131 | Predictor: +0.895 | Full acc: 67.1% | Generator: +0.718 | Retain: 27.1% | Masked acc: 59.9% | W-distance: -0.001
Epoch [0060/1000] | Temp: 0.740 | Critic: +0.135 | Predictor: +0.876 | Full acc: 68.4% | Generator: +0.518 | Retain: 20.7% | Masked acc: 60.6% | W-distance: +0.002
Epoch [0070/1000] | Temp: 0.704 | Critic: +0.109 | Predictor: +0.859 | Full acc: 68.8% | Generator: +0.343 | Retain: 15.9% | Masked acc: 62.1% | W-distance: +0.001
Epoch [0080/1000] | Temp: 0.670 | Critic: +0.073 | Predictor: +0.842 | Full acc: 69.8% | Generator: +0.280 | Retain: 12.4% | Masked acc: 63.0% | W-distance: +0.004
Epoch [0090/1000] | Temp: 0.637 | Critic: +0.046 | Predictor: +0.829 | Full acc: 70.6% | Generator: +0.311 | Retain: 10.0% | Masked acc: 63.0% | W-distance: +0.002
Epoch [0100/1000] | Temp: 0.606 | Critic: +0.028 | Predictor: +0.825 | Full acc: 71.2% | Generator: +0.317 | Retain: 8.4% | Masked acc: 63.0% | W-distance: +0.006
Epoch [0110/1000] | Temp: 0.576 | Critic: +0.017 | Predictor: +0.815 | Full acc: 71.6% | Generator: +0.343 | Retain: 7.4% | Masked acc: 63.1% | W-distance: +0.007
Epoch [0120/1000] | Temp: 0.548 | Critic: +0.016 | Predictor: +0.807 | Full acc: 72.8% | Generator: +0.324 | Retain: 6.7% | Masked acc: 62.8% | W-distance: +0.008
Epoch [0130/1000] | Temp: 0.521 | Critic: +0.013 | Predictor: +0.797 | Full acc: 72.9% | Generator: +0.308 | Retain: 6.3% | Masked acc: 62.7% | W-distance: +0.009
Epoch [0140/1000] | Temp: 0.496 | Critic: +0.010 | Predictor: +0.796 | Full acc: 73.3% | Generator: +0.302 | Retain: 6.0% | Masked acc: 63.5% | W-distance: +0.011
Epoch [0150/1000] | Temp: 0.471 | Critic: +0.004 | Predictor: +0.789 | Full acc: 74.0% | Generator: +0.298 | Retain: 5.8% | Masked acc: 62.8% | W-distance: +0.013
Epoch [0160/1000] | Temp: 0.448 | Critic: +0.003 | Predictor: +0.783 | Full acc: 73.9% | Generator: +0.288 | Retain: 5.6% | Masked acc: 62.7% | W-distance: +0.011
Epoch [0170/1000] | Temp: 0.427 | Critic: -0.001 | Predictor: +0.779 | Full acc: 74.7% | Generator: +0.273 | Retain: 5.5% | Masked acc: 62.4% | W-distance: +0.014
Epoch [0180/1000] | Temp: 0.406 | Critic: -0.004 | Predictor: +0.774 | Full acc: 75.0% | Generator: +0.262 | Retain: 5.5% | Masked acc: 62.9% | W-distance: +0.016
Epoch [0190/1000] | Temp: 0.386 | Critic: -0.004 | Predictor: +0.767 | Full acc: 75.6% | Generator: +0.244 | Retain: 5.4% | Masked acc: 62.9% | W-distance: +0.014
Epoch [0200/1000] | Temp: 0.367 | Critic: -0.007 | Predictor: +0.769 | Full acc: 75.7% | Generator: +0.236 | Retain: 5.4% | Masked acc: 62.6% | W-distance: +0.016
Epoch [0210/1000] | Temp: 0.349 | Critic: -0.009 | Predictor: +0.765 | Full acc: 76.2% | Generator: +0.237 | Retain: 5.5% | Masked acc: 62.7% | W-distance: +0.017
Epoch [0220/1000] | Temp: 0.332 | Critic: -0.008 | Predictor: +0.760 | Full acc: 76.8% | Generator: +0.236 | Retain: 5.4% | Masked acc: 63.6% | W-distance: +0.016
Epoch [0230/1000] | Temp: 0.316 | Critic: -0.012 | Predictor: +0.759 | Full acc: 76.6% | Generator: +0.229 | Retain: 5.4% | Masked acc: 62.5% | W-distance: +0.020
Epoch [0240/1000] | Temp: 0.300 | Critic: -0.012 | Predictor: +0.751 | Full acc: 77.5% | Generator: +0.225 | Retain: 5.4% | Masked acc: 62.5% | W-distance: +0.019
Epoch [0250/1000] | Temp: 0.286 | Critic: -0.011 | Predictor: +0.752 | Full acc: 77.7% | Generator: +0.234 | Retain: 5.4% | Masked acc: 62.6% | W-distance: +0.019
Epoch [0260/1000] | Temp: 0.272 | Critic: -0.015 | Predictor: +0.748 | Full acc: 77.8% | Generator: +0.253 | Retain: 5.4% | Masked acc: 62.7% | W-distance: +0.022
Epoch [0270/1000] | Temp: 0.258 | Critic: -0.013 | Predictor: +0.744 | Full acc: 78.3% | Generator: +0.260 | Retain: 5.4% | Masked acc: 62.5% | W-distance: +0.020
Epoch [0280/1000] | Temp: 0.246 | Critic: -0.015 | Predictor: +0.745 | Full acc: 78.2% | Generator: +0.249 | Retain: 5.3% | Masked acc: 62.5% | W-distance: +0.022
Epoch [0290/1000] | Temp: 0.234 | Critic: -0.016 | Predictor: +0.743 | Full acc: 78.8% | Generator: +0.252 | Retain: 5.3% | Masked acc: 63.1% | W-distance: +0.022
Epoch [0300/1000] | Temp: 0.222 | Critic: -0.018 | Predictor: +0.740 | Full acc: 78.8% | Generator: +0.261 | Retain: 5.3% | Masked acc: 62.3% | W-distance: +0.024
Epoch [0310/1000] | Temp: 0.211 | Critic: -0.017 | Predictor: +0.741 | Full acc: 79.0% | Generator: +0.271 | Retain: 5.3% | Masked acc: 63.4% | W-distance: +0.023
Epoch [0320/1000] | Temp: 0.201 | Critic: -0.018 | Predictor: +0.733 | Full acc: 79.3% | Generator: +0.276 | Retain: 5.3% | Masked acc: 62.8% | W-distance: +0.024
Epoch [0330/1000] | Temp: 0.191 | Critic: -0.017 | Predictor: +0.734 | Full acc: 79.4% | Generator: +0.269 | Retain: 5.3% | Masked acc: 63.0% | W-distance: +0.023
Epoch [0340/1000] | Temp: 0.182 | Critic: -0.019 | Predictor: +0.731 | Full acc: 79.8% | Generator: +0.255 | Retain: 5.2% | Masked acc: 62.9% | W-distance: +0.024
Epoch [0350/1000] | Temp: 0.173 | Critic: -0.018 | Predictor: +0.731 | Full acc: 79.5% | Generator: +0.279 | Retain: 5.2% | Masked acc: 62.7% | W-distance: +0.024
Epoch [0360/1000] | Temp: 0.165 | Critic: -0.021 | Predictor: +0.729 | Full acc: 79.8% | Generator: +0.273 | Retain: 5.2% | Masked acc: 62.5% | W-distance: +0.026
Epoch [0370/1000] | Temp: 0.157 | Critic: -0.019 | Predictor: +0.728 | Full acc: 80.3% | Generator: +0.283 | Retain: 5.2% | Masked acc: 63.3% | W-distance: +0.025
Epoch [0380/1000] | Temp: 0.149 | Critic: -0.019 | Predictor: +0.725 | Full acc: 80.2% | Generator: +0.276 | Retain: 5.2% | Masked acc: 62.7% | W-distance: +0.025
Epoch [0390/1000] | Temp: 0.142 | Critic: -0.024 | Predictor: +0.726 | Full acc: 80.3% | Generator: +0.253 | Retain: 5.2% | Masked acc: 62.6% | W-distance: +0.028
Epoch [0400/1000] | Temp: 0.135 | Critic: -0.022 | Predictor: +0.724 | Full acc: 80.4% | Generator: +0.256 | Retain: 5.2% | Masked acc: 62.5% | W-distance: +0.027
Epoch [0410/1000] | Temp: 0.128 | Critic: -0.023 | Predictor: +0.723 | Full acc: 80.6% | Generator: +0.266 | Retain: 5.2% | Masked acc: 62.8% | W-distance: +0.028
Epoch [0420/1000] | Temp: 0.122 | Critic: -0.022 | Predictor: +0.722 | Full acc: 81.0% | Generator: +0.279 | Retain: 5.2% | Masked acc: 62.9% | W-distance: +0.026
Epoch [0430/1000] | Temp: 0.116 | Critic: -0.023 | Predictor: +0.720 | Full acc: 81.0% | Generator: +0.282 | Retain: 5.2% | Masked acc: 62.7% | W-distance: +0.027
Epoch [0440/1000] | Temp: 0.110 | Critic: -0.022 | Predictor: +0.724 | Full acc: 80.7% | Generator: +0.293 | Retain: 5.1% | Masked acc: 63.0% | W-distance: +0.026
Epoch [0450/1000] | Temp: 0.105 | Critic: -0.024 | Predictor: +0.717 | Full acc: 81.0% | Generator: +0.310 | Retain: 5.1% | Masked acc: 63.1% | W-distance: +0.028
Epoch [0460/1000] | Temp: 0.100 | Critic: -0.025 | Predictor: +0.721 | Full acc: 81.5% | Generator: +0.323 | Retain: 5.1% | Masked acc: 62.9% | W-distance: +0.029
Epoch [0470/1000] | Temp: 0.100 | Critic: -0.024 | Predictor: +0.718 | Full acc: 81.3% | Generator: +0.336 | Retain: 5.1% | Masked acc: 62.5% | W-distance: +0.028
Epoch [0480/1000] | Temp: 0.100 | Critic: -0.025 | Predictor: +0.720 | Full acc: 81.5% | Generator: +0.330 | Retain: 5.1% | Masked acc: 62.3% | W-distance: +0.028
Epoch [0490/1000] | Temp: 0.100 | Critic: -0.026 | Predictor: +0.715 | Full acc: 81.3% | Generator: +0.344 | Retain: 5.1% | Masked acc: 62.4% | W-distance: +0.030
Epoch [0500/1000] | Temp: 0.100 | Critic: -0.026 | Predictor: +0.713 | Full acc: 81.3% | Generator: +0.364 | Retain: 5.1% | Masked acc: 63.0% | W-distance: +0.030
Epoch [0510/1000] | Temp: 0.100 | Critic: -0.027 | Predictor: +0.714 | Full acc: 81.3% | Generator: +0.357 | Retain: 5.1% | Masked acc: 62.7% | W-distance: +0.031
Epoch [0520/1000] | Temp: 0.100 | Critic: -0.027 | Predictor: +0.717 | Full acc: 81.9% | Generator: +0.371 | Retain: 5.1% | Masked acc: 62.9% | W-distance: +0.030
Epoch [0530/1000] | Temp: 0.100 | Critic: -0.029 | Predictor: +0.716 | Full acc: 81.7% | Generator: +0.384 | Retain: 5.1% | Masked acc: 62.9% | W-distance: +0.033
Epoch [0540/1000] | Temp: 0.100 | Critic: -0.025 | Predictor: +0.714 | Full acc: 82.3% | Generator: +0.386 | Retain: 5.1% | Masked acc: 63.3% | W-distance: +0.029
Epoch [0550/1000] | Temp: 0.100 | Critic: -0.028 | Predictor: +0.710 | Full acc: 82.0% | Generator: +0.402 | Retain: 5.1% | Masked acc: 62.7% | W-distance: +0.032
Epoch [0560/1000] | Temp: 0.100 | Critic: -0.028 | Predictor: +0.716 | Full acc: 82.1% | Generator: +0.409 | Retain: 5.1% | Masked acc: 63.4% | W-distance: +0.031
Epoch [0570/1000] | Temp: 0.100 | Critic: -0.028 | Predictor: +0.711 | Full acc: 82.1% | Generator: +0.426 | Retain: 5.1% | Masked acc: 63.2% | W-distance: +0.031
Epoch [0580/1000] | Temp: 0.100 | Critic: -0.028 | Predictor: +0.713 | Full acc: 82.4% | Generator: +0.414 | Retain: 5.1% | Masked acc: 62.3% | W-distance: +0.031
Epoch [0590/1000] | Temp: 0.100 | Critic: -0.029 | Predictor: +0.707 | Full acc: 82.1% | Generator: +0.416 | Retain: 5.1% | Masked acc: 63.0% | W-distance: +0.032
Epoch [0600/1000] | Temp: 0.100 | Critic: -0.029 | Predictor: +0.711 | Full acc: 82.5% | Generator: +0.424 | Retain: 5.1% | Masked acc: 62.5% | W-distance: +0.032
Epoch [0610/1000] | Temp: 0.100 | Critic: -0.027 | Predictor: +0.705 | Full acc: 82.4% | Generator: +0.434 | Retain: 5.1% | Masked acc: 63.1% | W-distance: +0.030
Epoch [0620/1000] | Temp: 0.100 | Critic: -0.030 | Predictor: +0.706 | Full acc: 83.0% | Generator: +0.447 | Retain: 5.1% | Masked acc: 63.2% | W-distance: +0.033
Epoch [0630/1000] | Temp: 0.100 | Critic: -0.028 | Predictor: +0.709 | Full acc: 82.6% | Generator: +0.441 | Retain: 5.1% | Masked acc: 62.7% | W-distance: +0.031
Epoch [0640/1000] | Temp: 0.100 | Critic: -0.030 | Predictor: +0.707 | Full acc: 82.7% | Generator: +0.465 | Retain: 5.1% | Masked acc: 62.6% | W-distance: +0.033
Epoch [0650/1000] | Temp: 0.100 | Critic: -0.029 | Predictor: +0.707 | Full acc: 82.9% | Generator: +0.473 | Retain: 5.1% | Masked acc: 63.1% | W-distance: +0.032
Epoch [0660/1000] | Temp: 0.100 | Critic: -0.029 | Predictor: +0.704 | Full acc: 82.9% | Generator: +0.481 | Retain: 5.1% | Masked acc: 62.7% | W-distance: +0.032
Epoch [0670/1000] | Temp: 0.100 | Critic: -0.031 | Predictor: +0.706 | Full acc: 82.8% | Generator: +0.475 | Retain: 5.1% | Masked acc: 62.8% | W-distance: +0.034
Epoch [0680/1000] | Temp: 0.100 | Critic: -0.030 | Predictor: +0.702 | Full acc: 82.7% | Generator: +0.490 | Retain: 5.1% | Masked acc: 62.5% | W-distance: +0.033
Epoch [0690/1000] | Temp: 0.100 | Critic: -0.031 | Predictor: +0.703 | Full acc: 83.2% | Generator: +0.486 | Retain: 5.0% | Masked acc: 62.8% | W-distance: +0.034
Epoch [0700/1000] | Temp: 0.100 | Critic: -0.030 | Predictor: +0.704 | Full acc: 83.4% | Generator: +0.495 | Retain: 5.0% | Masked acc: 63.0% | W-distance: +0.033
Epoch [0710/1000] | Temp: 0.100 | Critic: -0.030 | Predictor: +0.702 | Full acc: 83.3% | Generator: +0.505 | Retain: 5.0% | Masked acc: 63.0% | W-distance: +0.033
Epoch [0720/1000] | Temp: 0.100 | Critic: -0.030 | Predictor: +0.703 | Full acc: 83.4% | Generator: +0.514 | Retain: 5.0% | Masked acc: 63.6% | W-distance: +0.033
Epoch [0730/1000] | Temp: 0.100 | Critic: -0.030 | Predictor: +0.703 | Full acc: 83.4% | Generator: +0.522 | Retain: 5.0% | Masked acc: 62.8% | W-distance: +0.033
Epoch [0740/1000] | Temp: 0.100 | Critic: -0.031 | Predictor: +0.700 | Full acc: 83.5% | Generator: +0.533 | Retain: 5.0% | Masked acc: 62.9% | W-distance: +0.034
Epoch [0750/1000] | Temp: 0.100 | Critic: -0.032 | Predictor: +0.702 | Full acc: 83.4% | Generator: +0.539 | Retain: 5.0% | Masked acc: 63.1% | W-distance: +0.034
Epoch [0760/1000] | Temp: 0.100 | Critic: -0.030 | Predictor: +0.699 | Full acc: 83.6% | Generator: +0.534 | Retain: 5.0% | Masked acc: 62.7% | W-distance: +0.033
Epoch [0770/1000] | Temp: 0.100 | Critic: -0.030 | Predictor: +0.701 | Full acc: 83.4% | Generator: +0.545 | Retain: 5.0% | Masked acc: 62.6% | W-distance: +0.033
Epoch [0780/1000] | Temp: 0.100 | Critic: -0.031 | Predictor: +0.699 | Full acc: 83.8% | Generator: +0.537 | Retain: 5.0% | Masked acc: 62.6% | W-distance: +0.034
Epoch [0790/1000] | Temp: 0.100 | Critic: -0.031 | Predictor: +0.699 | Full acc: 83.6% | Generator: +0.556 | Retain: 5.0% | Masked acc: 62.6% | W-distance: +0.034
Epoch [0800/1000] | Temp: 0.100 | Critic: -0.031 | Predictor: +0.699 | Full acc: 83.2% | Generator: +0.553 | Retain: 5.0% | Masked acc: 63.1% | W-distance: +0.034
Epoch [0810/1000] | Temp: 0.100 | Critic: -0.029 | Predictor: +0.697 | Full acc: 83.7% | Generator: +0.561 | Retain: 5.0% | Masked acc: 62.7% | W-distance: +0.032
Epoch [0820/1000] | Temp: 0.100 | Critic: -0.030 | Predictor: +0.688 | Full acc: 83.7% | Generator: +0.570 | Retain: 5.0% | Masked acc: 63.2% | W-distance: +0.033
Epoch [0830/1000] | Temp: 0.100 | Critic: -0.033 | Predictor: +0.700 | Full acc: 83.8% | Generator: +0.574 | Retain: 5.0% | Masked acc: 62.6% | W-distance: +0.036
Epoch [0840/1000] | Temp: 0.100 | Critic: -0.034 | Predictor: +0.700 | Full acc: 84.0% | Generator: +0.579 | Retain: 5.0% | Masked acc: 62.9% | W-distance: +0.036
Epoch [0850/1000] | Temp: 0.100 | Critic: -0.032 | Predictor: +0.700 | Full acc: 84.0% | Generator: +0.581 | Retain: 5.0% | Masked acc: 62.9% | W-distance: +0.035
Epoch [0860/1000] | Temp: 0.100 | Critic: -0.031 | Predictor: +0.693 | Full acc: 84.2% | Generator: +0.596 | Retain: 5.0% | Masked acc: 63.2% | W-distance: +0.034
Epoch [0870/1000] | Temp: 0.100 | Critic: -0.030 | Predictor: +0.700 | Full acc: 84.2% | Generator: +0.594 | Retain: 5.0% | Masked acc: 63.2% | W-distance: +0.033
Epoch [0880/1000] | Temp: 0.100 | Critic: -0.032 | Predictor: +0.696 | Full acc: 84.1% | Generator: +0.600 | Retain: 5.0% | Masked acc: 63.1% | W-distance: +0.035
Epoch [0890/1000] | Temp: 0.100 | Critic: -0.031 | Predictor: +0.696 | Full acc: 84.4% | Generator: +0.617 | Retain: 5.0% | Masked acc: 62.9% | W-distance: +0.034
Epoch [0900/1000] | Temp: 0.100 | Critic: -0.032 | Predictor: +0.691 | Full acc: 84.1% | Generator: +0.607 | Retain: 5.0% | Masked acc: 62.8% | W-distance: +0.035
Epoch [0910/1000] | Temp: 0.100 | Critic: -0.032 | Predictor: +0.691 | Full acc: 84.3% | Generator: +0.617 | Retain: 5.0% | Masked acc: 62.9% | W-distance: +0.035
Epoch [0920/1000] | Temp: 0.100 | Critic: -0.031 | Predictor: +0.694 | Full acc: 84.3% | Generator: +0.630 | Retain: 5.0% | Masked acc: 62.3% | W-distance: +0.034
Epoch [0930/1000] | Temp: 0.100 | Critic: -0.033 | Predictor: +0.690 | Full acc: 84.4% | Generator: +0.633 | Retain: 5.0% | Masked acc: 63.0% | W-distance: +0.036
Epoch [0940/1000] | Temp: 0.100 | Critic: -0.031 | Predictor: +0.688 | Full acc: 84.2% | Generator: +0.633 | Retain: 5.0% | Masked acc: 63.2% | W-distance: +0.034
Epoch [0950/1000] | Temp: 0.100 | Critic: -0.032 | Predictor: +0.691 | Full acc: 84.3% | Generator: +0.645 | Retain: 5.0% | Masked acc: 63.2% | W-distance: +0.034
Epoch [0960/1000] | Temp: 0.100 | Critic: -0.032 | Predictor: +0.688 | Full acc: 84.6% | Generator: +0.646 | Retain: 5.0% | Masked acc: 63.1% | W-distance: +0.035
Epoch [0970/1000] | Temp: 0.100 | Critic: -0.032 | Predictor: +0.688 | Full acc: 84.6% | Generator: +0.654 | Retain: 5.0% | Masked acc: 63.2% | W-distance: +0.035
Epoch [0980/1000] | Temp: 0.100 | Critic: -0.033 | Predictor: +0.691 | Full acc: 84.7% | Generator: +0.664 | Retain: 5.0% | Masked acc: 62.6% | W-distance: +0.036
Epoch [0990/1000] | Temp: 0.100 | Critic: -0.031 | Predictor: +0.689 | Full acc: 84.6% | Generator: +0.658 | Retain: 5.0% | Masked acc: 62.7% | W-distance: +0.034
Epoch [1000/1000] | Temp: 0.100 | Critic: -0.033 | Predictor: +0.687 | Full acc: 84.9% | Generator: +0.664 | Retain: 5.0% | Masked acc: 62.6% | W-distance: +0.036
[导出] 训练结果已保存至 output\run_20260909_170024_969431

[评估] 开始测试集推理
================================================================
测试集评估与特征选择报告
================================================================
分类准确率：        62.08%
真正率（TPR）：     66.62%
错误发现率（FDR）： 40.18%
平均保留特征数：    5.0 / 100
----------------------------------------------------------------
选择频率最高的 18 个特征
----------------------------------------------------------------
Top 01: feature_006 | 选择 3999 次 (100.0%) | 真实相关
Top 02: feature_010 | 选择 3999 次 (100.0%) | 真实相关
Top 03: feature_008 | 选择 3999 次 (100.0%) | 真实相关
Top 04: feature_009 | 选择 3999 次 (100.0%) | 真实相关
Top 05: feature_007 | 选择 3995 次 ( 99.9%) | 真实相关
Top 06: feature_078 | 选择    6 次 (  0.2%) | 噪声特征
Top 07: feature_039 | 选择    6 次 (  0.2%) | 噪声特征
Top 08: feature_028 | 选择    5 次 (  0.1%) | 噪声特征
Top 09: feature_001 | 选择    5 次 (  0.1%) | 真实相关
Top 10: feature_085 | 选择    5 次 (  0.1%) | 噪声特征
Top 11: feature_000 | 选择    3 次 (  0.1%) | 真实相关
Top 12: feature_005 | 选择    3 次 (  0.1%) | 噪声特征
Top 13: feature_060 | 选择    2 次 (  0.1%) | 噪声特征
Top 14: feature_045 | 选择    2 次 (  0.1%) | 噪声特征
Top 15: feature_086 | 选择    2 次 (  0.1%) | 噪声特征
Top 16: feature_004 | 选择    2 次 (  0.1%) | 噪声特征
Top 17: feature_073 | 选择    2 次 (  0.1%) | 噪声特征
Top 18: feature_071 | 选择    1 次 (  0.0%) | 噪声特征
================================================================
[导出] 评估结果和模型权重已保存至 output\run_20260909_170024_969431
