[System] Run dir: output/run_20260818_181137
[System] 正在使用 cuda 进行计算...

[System] 开始训练多任务共享特征架构...
Epoch [010/1000] | Tau: 0.951 | Loss_C: +0.097 | Loss_P: +0.488 | Full_X_Acc: 64.8% | Loss_Gen: +0.735 | Retain: 47.1% | Mask_X_Acc: 56.8% | Loss_Gen_adv: -0.186 | Loss_Gen_l1: +0.471 | Loss_Gen_p: +0.685 | W_Distance: -0.002 |
Epoch [020/1000] | Tau: 0.905 | Loss_C: +0.075 | Loss_P: +0.476 | Full_X_Acc: 67.0% | Loss_Gen: +0.678 | Retain: 42.9% | Mask_X_Acc: 57.9% | Loss_Gen_adv: -0.224 | Loss_Gen_l1: +0.429 | Loss_Gen_p: +0.687 | W_Distance: -0.001 |
Epoch [030/1000] | Tau: 0.860 | Loss_C: +0.078 | Loss_P: +0.465 | Full_X_Acc: 68.4% | Loss_Gen: +0.619 | Retain: 36.6% | Mask_X_Acc: 58.3% | Loss_Gen_adv: -0.254 | Loss_Gen_l1: +0.366 | Loss_Gen_p: +0.690 | W_Distance: -0.005 |
Epoch [040/1000] | Tau: 0.818 | Loss_C: +0.089 | Loss_P: +0.459 | Full_X_Acc: 69.1% | Loss_Gen: +0.535 | Retain: 28.5% | Mask_X_Acc: 58.6% | Loss_Gen_adv: -0.297 | Loss_Gen_l1: +0.285 | Loss_Gen_p: +0.689 | W_Distance: -0.005 |
Epoch [050/1000] | Tau: 0.778 | Loss_C: +0.082 | Loss_P: +0.453 | Full_X_Acc: 69.9% | Loss_Gen: +0.434 | Retain: 20.0% | Mask_X_Acc: 60.8% | Loss_Gen_adv: -0.347 | Loss_Gen_l1: +0.200 | Loss_Gen_p: +0.681 | W_Distance: -0.003 |
Epoch [060/1000] | Tau: 0.740 | Loss_C: +0.068 | Loss_P: +0.443 | Full_X_Acc: 70.4% | Loss_Gen: +0.311 | Retain: 13.1% | Mask_X_Acc: 61.8% | Loss_Gen_adv: -0.417 | Loss_Gen_l1: +0.131 | Loss_Gen_p: +0.663 | W_Distance: +0.000 |
Epoch [070/1000] | Tau: 0.704 | Loss_C: +0.043 | Loss_P: +0.433 | Full_X_Acc: 71.2% | Loss_Gen: +0.192 | Retain: 8.7% | Mask_X_Acc: 63.2% | Loss_Gen_adv: -0.497 | Loss_Gen_l1: +0.087 | Loss_Gen_p: +0.646 | W_Distance: +0.003 |
Epoch [080/1000] | Tau: 0.670 | Loss_C: +0.020 | Loss_P: +0.423 | Full_X_Acc: 71.9% | Loss_Gen: +0.050 | Retain: 6.4% | Mask_X_Acc: 63.8% | Loss_Gen_adv: -0.609 | Loss_Gen_l1: +0.064 | Loss_Gen_p: +0.628 | W_Distance: +0.005 |
Epoch [090/1000] | Tau: 0.637 | Loss_C: +0.006 | Loss_P: +0.416 | Full_X_Acc: 72.8% | Loss_Gen: -0.072 | Retain: 5.2% | Mask_X_Acc: 64.6% | Loss_Gen_adv: -0.721 | Loss_Gen_l1: +0.052 | Loss_Gen_p: +0.623 | W_Distance: +0.007 |
Epoch [100/1000] | Tau: 0.606 | Loss_C: +0.000 | Loss_P: +0.409 | Full_X_Acc: 73.2% | Loss_Gen: -0.167 | Retain: 4.7% | Mask_X_Acc: 64.6% | Loss_Gen_adv: -0.808 | Loss_Gen_l1: +0.047 | Loss_Gen_p: +0.617 | W_Distance: +0.008 |
Epoch [110/1000] | Tau: 0.576 | Loss_C: -0.003 | Loss_P: +0.405 | Full_X_Acc: 74.1% | Loss_Gen: -0.216 | Retain: 4.4% | Mask_X_Acc: 65.3% | Loss_Gen_adv: -0.857 | Loss_Gen_l1: +0.044 | Loss_Gen_p: +0.619 | W_Distance: +0.010 |
Epoch [120/1000] | Tau: 0.548 | Loss_C: -0.006 | Loss_P: +0.402 | Full_X_Acc: 74.7% | Loss_Gen: -0.251 | Retain: 4.3% | Mask_X_Acc: 64.6% | Loss_Gen_adv: -0.900 | Loss_Gen_l1: +0.043 | Loss_Gen_p: +0.628 | W_Distance: +0.012 |
Epoch [130/1000] | Tau: 0.521 | Loss_C: -0.008 | Loss_P: +0.399 | Full_X_Acc: 75.2% | Loss_Gen: -0.282 | Retain: 4.2% | Mask_X_Acc: 64.2% | Loss_Gen_adv: -0.931 | Loss_Gen_l1: +0.042 | Loss_Gen_p: +0.628 | W_Distance: +0.014 |
Epoch [140/1000] | Tau: 0.496 | Loss_C: -0.009 | Loss_P: +0.393 | Full_X_Acc: 75.9% | Loss_Gen: -0.296 | Retain: 4.1% | Mask_X_Acc: 64.8% | Loss_Gen_adv: -0.951 | Loss_Gen_l1: +0.041 | Loss_Gen_p: +0.634 | W_Distance: +0.014 |
Epoch [150/1000] | Tau: 0.471 | Loss_C: -0.012 | Loss_P: +0.389 | Full_X_Acc: 76.5% | Loss_Gen: -0.303 | Retain: 4.1% | Mask_X_Acc: 64.1% | Loss_Gen_adv: -0.955 | Loss_Gen_l1: +0.041 | Loss_Gen_p: +0.631 | W_Distance: +0.017 |
Epoch [160/1000] | Tau: 0.448 | Loss_C: -0.012 | Loss_P: +0.389 | Full_X_Acc: 76.6% | Loss_Gen: -0.306 | Retain: 4.1% | Mask_X_Acc: 64.8% | Loss_Gen_adv: -0.967 | Loss_Gen_l1: +0.041 | Loss_Gen_p: +0.641 | W_Distance: +0.016 |
Epoch [170/1000] | Tau: 0.427 | Loss_C: -0.013 | Loss_P: +0.387 | Full_X_Acc: 77.2% | Loss_Gen: -0.304 | Retain: 4.1% | Mask_X_Acc: 64.1% | Loss_Gen_adv: -0.969 | Loss_Gen_l1: +0.041 | Loss_Gen_p: +0.645 | W_Distance: +0.018 |
Epoch [180/1000] | Tau: 0.406 | Loss_C: -0.013 | Loss_P: +0.383 | Full_X_Acc: 78.1% | Loss_Gen: -0.316 | Retain: 4.1% | Mask_X_Acc: 64.7% | Loss_Gen_adv: -0.981 | Loss_Gen_l1: +0.041 | Loss_Gen_p: +0.645 | W_Distance: +0.018 |
Epoch [190/1000] | Tau: 0.386 | Loss_C: -0.015 | Loss_P: +0.384 | Full_X_Acc: 78.0% | Loss_Gen: -0.312 | Retain: 4.1% | Mask_X_Acc: 64.2% | Loss_Gen_adv: -0.979 | Loss_Gen_l1: +0.041 | Loss_Gen_p: +0.647 | W_Distance: +0.019 |
Epoch [200/1000] | Tau: 0.367 | Loss_C: -0.016 | Loss_P: +0.379 | Full_X_Acc: 78.5% | Loss_Gen: -0.318 | Retain: 4.1% | Mask_X_Acc: 64.6% | Loss_Gen_adv: -0.986 | Loss_Gen_l1: +0.041 | Loss_Gen_p: +0.647 | W_Distance: +0.020 |
Epoch [210/1000] | Tau: 0.349 | Loss_C: -0.018 | Loss_P: +0.378 | Full_X_Acc: 78.6% | Loss_Gen: -0.312 | Retain: 4.0% | Mask_X_Acc: 64.2% | Loss_Gen_adv: -0.992 | Loss_Gen_l1: +0.040 | Loss_Gen_p: +0.660 | W_Distance: +0.023 |
Epoch [220/1000] | Tau: 0.332 | Loss_C: -0.015 | Loss_P: +0.376 | Full_X_Acc: 79.2% | Loss_Gen: -0.303 | Retain: 4.0% | Mask_X_Acc: 63.8% | Loss_Gen_adv: -0.982 | Loss_Gen_l1: +0.040 | Loss_Gen_p: +0.658 | W_Distance: +0.020 |
Epoch [230/1000] | Tau: 0.316 | Loss_C: -0.018 | Loss_P: +0.376 | Full_X_Acc: 79.3% | Loss_Gen: -0.310 | Retain: 4.0% | Mask_X_Acc: 64.7% | Loss_Gen_adv: -0.982 | Loss_Gen_l1: +0.040 | Loss_Gen_p: +0.652 | W_Distance: +0.022 |
Epoch [240/1000] | Tau: 0.300 | Loss_C: -0.016 | Loss_P: +0.374 | Full_X_Acc: 79.3% | Loss_Gen: -0.286 | Retain: 4.0% | Mask_X_Acc: 64.2% | Loss_Gen_adv: -0.976 | Loss_Gen_l1: +0.040 | Loss_Gen_p: +0.670 | W_Distance: +0.019 |
Epoch [250/1000] | Tau: 0.286 | Loss_C: -0.019 | Loss_P: +0.372 | Full_X_Acc: 79.9% | Loss_Gen: -0.302 | Retain: 4.0% | Mask_X_Acc: 63.8% | Loss_Gen_adv: -0.978 | Loss_Gen_l1: +0.040 | Loss_Gen_p: +0.656 | W_Distance: +0.023 |
Epoch [260/1000] | Tau: 0.272 | Loss_C: -0.020 | Loss_P: +0.372 | Full_X_Acc: 80.0% | Loss_Gen: -0.280 | Retain: 4.0% | Mask_X_Acc: 64.0% | Loss_Gen_adv: -0.971 | Loss_Gen_l1: +0.040 | Loss_Gen_p: +0.670 | W_Distance: +0.024 |
Epoch [270/1000] | Tau: 0.258 | Loss_C: -0.020 | Loss_P: +0.371 | Full_X_Acc: 80.1% | Loss_Gen: -0.282 | Retain: 4.0% | Mask_X_Acc: 63.7% | Loss_Gen_adv: -0.968 | Loss_Gen_l1: +0.040 | Loss_Gen_p: +0.667 | W_Distance: +0.024 |
Epoch [280/1000] | Tau: 0.246 | Loss_C: -0.020 | Loss_P: +0.368 | Full_X_Acc: 80.6% | Loss_Gen: -0.269 | Retain: 4.0% | Mask_X_Acc: 64.0% | Loss_Gen_adv: -0.960 | Loss_Gen_l1: +0.040 | Loss_Gen_p: +0.671 | W_Distance: +0.024 |
Epoch [290/1000] | Tau: 0.234 | Loss_C: -0.020 | Loss_P: +0.369 | Full_X_Acc: 80.5% | Loss_Gen: -0.277 | Retain: 4.0% | Mask_X_Acc: 64.1% | Loss_Gen_adv: -0.960 | Loss_Gen_l1: +0.040 | Loss_Gen_p: +0.663 | W_Distance: +0.024 |
Epoch [300/1000] | Tau: 0.222 | Loss_C: -0.022 | Loss_P: +0.367 | Full_X_Acc: 80.9% | Loss_Gen: -0.258 | Retain: 4.0% | Mask_X_Acc: 63.8% | Loss_Gen_adv: -0.949 | Loss_Gen_l1: +0.040 | Loss_Gen_p: +0.671 | W_Distance: +0.026 |
Epoch [310/1000] | Tau: 0.211 | Loss_C: -0.022 | Loss_P: +0.366 | Full_X_Acc: 81.0% | Loss_Gen: -0.270 | Retain: 4.0% | Mask_X_Acc: 64.1% | Loss_Gen_adv: -0.959 | Loss_Gen_l1: +0.040 | Loss_Gen_p: +0.668 | W_Distance: +0.025 |
Epoch [320/1000] | Tau: 0.201 | Loss_C: -0.022 | Loss_P: +0.365 | Full_X_Acc: 81.7% | Loss_Gen: -0.259 | Retain: 4.0% | Mask_X_Acc: 63.9% | Loss_Gen_adv: -0.958 | Loss_Gen_l1: +0.040 | Loss_Gen_p: +0.679 | W_Distance: +0.025 |
Epoch [330/1000] | Tau: 0.191 | Loss_C: -0.022 | Loss_P: +0.366 | Full_X_Acc: 81.7% | Loss_Gen: -0.264 | Retain: 4.0% | Mask_X_Acc: 63.9% | Loss_Gen_adv: -0.953 | Loss_Gen_l1: +0.040 | Loss_Gen_p: +0.669 | W_Distance: +0.026 |
Epoch [340/1000] | Tau: 0.182 | Loss_C: -0.023 | Loss_P: +0.362 | Full_X_Acc: 81.8% | Loss_Gen: -0.253 | Retain: 4.0% | Mask_X_Acc: 63.5% | Loss_Gen_adv: -0.952 | Loss_Gen_l1: +0.040 | Loss_Gen_p: +0.679 | W_Distance: +0.026 |
Epoch [350/1000] | Tau: 0.173 | Loss_C: -0.023 | Loss_P: +0.364 | Full_X_Acc: 81.7% | Loss_Gen: -0.247 | Retain: 4.0% | Mask_X_Acc: 63.6% | Loss_Gen_adv: -0.949 | Loss_Gen_l1: +0.040 | Loss_Gen_p: +0.681 | W_Distance: +0.026 |
Epoch [360/1000] | Tau: 0.165 | Loss_C: -0.022 | Loss_P: +0.362 | Full_X_Acc: 82.2% | Loss_Gen: -0.234 | Retain: 4.0% | Mask_X_Acc: 64.2% | Loss_Gen_adv: -0.938 | Loss_Gen_l1: +0.040 | Loss_Gen_p: +0.684 | W_Distance: +0.026 |
Epoch [370/1000] | Tau: 0.157 | Loss_C: -0.022 | Loss_P: +0.361 | Full_X_Acc: 82.3% | Loss_Gen: -0.230 | Retain: 4.0% | Mask_X_Acc: 63.9% | Loss_Gen_adv: -0.938 | Loss_Gen_l1: +0.040 | Loss_Gen_p: +0.688 | W_Distance: +0.025 |
Epoch [380/1000] | Tau: 0.149 | Loss_C: -0.023 | Loss_P: +0.359 | Full_X_Acc: 82.2% | Loss_Gen: -0.211 | Retain: 4.0% | Mask_X_Acc: 63.6% | Loss_Gen_adv: -0.925 | Loss_Gen_l1: +0.040 | Loss_Gen_p: +0.694 | W_Distance: +0.026 |
Epoch [390/1000] | Tau: 0.142 | Loss_C: -0.022 | Loss_P: +0.359 | Full_X_Acc: 83.0% | Loss_Gen: -0.217 | Retain: 4.0% | Mask_X_Acc: 63.6% | Loss_Gen_adv: -0.928 | Loss_Gen_l1: +0.040 | Loss_Gen_p: +0.691 | W_Distance: +0.025 |
Epoch [400/1000] | Tau: 0.135 | Loss_C: -0.023 | Loss_P: +0.359 | Full_X_Acc: 83.3% | Loss_Gen: -0.213 | Retain: 4.0% | Mask_X_Acc: 63.0% | Loss_Gen_adv: -0.922 | Loss_Gen_l1: +0.040 | Loss_Gen_p: +0.689 | W_Distance: +0.026 |
Epoch [410/1000] | Tau: 0.128 | Loss_C: -0.024 | Loss_P: +0.357 | Full_X_Acc: 83.4% | Loss_Gen: -0.208 | Retain: 4.0% | Mask_X_Acc: 63.7% | Loss_Gen_adv: -0.921 | Loss_Gen_l1: +0.040 | Loss_Gen_p: +0.693 | W_Distance: +0.027 |
Epoch [420/1000] | Tau: 0.122 | Loss_C: -0.023 | Loss_P: +0.356 | Full_X_Acc: 83.8% | Loss_Gen: -0.207 | Retain: 4.0% | Mask_X_Acc: 63.5% | Loss_Gen_adv: -0.917 | Loss_Gen_l1: +0.040 | Loss_Gen_p: +0.690 | W_Distance: +0.026 |
Epoch [430/1000] | Tau: 0.116 | Loss_C: -0.023 | Loss_P: +0.355 | Full_X_Acc: 83.9% | Loss_Gen: -0.221 | Retain: 4.0% | Mask_X_Acc: 63.1% | Loss_Gen_adv: -0.928 | Loss_Gen_l1: +0.040 | Loss_Gen_p: +0.687 | W_Distance: +0.026 |
Epoch [440/1000] | Tau: 0.110 | Loss_C: -0.025 | Loss_P: +0.354 | Full_X_Acc: 84.3% | Loss_Gen: -0.219 | Retain: 4.0% | Mask_X_Acc: 62.8% | Loss_Gen_adv: -0.928 | Loss_Gen_l1: +0.040 | Loss_Gen_p: +0.689 | W_Distance: +0.027 |
Epoch [450/1000] | Tau: 0.105 | Loss_C: -0.023 | Loss_P: +0.353 | Full_X_Acc: 84.3% | Loss_Gen: -0.211 | Retain: 4.0% | Mask_X_Acc: 63.0% | Loss_Gen_adv: -0.922 | Loss_Gen_l1: +0.040 | Loss_Gen_p: +0.692 | W_Distance: +0.026 |
Epoch [460/1000] | Tau: 0.100 | Loss_C: -0.022 | Loss_P: +0.352 | Full_X_Acc: 84.4% | Loss_Gen: -0.212 | Retain: 4.0% | Mask_X_Acc: 63.0% | Loss_Gen_adv: -0.919 | Loss_Gen_l1: +0.040 | Loss_Gen_p: +0.687 | W_Distance: +0.025 |
Epoch [470/1000] | Tau: 0.100 | Loss_C: -0.025 | Loss_P: +0.353 | Full_X_Acc: 84.5% | Loss_Gen: -0.209 | Retain: 4.0% | Mask_X_Acc: 63.1% | Loss_Gen_adv: -0.912 | Loss_Gen_l1: +0.040 | Loss_Gen_p: +0.683 | W_Distance: +0.028 |
Epoch [480/1000] | Tau: 0.100 | Loss_C: -0.023 | Loss_P: +0.353 | Full_X_Acc: 84.6% | Loss_Gen: -0.193 | Retain: 4.0% | Mask_X_Acc: 63.0% | Loss_Gen_adv: -0.907 | Loss_Gen_l1: +0.040 | Loss_Gen_p: +0.694 | W_Distance: +0.025 |
Epoch [490/1000] | Tau: 0.100 | Loss_C: -0.023 | Loss_P: +0.352 | Full_X_Acc: 84.6% | Loss_Gen: -0.180 | Retain: 4.0% | Mask_X_Acc: 63.3% | Loss_Gen_adv: -0.900 | Loss_Gen_l1: +0.040 | Loss_Gen_p: +0.699 | W_Distance: +0.026 |
Epoch [500/1000] | Tau: 0.100 | Loss_C: -0.024 | Loss_P: +0.352 | Full_X_Acc: 84.8% | Loss_Gen: -0.180 | Retain: 4.0% | Mask_X_Acc: 62.3% | Loss_Gen_adv: -0.901 | Loss_Gen_l1: +0.040 | Loss_Gen_p: +0.700 | W_Distance: +0.027 |
Epoch [510/1000] | Tau: 0.100 | Loss_C: -0.024 | Loss_P: +0.350 | Full_X_Acc: 85.3% | Loss_Gen: -0.195 | Retain: 4.0% | Mask_X_Acc: 63.0% | Loss_Gen_adv: -0.909 | Loss_Gen_l1: +0.040 | Loss_Gen_p: +0.694 | W_Distance: +0.027 |
Epoch [520/1000] | Tau: 0.100 | Loss_C: -0.023 | Loss_P: +0.349 | Full_X_Acc: 85.3% | Loss_Gen: -0.178 | Retain: 4.0% | Mask_X_Acc: 63.0% | Loss_Gen_adv: -0.897 | Loss_Gen_l1: +0.040 | Loss_Gen_p: +0.698 | W_Distance: +0.026 |
Epoch [530/1000] | Tau: 0.100 | Loss_C: -0.026 | Loss_P: +0.351 | Full_X_Acc: 85.0% | Loss_Gen: -0.185 | Retain: 4.0% | Mask_X_Acc: 62.5% | Loss_Gen_adv: -0.912 | Loss_Gen_l1: +0.040 | Loss_Gen_p: +0.706 | W_Distance: +0.029 |
Epoch [540/1000] | Tau: 0.100 | Loss_C: -0.024 | Loss_P: +0.348 | Full_X_Acc: 85.8% | Loss_Gen: -0.181 | Retain: 4.0% | Mask_X_Acc: 63.5% | Loss_Gen_adv: -0.897 | Loss_Gen_l1: +0.040 | Loss_Gen_p: +0.696 | W_Distance: +0.027 |
Epoch [550/1000] | Tau: 0.100 | Loss_C: -0.023 | Loss_P: +0.348 | Full_X_Acc: 86.0% | Loss_Gen: -0.166 | Retain: 4.0% | Mask_X_Acc: 63.1% | Loss_Gen_adv: -0.891 | Loss_Gen_l1: +0.040 | Loss_Gen_p: +0.705 | W_Distance: +0.026 |
Epoch [560/1000] | Tau: 0.100 | Loss_C: -0.024 | Loss_P: +0.347 | Full_X_Acc: 86.1% | Loss_Gen: -0.160 | Retain: 4.1% | Mask_X_Acc: 63.2% | Loss_Gen_adv: -0.890 | Loss_Gen_l1: +0.041 | Loss_Gen_p: +0.710 | W_Distance: +0.026 |
Epoch [570/1000] | Tau: 0.100 | Loss_C: -0.024 | Loss_P: +0.348 | Full_X_Acc: 86.5% | Loss_Gen: -0.169 | Retain: 4.1% | Mask_X_Acc: 62.5% | Loss_Gen_adv: -0.885 | Loss_Gen_l1: +0.041 | Loss_Gen_p: +0.696 | W_Distance: +0.026 |
Epoch [580/1000] | Tau: 0.100 | Loss_C: -0.023 | Loss_P: +0.346 | Full_X_Acc: 86.5% | Loss_Gen: -0.164 | Retain: 4.1% | Mask_X_Acc: 63.2% | Loss_Gen_adv: -0.889 | Loss_Gen_l1: +0.041 | Loss_Gen_p: +0.705 | W_Distance: +0.026 |
Epoch [590/1000] | Tau: 0.100 | Loss_C: -0.025 | Loss_P: +0.348 | Full_X_Acc: 86.2% | Loss_Gen: -0.165 | Retain: 4.1% | Mask_X_Acc: 62.8% | Loss_Gen_adv: -0.891 | Loss_Gen_l1: +0.041 | Loss_Gen_p: +0.706 | W_Distance: +0.028 |
Epoch [600/1000] | Tau: 0.100 | Loss_C: -0.025 | Loss_P: +0.344 | Full_X_Acc: 86.7% | Loss_Gen: -0.170 | Retain: 4.1% | Mask_X_Acc: 62.7% | Loss_Gen_adv: -0.888 | Loss_Gen_l1: +0.041 | Loss_Gen_p: +0.698 | W_Distance: +0.028 |
Epoch [610/1000] | Tau: 0.100 | Loss_C: -0.024 | Loss_P: +0.346 | Full_X_Acc: 86.6% | Loss_Gen: -0.160 | Retain: 4.1% | Mask_X_Acc: 63.0% | Loss_Gen_adv: -0.886 | Loss_Gen_l1: +0.041 | Loss_Gen_p: +0.706 | W_Distance: +0.027 |
Epoch [620/1000] | Tau: 0.100 | Loss_C: -0.026 | Loss_P: +0.344 | Full_X_Acc: 86.7% | Loss_Gen: -0.141 | Retain: 4.1% | Mask_X_Acc: 63.0% | Loss_Gen_adv: -0.875 | Loss_Gen_l1: +0.041 | Loss_Gen_p: +0.714 | W_Distance: +0.029 |
Epoch [630/1000] | Tau: 0.100 | Loss_C: -0.023 | Loss_P: +0.342 | Full_X_Acc: 87.0% | Loss_Gen: -0.162 | Retain: 4.1% | Mask_X_Acc: 62.9% | Loss_Gen_adv: -0.883 | Loss_Gen_l1: +0.041 | Loss_Gen_p: +0.700 | W_Distance: +0.026 |
Epoch [640/1000] | Tau: 0.100 | Loss_C: -0.024 | Loss_P: +0.344 | Full_X_Acc: 87.1% | Loss_Gen: -0.150 | Retain: 4.1% | Mask_X_Acc: 63.0% | Loss_Gen_adv: -0.873 | Loss_Gen_l1: +0.041 | Loss_Gen_p: +0.703 | W_Distance: +0.027 |
Epoch [650/1000] | Tau: 0.100 | Loss_C: -0.025 | Loss_P: +0.344 | Full_X_Acc: 87.2% | Loss_Gen: -0.141 | Retain: 4.1% | Mask_X_Acc: 62.8% | Loss_Gen_adv: -0.878 | Loss_Gen_l1: +0.041 | Loss_Gen_p: +0.716 | W_Distance: +0.028 |
Epoch [660/1000] | Tau: 0.100 | Loss_C: -0.023 | Loss_P: +0.344 | Full_X_Acc: 87.4% | Loss_Gen: -0.144 | Retain: 4.2% | Mask_X_Acc: 62.8% | Loss_Gen_adv: -0.874 | Loss_Gen_l1: +0.042 | Loss_Gen_p: +0.710 | W_Distance: +0.026 |
Epoch [670/1000] | Tau: 0.100 | Loss_C: -0.024 | Loss_P: +0.344 | Full_X_Acc: 87.3% | Loss_Gen: -0.136 | Retain: 4.2% | Mask_X_Acc: 62.5% | Loss_Gen_adv: -0.875 | Loss_Gen_l1: +0.042 | Loss_Gen_p: +0.718 | W_Distance: +0.027 |
Epoch [680/1000] | Tau: 0.100 | Loss_C: -0.024 | Loss_P: +0.340 | Full_X_Acc: 87.3% | Loss_Gen: -0.139 | Retain: 4.2% | Mask_X_Acc: 62.9% | Loss_Gen_adv: -0.879 | Loss_Gen_l1: +0.042 | Loss_Gen_p: +0.719 | W_Distance: +0.027 |
Epoch [690/1000] | Tau: 0.100 | Loss_C: -0.026 | Loss_P: +0.342 | Full_X_Acc: 87.9% | Loss_Gen: -0.140 | Retain: 4.2% | Mask_X_Acc: 63.0% | Loss_Gen_adv: -0.872 | Loss_Gen_l1: +0.042 | Loss_Gen_p: +0.711 | W_Distance: +0.028 |
Epoch [700/1000] | Tau: 0.100 | Loss_C: -0.024 | Loss_P: +0.342 | Full_X_Acc: 87.7% | Loss_Gen: -0.140 | Retain: 4.2% | Mask_X_Acc: 62.8% | Loss_Gen_adv: -0.874 | Loss_Gen_l1: +0.042 | Loss_Gen_p: +0.713 | W_Distance: +0.027 |
Epoch [710/1000] | Tau: 0.100 | Loss_C: -0.024 | Loss_P: +0.341 | Full_X_Acc: 87.8% | Loss_Gen: -0.135 | Retain: 4.2% | Mask_X_Acc: 62.6% | Loss_Gen_adv: -0.863 | Loss_Gen_l1: +0.042 | Loss_Gen_p: +0.707 | W_Distance: +0.026 |
Epoch [720/1000] | Tau: 0.100 | Loss_C: -0.026 | Loss_P: +0.338 | Full_X_Acc: 87.5% | Loss_Gen: -0.151 | Retain: 4.3% | Mask_X_Acc: 63.1% | Loss_Gen_adv: -0.873 | Loss_Gen_l1: +0.043 | Loss_Gen_p: +0.701 | W_Distance: +0.028 |
Epoch [730/1000] | Tau: 0.100 | Loss_C: -0.024 | Loss_P: +0.339 | Full_X_Acc: 87.8% | Loss_Gen: -0.148 | Retain: 4.3% | Mask_X_Acc: 63.1% | Loss_Gen_adv: -0.877 | Loss_Gen_l1: +0.043 | Loss_Gen_p: +0.707 | W_Distance: +0.026 |
Epoch [740/1000] | Tau: 0.100 | Loss_C: -0.024 | Loss_P: +0.337 | Full_X_Acc: 88.0% | Loss_Gen: -0.139 | Retain: 4.3% | Mask_X_Acc: 62.3% | Loss_Gen_adv: -0.869 | Loss_Gen_l1: +0.043 | Loss_Gen_p: +0.708 | W_Distance: +0.027 |
Epoch [750/1000] | Tau: 0.100 | Loss_C: -0.025 | Loss_P: +0.339 | Full_X_Acc: 88.4% | Loss_Gen: -0.138 | Retain: 4.4% | Mask_X_Acc: 62.8% | Loss_Gen_adv: -0.873 | Loss_Gen_l1: +0.044 | Loss_Gen_p: +0.713 | W_Distance: +0.028 |
Epoch [760/1000] | Tau: 0.100 | Loss_C: -0.024 | Loss_P: +0.338 | Full_X_Acc: 88.0% | Loss_Gen: -0.140 | Retain: 4.4% | Mask_X_Acc: 63.4% | Loss_Gen_adv: -0.869 | Loss_Gen_l1: +0.044 | Loss_Gen_p: +0.707 | W_Distance: +0.027 |
Epoch [770/1000] | Tau: 0.100 | Loss_C: -0.026 | Loss_P: +0.337 | Full_X_Acc: 88.1% | Loss_Gen: -0.145 | Retain: 4.5% | Mask_X_Acc: 62.6% | Loss_Gen_adv: -0.875 | Loss_Gen_l1: +0.045 | Loss_Gen_p: +0.708 | W_Distance: +0.029 |
Epoch [780/1000] | Tau: 0.100 | Loss_C: -0.027 | Loss_P: +0.335 | Full_X_Acc: 88.6% | Loss_Gen: -0.144 | Retain: 4.5% | Mask_X_Acc: 62.9% | Loss_Gen_adv: -0.877 | Loss_Gen_l1: +0.045 | Loss_Gen_p: +0.711 | W_Distance: +0.030 |
Epoch [790/1000] | Tau: 0.100 | Loss_C: -0.025 | Loss_P: +0.330 | Full_X_Acc: 88.6% | Loss_Gen: -0.144 | Retain: 4.6% | Mask_X_Acc: 63.9% | Loss_Gen_adv: -0.870 | Loss_Gen_l1: +0.046 | Loss_Gen_p: +0.704 | W_Distance: +0.027 |
Epoch [800/1000] | Tau: 0.100 | Loss_C: -0.026 | Loss_P: +0.336 | Full_X_Acc: 88.6% | Loss_Gen: -0.134 | Retain: 4.6% | Mask_X_Acc: 64.0% | Loss_Gen_adv: -0.866 | Loss_Gen_l1: +0.046 | Loss_Gen_p: +0.710 | W_Distance: +0.028 |
Epoch [810/1000] | Tau: 0.100 | Loss_C: -0.025 | Loss_P: +0.332 | Full_X_Acc: 88.3% | Loss_Gen: -0.137 | Retain: 4.7% | Mask_X_Acc: 63.7% | Loss_Gen_adv: -0.873 | Loss_Gen_l1: +0.047 | Loss_Gen_p: +0.712 | W_Distance: +0.028 |
Epoch [820/1000] | Tau: 0.100 | Loss_C: -0.025 | Loss_P: +0.335 | Full_X_Acc: 88.6% | Loss_Gen: -0.142 | Retain: 4.7% | Mask_X_Acc: 64.8% | Loss_Gen_adv: -0.863 | Loss_Gen_l1: +0.047 | Loss_Gen_p: +0.697 | W_Distance: +0.028 |
Epoch [830/1000] | Tau: 0.100 | Loss_C: -0.025 | Loss_P: +0.332 | Full_X_Acc: 88.6% | Loss_Gen: -0.135 | Retain: 4.8% | Mask_X_Acc: 64.3% | Loss_Gen_adv: -0.862 | Loss_Gen_l1: +0.048 | Loss_Gen_p: +0.703 | W_Distance: +0.028 |
Epoch [840/1000] | Tau: 0.100 | Loss_C: -0.026 | Loss_P: +0.332 | Full_X_Acc: 88.8% | Loss_Gen: -0.135 | Retain: 4.8% | Mask_X_Acc: 63.8% | Loss_Gen_adv: -0.871 | Loss_Gen_l1: +0.048 | Loss_Gen_p: +0.711 | W_Distance: +0.028 |
Epoch [850/1000] | Tau: 0.100 | Loss_C: -0.027 | Loss_P: +0.330 | Full_X_Acc: 88.9% | Loss_Gen: -0.142 | Retain: 4.8% | Mask_X_Acc: 64.3% | Loss_Gen_adv: -0.869 | Loss_Gen_l1: +0.048 | Loss_Gen_p: +0.703 | W_Distance: +0.029 |
Epoch [860/1000] | Tau: 0.100 | Loss_C: -0.025 | Loss_P: +0.329 | Full_X_Acc: 88.9% | Loss_Gen: -0.139 | Retain: 4.9% | Mask_X_Acc: 64.4% | Loss_Gen_adv: -0.870 | Loss_Gen_l1: +0.049 | Loss_Gen_p: +0.706 | W_Distance: +0.027 |
Epoch [870/1000] | Tau: 0.100 | Loss_C: -0.026 | Loss_P: +0.331 | Full_X_Acc: 89.3% | Loss_Gen: -0.140 | Retain: 4.9% | Mask_X_Acc: 63.9% | Loss_Gen_adv: -0.870 | Loss_Gen_l1: +0.049 | Loss_Gen_p: +0.705 | W_Distance: +0.029 |
Epoch [880/1000] | Tau: 0.100 | Loss_C: -0.025 | Loss_P: +0.328 | Full_X_Acc: 89.2% | Loss_Gen: -0.136 | Retain: 4.9% | Mask_X_Acc: 63.8% | Loss_Gen_adv: -0.859 | Loss_Gen_l1: +0.049 | Loss_Gen_p: +0.699 | W_Distance: +0.028 |
Epoch [890/1000] | Tau: 0.100 | Loss_C: -0.025 | Loss_P: +0.329 | Full_X_Acc: 89.0% | Loss_Gen: -0.125 | Retain: 4.9% | Mask_X_Acc: 64.4% | Loss_Gen_adv: -0.860 | Loss_Gen_l1: +0.049 | Loss_Gen_p: +0.711 | W_Distance: +0.028 |
Epoch [900/1000] | Tau: 0.100 | Loss_C: -0.026 | Loss_P: +0.326 | Full_X_Acc: 89.2% | Loss_Gen: -0.127 | Retain: 4.9% | Mask_X_Acc: 64.8% | Loss_Gen_adv: -0.856 | Loss_Gen_l1: +0.049 | Loss_Gen_p: +0.705 | W_Distance: +0.028 |
Epoch [910/1000] | Tau: 0.100 | Loss_C: -0.025 | Loss_P: +0.328 | Full_X_Acc: 89.2% | Loss_Gen: -0.131 | Retain: 4.9% | Mask_X_Acc: 64.7% | Loss_Gen_adv: -0.861 | Loss_Gen_l1: +0.049 | Loss_Gen_p: +0.705 | W_Distance: +0.028 |
Epoch [920/1000] | Tau: 0.100 | Loss_C: -0.025 | Loss_P: +0.327 | Full_X_Acc: 89.4% | Loss_Gen: -0.129 | Retain: 4.9% | Mask_X_Acc: 64.8% | Loss_Gen_adv: -0.863 | Loss_Gen_l1: +0.049 | Loss_Gen_p: +0.709 | W_Distance: +0.027 |
Epoch [930/1000] | Tau: 0.100 | Loss_C: -0.026 | Loss_P: +0.327 | Full_X_Acc: 89.4% | Loss_Gen: -0.129 | Retain: 4.9% | Mask_X_Acc: 64.6% | Loss_Gen_adv: -0.855 | Loss_Gen_l1: +0.049 | Loss_Gen_p: +0.702 | W_Distance: +0.028 |
Epoch [940/1000] | Tau: 0.100 | Loss_C: -0.027 | Loss_P: +0.326 | Full_X_Acc: 89.4% | Loss_Gen: -0.128 | Retain: 4.9% | Mask_X_Acc: 65.2% | Loss_Gen_adv: -0.857 | Loss_Gen_l1: +0.049 | Loss_Gen_p: +0.704 | W_Distance: +0.030 |
Epoch [950/1000] | Tau: 0.100 | Loss_C: -0.026 | Loss_P: +0.326 | Full_X_Acc: 89.6% | Loss_Gen: -0.138 | Retain: 4.9% | Mask_X_Acc: 64.9% | Loss_Gen_adv: -0.862 | Loss_Gen_l1: +0.049 | Loss_Gen_p: +0.700 | W_Distance: +0.028 |
Epoch [960/1000] | Tau: 0.100 | Loss_C: -0.026 | Loss_P: +0.326 | Full_X_Acc: 89.5% | Loss_Gen: -0.100 | Retain: 4.9% | Mask_X_Acc: 64.9% | Loss_Gen_adv: -0.843 | Loss_Gen_l1: +0.049 | Loss_Gen_p: +0.719 | W_Distance: +0.029 |
Epoch [970/1000] | Tau: 0.100 | Loss_C: -0.028 | Loss_P: +0.325 | Full_X_Acc: 89.9% | Loss_Gen: -0.121 | Retain: 4.9% | Mask_X_Acc: 64.7% | Loss_Gen_adv: -0.846 | Loss_Gen_l1: +0.049 | Loss_Gen_p: +0.700 | W_Distance: +0.030 |
Epoch [980/1000] | Tau: 0.100 | Loss_C: -0.028 | Loss_P: +0.325 | Full_X_Acc: 89.7% | Loss_Gen: -0.120 | Retain: 5.0% | Mask_X_Acc: 64.5% | Loss_Gen_adv: -0.839 | Loss_Gen_l1: +0.050 | Loss_Gen_p: +0.694 | W_Distance: +0.031 |
Epoch [990/1000] | Tau: 0.100 | Loss_C: -0.027 | Loss_P: +0.324 | Full_X_Acc: 90.0% | Loss_Gen: -0.106 | Retain: 5.0% | Mask_X_Acc: 65.2% | Loss_Gen_adv: -0.836 | Loss_Gen_l1: +0.050 | Loss_Gen_p: +0.705 | W_Distance: +0.029 |
Epoch [1000/1000] | Tau: 0.100 | Loss_C: -0.027 | Loss_P: +0.323 | Full_X_Acc: 90.1% | Loss_Gen: -0.104 | Retain: 5.0% | Mask_X_Acc: 65.4% | Loss_Gen_adv: -0.835 | Loss_Gen_l1: +0.050 | Loss_Gen_p: +0.706 | W_Distance: +0.030 |
[Export] 训练历史已保存至 'output/run_20260818_181137/history.npz'

[System] 开始在测试集上进行推理评估...
==================================================
🎯 测试集推理报告 (Shared Architecture)
==================================================
• 测试集准确率:     65.05%
• TPR (召回率):     59.55%
• FDR (误发现率):   39.99%
• 平均保留特征数量: 5.0 / 100
• 整体保留率:       4.96%
--------------------------------------------------
🧩 Top 15 最常被选中的特征
--------------------------------------------------
Top 01: 特征 Index 008 | 被选次数: 4000 次 (100.0%) | ★ [真实关联]
Top 02: 特征 Index 010 | 被选次数: 3999 次 (100.0%) | ★ [真实关联]
Top 03: 特征 Index 009 | 被选次数: 3998 次 ( 99.9%) | ★ [真实关联]
Top 04: 特征 Index 006 | 被选次数: 3997 次 ( 99.9%) | ★ [真实关联]
Top 05: 特征 Index 005 | 被选次数: 3846 次 ( 96.2%) | ★ [真实关联]
Top 06: 特征 Index 002 | 被选次数:    7 次 (  0.2%) | ★ [真实关联]
Top 07: 特征 Index 003 | 被选次数:    2 次 (  0.1%) | ★ [真实关联]
Top 08: 特征 Index 095 | 被选次数:    0 次 (  0.0%) |   [纯噪声]
Top 09: 特征 Index 091 | 被选次数:    0 次 (  0.0%) |   [纯噪声]
Top 10: 特征 Index 090 | 被选次数:    0 次 (  0.0%) |   [纯噪声]
Top 11: 特征 Index 089 | 被选次数:    0 次 (  0.0%) |   [纯噪声]
Top 12: 特征 Index 088 | 被选次数:    0 次 (  0.0%) |   [纯噪声]
Top 13: 特征 Index 087 | 被选次数:    0 次 (  0.0%) |   [纯噪声]
Top 14: 特征 Index 094 | 被选次数:    0 次 (  0.0%) |   [纯噪声]
Top 15: 特征 Index 093 | 被选次数:    0 次 (  0.0%) |   [纯噪声]
==================================================
[Export] 测试集数组已保存至 'output/run_20260818_181137/test_arrays.npz'
[Export] 特征索引已保存至 'output/run_20260818_181137/selected_feature_indices.npy'
[Export] 模型权重已保存至 'output/run_20260818_181137/generator_model.pth'

[Visualization] 运行双视角 t-SNE 降维 (样本数: 4000)...
[Visualization] 降维: 原始掩码特征 (Before Ext)...
[Visualization] 降维: 隐空间特征 (After Ext)...
[Visualization] 对比 t-SNE 已保存至: 'output/run_20260818_181137/fig3_tsne_comparison.png'

