[System] Run dir: output/run_20260717_213927
[System] 正在使用 cuda 进行计算...

[System] 开始训练多任务共享特征架构...
Epoch [010/1000] | Tau: 0.951 | Loss_C: +0.166 | Loss_P: +1.317 | Full_X_Acc: 63.8% | Loss_Gen: +1.285 | Retain: 37.9% | Mask_X_Acc: 57.5% | Loss_Gen_adv: +0.082 | Loss_Gen_l1: +0.379 | Loss_Gen_p: +0.674 | W_Distance: -0.013 |
Epoch [020/1000] | Tau: 0.905 | Loss_C: -0.012 | Loss_P: +1.286 | Full_X_Acc: 64.9% | Loss_Gen: +0.954 | Retain: 17.0% | Mask_X_Acc: 57.4% | Loss_Gen_adv: +0.059 | Loss_Gen_l1: +0.170 | Loss_Gen_p: +0.669 | W_Distance: +0.120 |
Epoch [030/1000] | Tau: 0.860 | Loss_C: -0.337 | Loss_P: +1.248 | Full_X_Acc: 66.2% | Loss_Gen: +0.755 | Retain: 4.0% | Mask_X_Acc: 59.1% | Loss_Gen_adv: +0.063 | Loss_Gen_l1: +0.040 | Loss_Gen_p: +0.664 | W_Distance: +0.420 |
Epoch [040/1000] | Tau: 0.818 | Loss_C: -0.524 | Loss_P: +1.210 | Full_X_Acc: 67.1% | Loss_Gen: +0.661 | Retain: 2.6% | Mask_X_Acc: 61.8% | Loss_Gen_adv: -0.039 | Loss_Gen_l1: +0.026 | Loss_Gen_p: +0.642 | W_Distance: +0.591 |
Epoch [050/1000] | Tau: 0.778 | Loss_C: -0.605 | Loss_P: +1.167 | Full_X_Acc: 68.0% | Loss_Gen: +0.556 | Retain: 3.2% | Mask_X_Acc: 63.1% | Loss_Gen_adv: -0.203 | Loss_Gen_l1: +0.032 | Loss_Gen_p: +0.609 | W_Distance: +0.628 |
Epoch [060/1000] | Tau: 0.740 | Loss_C: -0.621 | Loss_P: +1.140 | Full_X_Acc: 69.2% | Loss_Gen: +0.528 | Retain: 3.7% | Mask_X_Acc: 64.2% | Loss_Gen_adv: -0.232 | Loss_Gen_l1: +0.037 | Loss_Gen_p: +0.590 | W_Distance: +0.640 |
Epoch [070/1000] | Tau: 0.704 | Loss_C: -0.649 | Loss_P: +1.112 | Full_X_Acc: 70.4% | Loss_Gen: +0.536 | Retain: 3.9% | Mask_X_Acc: 64.7% | Loss_Gen_adv: -0.208 | Loss_Gen_l1: +0.039 | Loss_Gen_p: +0.581 | W_Distance: +0.667 |
Epoch [080/1000] | Tau: 0.670 | Loss_C: -0.701 | Loss_P: +1.094 | Full_X_Acc: 71.5% | Loss_Gen: +0.565 | Retain: 4.0% | Mask_X_Acc: 64.6% | Loss_Gen_adv: -0.145 | Loss_Gen_l1: +0.040 | Loss_Gen_p: +0.579 | W_Distance: +0.719 |
Epoch [090/1000] | Tau: 0.637 | Loss_C: -0.777 | Loss_P: +1.076 | Full_X_Acc: 72.4% | Loss_Gen: +0.593 | Retain: 4.0% | Mask_X_Acc: 64.9% | Loss_Gen_adv: -0.084 | Loss_Gen_l1: +0.040 | Loss_Gen_p: +0.576 | W_Distance: +0.795 |
Epoch [100/1000] | Tau: 0.606 | Loss_C: -0.852 | Loss_P: +1.064 | Full_X_Acc: 73.2% | Loss_Gen: +0.633 | Retain: 4.0% | Mask_X_Acc: 65.2% | Loss_Gen_adv: -0.006 | Loss_Gen_l1: +0.040 | Loss_Gen_p: +0.576 | W_Distance: +0.880 |
Epoch [110/1000] | Tau: 0.576 | Loss_C: -0.931 | Loss_P: +1.051 | Full_X_Acc: 74.1% | Loss_Gen: +0.655 | Retain: 4.0% | Mask_X_Acc: 65.6% | Loss_Gen_adv: +0.041 | Loss_Gen_l1: +0.040 | Loss_Gen_p: +0.575 | W_Distance: +0.958 |
Epoch [120/1000] | Tau: 0.548 | Loss_C: -0.988 | Loss_P: +1.043 | Full_X_Acc: 74.9% | Loss_Gen: +0.697 | Retain: 4.0% | Mask_X_Acc: 65.2% | Loss_Gen_adv: +0.123 | Loss_Gen_l1: +0.040 | Loss_Gen_p: +0.576 | W_Distance: +1.018 |
Epoch [130/1000] | Tau: 0.521 | Loss_C: -1.028 | Loss_P: +1.030 | Full_X_Acc: 75.5% | Loss_Gen: +0.753 | Retain: 4.0% | Mask_X_Acc: 65.4% | Loss_Gen_adv: +0.233 | Loss_Gen_l1: +0.040 | Loss_Gen_p: +0.576 | W_Distance: +1.062 |
Epoch [140/1000] | Tau: 0.496 | Loss_C: -1.065 | Loss_P: +1.018 | Full_X_Acc: 76.1% | Loss_Gen: +0.791 | Retain: 4.0% | Mask_X_Acc: 65.4% | Loss_Gen_adv: +0.315 | Loss_Gen_l1: +0.040 | Loss_Gen_p: +0.573 | W_Distance: +1.101 |
Epoch [150/1000] | Tau: 0.471 | Loss_C: -1.091 | Loss_P: +1.007 | Full_X_Acc: 76.8% | Loss_Gen: +0.827 | Retain: 4.0% | Mask_X_Acc: 65.5% | Loss_Gen_adv: +0.390 | Loss_Gen_l1: +0.040 | Loss_Gen_p: +0.572 | W_Distance: +1.128 |
Epoch [160/1000] | Tau: 0.448 | Loss_C: -1.120 | Loss_P: +0.996 | Full_X_Acc: 77.2% | Loss_Gen: +0.863 | Retain: 4.0% | Mask_X_Acc: 65.3% | Loss_Gen_adv: +0.459 | Loss_Gen_l1: +0.040 | Loss_Gen_p: +0.574 | W_Distance: +1.157 |
Epoch [170/1000] | Tau: 0.427 | Loss_C: -1.143 | Loss_P: +0.984 | Full_X_Acc: 77.7% | Loss_Gen: +0.896 | Retain: 4.0% | Mask_X_Acc: 65.4% | Loss_Gen_adv: +0.526 | Loss_Gen_l1: +0.040 | Loss_Gen_p: +0.573 | W_Distance: +1.181 |
Epoch [180/1000] | Tau: 0.406 | Loss_C: -1.169 | Loss_P: +0.976 | Full_X_Acc: 78.4% | Loss_Gen: +0.936 | Retain: 4.0% | Mask_X_Acc: 65.4% | Loss_Gen_adv: +0.607 | Loss_Gen_l1: +0.040 | Loss_Gen_p: +0.573 | W_Distance: +1.209 |
Epoch [190/1000] | Tau: 0.386 | Loss_C: -1.189 | Loss_P: +0.964 | Full_X_Acc: 79.0% | Loss_Gen: +0.974 | Retain: 4.0% | Mask_X_Acc: 65.3% | Loss_Gen_adv: +0.689 | Loss_Gen_l1: +0.040 | Loss_Gen_p: +0.570 | W_Distance: +1.230 |
Epoch [200/1000] | Tau: 0.367 | Loss_C: -1.215 | Loss_P: +0.949 | Full_X_Acc: 79.5% | Loss_Gen: +1.011 | Retain: 4.0% | Mask_X_Acc: 65.2% | Loss_Gen_adv: +0.763 | Loss_Gen_l1: +0.040 | Loss_Gen_p: +0.569 | W_Distance: +1.257 |
Epoch [210/1000] | Tau: 0.349 | Loss_C: -1.238 | Loss_P: +0.937 | Full_X_Acc: 80.2% | Loss_Gen: +1.040 | Retain: 4.0% | Mask_X_Acc: 65.2% | Loss_Gen_adv: +0.824 | Loss_Gen_l1: +0.040 | Loss_Gen_p: +0.568 | W_Distance: +1.283 |
Epoch [220/1000] | Tau: 0.332 | Loss_C: -1.257 | Loss_P: +0.927 | Full_X_Acc: 80.7% | Loss_Gen: +1.068 | Retain: 4.0% | Mask_X_Acc: 65.3% | Loss_Gen_adv: +0.884 | Loss_Gen_l1: +0.040 | Loss_Gen_p: +0.566 | W_Distance: +1.302 |
Epoch [230/1000] | Tau: 0.316 | Loss_C: -1.278 | Loss_P: +0.915 | Full_X_Acc: 81.1% | Loss_Gen: +1.087 | Retain: 4.0% | Mask_X_Acc: 65.3% | Loss_Gen_adv: +0.924 | Loss_Gen_l1: +0.040 | Loss_Gen_p: +0.565 | W_Distance: +1.324 |
Epoch [240/1000] | Tau: 0.300 | Loss_C: -1.289 | Loss_P: +0.904 | Full_X_Acc: 81.8% | Loss_Gen: +1.115 | Retain: 4.0% | Mask_X_Acc: 65.4% | Loss_Gen_adv: +0.982 | Loss_Gen_l1: +0.040 | Loss_Gen_p: +0.564 | W_Distance: +1.339 |
Epoch [250/1000] | Tau: 0.286 | Loss_C: -1.310 | Loss_P: +0.896 | Full_X_Acc: 82.2% | Loss_Gen: +1.135 | Retain: 4.0% | Mask_X_Acc: 65.3% | Loss_Gen_adv: +1.026 | Loss_Gen_l1: +0.040 | Loss_Gen_p: +0.562 | W_Distance: +1.357 |
Epoch [260/1000] | Tau: 0.272 | Loss_C: -1.327 | Loss_P: +0.888 | Full_X_Acc: 82.7% | Loss_Gen: +1.166 | Retain: 4.0% | Mask_X_Acc: 65.2% | Loss_Gen_adv: +1.083 | Loss_Gen_l1: +0.040 | Loss_Gen_p: +0.565 | W_Distance: +1.375 |
Epoch [270/1000] | Tau: 0.258 | Loss_C: -1.346 | Loss_P: +0.880 | Full_X_Acc: 82.9% | Loss_Gen: +1.199 | Retain: 4.0% | Mask_X_Acc: 65.4% | Loss_Gen_adv: +1.150 | Loss_Gen_l1: +0.040 | Loss_Gen_p: +0.564 | W_Distance: +1.396 |
Epoch [280/1000] | Tau: 0.246 | Loss_C: -1.361 | Loss_P: +0.872 | Full_X_Acc: 83.5% | Loss_Gen: +1.228 | Retain: 4.0% | Mask_X_Acc: 65.3% | Loss_Gen_adv: +1.208 | Loss_Gen_l1: +0.040 | Loss_Gen_p: +0.564 | W_Distance: +1.411 |
Epoch [290/1000] | Tau: 0.234 | Loss_C: -1.376 | Loss_P: +0.870 | Full_X_Acc: 83.7% | Loss_Gen: +1.247 | Retain: 4.0% | Mask_X_Acc: 65.2% | Loss_Gen_adv: +1.249 | Loss_Gen_l1: +0.040 | Loss_Gen_p: +0.562 | W_Distance: +1.427 |
Epoch [300/1000] | Tau: 0.222 | Loss_C: -1.389 | Loss_P: +0.862 | Full_X_Acc: 84.0% | Loss_Gen: +1.267 | Retain: 4.0% | Mask_X_Acc: 65.2% | Loss_Gen_adv: +1.286 | Loss_Gen_l1: +0.040 | Loss_Gen_p: +0.564 | W_Distance: +1.441 |
Epoch [310/1000] | Tau: 0.211 | Loss_C: -1.401 | Loss_P: +0.857 | Full_X_Acc: 84.3% | Loss_Gen: +1.288 | Retain: 4.0% | Mask_X_Acc: 65.1% | Loss_Gen_adv: +1.329 | Loss_Gen_l1: +0.040 | Loss_Gen_p: +0.563 | W_Distance: +1.454 |
Epoch [320/1000] | Tau: 0.201 | Loss_C: -1.415 | Loss_P: +0.853 | Full_X_Acc: 84.6% | Loss_Gen: +1.318 | Retain: 4.0% | Mask_X_Acc: 65.4% | Loss_Gen_adv: +1.390 | Loss_Gen_l1: +0.040 | Loss_Gen_p: +0.563 | W_Distance: +1.469 |
Epoch [330/1000] | Tau: 0.191 | Loss_C: -1.429 | Loss_P: +0.847 | Full_X_Acc: 85.1% | Loss_Gen: +1.347 | Retain: 4.0% | Mask_X_Acc: 65.4% | Loss_Gen_adv: +1.449 | Loss_Gen_l1: +0.040 | Loss_Gen_p: +0.562 | W_Distance: +1.484 |
Epoch [340/1000] | Tau: 0.182 | Loss_C: -1.443 | Loss_P: +0.846 | Full_X_Acc: 85.0% | Loss_Gen: +1.379 | Retain: 4.0% | Mask_X_Acc: 65.3% | Loss_Gen_adv: +1.514 | Loss_Gen_l1: +0.040 | Loss_Gen_p: +0.562 | W_Distance: +1.499 |
Epoch [350/1000] | Tau: 0.173 | Loss_C: -1.457 | Loss_P: +0.837 | Full_X_Acc: 85.2% | Loss_Gen: +1.413 | Retain: 4.0% | Mask_X_Acc: 65.3% | Loss_Gen_adv: +1.583 | Loss_Gen_l1: +0.040 | Loss_Gen_p: +0.562 | W_Distance: +1.513 |
Epoch [360/1000] | Tau: 0.165 | Loss_C: -1.471 | Loss_P: +0.835 | Full_X_Acc: 85.2% | Loss_Gen: +1.449 | Retain: 4.0% | Mask_X_Acc: 65.1% | Loss_Gen_adv: +1.655 | Loss_Gen_l1: +0.040 | Loss_Gen_p: +0.562 | W_Distance: +1.528 |
Epoch [370/1000] | Tau: 0.157 | Loss_C: -1.483 | Loss_P: +0.831 | Full_X_Acc: 85.4% | Loss_Gen: +1.487 | Retain: 4.0% | Mask_X_Acc: 65.3% | Loss_Gen_adv: +1.734 | Loss_Gen_l1: +0.040 | Loss_Gen_p: +0.560 | W_Distance: +1.541 |
Epoch [380/1000] | Tau: 0.149 | Loss_C: -1.496 | Loss_P: +0.831 | Full_X_Acc: 85.3% | Loss_Gen: +1.523 | Retain: 4.0% | Mask_X_Acc: 65.3% | Loss_Gen_adv: +1.807 | Loss_Gen_l1: +0.040 | Loss_Gen_p: +0.559 | W_Distance: +1.555 |
Epoch [390/1000] | Tau: 0.142 | Loss_C: -1.510 | Loss_P: +0.827 | Full_X_Acc: 85.6% | Loss_Gen: +1.556 | Retain: 4.0% | Mask_X_Acc: 65.2% | Loss_Gen_adv: +1.871 | Loss_Gen_l1: +0.040 | Loss_Gen_p: +0.561 | W_Distance: +1.570 |
Epoch [400/1000] | Tau: 0.135 | Loss_C: -1.521 | Loss_P: +0.821 | Full_X_Acc: 85.9% | Loss_Gen: +1.592 | Retain: 4.0% | Mask_X_Acc: 65.4% | Loss_Gen_adv: +1.945 | Loss_Gen_l1: +0.040 | Loss_Gen_p: +0.559 | W_Distance: +1.581 |
Epoch [410/1000] | Tau: 0.128 | Loss_C: -1.533 | Loss_P: +0.816 | Full_X_Acc: 86.0% | Loss_Gen: +1.620 | Retain: 4.0% | Mask_X_Acc: 65.4% | Loss_Gen_adv: +2.003 | Loss_Gen_l1: +0.040 | Loss_Gen_p: +0.559 | W_Distance: +1.594 |
Epoch [420/1000] | Tau: 0.122 | Loss_C: -1.543 | Loss_P: +0.819 | Full_X_Acc: 86.2% | Loss_Gen: +1.648 | Retain: 4.0% | Mask_X_Acc: 65.3% | Loss_Gen_adv: +2.055 | Loss_Gen_l1: +0.040 | Loss_Gen_p: +0.560 | W_Distance: +1.605 |
Epoch [430/1000] | Tau: 0.116 | Loss_C: -1.552 | Loss_P: +0.814 | Full_X_Acc: 86.4% | Loss_Gen: +1.674 | Retain: 4.0% | Mask_X_Acc: 65.4% | Loss_Gen_adv: +2.109 | Loss_Gen_l1: +0.040 | Loss_Gen_p: +0.560 | W_Distance: +1.614 |
Epoch [440/1000] | Tau: 0.110 | Loss_C: -1.560 | Loss_P: +0.813 | Full_X_Acc: 86.5% | Loss_Gen: +1.695 | Retain: 4.0% | Mask_X_Acc: 65.1% | Loss_Gen_adv: +2.152 | Loss_Gen_l1: +0.040 | Loss_Gen_p: +0.559 | W_Distance: +1.623 |
Epoch [450/1000] | Tau: 0.105 | Loss_C: -1.574 | Loss_P: +0.808 | Full_X_Acc: 86.8% | Loss_Gen: +1.721 | Retain: 4.0% | Mask_X_Acc: 65.2% | Loss_Gen_adv: +2.199 | Loss_Gen_l1: +0.040 | Loss_Gen_p: +0.561 | W_Distance: +1.637 |
Epoch [460/1000] | Tau: 0.100 | Loss_C: -1.575 | Loss_P: +0.808 | Full_X_Acc: 86.9% | Loss_Gen: +1.736 | Retain: 4.0% | Mask_X_Acc: 65.2% | Loss_Gen_adv: +2.233 | Loss_Gen_l1: +0.040 | Loss_Gen_p: +0.560 | W_Distance: +1.638 |
Epoch [470/1000] | Tau: 0.100 | Loss_C: -1.591 | Loss_P: +0.804 | Full_X_Acc: 86.9% | Loss_Gen: +1.753 | Retain: 4.0% | Mask_X_Acc: 65.1% | Loss_Gen_adv: +2.267 | Loss_Gen_l1: +0.040 | Loss_Gen_p: +0.559 | W_Distance: +1.656 |
Epoch [480/1000] | Tau: 0.100 | Loss_C: -1.600 | Loss_P: +0.803 | Full_X_Acc: 86.9% | Loss_Gen: +1.771 | Retain: 4.0% | Mask_X_Acc: 65.1% | Loss_Gen_adv: +2.303 | Loss_Gen_l1: +0.040 | Loss_Gen_p: +0.560 | W_Distance: +1.665 |
Epoch [490/1000] | Tau: 0.100 | Loss_C: -1.607 | Loss_P: +0.799 | Full_X_Acc: 86.9% | Loss_Gen: +1.786 | Retain: 4.0% | Mask_X_Acc: 65.1% | Loss_Gen_adv: +2.334 | Loss_Gen_l1: +0.040 | Loss_Gen_p: +0.559 | W_Distance: +1.673 |
Epoch [500/1000] | Tau: 0.100 | Loss_C: -1.613 | Loss_P: +0.798 | Full_X_Acc: 87.1% | Loss_Gen: +1.803 | Retain: 4.0% | Mask_X_Acc: 65.2% | Loss_Gen_adv: +2.367 | Loss_Gen_l1: +0.040 | Loss_Gen_p: +0.560 | W_Distance: +1.678 |
Epoch [510/1000] | Tau: 0.100 | Loss_C: -1.621 | Loss_P: +0.796 | Full_X_Acc: 87.4% | Loss_Gen: +1.817 | Retain: 4.0% | Mask_X_Acc: 65.2% | Loss_Gen_adv: +2.396 | Loss_Gen_l1: +0.040 | Loss_Gen_p: +0.559 | W_Distance: +1.687 |
Epoch [520/1000] | Tau: 0.100 | Loss_C: -1.632 | Loss_P: +0.794 | Full_X_Acc: 87.3% | Loss_Gen: +1.830 | Retain: 4.0% | Mask_X_Acc: 65.2% | Loss_Gen_adv: +2.422 | Loss_Gen_l1: +0.040 | Loss_Gen_p: +0.559 | W_Distance: +1.699 |
Epoch [530/1000] | Tau: 0.100 | Loss_C: -1.637 | Loss_P: +0.796 | Full_X_Acc: 87.0% | Loss_Gen: +1.846 | Retain: 4.0% | Mask_X_Acc: 65.3% | Loss_Gen_adv: +2.454 | Loss_Gen_l1: +0.040 | Loss_Gen_p: +0.559 | W_Distance: +1.704 |
Epoch [540/1000] | Tau: 0.100 | Loss_C: -1.642 | Loss_P: +0.796 | Full_X_Acc: 87.5% | Loss_Gen: +1.865 | Retain: 4.0% | Mask_X_Acc: 65.3% | Loss_Gen_adv: +2.492 | Loss_Gen_l1: +0.040 | Loss_Gen_p: +0.559 | W_Distance: +1.710 |
Epoch [550/1000] | Tau: 0.100 | Loss_C: -1.651 | Loss_P: +0.791 | Full_X_Acc: 87.5% | Loss_Gen: +1.885 | Retain: 4.0% | Mask_X_Acc: 65.3% | Loss_Gen_adv: +2.532 | Loss_Gen_l1: +0.040 | Loss_Gen_p: +0.559 | W_Distance: +1.720 |
Epoch [560/1000] | Tau: 0.100 | Loss_C: -1.659 | Loss_P: +0.790 | Full_X_Acc: 87.7% | Loss_Gen: +1.898 | Retain: 4.0% | Mask_X_Acc: 65.2% | Loss_Gen_adv: +2.560 | Loss_Gen_l1: +0.040 | Loss_Gen_p: +0.558 | W_Distance: +1.728 |
Epoch [570/1000] | Tau: 0.100 | Loss_C: -1.667 | Loss_P: +0.788 | Full_X_Acc: 87.6% | Loss_Gen: +1.913 | Retain: 4.0% | Mask_X_Acc: 65.5% | Loss_Gen_adv: +2.589 | Loss_Gen_l1: +0.040 | Loss_Gen_p: +0.559 | W_Distance: +1.737 |
Epoch [580/1000] | Tau: 0.100 | Loss_C: -1.673 | Loss_P: +0.788 | Full_X_Acc: 87.8% | Loss_Gen: +1.923 | Retain: 4.0% | Mask_X_Acc: 65.3% | Loss_Gen_adv: +2.610 | Loss_Gen_l1: +0.040 | Loss_Gen_p: +0.557 | W_Distance: +1.743 |
Epoch [590/1000] | Tau: 0.100 | Loss_C: -1.678 | Loss_P: +0.788 | Full_X_Acc: 87.7% | Loss_Gen: +1.938 | Retain: 4.0% | Mask_X_Acc: 65.3% | Loss_Gen_adv: +2.640 | Loss_Gen_l1: +0.040 | Loss_Gen_p: +0.558 | W_Distance: +1.749 |
Epoch [600/1000] | Tau: 0.100 | Loss_C: -1.684 | Loss_P: +0.783 | Full_X_Acc: 87.5% | Loss_Gen: +1.954 | Retain: 4.0% | Mask_X_Acc: 65.4% | Loss_Gen_adv: +2.672 | Loss_Gen_l1: +0.040 | Loss_Gen_p: +0.558 | W_Distance: +1.755 |
Epoch [610/1000] | Tau: 0.100 | Loss_C: -1.689 | Loss_P: +0.783 | Full_X_Acc: 87.9% | Loss_Gen: +1.968 | Retain: 4.0% | Mask_X_Acc: 65.4% | Loss_Gen_adv: +2.698 | Loss_Gen_l1: +0.040 | Loss_Gen_p: +0.559 | W_Distance: +1.760 |
Epoch [620/1000] | Tau: 0.100 | Loss_C: -1.693 | Loss_P: +0.782 | Full_X_Acc: 87.8% | Loss_Gen: +1.980 | Retain: 4.0% | Mask_X_Acc: 65.3% | Loss_Gen_adv: +2.722 | Loss_Gen_l1: +0.040 | Loss_Gen_p: +0.559 | W_Distance: +1.764 |
Epoch [630/1000] | Tau: 0.100 | Loss_C: -1.701 | Loss_P: +0.778 | Full_X_Acc: 88.0% | Loss_Gen: +1.992 | Retain: 4.0% | Mask_X_Acc: 65.5% | Loss_Gen_adv: +2.751 | Loss_Gen_l1: +0.040 | Loss_Gen_p: +0.557 | W_Distance: +1.773 |
Epoch [640/1000] | Tau: 0.100 | Loss_C: -1.701 | Loss_P: +0.782 | Full_X_Acc: 88.2% | Loss_Gen: +2.008 | Retain: 4.0% | Mask_X_Acc: 65.3% | Loss_Gen_adv: +2.782 | Loss_Gen_l1: +0.040 | Loss_Gen_p: +0.557 | W_Distance: +1.773 |
Epoch [650/1000] | Tau: 0.100 | Loss_C: -1.711 | Loss_P: +0.776 | Full_X_Acc: 88.1% | Loss_Gen: +2.023 | Retain: 4.0% | Mask_X_Acc: 65.3% | Loss_Gen_adv: +2.810 | Loss_Gen_l1: +0.040 | Loss_Gen_p: +0.558 | W_Distance: +1.783 |
Epoch [660/1000] | Tau: 0.100 | Loss_C: -1.715 | Loss_P: +0.776 | Full_X_Acc: 88.1% | Loss_Gen: +2.036 | Retain: 4.0% | Mask_X_Acc: 65.4% | Loss_Gen_adv: +2.835 | Loss_Gen_l1: +0.040 | Loss_Gen_p: +0.559 | W_Distance: +1.787 |
Epoch [670/1000] | Tau: 0.100 | Loss_C: -1.716 | Loss_P: +0.782 | Full_X_Acc: 87.9% | Loss_Gen: +2.050 | Retain: 4.0% | Mask_X_Acc: 65.2% | Loss_Gen_adv: +2.861 | Loss_Gen_l1: +0.040 | Loss_Gen_p: +0.559 | W_Distance: +1.788 |
Epoch [680/1000] | Tau: 0.100 | Loss_C: -1.721 | Loss_P: +0.775 | Full_X_Acc: 88.1% | Loss_Gen: +2.060 | Retain: 4.0% | Mask_X_Acc: 65.4% | Loss_Gen_adv: +2.885 | Loss_Gen_l1: +0.040 | Loss_Gen_p: +0.558 | W_Distance: +1.795 |
Epoch [690/1000] | Tau: 0.100 | Loss_C: -1.727 | Loss_P: +0.776 | Full_X_Acc: 88.1% | Loss_Gen: +2.074 | Retain: 4.0% | Mask_X_Acc: 65.4% | Loss_Gen_adv: +2.912 | Loss_Gen_l1: +0.040 | Loss_Gen_p: +0.558 | W_Distance: +1.801 |
Epoch [700/1000] | Tau: 0.100 | Loss_C: -1.731 | Loss_P: +0.771 | Full_X_Acc: 88.3% | Loss_Gen: +2.086 | Retain: 4.0% | Mask_X_Acc: 65.4% | Loss_Gen_adv: +2.937 | Loss_Gen_l1: +0.040 | Loss_Gen_p: +0.558 | W_Distance: +1.806 |
Epoch [710/1000] | Tau: 0.100 | Loss_C: -1.736 | Loss_P: +0.769 | Full_X_Acc: 88.1% | Loss_Gen: +2.092 | Retain: 4.0% | Mask_X_Acc: 65.4% | Loss_Gen_adv: +2.949 | Loss_Gen_l1: +0.040 | Loss_Gen_p: +0.557 | W_Distance: +1.811 |
Epoch [720/1000] | Tau: 0.100 | Loss_C: -1.735 | Loss_P: +0.768 | Full_X_Acc: 88.5% | Loss_Gen: +2.105 | Retain: 4.0% | Mask_X_Acc: 65.4% | Loss_Gen_adv: +2.974 | Loss_Gen_l1: +0.040 | Loss_Gen_p: +0.558 | W_Distance: +1.809 |
Epoch [730/1000] | Tau: 0.100 | Loss_C: -1.740 | Loss_P: +0.771 | Full_X_Acc: 88.2% | Loss_Gen: +2.114 | Retain: 4.0% | Mask_X_Acc: 65.3% | Loss_Gen_adv: +2.995 | Loss_Gen_l1: +0.040 | Loss_Gen_p: +0.557 | W_Distance: +1.814 |
Epoch [740/1000] | Tau: 0.100 | Loss_C: -1.743 | Loss_P: +0.771 | Full_X_Acc: 88.4% | Loss_Gen: +2.126 | Retain: 4.0% | Mask_X_Acc: 65.3% | Loss_Gen_adv: +3.015 | Loss_Gen_l1: +0.040 | Loss_Gen_p: +0.558 | W_Distance: +1.819 |
Epoch [750/1000] | Tau: 0.100 | Loss_C: -1.747 | Loss_P: +0.766 | Full_X_Acc: 88.6% | Loss_Gen: +2.137 | Retain: 4.0% | Mask_X_Acc: 65.4% | Loss_Gen_adv: +3.038 | Loss_Gen_l1: +0.040 | Loss_Gen_p: +0.558 | W_Distance: +1.822 |
Epoch [760/1000] | Tau: 0.100 | Loss_C: -1.752 | Loss_P: +0.771 | Full_X_Acc: 88.3% | Loss_Gen: +2.147 | Retain: 4.0% | Mask_X_Acc: 65.4% | Loss_Gen_adv: +3.057 | Loss_Gen_l1: +0.040 | Loss_Gen_p: +0.558 | W_Distance: +1.827 |
Epoch [770/1000] | Tau: 0.100 | Loss_C: -1.757 | Loss_P: +0.770 | Full_X_Acc: 88.2% | Loss_Gen: +2.158 | Retain: 4.0% | Mask_X_Acc: 65.4% | Loss_Gen_adv: +3.082 | Loss_Gen_l1: +0.040 | Loss_Gen_p: +0.557 | W_Distance: +1.833 |
Epoch [780/1000] | Tau: 0.100 | Loss_C: -1.760 | Loss_P: +0.767 | Full_X_Acc: 88.6% | Loss_Gen: +2.166 | Retain: 4.0% | Mask_X_Acc: 65.3% | Loss_Gen_adv: +3.096 | Loss_Gen_l1: +0.040 | Loss_Gen_p: +0.558 | W_Distance: +1.836 |
Epoch [790/1000] | Tau: 0.100 | Loss_C: -1.766 | Loss_P: +0.763 | Full_X_Acc: 88.5% | Loss_Gen: +2.177 | Retain: 4.0% | Mask_X_Acc: 65.5% | Loss_Gen_adv: +3.124 | Loss_Gen_l1: +0.040 | Loss_Gen_p: +0.555 | W_Distance: +1.842 |
Epoch [800/1000] | Tau: 0.100 | Loss_C: -1.766 | Loss_P: +0.764 | Full_X_Acc: 88.6% | Loss_Gen: +2.190 | Retain: 4.0% | Mask_X_Acc: 65.4% | Loss_Gen_adv: +3.142 | Loss_Gen_l1: +0.040 | Loss_Gen_p: +0.559 | W_Distance: +1.842 |
Epoch [810/1000] | Tau: 0.100 | Loss_C: -1.772 | Loss_P: +0.766 | Full_X_Acc: 88.7% | Loss_Gen: +2.200 | Retain: 4.0% | Mask_X_Acc: 65.4% | Loss_Gen_adv: +3.163 | Loss_Gen_l1: +0.040 | Loss_Gen_p: +0.559 | W_Distance: +1.849 |
Epoch [820/1000] | Tau: 0.100 | Loss_C: -1.774 | Loss_P: +0.763 | Full_X_Acc: 88.5% | Loss_Gen: +2.207 | Retain: 4.0% | Mask_X_Acc: 65.3% | Loss_Gen_adv: +3.176 | Loss_Gen_l1: +0.040 | Loss_Gen_p: +0.560 | W_Distance: +1.851 |
Epoch [830/1000] | Tau: 0.100 | Loss_C: -1.779 | Loss_P: +0.760 | Full_X_Acc: 88.6% | Loss_Gen: +2.213 | Retain: 4.0% | Mask_X_Acc: 65.4% | Loss_Gen_adv: +3.190 | Loss_Gen_l1: +0.040 | Loss_Gen_p: +0.558 | W_Distance: +1.856 |
Epoch [840/1000] | Tau: 0.100 | Loss_C: -1.782 | Loss_P: +0.762 | Full_X_Acc: 88.7% | Loss_Gen: +2.222 | Retain: 4.0% | Mask_X_Acc: 65.3% | Loss_Gen_adv: +3.210 | Loss_Gen_l1: +0.040 | Loss_Gen_p: +0.557 | W_Distance: +1.860 |
Epoch [850/1000] | Tau: 0.100 | Loss_C: -1.784 | Loss_P: +0.760 | Full_X_Acc: 88.5% | Loss_Gen: +2.232 | Retain: 4.0% | Mask_X_Acc: 65.4% | Loss_Gen_adv: +3.226 | Loss_Gen_l1: +0.040 | Loss_Gen_p: +0.559 | W_Distance: +1.861 |
Epoch [860/1000] | Tau: 0.100 | Loss_C: -1.794 | Loss_P: +0.759 | Full_X_Acc: 88.5% | Loss_Gen: +2.235 | Retain: 4.0% | Mask_X_Acc: 65.4% | Loss_Gen_adv: +3.237 | Loss_Gen_l1: +0.040 | Loss_Gen_p: +0.557 | W_Distance: +1.872 |
Epoch [870/1000] | Tau: 0.100 | Loss_C: -1.794 | Loss_P: +0.758 | Full_X_Acc: 88.8% | Loss_Gen: +2.241 | Retain: 4.0% | Mask_X_Acc: 65.4% | Loss_Gen_adv: +3.247 | Loss_Gen_l1: +0.040 | Loss_Gen_p: +0.558 | W_Distance: +1.873 |
Epoch [880/1000] | Tau: 0.100 | Loss_C: -1.791 | Loss_P: +0.758 | Full_X_Acc: 88.8% | Loss_Gen: +2.248 | Retain: 4.0% | Mask_X_Acc: 65.4% | Loss_Gen_adv: +3.263 | Loss_Gen_l1: +0.040 | Loss_Gen_p: +0.557 | W_Distance: +1.870 |
Epoch [890/1000] | Tau: 0.100 | Loss_C: -1.797 | Loss_P: +0.756 | Full_X_Acc: 88.7% | Loss_Gen: +2.256 | Retain: 4.0% | Mask_X_Acc: 65.4% | Loss_Gen_adv: +3.277 | Loss_Gen_l1: +0.040 | Loss_Gen_p: +0.558 | W_Distance: +1.876 |
Epoch [900/1000] | Tau: 0.100 | Loss_C: -1.805 | Loss_P: +0.755 | Full_X_Acc: 88.6% | Loss_Gen: +2.266 | Retain: 4.0% | Mask_X_Acc: 65.3% | Loss_Gen_adv: +3.295 | Loss_Gen_l1: +0.040 | Loss_Gen_p: +0.559 | W_Distance: +1.884 |
Epoch [910/1000] | Tau: 0.100 | Loss_C: -1.809 | Loss_P: +0.754 | Full_X_Acc: 88.7% | Loss_Gen: +2.273 | Retain: 4.0% | Mask_X_Acc: 65.3% | Loss_Gen_adv: +3.313 | Loss_Gen_l1: +0.040 | Loss_Gen_p: +0.557 | W_Distance: +1.889 |
Epoch [920/1000] | Tau: 0.100 | Loss_C: -1.806 | Loss_P: +0.754 | Full_X_Acc: 88.8% | Loss_Gen: +2.277 | Retain: 4.0% | Mask_X_Acc: 65.4% | Loss_Gen_adv: +3.323 | Loss_Gen_l1: +0.040 | Loss_Gen_p: +0.556 | W_Distance: +1.886 |
Epoch [930/1000] | Tau: 0.100 | Loss_C: -1.810 | Loss_P: +0.757 | Full_X_Acc: 88.7% | Loss_Gen: +2.282 | Retain: 4.0% | Mask_X_Acc: 65.3% | Loss_Gen_adv: +3.335 | Loss_Gen_l1: +0.040 | Loss_Gen_p: +0.554 | W_Distance: +1.890 |
Epoch [940/1000] | Tau: 0.100 | Loss_C: -1.811 | Loss_P: +0.755 | Full_X_Acc: 88.7% | Loss_Gen: +2.293 | Retain: 4.0% | Mask_X_Acc: 65.2% | Loss_Gen_adv: +3.350 | Loss_Gen_l1: +0.040 | Loss_Gen_p: +0.558 | W_Distance: +1.891 |
Epoch [950/1000] | Tau: 0.100 | Loss_C: -1.816 | Loss_P: +0.752 | Full_X_Acc: 88.8% | Loss_Gen: +2.295 | Retain: 4.0% | Mask_X_Acc: 65.4% | Loss_Gen_adv: +3.359 | Loss_Gen_l1: +0.040 | Loss_Gen_p: +0.556 | W_Distance: +1.896 |
Epoch [960/1000] | Tau: 0.100 | Loss_C: -1.816 | Loss_P: +0.753 | Full_X_Acc: 88.6% | Loss_Gen: +2.306 | Retain: 4.0% | Mask_X_Acc: 65.3% | Loss_Gen_adv: +3.379 | Loss_Gen_l1: +0.040 | Loss_Gen_p: +0.556 | W_Distance: +1.896 |
Epoch [970/1000] | Tau: 0.100 | Loss_C: -1.821 | Loss_P: +0.750 | Full_X_Acc: 88.7% | Loss_Gen: +2.307 | Retain: 4.0% | Mask_X_Acc: 65.3% | Loss_Gen_adv: +3.382 | Loss_Gen_l1: +0.040 | Loss_Gen_p: +0.557 | W_Distance: +1.902 |
Epoch [980/1000] | Tau: 0.100 | Loss_C: -1.822 | Loss_P: +0.756 | Full_X_Acc: 88.8% | Loss_Gen: +2.314 | Retain: 4.0% | Mask_X_Acc: 65.4% | Loss_Gen_adv: +3.394 | Loss_Gen_l1: +0.040 | Loss_Gen_p: +0.557 | W_Distance: +1.903 |
Epoch [990/1000] | Tau: 0.100 | Loss_C: -1.829 | Loss_P: +0.751 | Full_X_Acc: 88.8% | Loss_Gen: +2.323 | Retain: 4.0% | Mask_X_Acc: 65.3% | Loss_Gen_adv: +3.415 | Loss_Gen_l1: +0.040 | Loss_Gen_p: +0.555 | W_Distance: +1.911 |
Epoch [1000/1000] | Tau: 0.100 | Loss_C: -1.828 | Loss_P: +0.754 | Full_X_Acc: 88.8% | Loss_Gen: +2.331 | Retain: 4.0% | Mask_X_Acc: 65.3% | Loss_Gen_adv: +3.430 | Loss_Gen_l1: +0.040 | Loss_Gen_p: +0.556 | W_Distance: +1.909 |
[Export] 训练历史已保存至 'output/run_20260717_213927/history.npz'

[System] 开始在测试集上进行推理评估...
==================================================
🎯 测试集推理报告 (Shared Architecture)
==================================================
• 测试集准确率:     65.70%
• TPR (召回率):     56.08%
• FDR (误发现率):   38.24%
• 平均保留特征数量: 4.0 / 100
• 整体保留率:       3.99%
--------------------------------------------------
🧩 Top 12 最常被选中的特征
--------------------------------------------------
Top 01: 特征 Index 006 | 被选次数: 3993 次 ( 99.8%) | ★ [真实关联]
Top 02: 特征 Index 009 | 被选次数: 3993 次 ( 99.8%) | ★ [真实关联]
Top 03: 特征 Index 010 | 被选次数: 3987 次 ( 99.7%) | ★ [真实关联]
Top 04: 特征 Index 008 | 被选次数: 3980 次 ( 99.5%) | ★ [真实关联]
Top 05: 特征 Index 095 | 被选次数:    0 次 (  0.0%) |   [纯噪声]
Top 06: 特征 Index 094 | 被选次数:    0 次 (  0.0%) |   [纯噪声]
Top 07: 特征 Index 093 | 被选次数:    0 次 (  0.0%) |   [纯噪声]
Top 08: 特征 Index 092 | 被选次数:    0 次 (  0.0%) |   [纯噪声]
Top 09: 特征 Index 091 | 被选次数:    0 次 (  0.0%) |   [纯噪声]
Top 10: 特征 Index 090 | 被选次数:    0 次 (  0.0%) |   [纯噪声]
Top 11: 特征 Index 089 | 被选次数:    0 次 (  0.0%) |   [纯噪声]
Top 12: 特征 Index 088 | 被选次数:    0 次 (  0.0%) |   [纯噪声]
==================================================
[Export] 测试集数组已保存至 'output/run_20260717_213927/test_arrays.npz'
[Export] 特征索引已保存至 'output/run_20260717_213927/selected_feature_indices.npy'
[Export] 模型权重已保存至 'output/run_20260717_213927/generator_model.pth'

[Visualization] 运行双视角 t-SNE 降维 (样本数: 4000)...
[Visualization] 降维: 原始掩码特征 (Before Ext)...
[Visualization] 降维: 隐空间特征 (After Ext)...
[Visualization] 对比 t-SNE 已保存至: 'output/run_20260717_213927/fig3_tsne_comparison.png'

