[System] Run dir: output/run_20260717_204921
[System] 正在使用 cuda 进行计算...

[System] 开始训练多任务共享特征架构...
Epoch [010/500] | Tau: 0.951 | Loss_C: +0.137 | Loss_P: +1.319 | Full_X_Acc: 64.6% | Loss_Gen: +0.759 | Retain: 46.4% | Mask_X_Acc: 59.2% | Loss_Gen_adv: +0.126 | Loss_Gen_l1: +0.464 | Loss_Gen_p: +0.672 | W_Distance: -0.029 |
Epoch [020/500] | Tau: 0.905 | Loss_C: +0.056 | Loss_P: +1.276 | Full_X_Acc: 67.6% | Loss_Gen: +0.645 | Retain: 40.4% | Mask_X_Acc: 59.0% | Loss_Gen_adv: +0.079 | Loss_Gen_l1: +0.404 | Loss_Gen_p: +0.662 | W_Distance: +0.027 |
Epoch [030/500] | Tau: 0.860 | Loss_C: -0.065 | Loss_P: +1.253 | Full_X_Acc: 68.5% | Loss_Gen: +0.503 | Retain: 31.2% | Mask_X_Acc: 58.0% | Loss_Gen_adv: +0.070 | Loss_Gen_l1: +0.312 | Loss_Gen_p: +0.671 | W_Distance: +0.119 |
Epoch [040/500] | Tau: 0.818 | Loss_C: -0.299 | Loss_P: +1.239 | Full_X_Acc: 70.1% | Loss_Gen: +0.328 | Retain: 20.1% | Mask_X_Acc: 55.3% | Loss_Gen_adv: +0.052 | Loss_Gen_l1: +0.201 | Loss_Gen_p: +0.681 | W_Distance: +0.342 |
Epoch [050/500] | Tau: 0.778 | Loss_C: -0.657 | Loss_P: +1.225 | Full_X_Acc: 71.2% | Loss_Gen: +0.194 | Retain: 10.3% | Mask_X_Acc: 53.5% | Loss_Gen_adv: +0.077 | Loss_Gen_l1: +0.103 | Loss_Gen_p: +0.688 | W_Distance: +0.695 |
Epoch [060/500] | Tau: 0.740 | Loss_C: -1.033 | Loss_P: +1.203 | Full_X_Acc: 73.1% | Loss_Gen: +0.134 | Retain: 4.3% | Mask_X_Acc: 52.7% | Loss_Gen_adv: +0.138 | Loss_Gen_l1: +0.043 | Loss_Gen_p: +0.689 | W_Distance: +1.059 |
Epoch [070/500] | Tau: 0.704 | Loss_C: -1.281 | Loss_P: +1.177 | Full_X_Acc: 74.9% | Loss_Gen: +0.121 | Retain: 1.9% | Mask_X_Acc: 52.7% | Loss_Gen_adv: +0.184 | Loss_Gen_l1: +0.019 | Loss_Gen_p: +0.689 | W_Distance: +1.333 |
Epoch [080/500] | Tau: 0.670 | Loss_C: -1.356 | Loss_P: +1.146 | Full_X_Acc: 76.5% | Loss_Gen: +0.111 | Retain: 1.3% | Mask_X_Acc: 53.5% | Loss_Gen_adv: +0.182 | Loss_Gen_l1: +0.013 | Loss_Gen_p: +0.685 | W_Distance: +1.421 |
Epoch [090/500] | Tau: 0.637 | Loss_C: -1.295 | Loss_P: +1.116 | Full_X_Acc: 78.7% | Loss_Gen: +0.070 | Retain: 1.4% | Mask_X_Acc: 56.0% | Loss_Gen_adv: +0.098 | Loss_Gen_l1: +0.014 | Loss_Gen_p: +0.683 | W_Distance: +1.352 |
Epoch [100/500] | Tau: 0.606 | Loss_C: -1.117 | Loss_P: +1.075 | Full_X_Acc: 80.2% | Loss_Gen: -0.002 | Retain: 1.7% | Mask_X_Acc: 57.9% | Loss_Gen_adv: -0.054 | Loss_Gen_l1: +0.017 | Loss_Gen_p: +0.674 | W_Distance: +1.159 |
Epoch [110/500] | Tau: 0.576 | Loss_C: -0.972 | Loss_P: +1.045 | Full_X_Acc: 81.3% | Loss_Gen: -0.040 | Retain: 2.0% | Mask_X_Acc: 59.8% | Loss_Gen_adv: -0.140 | Loss_Gen_l1: +0.020 | Loss_Gen_p: +0.662 | W_Distance: +1.004 |
Epoch [120/500] | Tau: 0.548 | Loss_C: -0.949 | Loss_P: +1.012 | Full_X_Acc: 82.9% | Loss_Gen: -0.021 | Retain: 2.2% | Mask_X_Acc: 60.7% | Loss_Gen_adv: -0.106 | Loss_Gen_l1: +0.022 | Loss_Gen_p: +0.647 | W_Distance: +0.980 |
Epoch [130/500] | Tau: 0.521 | Loss_C: -1.006 | Loss_P: +0.984 | Full_X_Acc: 83.9% | Loss_Gen: +0.023 | Retain: 2.2% | Mask_X_Acc: 60.2% | Loss_Gen_adv: -0.019 | Loss_Gen_l1: +0.022 | Loss_Gen_p: +0.640 | W_Distance: +1.039 |
Epoch [140/500] | Tau: 0.496 | Loss_C: -1.074 | Loss_P: +0.963 | Full_X_Acc: 85.2% | Loss_Gen: +0.070 | Retain: 2.1% | Mask_X_Acc: 61.2% | Loss_Gen_adv: +0.076 | Loss_Gen_l1: +0.021 | Loss_Gen_p: +0.635 | W_Distance: +1.108 |
Epoch [150/500] | Tau: 0.471 | Loss_C: -1.150 | Loss_P: +0.938 | Full_X_Acc: 86.2% | Loss_Gen: +0.133 | Retain: 2.1% | Mask_X_Acc: 60.8% | Loss_Gen_adv: +0.202 | Loss_Gen_l1: +0.021 | Loss_Gen_p: +0.634 | W_Distance: +1.186 |
Epoch [160/500] | Tau: 0.448 | Loss_C: -1.223 | Loss_P: +0.919 | Full_X_Acc: 87.2% | Loss_Gen: +0.190 | Retain: 2.1% | Mask_X_Acc: 60.8% | Loss_Gen_adv: +0.318 | Loss_Gen_l1: +0.021 | Loss_Gen_p: +0.635 | W_Distance: +1.262 |
Epoch [170/500] | Tau: 0.427 | Loss_C: -1.276 | Loss_P: +0.902 | Full_X_Acc: 88.0% | Loss_Gen: +0.267 | Retain: 2.1% | Mask_X_Acc: 60.4% | Loss_Gen_adv: +0.472 | Loss_Gen_l1: +0.021 | Loss_Gen_p: +0.637 | W_Distance: +1.319 |
Epoch [180/500] | Tau: 0.406 | Loss_C: -1.327 | Loss_P: +0.886 | Full_X_Acc: 89.2% | Loss_Gen: +0.325 | Retain: 2.1% | Mask_X_Acc: 61.3% | Loss_Gen_adv: +0.588 | Loss_Gen_l1: +0.021 | Loss_Gen_p: +0.636 | W_Distance: +1.374 |
Epoch [190/500] | Tau: 0.386 | Loss_C: -1.363 | Loss_P: +0.864 | Full_X_Acc: 89.8% | Loss_Gen: +0.378 | Retain: 2.1% | Mask_X_Acc: 61.0% | Loss_Gen_adv: +0.693 | Loss_Gen_l1: +0.021 | Loss_Gen_p: +0.637 | W_Distance: +1.413 |
Epoch [200/500] | Tau: 0.367 | Loss_C: -1.398 | Loss_P: +0.854 | Full_X_Acc: 90.6% | Loss_Gen: +0.432 | Retain: 2.1% | Mask_X_Acc: 61.3% | Loss_Gen_adv: +0.799 | Loss_Gen_l1: +0.021 | Loss_Gen_p: +0.632 | W_Distance: +1.450 |
Epoch [210/500] | Tau: 0.349 | Loss_C: -1.424 | Loss_P: +0.839 | Full_X_Acc: 90.8% | Loss_Gen: +0.484 | Retain: 2.2% | Mask_X_Acc: 61.3% | Loss_Gen_adv: +0.902 | Loss_Gen_l1: +0.022 | Loss_Gen_p: +0.628 | W_Distance: +1.478 |
Epoch [220/500] | Tau: 0.332 | Loss_C: -1.444 | Loss_P: +0.826 | Full_X_Acc: 90.9% | Loss_Gen: +0.538 | Retain: 2.3% | Mask_X_Acc: 61.4% | Loss_Gen_adv: +1.006 | Loss_Gen_l1: +0.023 | Loss_Gen_p: +0.627 | W_Distance: +1.498 |
Epoch [230/500] | Tau: 0.316 | Loss_C: -1.457 | Loss_P: +0.808 | Full_X_Acc: 91.4% | Loss_Gen: +0.594 | Retain: 2.6% | Mask_X_Acc: 62.4% | Loss_Gen_adv: +1.110 | Loss_Gen_l1: +0.026 | Loss_Gen_p: +0.618 | W_Distance: +1.514 |
Epoch [240/500] | Tau: 0.300 | Loss_C: -1.478 | Loss_P: +0.787 | Full_X_Acc: 91.9% | Loss_Gen: +0.637 | Retain: 2.8% | Mask_X_Acc: 63.2% | Loss_Gen_adv: +1.189 | Loss_Gen_l1: +0.028 | Loss_Gen_p: +0.604 | W_Distance: +1.535 |
Epoch [250/500] | Tau: 0.286 | Loss_C: -1.499 | Loss_P: +0.769 | Full_X_Acc: 92.3% | Loss_Gen: +0.686 | Retain: 3.0% | Mask_X_Acc: 63.9% | Loss_Gen_adv: +1.282 | Loss_Gen_l1: +0.030 | Loss_Gen_p: +0.597 | W_Distance: +1.558 |
Epoch [260/500] | Tau: 0.272 | Loss_C: -1.524 | Loss_P: +0.753 | Full_X_Acc: 92.6% | Loss_Gen: +0.736 | Retain: 3.0% | Mask_X_Acc: 64.4% | Loss_Gen_adv: +1.380 | Loss_Gen_l1: +0.030 | Loss_Gen_p: +0.592 | W_Distance: +1.587 |
Epoch [270/500] | Tau: 0.258 | Loss_C: -1.547 | Loss_P: +0.743 | Full_X_Acc: 93.0% | Loss_Gen: +0.767 | Retain: 3.1% | Mask_X_Acc: 64.2% | Loss_Gen_adv: +1.442 | Loss_Gen_l1: +0.031 | Loss_Gen_p: +0.584 | W_Distance: +1.610 |
Epoch [280/500] | Tau: 0.246 | Loss_C: -1.554 | Loss_P: +0.734 | Full_X_Acc: 93.5% | Loss_Gen: +0.810 | Retain: 3.1% | Mask_X_Acc: 64.1% | Loss_Gen_adv: +1.527 | Loss_Gen_l1: +0.031 | Loss_Gen_p: +0.589 | W_Distance: +1.618 |
Epoch [290/500] | Tau: 0.234 | Loss_C: -1.576 | Loss_P: +0.725 | Full_X_Acc: 94.1% | Loss_Gen: +0.848 | Retain: 3.1% | Mask_X_Acc: 64.0% | Loss_Gen_adv: +1.603 | Loss_Gen_l1: +0.031 | Loss_Gen_p: +0.583 | W_Distance: +1.640 |
Epoch [300/500] | Tau: 0.222 | Loss_C: -1.580 | Loss_P: +0.725 | Full_X_Acc: 94.0% | Loss_Gen: +0.893 | Retain: 3.1% | Mask_X_Acc: 64.0% | Loss_Gen_adv: +1.692 | Loss_Gen_l1: +0.031 | Loss_Gen_p: +0.581 | W_Distance: +1.645 |
Epoch [310/500] | Tau: 0.211 | Loss_C: -1.596 | Loss_P: +0.726 | Full_X_Acc: 94.6% | Loss_Gen: +0.920 | Retain: 3.1% | Mask_X_Acc: 64.3% | Loss_Gen_adv: +1.747 | Loss_Gen_l1: +0.031 | Loss_Gen_p: +0.589 | W_Distance: +1.661 |
Epoch [320/500] | Tau: 0.201 | Loss_C: -1.611 | Loss_P: +0.722 | Full_X_Acc: 94.9% | Loss_Gen: +0.955 | Retain: 3.1% | Mask_X_Acc: 64.7% | Loss_Gen_adv: +1.817 | Loss_Gen_l1: +0.031 | Loss_Gen_p: +0.596 | W_Distance: +1.676 |
Epoch [330/500] | Tau: 0.191 | Loss_C: -1.631 | Loss_P: +0.719 | Full_X_Acc: 94.7% | Loss_Gen: +0.986 | Retain: 3.0% | Mask_X_Acc: 65.0% | Loss_Gen_adv: +1.882 | Loss_Gen_l1: +0.030 | Loss_Gen_p: +0.599 | W_Distance: +1.697 |
Epoch [340/500] | Tau: 0.182 | Loss_C: -1.646 | Loss_P: +0.719 | Full_X_Acc: 95.4% | Loss_Gen: +1.035 | Retain: 3.0% | Mask_X_Acc: 64.3% | Loss_Gen_adv: +1.980 | Loss_Gen_l1: +0.030 | Loss_Gen_p: +0.601 | W_Distance: +1.713 |
Epoch [350/500] | Tau: 0.173 | Loss_C: -1.666 | Loss_P: +0.717 | Full_X_Acc: 95.6% | Loss_Gen: +1.088 | Retain: 3.0% | Mask_X_Acc: 64.9% | Loss_Gen_adv: +2.085 | Loss_Gen_l1: +0.030 | Loss_Gen_p: +0.601 | W_Distance: +1.736 |
Epoch [360/500] | Tau: 0.165 | Loss_C: -1.682 | Loss_P: +0.715 | Full_X_Acc: 95.8% | Loss_Gen: +1.136 | Retain: 3.1% | Mask_X_Acc: 65.3% | Loss_Gen_adv: +2.180 | Loss_Gen_l1: +0.031 | Loss_Gen_p: +0.597 | W_Distance: +1.752 |
Epoch [370/500] | Tau: 0.157 | Loss_C: -1.685 | Loss_P: +0.697 | Full_X_Acc: 96.0% | Loss_Gen: +1.187 | Retain: 3.1% | Mask_X_Acc: 64.7% | Loss_Gen_adv: +2.281 | Loss_Gen_l1: +0.031 | Loss_Gen_p: +0.595 | W_Distance: +1.764 |
Epoch [380/500] | Tau: 0.149 | Loss_C: -1.685 | Loss_P: +0.701 | Full_X_Acc: 96.1% | Loss_Gen: +1.246 | Retain: 3.1% | Mask_X_Acc: 65.0% | Loss_Gen_adv: +2.398 | Loss_Gen_l1: +0.031 | Loss_Gen_p: +0.595 | W_Distance: +1.768 |
Epoch [390/500] | Tau: 0.142 | Loss_C: -1.716 | Loss_P: +0.689 | Full_X_Acc: 96.3% | Loss_Gen: +1.286 | Retain: 3.2% | Mask_X_Acc: 64.5% | Loss_Gen_adv: +2.477 | Loss_Gen_l1: +0.032 | Loss_Gen_p: +0.589 | W_Distance: +1.793 |
Epoch [400/500] | Tau: 0.135 | Loss_C: -1.733 | Loss_P: +0.691 | Full_X_Acc: 96.8% | Loss_Gen: +1.325 | Retain: 3.2% | Mask_X_Acc: 64.5% | Loss_Gen_adv: +2.554 | Loss_Gen_l1: +0.032 | Loss_Gen_p: +0.586 | W_Distance: +1.807 |
Epoch [410/500] | Tau: 0.128 | Loss_C: -1.748 | Loss_P: +0.686 | Full_X_Acc: 96.8% | Loss_Gen: +1.361 | Retain: 3.2% | Mask_X_Acc: 64.7% | Loss_Gen_adv: +2.627 | Loss_Gen_l1: +0.032 | Loss_Gen_p: +0.590 | W_Distance: +1.823 |
Epoch [420/500] | Tau: 0.122 | Loss_C: -1.764 | Loss_P: +0.683 | Full_X_Acc: 96.9% | Loss_Gen: +1.402 | Retain: 3.2% | Mask_X_Acc: 65.2% | Loss_Gen_adv: +2.709 | Loss_Gen_l1: +0.032 | Loss_Gen_p: +0.589 | W_Distance: +1.841 |
Epoch [430/500] | Tau: 0.116 | Loss_C: -1.770 | Loss_P: +0.679 | Full_X_Acc: 97.1% | Loss_Gen: +1.435 | Retain: 3.2% | Mask_X_Acc: 65.0% | Loss_Gen_adv: +2.774 | Loss_Gen_l1: +0.032 | Loss_Gen_p: +0.588 | W_Distance: +1.846 |
Epoch [440/500] | Tau: 0.110 | Loss_C: -1.772 | Loss_P: +0.674 | Full_X_Acc: 97.0% | Loss_Gen: +1.467 | Retain: 3.2% | Mask_X_Acc: 64.7% | Loss_Gen_adv: +2.839 | Loss_Gen_l1: +0.032 | Loss_Gen_p: +0.583 | W_Distance: +1.848 |
Epoch [450/500] | Tau: 0.105 | Loss_C: -1.788 | Loss_P: +0.673 | Full_X_Acc: 97.3% | Loss_Gen: +1.507 | Retain: 3.2% | Mask_X_Acc: 65.0% | Loss_Gen_adv: +2.916 | Loss_Gen_l1: +0.032 | Loss_Gen_p: +0.590 | W_Distance: +1.867 |
Epoch [460/500] | Tau: 0.100 | Loss_C: -1.797 | Loss_P: +0.668 | Full_X_Acc: 97.2% | Loss_Gen: +1.543 | Retain: 3.2% | Mask_X_Acc: 65.1% | Loss_Gen_adv: +2.989 | Loss_Gen_l1: +0.032 | Loss_Gen_p: +0.580 | W_Distance: +1.875 |
Epoch [470/500] | Tau: 0.100 | Loss_C: -1.812 | Loss_P: +0.664 | Full_X_Acc: 97.5% | Loss_Gen: +1.571 | Retain: 3.3% | Mask_X_Acc: 65.6% | Loss_Gen_adv: +3.044 | Loss_Gen_l1: +0.033 | Loss_Gen_p: +0.582 | W_Distance: +1.891 |
Epoch [480/500] | Tau: 0.100 | Loss_C: -1.814 | Loss_P: +0.667 | Full_X_Acc: 97.2% | Loss_Gen: +1.605 | Retain: 3.3% | Mask_X_Acc: 65.1% | Loss_Gen_adv: +3.112 | Loss_Gen_l1: +0.033 | Loss_Gen_p: +0.587 | W_Distance: +1.893 |
Epoch [490/500] | Tau: 0.100 | Loss_C: -1.826 | Loss_P: +0.663 | Full_X_Acc: 97.4% | Loss_Gen: +1.631 | Retain: 3.3% | Mask_X_Acc: 65.1% | Loss_Gen_adv: +3.162 | Loss_Gen_l1: +0.033 | Loss_Gen_p: +0.585 | W_Distance: +1.906 |
Epoch [500/500] | Tau: 0.100 | Loss_C: -1.836 | Loss_P: +0.666 | Full_X_Acc: 97.7% | Loss_Gen: +1.665 | Retain: 3.3% | Mask_X_Acc: 65.1% | Loss_Gen_adv: +3.231 | Loss_Gen_l1: +0.033 | Loss_Gen_p: +0.581 | W_Distance: +1.918 |
[Export] 训练历史已保存至 'output/run_20260717_204921/history.npz'

[System] 开始在测试集上进行推理评估...
==================================================
🎯 测试集推理报告 (Shared Architecture)
==================================================
• 测试集准确率:     62.20%
• TPR (召回率):     43.61%
• FDR (误发现率):   42.70%
• 平均保留特征数量: 3.3 / 100
• 整体保留率:       3.32%
--------------------------------------------------
🧩 Top 12 最常被选中的特征
--------------------------------------------------
Top 01: 特征 Index 006 | 被选次数: 1993 次 ( 99.7%) | ★ [真实关联]
Top 02: 特征 Index 009 | 被选次数: 1942 次 ( 97.1%) | ★ [真实关联]
Top 03: 特征 Index 010 | 被选次数: 1561 次 ( 78.1%) | ★ [真实关联]
Top 04: 特征 Index 008 | 被选次数:  840 次 ( 42.0%) | ★ [真实关联]
Top 05: 特征 Index 078 | 被选次数:  301 次 ( 15.1%) |   [纯噪声]
Top 06: 特征 Index 050 | 被选次数:    1 次 (  0.1%) |   [纯噪声]
Top 07: 特征 Index 001 | 被选次数:    1 次 (  0.1%) | ★ [真实关联]
Top 08: 特征 Index 095 | 被选次数:    0 次 (  0.0%) |   [纯噪声]
Top 09: 特征 Index 096 | 被选次数:    0 次 (  0.0%) |   [纯噪声]
Top 10: 特征 Index 090 | 被选次数:    0 次 (  0.0%) |   [纯噪声]
Top 11: 特征 Index 089 | 被选次数:    0 次 (  0.0%) |   [纯噪声]
Top 12: 特征 Index 092 | 被选次数:    0 次 (  0.0%) |   [纯噪声]
==================================================
[Export] 测试集数组已保存至 'output/run_20260717_204921/test_arrays.npz'
[Export] 特征索引已保存至 'output/run_20260717_204921/selected_feature_indices.npy'
[Export] 模型权重已保存至 'output/run_20260717_204921/generator_model.pth'

[Visualization] 运行双视角 t-SNE 降维 (样本数: 2000)...
[Visualization] 降维: 原始掩码特征 (Before Ext)...
[Visualization] 降维: 隐空间特征 (After Ext)...
[Visualization] 对比 t-SNE 已保存至: 'output/run_20260717_204921/fig3_tsne_comparison.png'

