[System] Run dir: output/run_20260818_192126
[System] 正在使用 cuda 进行计算...

[System] 开始训练多任务共享特征架构...
Epoch [010/1000] | Tau: 0.951 | Loss_C: +0.083 | Loss_P: +0.517 | Full_X_Acc: 53.8% | Loss_Gen: +0.894 | Retain: 47.2% | Mask_X_Acc: 52.1% | Loss_Gen_adv: +0.060 | Loss_Gen_l1: +0.472 | Loss_Gen_p: +0.692 | W_Distance: -0.003 |
Epoch [020/1000] | Tau: 0.905 | Loss_C: +0.076 | Loss_P: +0.515 | Full_X_Acc: 56.3% | Loss_Gen: +0.867 | Retain: 42.7% | Mask_X_Acc: 52.4% | Loss_Gen_adv: +0.047 | Loss_Gen_l1: +0.427 | Loss_Gen_p: +0.691 | W_Distance: -0.005 |
Epoch [030/1000] | Tau: 0.860 | Loss_C: +0.079 | Loss_P: +0.510 | Full_X_Acc: 58.7% | Loss_Gen: +0.800 | Retain: 35.8% | Mask_X_Acc: 53.2% | Loss_Gen_adv: -0.001 | Loss_Gen_l1: +0.358 | Loss_Gen_p: +0.694 | W_Distance: -0.009 |
Epoch [040/1000] | Tau: 0.818 | Loss_C: +0.079 | Loss_P: +0.505 | Full_X_Acc: 61.1% | Loss_Gen: +0.710 | Retain: 27.2% | Mask_X_Acc: 53.1% | Loss_Gen_adv: -0.066 | Loss_Gen_l1: +0.272 | Loss_Gen_p: +0.695 | W_Distance: -0.006 |
Epoch [050/1000] | Tau: 0.778 | Loss_C: +0.124 | Loss_P: +0.500 | Full_X_Acc: 63.2% | Loss_Gen: +0.685 | Retain: 18.6% | Mask_X_Acc: 52.9% | Loss_Gen_adv: -0.070 | Loss_Gen_l1: +0.186 | Loss_Gen_p: +0.699 | W_Distance: -0.005 |
Epoch [060/1000] | Tau: 0.740 | Loss_C: +0.133 | Loss_P: +0.491 | Full_X_Acc: 66.0% | Loss_Gen: +0.663 | Retain: 12.0% | Mask_X_Acc: 52.6% | Loss_Gen_adv: -0.083 | Loss_Gen_l1: +0.120 | Loss_Gen_p: +0.710 | W_Distance: -0.005 |
Epoch [070/1000] | Tau: 0.704 | Loss_C: +0.086 | Loss_P: +0.483 | Full_X_Acc: 68.5% | Loss_Gen: +0.635 | Retain: 8.1% | Mask_X_Acc: 53.0% | Loss_Gen_adv: -0.108 | Loss_Gen_l1: +0.081 | Loss_Gen_p: +0.719 | W_Distance: -0.003 |
Epoch [080/1000] | Tau: 0.670 | Loss_C: +0.056 | Loss_P: +0.478 | Full_X_Acc: 70.3% | Loss_Gen: +0.627 | Retain: 5.9% | Mask_X_Acc: 52.9% | Loss_Gen_adv: -0.115 | Loss_Gen_l1: +0.059 | Loss_Gen_p: +0.724 | W_Distance: -0.000 |
Epoch [090/1000] | Tau: 0.637 | Loss_C: +0.035 | Loss_P: +0.471 | Full_X_Acc: 71.5% | Loss_Gen: +0.646 | Retain: 4.7% | Mask_X_Acc: 52.4% | Loss_Gen_adv: -0.101 | Loss_Gen_l1: +0.047 | Loss_Gen_p: +0.733 | W_Distance: +0.002 |
Epoch [100/1000] | Tau: 0.606 | Loss_C: +0.022 | Loss_P: +0.467 | Full_X_Acc: 72.9% | Loss_Gen: +0.645 | Retain: 4.0% | Mask_X_Acc: 53.0% | Loss_Gen_adv: -0.101 | Loss_Gen_l1: +0.040 | Loss_Gen_p: +0.734 | W_Distance: +0.002 |
Epoch [110/1000] | Tau: 0.576 | Loss_C: +0.010 | Loss_P: +0.464 | Full_X_Acc: 73.8% | Loss_Gen: +0.643 | Retain: 3.6% | Mask_X_Acc: 54.6% | Loss_Gen_adv: -0.108 | Loss_Gen_l1: +0.036 | Loss_Gen_p: +0.741 | W_Distance: +0.004 |
Epoch [120/1000] | Tau: 0.548 | Loss_C: +0.004 | Loss_P: +0.458 | Full_X_Acc: 74.7% | Loss_Gen: +0.655 | Retain: 3.4% | Mask_X_Acc: 54.5% | Loss_Gen_adv: -0.098 | Loss_Gen_l1: +0.034 | Loss_Gen_p: +0.742 | W_Distance: +0.005 |
Epoch [130/1000] | Tau: 0.521 | Loss_C: +0.004 | Loss_P: +0.453 | Full_X_Acc: 75.6% | Loss_Gen: +0.667 | Retain: 3.4% | Mask_X_Acc: 54.1% | Loss_Gen_adv: -0.085 | Loss_Gen_l1: +0.034 | Loss_Gen_p: +0.742 | W_Distance: +0.004 |
Epoch [140/1000] | Tau: 0.496 | Loss_C: +0.002 | Loss_P: +0.449 | Full_X_Acc: 76.0% | Loss_Gen: +0.696 | Retain: 3.4% | Mask_X_Acc: 54.7% | Loss_Gen_adv: -0.060 | Loss_Gen_l1: +0.034 | Loss_Gen_p: +0.746 | W_Distance: +0.004 |
Epoch [150/1000] | Tau: 0.471 | Loss_C: +0.001 | Loss_P: +0.446 | Full_X_Acc: 76.6% | Loss_Gen: +0.724 | Retain: 3.5% | Mask_X_Acc: 54.4% | Loss_Gen_adv: -0.034 | Loss_Gen_l1: +0.035 | Loss_Gen_p: +0.747 | W_Distance: +0.005 |
Epoch [160/1000] | Tau: 0.448 | Loss_C: -0.001 | Loss_P: +0.442 | Full_X_Acc: 77.2% | Loss_Gen: +0.752 | Retain: 3.7% | Mask_X_Acc: 54.6% | Loss_Gen_adv: -0.003 | Loss_Gen_l1: +0.037 | Loss_Gen_p: +0.744 | W_Distance: +0.006 |
Epoch [170/1000] | Tau: 0.427 | Loss_C: -0.002 | Loss_P: +0.441 | Full_X_Acc: 77.5% | Loss_Gen: +0.780 | Retain: 3.8% | Mask_X_Acc: 55.7% | Loss_Gen_adv: +0.023 | Loss_Gen_l1: +0.038 | Loss_Gen_p: +0.746 | W_Distance: +0.007 |
Epoch [180/1000] | Tau: 0.406 | Loss_C: -0.004 | Loss_P: +0.435 | Full_X_Acc: 78.0% | Loss_Gen: +0.821 | Retain: 3.9% | Mask_X_Acc: 56.2% | Loss_Gen_adv: +0.058 | Loss_Gen_l1: +0.039 | Loss_Gen_p: +0.751 | W_Distance: +0.008 |
Epoch [190/1000] | Tau: 0.386 | Loss_C: -0.005 | Loss_P: +0.430 | Full_X_Acc: 78.4% | Loss_Gen: +0.841 | Retain: 4.1% | Mask_X_Acc: 56.2% | Loss_Gen_adv: +0.087 | Loss_Gen_l1: +0.041 | Loss_Gen_p: +0.742 | W_Distance: +0.008 |
Epoch [200/1000] | Tau: 0.367 | Loss_C: -0.005 | Loss_P: +0.428 | Full_X_Acc: 78.8% | Loss_Gen: +0.870 | Retain: 4.2% | Mask_X_Acc: 56.5% | Loss_Gen_adv: +0.104 | Loss_Gen_l1: +0.042 | Loss_Gen_p: +0.753 | W_Distance: +0.008 |
Epoch [210/1000] | Tau: 0.349 | Loss_C: -0.005 | Loss_P: +0.424 | Full_X_Acc: 79.1% | Loss_Gen: +0.886 | Retain: 4.4% | Mask_X_Acc: 56.4% | Loss_Gen_adv: +0.127 | Loss_Gen_l1: +0.044 | Loss_Gen_p: +0.746 | W_Distance: +0.009 |
Epoch [220/1000] | Tau: 0.332 | Loss_C: -0.007 | Loss_P: +0.423 | Full_X_Acc: 79.7% | Loss_Gen: +0.886 | Retain: 4.5% | Mask_X_Acc: 56.3% | Loss_Gen_adv: +0.117 | Loss_Gen_l1: +0.045 | Loss_Gen_p: +0.755 | W_Distance: +0.010 |
Epoch [230/1000] | Tau: 0.316 | Loss_C: -0.008 | Loss_P: +0.419 | Full_X_Acc: 79.8% | Loss_Gen: +0.861 | Retain: 4.6% | Mask_X_Acc: 57.5% | Loss_Gen_adv: +0.102 | Loss_Gen_l1: +0.046 | Loss_Gen_p: +0.746 | W_Distance: +0.011 |
Epoch [240/1000] | Tau: 0.300 | Loss_C: -0.009 | Loss_P: +0.416 | Full_X_Acc: 80.0% | Loss_Gen: +0.839 | Retain: 4.8% | Mask_X_Acc: 57.2% | Loss_Gen_adv: +0.079 | Loss_Gen_l1: +0.048 | Loss_Gen_p: +0.746 | W_Distance: +0.012 |
Epoch [250/1000] | Tau: 0.286 | Loss_C: -0.009 | Loss_P: +0.414 | Full_X_Acc: 80.5% | Loss_Gen: +0.837 | Retain: 4.9% | Mask_X_Acc: 57.2% | Loss_Gen_adv: +0.077 | Loss_Gen_l1: +0.049 | Loss_Gen_p: +0.745 | W_Distance: +0.012 |
Epoch [260/1000] | Tau: 0.272 | Loss_C: -0.011 | Loss_P: +0.410 | Full_X_Acc: 80.3% | Loss_Gen: +0.832 | Retain: 5.0% | Mask_X_Acc: 58.2% | Loss_Gen_adv: +0.072 | Loss_Gen_l1: +0.050 | Loss_Gen_p: +0.745 | W_Distance: +0.014 |
Epoch [270/1000] | Tau: 0.258 | Loss_C: -0.010 | Loss_P: +0.410 | Full_X_Acc: 80.8% | Loss_Gen: +0.831 | Retain: 5.0% | Mask_X_Acc: 58.3% | Loss_Gen_adv: +0.069 | Loss_Gen_l1: +0.050 | Loss_Gen_p: +0.746 | W_Distance: +0.014 |
Epoch [280/1000] | Tau: 0.246 | Loss_C: -0.012 | Loss_P: +0.407 | Full_X_Acc: 80.8% | Loss_Gen: +0.799 | Retain: 5.1% | Mask_X_Acc: 58.5% | Loss_Gen_adv: +0.047 | Loss_Gen_l1: +0.051 | Loss_Gen_p: +0.736 | W_Distance: +0.016 |
Epoch [290/1000] | Tau: 0.234 | Loss_C: -0.014 | Loss_P: +0.403 | Full_X_Acc: 80.7% | Loss_Gen: +0.776 | Retain: 5.1% | Mask_X_Acc: 58.7% | Loss_Gen_adv: +0.024 | Loss_Gen_l1: +0.051 | Loss_Gen_p: +0.737 | W_Distance: +0.018 |
Epoch [300/1000] | Tau: 0.222 | Loss_C: -0.012 | Loss_P: +0.403 | Full_X_Acc: 81.1% | Loss_Gen: +0.773 | Retain: 5.2% | Mask_X_Acc: 58.3% | Loss_Gen_adv: +0.015 | Loss_Gen_l1: +0.052 | Loss_Gen_p: +0.742 | W_Distance: +0.016 |
Epoch [310/1000] | Tau: 0.211 | Loss_C: -0.013 | Loss_P: +0.400 | Full_X_Acc: 81.1% | Loss_Gen: +0.752 | Retain: 5.2% | Mask_X_Acc: 58.9% | Loss_Gen_adv: +0.000 | Loss_Gen_l1: +0.052 | Loss_Gen_p: +0.737 | W_Distance: +0.017 |
Epoch [320/1000] | Tau: 0.201 | Loss_C: -0.014 | Loss_P: +0.398 | Full_X_Acc: 80.9% | Loss_Gen: +0.737 | Retain: 5.2% | Mask_X_Acc: 58.8% | Loss_Gen_adv: -0.010 | Loss_Gen_l1: +0.052 | Loss_Gen_p: +0.731 | W_Distance: +0.018 |
Epoch [330/1000] | Tau: 0.191 | Loss_C: -0.015 | Loss_P: +0.397 | Full_X_Acc: 81.2% | Loss_Gen: +0.726 | Retain: 5.2% | Mask_X_Acc: 59.3% | Loss_Gen_adv: -0.015 | Loss_Gen_l1: +0.052 | Loss_Gen_p: +0.725 | W_Distance: +0.018 |
Epoch [340/1000] | Tau: 0.182 | Loss_C: -0.016 | Loss_P: +0.397 | Full_X_Acc: 81.4% | Loss_Gen: +0.724 | Retain: 5.2% | Mask_X_Acc: 59.5% | Loss_Gen_adv: -0.023 | Loss_Gen_l1: +0.052 | Loss_Gen_p: +0.731 | W_Distance: +0.020 |
Epoch [350/1000] | Tau: 0.173 | Loss_C: -0.015 | Loss_P: +0.394 | Full_X_Acc: 81.3% | Loss_Gen: +0.715 | Retain: 5.2% | Mask_X_Acc: 60.1% | Loss_Gen_adv: -0.027 | Loss_Gen_l1: +0.052 | Loss_Gen_p: +0.726 | W_Distance: +0.018 |
Epoch [360/1000] | Tau: 0.165 | Loss_C: -0.016 | Loss_P: +0.391 | Full_X_Acc: 81.5% | Loss_Gen: +0.708 | Retain: 5.2% | Mask_X_Acc: 60.1% | Loss_Gen_adv: -0.041 | Loss_Gen_l1: +0.052 | Loss_Gen_p: +0.733 | W_Distance: +0.020 |
Epoch [370/1000] | Tau: 0.157 | Loss_C: -0.018 | Loss_P: +0.392 | Full_X_Acc: 81.5% | Loss_Gen: +0.683 | Retain: 5.2% | Mask_X_Acc: 60.1% | Loss_Gen_adv: -0.065 | Loss_Gen_l1: +0.052 | Loss_Gen_p: +0.732 | W_Distance: +0.022 |
Epoch [380/1000] | Tau: 0.149 | Loss_C: -0.017 | Loss_P: +0.388 | Full_X_Acc: 81.9% | Loss_Gen: +0.685 | Retain: 5.2% | Mask_X_Acc: 59.8% | Loss_Gen_adv: -0.072 | Loss_Gen_l1: +0.052 | Loss_Gen_p: +0.741 | W_Distance: +0.021 |
Epoch [390/1000] | Tau: 0.142 | Loss_C: -0.016 | Loss_P: +0.390 | Full_X_Acc: 81.8% | Loss_Gen: +0.659 | Retain: 5.2% | Mask_X_Acc: 59.7% | Loss_Gen_adv: -0.083 | Loss_Gen_l1: +0.052 | Loss_Gen_p: +0.726 | W_Distance: +0.020 |
Epoch [400/1000] | Tau: 0.135 | Loss_C: -0.018 | Loss_P: +0.387 | Full_X_Acc: 81.9% | Loss_Gen: +0.670 | Retain: 5.2% | Mask_X_Acc: 60.0% | Loss_Gen_adv: -0.080 | Loss_Gen_l1: +0.052 | Loss_Gen_p: +0.735 | W_Distance: +0.022 |
Epoch [410/1000] | Tau: 0.128 | Loss_C: -0.017 | Loss_P: +0.385 | Full_X_Acc: 82.2% | Loss_Gen: +0.656 | Retain: 5.2% | Mask_X_Acc: 60.0% | Loss_Gen_adv: -0.086 | Loss_Gen_l1: +0.052 | Loss_Gen_p: +0.727 | W_Distance: +0.021 |
Epoch [420/1000] | Tau: 0.122 | Loss_C: -0.020 | Loss_P: +0.386 | Full_X_Acc: 82.2% | Loss_Gen: +0.659 | Retain: 5.1% | Mask_X_Acc: 59.9% | Loss_Gen_adv: -0.093 | Loss_Gen_l1: +0.051 | Loss_Gen_p: +0.736 | W_Distance: +0.024 |
Epoch [430/1000] | Tau: 0.116 | Loss_C: -0.019 | Loss_P: +0.382 | Full_X_Acc: 82.4% | Loss_Gen: +0.654 | Retain: 5.1% | Mask_X_Acc: 60.1% | Loss_Gen_adv: -0.093 | Loss_Gen_l1: +0.051 | Loss_Gen_p: +0.732 | W_Distance: +0.023 |
Epoch [440/1000] | Tau: 0.110 | Loss_C: -0.021 | Loss_P: +0.383 | Full_X_Acc: 82.5% | Loss_Gen: +0.647 | Retain: 5.1% | Mask_X_Acc: 60.4% | Loss_Gen_adv: -0.098 | Loss_Gen_l1: +0.051 | Loss_Gen_p: +0.729 | W_Distance: +0.025 |
Epoch [450/1000] | Tau: 0.105 | Loss_C: -0.019 | Loss_P: +0.380 | Full_X_Acc: 82.4% | Loss_Gen: +0.652 | Retain: 5.1% | Mask_X_Acc: 60.1% | Loss_Gen_adv: -0.098 | Loss_Gen_l1: +0.051 | Loss_Gen_p: +0.735 | W_Distance: +0.023 |
Epoch [460/1000] | Tau: 0.100 | Loss_C: -0.020 | Loss_P: +0.380 | Full_X_Acc: 82.8% | Loss_Gen: +0.649 | Retain: 5.1% | Mask_X_Acc: 60.2% | Loss_Gen_adv: -0.098 | Loss_Gen_l1: +0.051 | Loss_Gen_p: +0.732 | W_Distance: +0.023 |
Epoch [470/1000] | Tau: 0.100 | Loss_C: -0.022 | Loss_P: +0.379 | Full_X_Acc: 82.6% | Loss_Gen: +0.629 | Retain: 5.1% | Mask_X_Acc: 60.4% | Loss_Gen_adv: -0.115 | Loss_Gen_l1: +0.051 | Loss_Gen_p: +0.729 | W_Distance: +0.025 |
Epoch [480/1000] | Tau: 0.100 | Loss_C: -0.021 | Loss_P: +0.381 | Full_X_Acc: 82.9% | Loss_Gen: +0.650 | Retain: 5.1% | Mask_X_Acc: 60.6% | Loss_Gen_adv: -0.102 | Loss_Gen_l1: +0.051 | Loss_Gen_p: +0.737 | W_Distance: +0.025 |
Epoch [490/1000] | Tau: 0.100 | Loss_C: -0.021 | Loss_P: +0.380 | Full_X_Acc: 82.7% | Loss_Gen: +0.632 | Retain: 5.1% | Mask_X_Acc: 60.2% | Loss_Gen_adv: -0.107 | Loss_Gen_l1: +0.051 | Loss_Gen_p: +0.724 | W_Distance: +0.025 |
Epoch [500/1000] | Tau: 0.100 | Loss_C: -0.021 | Loss_P: +0.378 | Full_X_Acc: 83.0% | Loss_Gen: +0.640 | Retain: 5.1% | Mask_X_Acc: 60.5% | Loss_Gen_adv: -0.110 | Loss_Gen_l1: +0.051 | Loss_Gen_p: +0.735 | W_Distance: +0.025 |
Epoch [510/1000] | Tau: 0.100 | Loss_C: -0.022 | Loss_P: +0.376 | Full_X_Acc: 83.2% | Loss_Gen: +0.651 | Retain: 5.1% | Mask_X_Acc: 61.1% | Loss_Gen_adv: -0.105 | Loss_Gen_l1: +0.051 | Loss_Gen_p: +0.741 | W_Distance: +0.025 |
Epoch [520/1000] | Tau: 0.100 | Loss_C: -0.022 | Loss_P: +0.380 | Full_X_Acc: 83.1% | Loss_Gen: +0.631 | Retain: 5.1% | Mask_X_Acc: 60.8% | Loss_Gen_adv: -0.116 | Loss_Gen_l1: +0.051 | Loss_Gen_p: +0.732 | W_Distance: +0.025 |
Epoch [530/1000] | Tau: 0.100 | Loss_C: -0.022 | Loss_P: +0.376 | Full_X_Acc: 82.9% | Loss_Gen: +0.637 | Retain: 5.1% | Mask_X_Acc: 60.2% | Loss_Gen_adv: -0.117 | Loss_Gen_l1: +0.051 | Loss_Gen_p: +0.738 | W_Distance: +0.026 |
Epoch [540/1000] | Tau: 0.100 | Loss_C: -0.022 | Loss_P: +0.378 | Full_X_Acc: 83.6% | Loss_Gen: +0.616 | Retain: 5.1% | Mask_X_Acc: 60.5% | Loss_Gen_adv: -0.125 | Loss_Gen_l1: +0.051 | Loss_Gen_p: +0.726 | W_Distance: +0.026 |
Epoch [550/1000] | Tau: 0.100 | Loss_C: -0.021 | Loss_P: +0.374 | Full_X_Acc: 83.4% | Loss_Gen: +0.617 | Retain: 5.1% | Mask_X_Acc: 60.9% | Loss_Gen_adv: -0.136 | Loss_Gen_l1: +0.051 | Loss_Gen_p: +0.738 | W_Distance: +0.025 |
Epoch [560/1000] | Tau: 0.100 | Loss_C: -0.023 | Loss_P: +0.376 | Full_X_Acc: 83.6% | Loss_Gen: +0.613 | Retain: 5.1% | Mask_X_Acc: 60.2% | Loss_Gen_adv: -0.135 | Loss_Gen_l1: +0.051 | Loss_Gen_p: +0.732 | W_Distance: +0.027 |
Epoch [570/1000] | Tau: 0.100 | Loss_C: -0.022 | Loss_P: +0.372 | Full_X_Acc: 83.5% | Loss_Gen: +0.634 | Retain: 5.1% | Mask_X_Acc: 60.2% | Loss_Gen_adv: -0.124 | Loss_Gen_l1: +0.051 | Loss_Gen_p: +0.742 | W_Distance: +0.025 |
Epoch [580/1000] | Tau: 0.100 | Loss_C: -0.024 | Loss_P: +0.371 | Full_X_Acc: 83.4% | Loss_Gen: +0.614 | Retain: 5.1% | Mask_X_Acc: 60.8% | Loss_Gen_adv: -0.136 | Loss_Gen_l1: +0.051 | Loss_Gen_p: +0.735 | W_Distance: +0.027 |
Epoch [590/1000] | Tau: 0.100 | Loss_C: -0.023 | Loss_P: +0.375 | Full_X_Acc: 83.9% | Loss_Gen: +0.627 | Retain: 5.1% | Mask_X_Acc: 60.7% | Loss_Gen_adv: -0.132 | Loss_Gen_l1: +0.051 | Loss_Gen_p: +0.744 | W_Distance: +0.027 |
Epoch [600/1000] | Tau: 0.100 | Loss_C: -0.022 | Loss_P: +0.371 | Full_X_Acc: 83.8% | Loss_Gen: +0.621 | Retain: 5.1% | Mask_X_Acc: 60.3% | Loss_Gen_adv: -0.131 | Loss_Gen_l1: +0.051 | Loss_Gen_p: +0.737 | W_Distance: +0.026 |
Epoch [610/1000] | Tau: 0.100 | Loss_C: -0.024 | Loss_P: +0.372 | Full_X_Acc: 84.0% | Loss_Gen: +0.612 | Retain: 5.1% | Mask_X_Acc: 60.4% | Loss_Gen_adv: -0.147 | Loss_Gen_l1: +0.051 | Loss_Gen_p: +0.743 | W_Distance: +0.028 |
Epoch [620/1000] | Tau: 0.100 | Loss_C: -0.024 | Loss_P: +0.370 | Full_X_Acc: 83.6% | Loss_Gen: +0.600 | Retain: 5.1% | Mask_X_Acc: 61.2% | Loss_Gen_adv: -0.152 | Loss_Gen_l1: +0.051 | Loss_Gen_p: +0.737 | W_Distance: +0.027 |
Epoch [630/1000] | Tau: 0.100 | Loss_C: -0.023 | Loss_P: +0.369 | Full_X_Acc: 83.9% | Loss_Gen: +0.592 | Retain: 5.1% | Mask_X_Acc: 61.5% | Loss_Gen_adv: -0.157 | Loss_Gen_l1: +0.051 | Loss_Gen_p: +0.733 | W_Distance: +0.026 |
Epoch [640/1000] | Tau: 0.100 | Loss_C: -0.024 | Loss_P: +0.371 | Full_X_Acc: 84.2% | Loss_Gen: +0.584 | Retain: 5.1% | Mask_X_Acc: 60.4% | Loss_Gen_adv: -0.156 | Loss_Gen_l1: +0.051 | Loss_Gen_p: +0.725 | W_Distance: +0.027 |
Epoch [650/1000] | Tau: 0.100 | Loss_C: -0.025 | Loss_P: +0.370 | Full_X_Acc: 84.0% | Loss_Gen: +0.584 | Retain: 5.1% | Mask_X_Acc: 60.7% | Loss_Gen_adv: -0.162 | Loss_Gen_l1: +0.051 | Loss_Gen_p: +0.731 | W_Distance: +0.028 |
Epoch [660/1000] | Tau: 0.100 | Loss_C: -0.024 | Loss_P: +0.368 | Full_X_Acc: 84.2% | Loss_Gen: +0.589 | Retain: 5.1% | Mask_X_Acc: 60.1% | Loss_Gen_adv: -0.153 | Loss_Gen_l1: +0.051 | Loss_Gen_p: +0.726 | W_Distance: +0.027 |
Epoch [670/1000] | Tau: 0.100 | Loss_C: -0.024 | Loss_P: +0.367 | Full_X_Acc: 84.3% | Loss_Gen: +0.604 | Retain: 5.1% | Mask_X_Acc: 60.7% | Loss_Gen_adv: -0.149 | Loss_Gen_l1: +0.051 | Loss_Gen_p: +0.738 | W_Distance: +0.027 |
Epoch [680/1000] | Tau: 0.100 | Loss_C: -0.026 | Loss_P: +0.369 | Full_X_Acc: 84.3% | Loss_Gen: +0.603 | Retain: 5.1% | Mask_X_Acc: 60.9% | Loss_Gen_adv: -0.150 | Loss_Gen_l1: +0.051 | Loss_Gen_p: +0.738 | W_Distance: +0.029 |
Epoch [690/1000] | Tau: 0.100 | Loss_C: -0.025 | Loss_P: +0.369 | Full_X_Acc: 84.5% | Loss_Gen: +0.598 | Retain: 5.0% | Mask_X_Acc: 60.5% | Loss_Gen_adv: -0.151 | Loss_Gen_l1: +0.050 | Loss_Gen_p: +0.734 | W_Distance: +0.028 |
Epoch [700/1000] | Tau: 0.100 | Loss_C: -0.027 | Loss_P: +0.370 | Full_X_Acc: 84.6% | Loss_Gen: +0.582 | Retain: 5.0% | Mask_X_Acc: 60.9% | Loss_Gen_adv: -0.163 | Loss_Gen_l1: +0.050 | Loss_Gen_p: +0.730 | W_Distance: +0.030 |
Epoch [710/1000] | Tau: 0.100 | Loss_C: -0.025 | Loss_P: +0.368 | Full_X_Acc: 84.3% | Loss_Gen: +0.603 | Retain: 5.0% | Mask_X_Acc: 61.0% | Loss_Gen_adv: -0.152 | Loss_Gen_l1: +0.050 | Loss_Gen_p: +0.741 | W_Distance: +0.028 |
Epoch [720/1000] | Tau: 0.100 | Loss_C: -0.025 | Loss_P: +0.368 | Full_X_Acc: 84.6% | Loss_Gen: +0.615 | Retain: 5.0% | Mask_X_Acc: 60.8% | Loss_Gen_adv: -0.143 | Loss_Gen_l1: +0.050 | Loss_Gen_p: +0.743 | W_Distance: +0.029 |
Epoch [730/1000] | Tau: 0.100 | Loss_C: -0.025 | Loss_P: +0.368 | Full_X_Acc: 84.5% | Loss_Gen: +0.613 | Retain: 5.0% | Mask_X_Acc: 60.5% | Loss_Gen_adv: -0.148 | Loss_Gen_l1: +0.050 | Loss_Gen_p: +0.746 | W_Distance: +0.028 |
Epoch [740/1000] | Tau: 0.100 | Loss_C: -0.028 | Loss_P: +0.365 | Full_X_Acc: 84.4% | Loss_Gen: +0.600 | Retain: 5.0% | Mask_X_Acc: 60.7% | Loss_Gen_adv: -0.148 | Loss_Gen_l1: +0.050 | Loss_Gen_p: +0.733 | W_Distance: +0.031 |
Epoch [750/1000] | Tau: 0.100 | Loss_C: -0.026 | Loss_P: +0.368 | Full_X_Acc: 84.5% | Loss_Gen: +0.604 | Retain: 5.0% | Mask_X_Acc: 61.0% | Loss_Gen_adv: -0.150 | Loss_Gen_l1: +0.050 | Loss_Gen_p: +0.739 | W_Distance: +0.030 |
Epoch [760/1000] | Tau: 0.100 | Loss_C: -0.026 | Loss_P: +0.366 | Full_X_Acc: 85.2% | Loss_Gen: +0.601 | Retain: 5.0% | Mask_X_Acc: 60.8% | Loss_Gen_adv: -0.155 | Loss_Gen_l1: +0.050 | Loss_Gen_p: +0.740 | W_Distance: +0.029 |
Epoch [770/1000] | Tau: 0.100 | Loss_C: -0.025 | Loss_P: +0.364 | Full_X_Acc: 84.8% | Loss_Gen: +0.596 | Retain: 5.0% | Mask_X_Acc: 61.6% | Loss_Gen_adv: -0.158 | Loss_Gen_l1: +0.050 | Loss_Gen_p: +0.739 | W_Distance: +0.028 |
Epoch [780/1000] | Tau: 0.100 | Loss_C: -0.025 | Loss_P: +0.365 | Full_X_Acc: 84.9% | Loss_Gen: +0.586 | Retain: 5.0% | Mask_X_Acc: 61.2% | Loss_Gen_adv: -0.164 | Loss_Gen_l1: +0.050 | Loss_Gen_p: +0.735 | W_Distance: +0.029 |
Epoch [790/1000] | Tau: 0.100 | Loss_C: -0.026 | Loss_P: +0.368 | Full_X_Acc: 85.0% | Loss_Gen: +0.592 | Retain: 5.0% | Mask_X_Acc: 61.3% | Loss_Gen_adv: -0.167 | Loss_Gen_l1: +0.050 | Loss_Gen_p: +0.744 | W_Distance: +0.030 |
Epoch [800/1000] | Tau: 0.100 | Loss_C: -0.025 | Loss_P: +0.363 | Full_X_Acc: 84.9% | Loss_Gen: +0.602 | Retain: 5.0% | Mask_X_Acc: 60.6% | Loss_Gen_adv: -0.153 | Loss_Gen_l1: +0.050 | Loss_Gen_p: +0.740 | W_Distance: +0.028 |
Epoch [810/1000] | Tau: 0.100 | Loss_C: -0.025 | Loss_P: +0.363 | Full_X_Acc: 84.8% | Loss_Gen: +0.589 | Retain: 5.0% | Mask_X_Acc: 60.7% | Loss_Gen_adv: -0.158 | Loss_Gen_l1: +0.050 | Loss_Gen_p: +0.732 | W_Distance: +0.028 |
Epoch [820/1000] | Tau: 0.100 | Loss_C: -0.026 | Loss_P: +0.365 | Full_X_Acc: 85.0% | Loss_Gen: +0.597 | Retain: 5.0% | Mask_X_Acc: 61.1% | Loss_Gen_adv: -0.159 | Loss_Gen_l1: +0.050 | Loss_Gen_p: +0.740 | W_Distance: +0.030 |
Epoch [830/1000] | Tau: 0.100 | Loss_C: -0.027 | Loss_P: +0.365 | Full_X_Acc: 85.0% | Loss_Gen: +0.597 | Retain: 5.0% | Mask_X_Acc: 60.3% | Loss_Gen_adv: -0.165 | Loss_Gen_l1: +0.050 | Loss_Gen_p: +0.746 | W_Distance: +0.030 |
Epoch [840/1000] | Tau: 0.100 | Loss_C: -0.026 | Loss_P: +0.362 | Full_X_Acc: 85.0% | Loss_Gen: +0.585 | Retain: 5.0% | Mask_X_Acc: 60.8% | Loss_Gen_adv: -0.163 | Loss_Gen_l1: +0.050 | Loss_Gen_p: +0.733 | W_Distance: +0.030 |
Epoch [850/1000] | Tau: 0.100 | Loss_C: -0.027 | Loss_P: +0.362 | Full_X_Acc: 85.0% | Loss_Gen: +0.588 | Retain: 5.0% | Mask_X_Acc: 60.9% | Loss_Gen_adv: -0.168 | Loss_Gen_l1: +0.050 | Loss_Gen_p: +0.741 | W_Distance: +0.031 |
Epoch [860/1000] | Tau: 0.100 | Loss_C: -0.026 | Loss_P: +0.365 | Full_X_Acc: 85.3% | Loss_Gen: +0.582 | Retain: 5.0% | Mask_X_Acc: 60.7% | Loss_Gen_adv: -0.167 | Loss_Gen_l1: +0.050 | Loss_Gen_p: +0.733 | W_Distance: +0.030 |
Epoch [870/1000] | Tau: 0.100 | Loss_C: -0.026 | Loss_P: +0.364 | Full_X_Acc: 85.3% | Loss_Gen: +0.584 | Retain: 5.0% | Mask_X_Acc: 61.3% | Loss_Gen_adv: -0.169 | Loss_Gen_l1: +0.050 | Loss_Gen_p: +0.738 | W_Distance: +0.029 |
Epoch [880/1000] | Tau: 0.100 | Loss_C: -0.026 | Loss_P: +0.363 | Full_X_Acc: 85.4% | Loss_Gen: +0.578 | Retain: 5.0% | Mask_X_Acc: 60.7% | Loss_Gen_adv: -0.168 | Loss_Gen_l1: +0.050 | Loss_Gen_p: +0.731 | W_Distance: +0.029 |
Epoch [890/1000] | Tau: 0.100 | Loss_C: -0.028 | Loss_P: +0.363 | Full_X_Acc: 85.1% | Loss_Gen: +0.594 | Retain: 5.0% | Mask_X_Acc: 60.6% | Loss_Gen_adv: -0.166 | Loss_Gen_l1: +0.050 | Loss_Gen_p: +0.746 | W_Distance: +0.031 |
Epoch [900/1000] | Tau: 0.100 | Loss_C: -0.028 | Loss_P: +0.363 | Full_X_Acc: 85.5% | Loss_Gen: +0.577 | Retain: 5.0% | Mask_X_Acc: 60.8% | Loss_Gen_adv: -0.170 | Loss_Gen_l1: +0.050 | Loss_Gen_p: +0.732 | W_Distance: +0.031 |
Epoch [910/1000] | Tau: 0.100 | Loss_C: -0.027 | Loss_P: +0.359 | Full_X_Acc: 85.4% | Loss_Gen: +0.594 | Retain: 5.0% | Mask_X_Acc: 61.3% | Loss_Gen_adv: -0.171 | Loss_Gen_l1: +0.050 | Loss_Gen_p: +0.750 | W_Distance: +0.030 |
Epoch [920/1000] | Tau: 0.100 | Loss_C: -0.028 | Loss_P: +0.362 | Full_X_Acc: 85.2% | Loss_Gen: +0.583 | Retain: 5.0% | Mask_X_Acc: 61.1% | Loss_Gen_adv: -0.169 | Loss_Gen_l1: +0.050 | Loss_Gen_p: +0.737 | W_Distance: +0.031 |
Epoch [930/1000] | Tau: 0.100 | Loss_C: -0.029 | Loss_P: +0.361 | Full_X_Acc: 85.4% | Loss_Gen: +0.585 | Retain: 5.0% | Mask_X_Acc: 61.1% | Loss_Gen_adv: -0.173 | Loss_Gen_l1: +0.050 | Loss_Gen_p: +0.743 | W_Distance: +0.032 |
Epoch [940/1000] | Tau: 0.100 | Loss_C: -0.026 | Loss_P: +0.360 | Full_X_Acc: 85.3% | Loss_Gen: +0.576 | Retain: 5.0% | Mask_X_Acc: 61.0% | Loss_Gen_adv: -0.183 | Loss_Gen_l1: +0.050 | Loss_Gen_p: +0.744 | W_Distance: +0.030 |
Epoch [950/1000] | Tau: 0.100 | Loss_C: -0.028 | Loss_P: +0.362 | Full_X_Acc: 85.4% | Loss_Gen: +0.570 | Retain: 5.0% | Mask_X_Acc: 61.5% | Loss_Gen_adv: -0.177 | Loss_Gen_l1: +0.050 | Loss_Gen_p: +0.732 | W_Distance: +0.031 |
Epoch [960/1000] | Tau: 0.100 | Loss_C: -0.027 | Loss_P: +0.359 | Full_X_Acc: 85.6% | Loss_Gen: +0.581 | Retain: 5.0% | Mask_X_Acc: 60.8% | Loss_Gen_adv: -0.171 | Loss_Gen_l1: +0.050 | Loss_Gen_p: +0.737 | W_Distance: +0.031 |
Epoch [970/1000] | Tau: 0.100 | Loss_C: -0.027 | Loss_P: +0.360 | Full_X_Acc: 85.2% | Loss_Gen: +0.577 | Retain: 5.0% | Mask_X_Acc: 60.9% | Loss_Gen_adv: -0.181 | Loss_Gen_l1: +0.050 | Loss_Gen_p: +0.743 | W_Distance: +0.030 |
Epoch [980/1000] | Tau: 0.100 | Loss_C: -0.029 | Loss_P: +0.358 | Full_X_Acc: 85.3% | Loss_Gen: +0.576 | Retain: 5.0% | Mask_X_Acc: 61.3% | Loss_Gen_adv: -0.179 | Loss_Gen_l1: +0.050 | Loss_Gen_p: +0.740 | W_Distance: +0.032 |
Epoch [990/1000] | Tau: 0.100 | Loss_C: -0.028 | Loss_P: +0.362 | Full_X_Acc: 85.3% | Loss_Gen: +0.581 | Retain: 5.0% | Mask_X_Acc: 60.8% | Loss_Gen_adv: -0.176 | Loss_Gen_l1: +0.050 | Loss_Gen_p: +0.742 | W_Distance: +0.032 |
Epoch [1000/1000] | Tau: 0.100 | Loss_C: -0.029 | Loss_P: +0.362 | Full_X_Acc: 85.5% | Loss_Gen: +0.582 | Retain: 5.0% | Mask_X_Acc: 60.4% | Loss_Gen_adv: -0.176 | Loss_Gen_l1: +0.050 | Loss_Gen_p: +0.743 | W_Distance: +0.032 |
[Export] 训练历史已保存至 'output/run_20260818_192126/history.npz'

[System] 开始在测试集上进行推理评估...
==================================================
🎯 测试集推理报告 (Shared Architecture)
==================================================
• 测试集准确率:     60.75%
• TPR (召回率):     66.75%
• FDR (误发现率):   40.14%
• 平均保留特征数量: 5.0 / 100
• 整体保留率:       5.01%
--------------------------------------------------
🧩 Top 18 最常被选中的特征
--------------------------------------------------
Top 01: 特征 Index 010 | 被选次数: 3999 次 (100.0%) | ★ [真实关联]
Top 02: 特征 Index 002 | 被选次数: 3997 次 ( 99.9%) | ★ [真实关联]
Top 03: 特征 Index 003 | 被选次数: 3994 次 ( 99.8%) | ★ [真实关联]
Top 04: 特征 Index 005 | 被选次数: 3994 次 ( 99.8%) | ★ [真实关联]
Top 05: 特征 Index 004 | 被选次数: 3990 次 ( 99.8%) | ★ [真实关联]
Top 06: 特征 Index 000 | 被选次数:   41 次 (  1.0%) | ★ [真实关联]
Top 07: 特征 Index 093 | 被选次数:    5 次 (  0.1%) |   [纯噪声]
Top 08: 特征 Index 046 | 被选次数:    5 次 (  0.1%) |   [纯噪声]
Top 09: 特征 Index 021 | 被选次数:    4 次 (  0.1%) |   [纯噪声]
Top 10: 特征 Index 088 | 被选次数:    4 次 (  0.1%) |   [纯噪声]
Top 11: 特征 Index 047 | 被选次数:    3 次 (  0.1%) |   [纯噪声]
Top 12: 特征 Index 001 | 被选次数:    3 次 (  0.1%) | ★ [真实关联]
Top 13: 特征 Index 074 | 被选次数:    2 次 (  0.1%) |   [纯噪声]
Top 14: 特征 Index 049 | 被选次数:    2 次 (  0.1%) |   [纯噪声]
Top 15: 特征 Index 045 | 被选次数:    1 次 (  0.0%) |   [纯噪声]
Top 16: 特征 Index 030 | 被选次数:    1 次 (  0.0%) |   [纯噪声]
Top 17: 特征 Index 008 | 被选次数:    1 次 (  0.0%) | ★ [真实关联]
Top 18: 特征 Index 097 | 被选次数:    0 次 (  0.0%) |   [纯噪声]
==================================================
[Export] 测试集数组已保存至 'output/run_20260818_192126/test_arrays.npz'
[Export] 特征索引已保存至 'output/run_20260818_192126/selected_feature_indices.npy'
[Export] 模型权重已保存至 'output/run_20260818_192126/generator_model.pth'

[Visualization] 运行双视角 t-SNE 降维 (样本数: 4000)...
[Visualization] 降维: 原始掩码特征 (Before Ext)...
[Visualization] 降维: 隐空间特征 (After Ext)...
[Visualization] 对比 t-SNE 已保存至: 'output/run_20260818_192126/fig3_tsne_comparison.png'

