[System] Run dir: output/run_20260718_021320
[System] 正在使用 cuda 进行计算...

[System] 开始训练多任务共享特征架构...
Epoch [010/1000] | Tau: 0.951 | Loss_C: +0.088 | Loss_P: +1.379 | Full_X_Acc: 53.9% | Loss_Gen: +0.450 | Retain: 48.4% | Mask_X_Acc: 52.6% | Loss_Gen_adv: -0.337 | Loss_Gen_l1: +0.484 | Loss_Gen_p: +0.691 | W_Distance: -0.004 |
Epoch [020/1000] | Tau: 0.905 | Loss_C: +0.081 | Loss_P: +1.374 | Full_X_Acc: 56.4% | Loss_Gen: +0.463 | Retain: 46.0% | Mask_X_Acc: 53.6% | Loss_Gen_adv: -0.319 | Loss_Gen_l1: +0.460 | Loss_Gen_p: +0.691 | W_Distance: -0.008 |
Epoch [030/1000] | Tau: 0.860 | Loss_C: +0.083 | Loss_P: +1.366 | Full_X_Acc: 58.7% | Loss_Gen: +0.444 | Retain: 42.4% | Mask_X_Acc: 53.8% | Loss_Gen_adv: -0.332 | Loss_Gen_l1: +0.424 | Loss_Gen_p: +0.691 | W_Distance: -0.011 |
Epoch [040/1000] | Tau: 0.818 | Loss_C: +0.083 | Loss_P: +1.352 | Full_X_Acc: 61.2% | Loss_Gen: +0.405 | Retain: 37.4% | Mask_X_Acc: 54.3% | Loss_Gen_adv: -0.360 | Loss_Gen_l1: +0.374 | Loss_Gen_p: +0.690 | W_Distance: -0.015 |
Epoch [050/1000] | Tau: 0.778 | Loss_C: +0.089 | Loss_P: +1.337 | Full_X_Acc: 64.2% | Loss_Gen: +0.366 | Retain: 31.1% | Mask_X_Acc: 54.1% | Loss_Gen_adv: -0.384 | Loss_Gen_l1: +0.311 | Loss_Gen_p: +0.687 | W_Distance: -0.018 |
Epoch [060/1000] | Tau: 0.740 | Loss_C: +0.092 | Loss_P: +1.327 | Full_X_Acc: 66.0% | Loss_Gen: +0.330 | Retain: 24.5% | Mask_X_Acc: 54.8% | Loss_Gen_adv: -0.410 | Loss_Gen_l1: +0.245 | Loss_Gen_p: +0.691 | W_Distance: -0.020 |
Epoch [070/1000] | Tau: 0.704 | Loss_C: +0.098 | Loss_P: +1.316 | Full_X_Acc: 67.5% | Loss_Gen: +0.322 | Retain: 18.7% | Mask_X_Acc: 54.0% | Loss_Gen_adv: -0.415 | Loss_Gen_l1: +0.187 | Loss_Gen_p: +0.700 | W_Distance: -0.020 |
Epoch [080/1000] | Tau: 0.670 | Loss_C: +0.117 | Loss_P: +1.305 | Full_X_Acc: 68.8% | Loss_Gen: +0.325 | Retain: 14.3% | Mask_X_Acc: 54.9% | Loss_Gen_adv: -0.403 | Loss_Gen_l1: +0.143 | Loss_Gen_p: +0.699 | W_Distance: -0.015 |
Epoch [090/1000] | Tau: 0.637 | Loss_C: +0.125 | Loss_P: +1.292 | Full_X_Acc: 69.8% | Loss_Gen: +0.305 | Retain: 11.4% | Mask_X_Acc: 54.9% | Loss_Gen_adv: -0.416 | Loss_Gen_l1: +0.114 | Loss_Gen_p: +0.699 | W_Distance: -0.016 |
Epoch [100/1000] | Tau: 0.606 | Loss_C: +0.113 | Loss_P: +1.284 | Full_X_Acc: 70.4% | Loss_Gen: +0.302 | Retain: 9.7% | Mask_X_Acc: 56.6% | Loss_Gen_adv: -0.413 | Loss_Gen_l1: +0.097 | Loss_Gen_p: +0.696 | W_Distance: -0.014 |
Epoch [110/1000] | Tau: 0.576 | Loss_C: +0.104 | Loss_P: +1.273 | Full_X_Acc: 71.9% | Loss_Gen: +0.314 | Retain: 8.7% | Mask_X_Acc: 56.4% | Loss_Gen_adv: -0.397 | Loss_Gen_l1: +0.087 | Loss_Gen_p: +0.693 | W_Distance: -0.012 |
Epoch [120/1000] | Tau: 0.548 | Loss_C: +0.066 | Loss_P: +1.256 | Full_X_Acc: 72.2% | Loss_Gen: +0.331 | Retain: 8.3% | Mask_X_Acc: 56.4% | Loss_Gen_adv: -0.381 | Loss_Gen_l1: +0.083 | Loss_Gen_p: +0.696 | W_Distance: -0.011 |
Epoch [130/1000] | Tau: 0.521 | Loss_C: +0.061 | Loss_P: +1.248 | Full_X_Acc: 73.0% | Loss_Gen: +0.346 | Retain: 8.1% | Mask_X_Acc: 57.7% | Loss_Gen_adv: -0.362 | Loss_Gen_l1: +0.081 | Loss_Gen_p: +0.691 | W_Distance: -0.009 |
Epoch [140/1000] | Tau: 0.496 | Loss_C: +0.052 | Loss_P: +1.236 | Full_X_Acc: 73.2% | Loss_Gen: +0.362 | Retain: 8.0% | Mask_X_Acc: 59.0% | Loss_Gen_adv: -0.337 | Loss_Gen_l1: +0.080 | Loss_Gen_p: +0.683 | W_Distance: -0.007 |
Epoch [150/1000] | Tau: 0.471 | Loss_C: +0.048 | Loss_P: +1.221 | Full_X_Acc: 74.0% | Loss_Gen: +0.428 | Retain: 7.9% | Mask_X_Acc: 59.2% | Loss_Gen_adv: -0.266 | Loss_Gen_l1: +0.079 | Loss_Gen_p: +0.677 | W_Distance: -0.004 |
Epoch [160/1000] | Tau: 0.448 | Loss_C: +0.047 | Loss_P: +1.201 | Full_X_Acc: 74.1% | Loss_Gen: +0.524 | Retain: 7.7% | Mask_X_Acc: 60.1% | Loss_Gen_adv: -0.160 | Loss_Gen_l1: +0.077 | Loss_Gen_p: +0.669 | W_Distance: +0.002 |
Epoch [170/1000] | Tau: 0.427 | Loss_C: +0.030 | Loss_P: +1.189 | Full_X_Acc: 74.1% | Loss_Gen: +0.656 | Retain: 7.4% | Mask_X_Acc: 60.6% | Loss_Gen_adv: -0.021 | Loss_Gen_l1: +0.074 | Loss_Gen_p: +0.662 | W_Distance: +0.007 |
Epoch [180/1000] | Tau: 0.406 | Loss_C: +0.026 | Loss_P: +1.176 | Full_X_Acc: 74.4% | Loss_Gen: +0.774 | Retain: 7.1% | Mask_X_Acc: 60.8% | Loss_Gen_adv: +0.104 | Loss_Gen_l1: +0.071 | Loss_Gen_p: +0.656 | W_Distance: +0.007 |
Epoch [190/1000] | Tau: 0.386 | Loss_C: +0.019 | Loss_P: +1.167 | Full_X_Acc: 74.6% | Loss_Gen: +0.811 | Retain: 6.8% | Mask_X_Acc: 61.4% | Loss_Gen_adv: +0.147 | Loss_Gen_l1: +0.068 | Loss_Gen_p: +0.650 | W_Distance: +0.008 |
Epoch [200/1000] | Tau: 0.367 | Loss_C: +0.018 | Loss_P: +1.143 | Full_X_Acc: 74.6% | Loss_Gen: +0.823 | Retain: 6.6% | Mask_X_Acc: 62.3% | Loss_Gen_adv: +0.165 | Loss_Gen_l1: +0.066 | Loss_Gen_p: +0.645 | W_Distance: +0.006 |
Epoch [210/1000] | Tau: 0.349 | Loss_C: +0.017 | Loss_P: +1.142 | Full_X_Acc: 74.7% | Loss_Gen: +0.816 | Retain: 6.3% | Mask_X_Acc: 62.3% | Loss_Gen_adv: +0.163 | Loss_Gen_l1: +0.063 | Loss_Gen_p: +0.640 | W_Distance: +0.007 |
Epoch [220/1000] | Tau: 0.332 | Loss_C: +0.019 | Loss_P: +1.133 | Full_X_Acc: 74.6% | Loss_Gen: +0.821 | Retain: 6.2% | Mask_X_Acc: 62.3% | Loss_Gen_adv: +0.174 | Loss_Gen_l1: +0.062 | Loss_Gen_p: +0.635 | W_Distance: +0.007 |
Epoch [230/1000] | Tau: 0.316 | Loss_C: +0.018 | Loss_P: +1.126 | Full_X_Acc: 74.4% | Loss_Gen: +0.828 | Retain: 6.1% | Mask_X_Acc: 63.2% | Loss_Gen_adv: +0.188 | Loss_Gen_l1: +0.061 | Loss_Gen_p: +0.628 | W_Distance: +0.006 |
Epoch [240/1000] | Tau: 0.300 | Loss_C: +0.013 | Loss_P: +1.115 | Full_X_Acc: 74.8% | Loss_Gen: +0.835 | Retain: 6.0% | Mask_X_Acc: 63.4% | Loss_Gen_adv: +0.193 | Loss_Gen_l1: +0.060 | Loss_Gen_p: +0.630 | W_Distance: +0.007 |
Epoch [250/1000] | Tau: 0.286 | Loss_C: +0.007 | Loss_P: +1.107 | Full_X_Acc: 74.7% | Loss_Gen: +0.833 | Retain: 5.9% | Mask_X_Acc: 63.2% | Loss_Gen_adv: +0.194 | Loss_Gen_l1: +0.059 | Loss_Gen_p: +0.627 | W_Distance: +0.008 |
Epoch [260/1000] | Tau: 0.272 | Loss_C: +0.004 | Loss_P: +1.105 | Full_X_Acc: 74.8% | Loss_Gen: +0.850 | Retain: 5.8% | Mask_X_Acc: 64.0% | Loss_Gen_adv: +0.217 | Loss_Gen_l1: +0.058 | Loss_Gen_p: +0.622 | W_Distance: +0.009 |
Epoch [270/1000] | Tau: 0.258 | Loss_C: +0.000 | Loss_P: +1.099 | Full_X_Acc: 75.0% | Loss_Gen: +0.870 | Retain: 5.7% | Mask_X_Acc: 63.9% | Loss_Gen_adv: +0.240 | Loss_Gen_l1: +0.057 | Loss_Gen_p: +0.619 | W_Distance: +0.010 |
Epoch [280/1000] | Tau: 0.246 | Loss_C: +0.001 | Loss_P: +1.100 | Full_X_Acc: 75.1% | Loss_Gen: +0.901 | Retain: 5.7% | Mask_X_Acc: 63.8% | Loss_Gen_adv: +0.269 | Loss_Gen_l1: +0.057 | Loss_Gen_p: +0.620 | W_Distance: +0.010 |
Epoch [290/1000] | Tau: 0.234 | Loss_C: -0.001 | Loss_P: +1.093 | Full_X_Acc: 75.0% | Loss_Gen: +0.905 | Retain: 5.6% | Mask_X_Acc: 64.1% | Loss_Gen_adv: +0.276 | Loss_Gen_l1: +0.056 | Loss_Gen_p: +0.618 | W_Distance: +0.010 |
Epoch [300/1000] | Tau: 0.222 | Loss_C: -0.004 | Loss_P: +1.082 | Full_X_Acc: 75.0% | Loss_Gen: +0.923 | Retain: 5.6% | Mask_X_Acc: 63.8% | Loss_Gen_adv: +0.292 | Loss_Gen_l1: +0.056 | Loss_Gen_p: +0.620 | W_Distance: +0.013 |
Epoch [310/1000] | Tau: 0.211 | Loss_C: -0.004 | Loss_P: +1.090 | Full_X_Acc: 75.0% | Loss_Gen: +0.955 | Retain: 5.5% | Mask_X_Acc: 63.6% | Loss_Gen_adv: +0.329 | Loss_Gen_l1: +0.055 | Loss_Gen_p: +0.615 | W_Distance: +0.012 |
Epoch [320/1000] | Tau: 0.201 | Loss_C: -0.003 | Loss_P: +1.080 | Full_X_Acc: 75.4% | Loss_Gen: +0.965 | Retain: 5.5% | Mask_X_Acc: 64.1% | Loss_Gen_adv: +0.338 | Loss_Gen_l1: +0.055 | Loss_Gen_p: +0.615 | W_Distance: +0.011 |
Epoch [330/1000] | Tau: 0.191 | Loss_C: -0.004 | Loss_P: +1.077 | Full_X_Acc: 75.1% | Loss_Gen: +0.977 | Retain: 5.5% | Mask_X_Acc: 63.8% | Loss_Gen_adv: +0.346 | Loss_Gen_l1: +0.055 | Loss_Gen_p: +0.620 | W_Distance: +0.012 |
Epoch [340/1000] | Tau: 0.182 | Loss_C: -0.007 | Loss_P: +1.080 | Full_X_Acc: 75.6% | Loss_Gen: +0.977 | Retain: 5.4% | Mask_X_Acc: 63.6% | Loss_Gen_adv: +0.356 | Loss_Gen_l1: +0.054 | Loss_Gen_p: +0.610 | W_Distance: +0.015 |
Epoch [350/1000] | Tau: 0.173 | Loss_C: -0.005 | Loss_P: +1.074 | Full_X_Acc: 75.4% | Loss_Gen: +1.006 | Retain: 5.4% | Mask_X_Acc: 64.2% | Loss_Gen_adv: +0.375 | Loss_Gen_l1: +0.054 | Loss_Gen_p: +0.620 | W_Distance: +0.012 |
Epoch [360/1000] | Tau: 0.165 | Loss_C: -0.007 | Loss_P: +1.077 | Full_X_Acc: 75.9% | Loss_Gen: +1.006 | Retain: 5.4% | Mask_X_Acc: 64.1% | Loss_Gen_adv: +0.379 | Loss_Gen_l1: +0.054 | Loss_Gen_p: +0.616 | W_Distance: +0.013 |
Epoch [370/1000] | Tau: 0.157 | Loss_C: -0.008 | Loss_P: +1.071 | Full_X_Acc: 75.5% | Loss_Gen: +1.021 | Retain: 5.4% | Mask_X_Acc: 64.4% | Loss_Gen_adv: +0.398 | Loss_Gen_l1: +0.054 | Loss_Gen_p: +0.612 | W_Distance: +0.015 |
Epoch [380/1000] | Tau: 0.149 | Loss_C: -0.008 | Loss_P: +1.068 | Full_X_Acc: 75.8% | Loss_Gen: +1.025 | Retain: 5.4% | Mask_X_Acc: 64.2% | Loss_Gen_adv: +0.403 | Loss_Gen_l1: +0.054 | Loss_Gen_p: +0.611 | W_Distance: +0.014 |
Epoch [390/1000] | Tau: 0.142 | Loss_C: -0.010 | Loss_P: +1.061 | Full_X_Acc: 75.7% | Loss_Gen: +1.029 | Retain: 5.4% | Mask_X_Acc: 64.2% | Loss_Gen_adv: +0.404 | Loss_Gen_l1: +0.054 | Loss_Gen_p: +0.614 | W_Distance: +0.016 |
Epoch [400/1000] | Tau: 0.135 | Loss_C: -0.008 | Loss_P: +1.070 | Full_X_Acc: 75.8% | Loss_Gen: +1.040 | Retain: 5.4% | Mask_X_Acc: 64.1% | Loss_Gen_adv: +0.422 | Loss_Gen_l1: +0.054 | Loss_Gen_p: +0.608 | W_Distance: +0.015 |
Epoch [410/1000] | Tau: 0.128 | Loss_C: -0.010 | Loss_P: +1.060 | Full_X_Acc: 75.8% | Loss_Gen: +1.035 | Retain: 5.3% | Mask_X_Acc: 64.3% | Loss_Gen_adv: +0.417 | Loss_Gen_l1: +0.053 | Loss_Gen_p: +0.608 | W_Distance: +0.016 |
Epoch [420/1000] | Tau: 0.122 | Loss_C: -0.012 | Loss_P: +1.060 | Full_X_Acc: 75.9% | Loss_Gen: +1.036 | Retain: 5.3% | Mask_X_Acc: 64.1% | Loss_Gen_adv: +0.413 | Loss_Gen_l1: +0.053 | Loss_Gen_p: +0.611 | W_Distance: +0.018 |
Epoch [430/1000] | Tau: 0.116 | Loss_C: -0.009 | Loss_P: +1.054 | Full_X_Acc: 76.1% | Loss_Gen: +1.034 | Retain: 5.3% | Mask_X_Acc: 64.4% | Loss_Gen_adv: +0.411 | Loss_Gen_l1: +0.053 | Loss_Gen_p: +0.613 | W_Distance: +0.016 |
Epoch [440/1000] | Tau: 0.110 | Loss_C: -0.014 | Loss_P: +1.052 | Full_X_Acc: 76.6% | Loss_Gen: +1.037 | Retain: 5.3% | Mask_X_Acc: 64.5% | Loss_Gen_adv: +0.420 | Loss_Gen_l1: +0.053 | Loss_Gen_p: +0.607 | W_Distance: +0.020 |
Epoch [450/1000] | Tau: 0.105 | Loss_C: -0.012 | Loss_P: +1.061 | Full_X_Acc: 76.2% | Loss_Gen: +1.044 | Retain: 5.3% | Mask_X_Acc: 64.0% | Loss_Gen_adv: +0.420 | Loss_Gen_l1: +0.053 | Loss_Gen_p: +0.614 | W_Distance: +0.018 |
Epoch [460/1000] | Tau: 0.100 | Loss_C: -0.011 | Loss_P: +1.045 | Full_X_Acc: 76.2% | Loss_Gen: +1.055 | Retain: 5.3% | Mask_X_Acc: 64.0% | Loss_Gen_adv: +0.430 | Loss_Gen_l1: +0.053 | Loss_Gen_p: +0.615 | W_Distance: +0.017 |
Epoch [470/1000] | Tau: 0.100 | Loss_C: -0.014 | Loss_P: +1.050 | Full_X_Acc: 76.2% | Loss_Gen: +1.051 | Retain: 5.3% | Mask_X_Acc: 64.8% | Loss_Gen_adv: +0.429 | Loss_Gen_l1: +0.053 | Loss_Gen_p: +0.611 | W_Distance: +0.021 |
Epoch [480/1000] | Tau: 0.100 | Loss_C: -0.013 | Loss_P: +1.049 | Full_X_Acc: 76.0% | Loss_Gen: +1.049 | Retain: 5.3% | Mask_X_Acc: 64.6% | Loss_Gen_adv: +0.428 | Loss_Gen_l1: +0.053 | Loss_Gen_p: +0.610 | W_Distance: +0.019 |
Epoch [490/1000] | Tau: 0.100 | Loss_C: -0.017 | Loss_P: +1.052 | Full_X_Acc: 76.4% | Loss_Gen: +1.029 | Retain: 5.3% | Mask_X_Acc: 64.0% | Loss_Gen_adv: +0.410 | Loss_Gen_l1: +0.053 | Loss_Gen_p: +0.608 | W_Distance: +0.023 |
Epoch [500/1000] | Tau: 0.100 | Loss_C: -0.014 | Loss_P: +1.052 | Full_X_Acc: 76.7% | Loss_Gen: +1.031 | Retain: 5.3% | Mask_X_Acc: 64.5% | Loss_Gen_adv: +0.408 | Loss_Gen_l1: +0.053 | Loss_Gen_p: +0.613 | W_Distance: +0.019 |
Epoch [510/1000] | Tau: 0.100 | Loss_C: -0.016 | Loss_P: +1.045 | Full_X_Acc: 76.4% | Loss_Gen: +1.016 | Retain: 5.2% | Mask_X_Acc: 64.2% | Loss_Gen_adv: +0.399 | Loss_Gen_l1: +0.052 | Loss_Gen_p: +0.606 | W_Distance: +0.022 |
Epoch [520/1000] | Tau: 0.100 | Loss_C: -0.016 | Loss_P: +1.046 | Full_X_Acc: 76.7% | Loss_Gen: +1.017 | Retain: 5.2% | Mask_X_Acc: 64.4% | Loss_Gen_adv: +0.397 | Loss_Gen_l1: +0.052 | Loss_Gen_p: +0.610 | W_Distance: +0.021 |
Epoch [530/1000] | Tau: 0.100 | Loss_C: -0.016 | Loss_P: +1.045 | Full_X_Acc: 76.7% | Loss_Gen: +0.998 | Retain: 5.2% | Mask_X_Acc: 64.6% | Loss_Gen_adv: +0.384 | Loss_Gen_l1: +0.052 | Loss_Gen_p: +0.603 | W_Distance: +0.022 |
Epoch [540/1000] | Tau: 0.100 | Loss_C: -0.015 | Loss_P: +1.041 | Full_X_Acc: 76.4% | Loss_Gen: +0.985 | Retain: 5.2% | Mask_X_Acc: 64.3% | Loss_Gen_adv: +0.368 | Loss_Gen_l1: +0.052 | Loss_Gen_p: +0.607 | W_Distance: +0.020 |
Epoch [550/1000] | Tau: 0.100 | Loss_C: -0.017 | Loss_P: +1.040 | Full_X_Acc: 77.1% | Loss_Gen: +0.970 | Retain: 5.2% | Mask_X_Acc: 64.4% | Loss_Gen_adv: +0.357 | Loss_Gen_l1: +0.052 | Loss_Gen_p: +0.603 | W_Distance: +0.022 |
Epoch [560/1000] | Tau: 0.100 | Loss_C: -0.018 | Loss_P: +1.037 | Full_X_Acc: 76.7% | Loss_Gen: +0.961 | Retain: 5.2% | Mask_X_Acc: 64.7% | Loss_Gen_adv: +0.343 | Loss_Gen_l1: +0.052 | Loss_Gen_p: +0.608 | W_Distance: +0.023 |
Epoch [570/1000] | Tau: 0.100 | Loss_C: -0.019 | Loss_P: +1.033 | Full_X_Acc: 77.1% | Loss_Gen: +0.940 | Retain: 5.2% | Mask_X_Acc: 64.2% | Loss_Gen_adv: +0.324 | Loss_Gen_l1: +0.052 | Loss_Gen_p: +0.606 | W_Distance: +0.024 |
Epoch [580/1000] | Tau: 0.100 | Loss_C: -0.019 | Loss_P: +1.034 | Full_X_Acc: 76.6% | Loss_Gen: +0.933 | Retain: 5.2% | Mask_X_Acc: 64.8% | Loss_Gen_adv: +0.315 | Loss_Gen_l1: +0.052 | Loss_Gen_p: +0.608 | W_Distance: +0.024 |
Epoch [590/1000] | Tau: 0.100 | Loss_C: -0.019 | Loss_P: +1.030 | Full_X_Acc: 76.8% | Loss_Gen: +0.929 | Retain: 5.2% | Mask_X_Acc: 64.2% | Loss_Gen_adv: +0.310 | Loss_Gen_l1: +0.052 | Loss_Gen_p: +0.608 | W_Distance: +0.024 |
Epoch [600/1000] | Tau: 0.100 | Loss_C: -0.017 | Loss_P: +1.035 | Full_X_Acc: 76.8% | Loss_Gen: +0.898 | Retain: 5.2% | Mask_X_Acc: 64.6% | Loss_Gen_adv: +0.287 | Loss_Gen_l1: +0.052 | Loss_Gen_p: +0.602 | W_Distance: +0.022 |
Epoch [610/1000] | Tau: 0.100 | Loss_C: -0.020 | Loss_P: +1.036 | Full_X_Acc: 76.7% | Loss_Gen: +0.894 | Retain: 5.2% | Mask_X_Acc: 64.6% | Loss_Gen_adv: +0.277 | Loss_Gen_l1: +0.052 | Loss_Gen_p: +0.606 | W_Distance: +0.025 |
Epoch [620/1000] | Tau: 0.100 | Loss_C: -0.019 | Loss_P: +1.036 | Full_X_Acc: 77.3% | Loss_Gen: +0.890 | Retain: 5.2% | Mask_X_Acc: 64.7% | Loss_Gen_adv: +0.275 | Loss_Gen_l1: +0.052 | Loss_Gen_p: +0.605 | W_Distance: +0.024 |
Epoch [630/1000] | Tau: 0.100 | Loss_C: -0.019 | Loss_P: +1.025 | Full_X_Acc: 76.8% | Loss_Gen: +0.887 | Retain: 5.1% | Mask_X_Acc: 64.6% | Loss_Gen_adv: +0.269 | Loss_Gen_l1: +0.051 | Loss_Gen_p: +0.608 | W_Distance: +0.024 |
Epoch [640/1000] | Tau: 0.100 | Loss_C: -0.019 | Loss_P: +1.027 | Full_X_Acc: 76.9% | Loss_Gen: +0.873 | Retain: 5.1% | Mask_X_Acc: 64.8% | Loss_Gen_adv: +0.261 | Loss_Gen_l1: +0.051 | Loss_Gen_p: +0.601 | W_Distance: +0.024 |
Epoch [650/1000] | Tau: 0.100 | Loss_C: -0.020 | Loss_P: +1.036 | Full_X_Acc: 77.1% | Loss_Gen: +0.869 | Retain: 5.1% | Mask_X_Acc: 64.7% | Loss_Gen_adv: +0.258 | Loss_Gen_l1: +0.051 | Loss_Gen_p: +0.602 | W_Distance: +0.025 |
Epoch [660/1000] | Tau: 0.100 | Loss_C: -0.021 | Loss_P: +1.032 | Full_X_Acc: 77.2% | Loss_Gen: +0.861 | Retain: 5.1% | Mask_X_Acc: 64.2% | Loss_Gen_adv: +0.248 | Loss_Gen_l1: +0.051 | Loss_Gen_p: +0.603 | W_Distance: +0.026 |
Epoch [670/1000] | Tau: 0.100 | Loss_C: -0.021 | Loss_P: +1.031 | Full_X_Acc: 77.4% | Loss_Gen: +0.850 | Retain: 5.1% | Mask_X_Acc: 64.7% | Loss_Gen_adv: +0.235 | Loss_Gen_l1: +0.051 | Loss_Gen_p: +0.605 | W_Distance: +0.026 |
Epoch [680/1000] | Tau: 0.100 | Loss_C: -0.020 | Loss_P: +1.034 | Full_X_Acc: 77.4% | Loss_Gen: +0.849 | Retain: 5.1% | Mask_X_Acc: 64.7% | Loss_Gen_adv: +0.234 | Loss_Gen_l1: +0.051 | Loss_Gen_p: +0.605 | W_Distance: +0.025 |
Epoch [690/1000] | Tau: 0.100 | Loss_C: -0.022 | Loss_P: +1.027 | Full_X_Acc: 77.5% | Loss_Gen: +0.860 | Retain: 5.1% | Mask_X_Acc: 64.6% | Loss_Gen_adv: +0.246 | Loss_Gen_l1: +0.051 | Loss_Gen_p: +0.605 | W_Distance: +0.027 |
Epoch [700/1000] | Tau: 0.100 | Loss_C: -0.018 | Loss_P: +1.021 | Full_X_Acc: 77.1% | Loss_Gen: +0.847 | Retain: 5.1% | Mask_X_Acc: 64.6% | Loss_Gen_adv: +0.239 | Loss_Gen_l1: +0.051 | Loss_Gen_p: +0.598 | W_Distance: +0.023 |
Epoch [710/1000] | Tau: 0.100 | Loss_C: -0.021 | Loss_P: +1.027 | Full_X_Acc: 77.5% | Loss_Gen: +0.854 | Retain: 5.1% | Mask_X_Acc: 64.7% | Loss_Gen_adv: +0.244 | Loss_Gen_l1: +0.051 | Loss_Gen_p: +0.600 | W_Distance: +0.026 |
Epoch [720/1000] | Tau: 0.100 | Loss_C: -0.022 | Loss_P: +1.024 | Full_X_Acc: 77.4% | Loss_Gen: +0.844 | Retain: 5.1% | Mask_X_Acc: 64.8% | Loss_Gen_adv: +0.230 | Loss_Gen_l1: +0.051 | Loss_Gen_p: +0.604 | W_Distance: +0.027 |
Epoch [730/1000] | Tau: 0.100 | Loss_C: -0.020 | Loss_P: +1.025 | Full_X_Acc: 77.6% | Loss_Gen: +0.842 | Retain: 5.1% | Mask_X_Acc: 64.7% | Loss_Gen_adv: +0.231 | Loss_Gen_l1: +0.051 | Loss_Gen_p: +0.601 | W_Distance: +0.025 |
Epoch [740/1000] | Tau: 0.100 | Loss_C: -0.023 | Loss_P: +1.030 | Full_X_Acc: 77.6% | Loss_Gen: +0.848 | Retain: 5.1% | Mask_X_Acc: 64.9% | Loss_Gen_adv: +0.232 | Loss_Gen_l1: +0.051 | Loss_Gen_p: +0.606 | W_Distance: +0.028 |
Epoch [750/1000] | Tau: 0.100 | Loss_C: -0.020 | Loss_P: +1.021 | Full_X_Acc: 77.8% | Loss_Gen: +0.833 | Retain: 5.1% | Mask_X_Acc: 64.6% | Loss_Gen_adv: +0.219 | Loss_Gen_l1: +0.051 | Loss_Gen_p: +0.604 | W_Distance: +0.025 |
Epoch [760/1000] | Tau: 0.100 | Loss_C: -0.026 | Loss_P: +1.023 | Full_X_Acc: 78.0% | Loss_Gen: +0.855 | Retain: 5.1% | Mask_X_Acc: 64.3% | Loss_Gen_adv: +0.242 | Loss_Gen_l1: +0.051 | Loss_Gen_p: +0.603 | W_Distance: +0.031 |
Epoch [770/1000] | Tau: 0.100 | Loss_C: -0.024 | Loss_P: +1.022 | Full_X_Acc: 77.8% | Loss_Gen: +0.849 | Retain: 5.1% | Mask_X_Acc: 64.5% | Loss_Gen_adv: +0.239 | Loss_Gen_l1: +0.051 | Loss_Gen_p: +0.600 | W_Distance: +0.029 |
Epoch [780/1000] | Tau: 0.100 | Loss_C: -0.024 | Loss_P: +1.019 | Full_X_Acc: 77.7% | Loss_Gen: +0.838 | Retain: 5.1% | Mask_X_Acc: 65.0% | Loss_Gen_adv: +0.226 | Loss_Gen_l1: +0.051 | Loss_Gen_p: +0.602 | W_Distance: +0.029 |
Epoch [790/1000] | Tau: 0.100 | Loss_C: -0.024 | Loss_P: +1.016 | Full_X_Acc: 78.0% | Loss_Gen: +0.839 | Retain: 5.1% | Mask_X_Acc: 64.3% | Loss_Gen_adv: +0.224 | Loss_Gen_l1: +0.051 | Loss_Gen_p: +0.605 | W_Distance: +0.030 |
Epoch [800/1000] | Tau: 0.100 | Loss_C: -0.023 | Loss_P: +1.021 | Full_X_Acc: 77.8% | Loss_Gen: +0.846 | Retain: 5.1% | Mask_X_Acc: 64.6% | Loss_Gen_adv: +0.231 | Loss_Gen_l1: +0.051 | Loss_Gen_p: +0.605 | W_Distance: +0.028 |
Epoch [810/1000] | Tau: 0.100 | Loss_C: -0.022 | Loss_P: +1.018 | Full_X_Acc: 77.9% | Loss_Gen: +0.825 | Retain: 5.1% | Mask_X_Acc: 64.6% | Loss_Gen_adv: +0.213 | Loss_Gen_l1: +0.051 | Loss_Gen_p: +0.601 | W_Distance: +0.027 |
Epoch [820/1000] | Tau: 0.100 | Loss_C: -0.024 | Loss_P: +1.016 | Full_X_Acc: 78.1% | Loss_Gen: +0.814 | Retain: 5.1% | Mask_X_Acc: 64.6% | Loss_Gen_adv: +0.205 | Loss_Gen_l1: +0.051 | Loss_Gen_p: +0.599 | W_Distance: +0.029 |
Epoch [830/1000] | Tau: 0.100 | Loss_C: -0.027 | Loss_P: +1.014 | Full_X_Acc: 78.1% | Loss_Gen: +0.811 | Retain: 5.1% | Mask_X_Acc: 65.4% | Loss_Gen_adv: +0.201 | Loss_Gen_l1: +0.051 | Loss_Gen_p: +0.600 | W_Distance: +0.032 |
Epoch [840/1000] | Tau: 0.100 | Loss_C: -0.025 | Loss_P: +1.023 | Full_X_Acc: 78.0% | Loss_Gen: +0.811 | Retain: 5.1% | Mask_X_Acc: 64.4% | Loss_Gen_adv: +0.200 | Loss_Gen_l1: +0.051 | Loss_Gen_p: +0.601 | W_Distance: +0.030 |
Epoch [850/1000] | Tau: 0.100 | Loss_C: -0.024 | Loss_P: +1.016 | Full_X_Acc: 78.0% | Loss_Gen: +0.817 | Retain: 5.1% | Mask_X_Acc: 64.9% | Loss_Gen_adv: +0.202 | Loss_Gen_l1: +0.051 | Loss_Gen_p: +0.604 | W_Distance: +0.029 |
Epoch [860/1000] | Tau: 0.100 | Loss_C: -0.024 | Loss_P: +1.015 | Full_X_Acc: 78.2% | Loss_Gen: +0.820 | Retain: 5.1% | Mask_X_Acc: 64.1% | Loss_Gen_adv: +0.212 | Loss_Gen_l1: +0.051 | Loss_Gen_p: +0.598 | W_Distance: +0.028 |
Epoch [870/1000] | Tau: 0.100 | Loss_C: -0.023 | Loss_P: +1.016 | Full_X_Acc: 78.3% | Loss_Gen: +0.823 | Retain: 5.1% | Mask_X_Acc: 64.4% | Loss_Gen_adv: +0.203 | Loss_Gen_l1: +0.051 | Loss_Gen_p: +0.610 | W_Distance: +0.028 |
Epoch [880/1000] | Tau: 0.100 | Loss_C: -0.024 | Loss_P: +1.015 | Full_X_Acc: 78.2% | Loss_Gen: +0.813 | Retain: 5.1% | Mask_X_Acc: 64.3% | Loss_Gen_adv: +0.193 | Loss_Gen_l1: +0.051 | Loss_Gen_p: +0.610 | W_Distance: +0.029 |
Epoch [890/1000] | Tau: 0.100 | Loss_C: -0.025 | Loss_P: +1.021 | Full_X_Acc: 77.8% | Loss_Gen: +0.811 | Retain: 5.1% | Mask_X_Acc: 64.4% | Loss_Gen_adv: +0.200 | Loss_Gen_l1: +0.051 | Loss_Gen_p: +0.601 | W_Distance: +0.030 |
Epoch [900/1000] | Tau: 0.100 | Loss_C: -0.024 | Loss_P: +1.008 | Full_X_Acc: 78.2% | Loss_Gen: +0.810 | Retain: 5.1% | Mask_X_Acc: 64.9% | Loss_Gen_adv: +0.201 | Loss_Gen_l1: +0.051 | Loss_Gen_p: +0.598 | W_Distance: +0.029 |
Epoch [910/1000] | Tau: 0.100 | Loss_C: -0.025 | Loss_P: +1.013 | Full_X_Acc: 78.3% | Loss_Gen: +0.809 | Retain: 5.1% | Mask_X_Acc: 64.3% | Loss_Gen_adv: +0.199 | Loss_Gen_l1: +0.051 | Loss_Gen_p: +0.600 | W_Distance: +0.030 |
Epoch [920/1000] | Tau: 0.100 | Loss_C: -0.023 | Loss_P: +1.012 | Full_X_Acc: 77.8% | Loss_Gen: +0.804 | Retain: 5.1% | Mask_X_Acc: 64.4% | Loss_Gen_adv: +0.196 | Loss_Gen_l1: +0.051 | Loss_Gen_p: +0.598 | W_Distance: +0.028 |
Epoch [930/1000] | Tau: 0.100 | Loss_C: -0.025 | Loss_P: +1.013 | Full_X_Acc: 78.4% | Loss_Gen: +0.803 | Retain: 5.1% | Mask_X_Acc: 64.2% | Loss_Gen_adv: +0.194 | Loss_Gen_l1: +0.051 | Loss_Gen_p: +0.599 | W_Distance: +0.030 |
Epoch [940/1000] | Tau: 0.100 | Loss_C: -0.024 | Loss_P: +1.009 | Full_X_Acc: 78.6% | Loss_Gen: +0.809 | Retain: 5.1% | Mask_X_Acc: 64.6% | Loss_Gen_adv: +0.198 | Loss_Gen_l1: +0.051 | Loss_Gen_p: +0.601 | W_Distance: +0.029 |
Epoch [950/1000] | Tau: 0.100 | Loss_C: -0.025 | Loss_P: +1.010 | Full_X_Acc: 78.5% | Loss_Gen: +0.816 | Retain: 5.1% | Mask_X_Acc: 65.1% | Loss_Gen_adv: +0.203 | Loss_Gen_l1: +0.051 | Loss_Gen_p: +0.602 | W_Distance: +0.029 |
Epoch [960/1000] | Tau: 0.100 | Loss_C: -0.025 | Loss_P: +1.005 | Full_X_Acc: 78.5% | Loss_Gen: +0.784 | Retain: 5.1% | Mask_X_Acc: 64.9% | Loss_Gen_adv: +0.173 | Loss_Gen_l1: +0.051 | Loss_Gen_p: +0.601 | W_Distance: +0.030 |
Epoch [970/1000] | Tau: 0.100 | Loss_C: -0.025 | Loss_P: +1.007 | Full_X_Acc: 78.6% | Loss_Gen: +0.800 | Retain: 5.1% | Mask_X_Acc: 64.9% | Loss_Gen_adv: +0.182 | Loss_Gen_l1: +0.051 | Loss_Gen_p: +0.608 | W_Distance: +0.029 |
Epoch [980/1000] | Tau: 0.100 | Loss_C: -0.024 | Loss_P: +1.008 | Full_X_Acc: 78.8% | Loss_Gen: +0.806 | Retain: 5.1% | Mask_X_Acc: 64.8% | Loss_Gen_adv: +0.192 | Loss_Gen_l1: +0.051 | Loss_Gen_p: +0.604 | W_Distance: +0.029 |
Epoch [990/1000] | Tau: 0.100 | Loss_C: -0.027 | Loss_P: +1.008 | Full_X_Acc: 78.6% | Loss_Gen: +0.800 | Retain: 5.0% | Mask_X_Acc: 64.8% | Loss_Gen_adv: +0.185 | Loss_Gen_l1: +0.050 | Loss_Gen_p: +0.605 | W_Distance: +0.031 |
Epoch [1000/1000] | Tau: 0.100 | Loss_C: -0.024 | Loss_P: +1.005 | Full_X_Acc: 78.8% | Loss_Gen: +0.796 | Retain: 5.0% | Mask_X_Acc: 64.7% | Loss_Gen_adv: +0.184 | Loss_Gen_l1: +0.050 | Loss_Gen_p: +0.602 | W_Distance: +0.029 |
[Export] 训练历史已保存至 'output/run_20260718_021320/history.npz'

[System] 开始在测试集上进行推理评估...
==================================================
🎯 测试集推理报告 (Shared Architecture)
==================================================
• 测试集准确率:     63.20%
• TPR (召回率):     67.14%
• FDR (误发现率):   40.10%
• 平均保留特征数量: 5.0 / 100
• 整体保留率:       5.05%
--------------------------------------------------
🧩 Top 18 最常被选中的特征
--------------------------------------------------
Top 01: 特征 Index 010 | 被选次数: 4000 次 (100.0%) | ★ [真实关联]
Top 02: 特征 Index 002 | 被选次数: 3999 次 (100.0%) | ★ [真实关联]
Top 03: 特征 Index 005 | 被选次数: 3995 次 ( 99.9%) | ★ [真实关联]
Top 04: 特征 Index 004 | 被选次数: 3995 次 ( 99.9%) | ★ [真实关联]
Top 05: 特征 Index 003 | 被选次数: 3994 次 ( 99.8%) | ★ [真实关联]
Top 06: 特征 Index 000 | 被选次数:   72 次 (  1.8%) | ★ [真实关联]
Top 07: 特征 Index 015 | 被选次数:   27 次 (  0.7%) |   [纯噪声]
Top 08: 特征 Index 087 | 被选次数:   22 次 (  0.6%) |   [纯噪声]
Top 09: 特征 Index 097 | 被选次数:   10 次 (  0.2%) |   [纯噪声]
Top 10: 特征 Index 090 | 被选次数:    9 次 (  0.2%) |   [纯噪声]
Top 11: 特征 Index 099 | 被选次数:    9 次 (  0.2%) |   [纯噪声]
Top 12: 特征 Index 042 | 被选次数:    7 次 (  0.2%) |   [纯噪声]
Top 13: 特征 Index 023 | 被选次数:    7 次 (  0.2%) |   [纯噪声]
Top 14: 特征 Index 080 | 被选次数:    6 次 (  0.2%) |   [纯噪声]
Top 15: 特征 Index 064 | 被选次数:    6 次 (  0.2%) |   [纯噪声]
Top 16: 特征 Index 037 | 被选次数:    4 次 (  0.1%) |   [纯噪声]
Top 17: 特征 Index 008 | 被选次数:    4 次 (  0.1%) | ★ [真实关联]
Top 18: 特征 Index 062 | 被选次数:    3 次 (  0.1%) |   [纯噪声]
==================================================
[Export] 测试集数组已保存至 'output/run_20260718_021320/test_arrays.npz'
[Export] 特征索引已保存至 'output/run_20260718_021320/selected_feature_indices.npy'
[Export] 模型权重已保存至 'output/run_20260718_021320/generator_model.pth'

[Visualization] 运行双视角 t-SNE 降维 (样本数: 4000)...
[Visualization] 降维: 原始掩码特征 (Before Ext)...
[Visualization] 降维: 隐空间特征 (After Ext)...
[Visualization] 对比 t-SNE 已保存至: 'output/run_20260718_021320/fig3_tsne_comparison.png'

