[System] Run dir: output/run_20260818_150437
[System] 正在使用 cuda 进行计算...

[System] 开始训练多任务共享特征架构...
Epoch [010/500] | Tau: 0.951 | Loss_C: +0.027 | Loss_P: +1.349 | Full_X_Acc: 64.5% | Loss_Gen: +0.394 | Retain: 4.4% | Mask_X_Acc: 52.5% | Loss_Gen_adv: -0.336 | Loss_Gen_l1: +0.044 | Loss_Gen_p: +0.697 | W_Distance: +0.035 |Gamma: 0.755 |
Epoch [020/500] | Tau: 0.905 | Loss_C: -0.357 | Loss_P: +1.307 | Full_X_Acc: 71.3% | Loss_Gen: +0.435 | Retain: 3.0% | Mask_X_Acc: 51.2% | Loss_Gen_adv: -0.267 | Loss_Gen_l1: +0.030 | Loss_Gen_p: +0.702 | W_Distance: +0.408 |Gamma: 0.001 |
Epoch [030/500] | Tau: 0.860 | Loss_C: -0.610 | Loss_P: +1.253 | Full_X_Acc: 76.5% | Loss_Gen: +1.253 | Retain: 4.6% | Mask_X_Acc: 50.6% | Loss_Gen_adv: +0.544 | Loss_Gen_l1: +0.046 | Loss_Gen_p: +0.709 | W_Distance: +0.651 |Gamma: 0.001 |
Epoch [040/500] | Tau: 0.818 | Loss_C: -0.659 | Loss_P: +1.198 | Full_X_Acc: 81.4% | Loss_Gen: +1.349 | Retain: 4.5% | Mask_X_Acc: 50.4% | Loss_Gen_adv: +0.631 | Loss_Gen_l1: +0.045 | Loss_Gen_p: +0.718 | W_Distance: +0.706 |Gamma: 0.001 |
Epoch [050/500] | Tau: 0.778 | Loss_C: -0.669 | Loss_P: +1.142 | Full_X_Acc: 85.5% | Loss_Gen: +1.542 | Retain: 5.1% | Mask_X_Acc: 50.8% | Loss_Gen_adv: +0.816 | Loss_Gen_l1: +0.051 | Loss_Gen_p: +0.726 | W_Distance: +0.715 |Gamma: 0.001 |
Epoch [060/500] | Tau: 0.740 | Loss_C: -0.663 | Loss_P: +1.105 | Full_X_Acc: 88.4% | Loss_Gen: +1.800 | Retain: 6.3% | Mask_X_Acc: 50.7% | Loss_Gen_adv: +1.065 | Loss_Gen_l1: +0.063 | Loss_Gen_p: +0.735 | W_Distance: +0.705 |Gamma: 0.001 |
Epoch [070/500] | Tau: 0.704 | Loss_C: -0.679 | Loss_P: +1.067 | Full_X_Acc: 90.5% | Loss_Gen: +1.841 | Retain: 7.0% | Mask_X_Acc: 50.6% | Loss_Gen_adv: +1.096 | Loss_Gen_l1: +0.070 | Loss_Gen_p: +0.745 | W_Distance: +0.720 |Gamma: 0.001 |
Epoch [080/500] | Tau: 0.670 | Loss_C: -0.673 | Loss_P: +1.044 | Full_X_Acc: 92.8% | Loss_Gen: +1.876 | Retain: 8.0% | Mask_X_Acc: 50.8% | Loss_Gen_adv: +1.132 | Loss_Gen_l1: +0.080 | Loss_Gen_p: +0.744 | W_Distance: +0.711 |Gamma: 0.001 |
Epoch [090/500] | Tau: 0.637 | Loss_C: -0.678 | Loss_P: +1.019 | Full_X_Acc: 94.0% | Loss_Gen: +2.045 | Retain: 8.7% | Mask_X_Acc: 50.9% | Loss_Gen_adv: +1.295 | Loss_Gen_l1: +0.087 | Loss_Gen_p: +0.750 | W_Distance: +0.716 |Gamma: 0.001 |
Epoch [100/500] | Tau: 0.606 | Loss_C: -0.677 | Loss_P: +0.995 | Full_X_Acc: 95.1% | Loss_Gen: +2.179 | Retain: 9.3% | Mask_X_Acc: 50.8% | Loss_Gen_adv: +1.430 | Loss_Gen_l1: +0.093 | Loss_Gen_p: +0.749 | W_Distance: +0.715 |Gamma: 0.001 |
Epoch [110/500] | Tau: 0.576 | Loss_C: -0.684 | Loss_P: +0.974 | Full_X_Acc: 95.7% | Loss_Gen: +2.320 | Retain: 10.2% | Mask_X_Acc: 51.3% | Loss_Gen_adv: +1.571 | Loss_Gen_l1: +0.102 | Loss_Gen_p: +0.749 | W_Distance: +0.720 |Gamma: 0.001 |
Epoch [120/500] | Tau: 0.548 | Loss_C: -0.688 | Loss_P: +0.957 | Full_X_Acc: 96.7% | Loss_Gen: +2.295 | Retain: 10.6% | Mask_X_Acc: 50.9% | Loss_Gen_adv: +1.548 | Loss_Gen_l1: +0.106 | Loss_Gen_p: +0.747 | W_Distance: +0.724 |Gamma: 0.001 |
Epoch [130/500] | Tau: 0.521 | Loss_C: -0.685 | Loss_P: +0.944 | Full_X_Acc: 97.1% | Loss_Gen: +2.302 | Retain: 11.4% | Mask_X_Acc: 50.8% | Loss_Gen_adv: +1.556 | Loss_Gen_l1: +0.114 | Loss_Gen_p: +0.746 | W_Distance: +0.721 |Gamma: 0.001 |
Epoch [140/500] | Tau: 0.496 | Loss_C: -0.698 | Loss_P: +0.933 | Full_X_Acc: 97.6% | Loss_Gen: +2.305 | Retain: 11.5% | Mask_X_Acc: 50.8% | Loss_Gen_adv: +1.559 | Loss_Gen_l1: +0.115 | Loss_Gen_p: +0.746 | W_Distance: +0.734 |Gamma: 0.001 |
Epoch [150/500] | Tau: 0.471 | Loss_C: -0.711 | Loss_P: +0.914 | Full_X_Acc: 97.9% | Loss_Gen: +2.256 | Retain: 11.8% | Mask_X_Acc: 51.7% | Loss_Gen_adv: +1.510 | Loss_Gen_l1: +0.118 | Loss_Gen_p: +0.746 | W_Distance: +0.748 |Gamma: 0.001 |
Epoch [160/500] | Tau: 0.448 | Loss_C: -0.751 | Loss_P: +0.897 | Full_X_Acc: 98.3% | Loss_Gen: +2.258 | Retain: 11.4% | Mask_X_Acc: 51.4% | Loss_Gen_adv: +1.518 | Loss_Gen_l1: +0.114 | Loss_Gen_p: +0.740 | W_Distance: +0.790 |Gamma: 0.001 |
Epoch [170/500] | Tau: 0.427 | Loss_C: -0.799 | Loss_P: +0.884 | Full_X_Acc: 98.3% | Loss_Gen: +2.254 | Retain: 11.0% | Mask_X_Acc: 51.4% | Loss_Gen_adv: +1.517 | Loss_Gen_l1: +0.110 | Loss_Gen_p: +0.737 | W_Distance: +0.839 |Gamma: 0.001 |
Epoch [180/500] | Tau: 0.406 | Loss_C: -0.871 | Loss_P: +0.869 | Full_X_Acc: 98.6% | Loss_Gen: +2.255 | Retain: 10.1% | Mask_X_Acc: 51.5% | Loss_Gen_adv: +1.524 | Loss_Gen_l1: +0.101 | Loss_Gen_p: +0.732 | W_Distance: +0.917 |Gamma: 0.001 |
Epoch [190/500] | Tau: 0.386 | Loss_C: -0.990 | Loss_P: +0.844 | Full_X_Acc: 98.7% | Loss_Gen: +2.268 | Retain: 8.9% | Mask_X_Acc: 51.7% | Loss_Gen_adv: +1.542 | Loss_Gen_l1: +0.089 | Loss_Gen_p: +0.726 | W_Distance: +1.044 |Gamma: 0.001 |
Epoch [200/500] | Tau: 0.367 | Loss_C: -1.114 | Loss_P: +0.822 | Full_X_Acc: 99.0% | Loss_Gen: +2.235 | Retain: 7.7% | Mask_X_Acc: 51.9% | Loss_Gen_adv: +1.520 | Loss_Gen_l1: +0.077 | Loss_Gen_p: +0.714 | W_Distance: +1.176 |Gamma: 0.001 |
Epoch [210/500] | Tau: 0.349 | Loss_C: -1.303 | Loss_P: +0.800 | Full_X_Acc: 99.2% | Loss_Gen: +2.265 | Retain: 6.2% | Mask_X_Acc: 51.9% | Loss_Gen_adv: +1.553 | Loss_Gen_l1: +0.062 | Loss_Gen_p: +0.712 | W_Distance: +1.381 |Gamma: 0.001 |
Epoch [220/500] | Tau: 0.332 | Loss_C: -1.488 | Loss_P: +0.778 | Full_X_Acc: 99.4% | Loss_Gen: +2.289 | Retain: 4.9% | Mask_X_Acc: 52.6% | Loss_Gen_adv: +1.588 | Loss_Gen_l1: +0.049 | Loss_Gen_p: +0.702 | W_Distance: +1.581 |Gamma: 0.001 |
Epoch [230/500] | Tau: 0.316 | Loss_C: -1.606 | Loss_P: +0.772 | Full_X_Acc: 99.5% | Loss_Gen: +2.330 | Retain: 4.0% | Mask_X_Acc: 52.1% | Loss_Gen_adv: +1.628 | Loss_Gen_l1: +0.040 | Loss_Gen_p: +0.702 | W_Distance: +1.706 |Gamma: 0.001 |
Epoch [240/500] | Tau: 0.300 | Loss_C: -1.725 | Loss_P: +0.761 | Full_X_Acc: 99.5% | Loss_Gen: +2.432 | Retain: 3.4% | Mask_X_Acc: 52.6% | Loss_Gen_adv: +1.734 | Loss_Gen_l1: +0.034 | Loss_Gen_p: +0.698 | W_Distance: +1.835 |Gamma: 0.001 |
Epoch [250/500] | Tau: 0.286 | Loss_C: -1.777 | Loss_P: +0.746 | Full_X_Acc: 99.6% | Loss_Gen: +2.424 | Retain: 3.4% | Mask_X_Acc: 54.1% | Loss_Gen_adv: +1.728 | Loss_Gen_l1: +0.034 | Loss_Gen_p: +0.696 | W_Distance: +1.890 |Gamma: 0.001 |
Epoch [260/500] | Tau: 0.272 | Loss_C: -1.789 | Loss_P: +0.743 | Full_X_Acc: 99.5% | Loss_Gen: +2.385 | Retain: 3.5% | Mask_X_Acc: 55.1% | Loss_Gen_adv: +1.696 | Loss_Gen_l1: +0.035 | Loss_Gen_p: +0.688 | W_Distance: +1.904 |Gamma: 0.001 |
Epoch [270/500] | Tau: 0.258 | Loss_C: -1.771 | Loss_P: +0.732 | Full_X_Acc: 99.7% | Loss_Gen: +2.221 | Retain: 3.6% | Mask_X_Acc: 55.5% | Loss_Gen_adv: +1.534 | Loss_Gen_l1: +0.036 | Loss_Gen_p: +0.686 | W_Distance: +1.882 |Gamma: 0.001 |
Epoch [280/500] | Tau: 0.246 | Loss_C: -1.761 | Loss_P: +0.734 | Full_X_Acc: 99.5% | Loss_Gen: +2.075 | Retain: 3.6% | Mask_X_Acc: 56.6% | Loss_Gen_adv: +1.391 | Loss_Gen_l1: +0.036 | Loss_Gen_p: +0.684 | W_Distance: +1.871 |Gamma: 0.001 |
Epoch [290/500] | Tau: 0.234 | Loss_C: -1.743 | Loss_P: +0.723 | Full_X_Acc: 99.6% | Loss_Gen: +1.951 | Retain: 3.7% | Mask_X_Acc: 56.9% | Loss_Gen_adv: +1.270 | Loss_Gen_l1: +0.037 | Loss_Gen_p: +0.681 | W_Distance: +1.852 |Gamma: 0.001 |
Epoch [300/500] | Tau: 0.222 | Loss_C: -1.697 | Loss_P: +0.712 | Full_X_Acc: 99.8% | Loss_Gen: +1.856 | Retain: 3.9% | Mask_X_Acc: 57.2% | Loss_Gen_adv: +1.181 | Loss_Gen_l1: +0.039 | Loss_Gen_p: +0.676 | W_Distance: +1.801 |Gamma: 0.001 |
Epoch [310/500] | Tau: 0.211 | Loss_C: -1.709 | Loss_P: +0.711 | Full_X_Acc: 99.7% | Loss_Gen: +1.776 | Retain: 3.8% | Mask_X_Acc: 57.7% | Loss_Gen_adv: +1.100 | Loss_Gen_l1: +0.038 | Loss_Gen_p: +0.676 | W_Distance: +1.813 |Gamma: 0.001 |
Epoch [320/500] | Tau: 0.201 | Loss_C: -1.671 | Loss_P: +0.706 | Full_X_Acc: 99.7% | Loss_Gen: +1.624 | Retain: 3.9% | Mask_X_Acc: 58.2% | Loss_Gen_adv: +0.951 | Loss_Gen_l1: +0.039 | Loss_Gen_p: +0.673 | W_Distance: +1.772 |Gamma: 0.001 |
Epoch [330/500] | Tau: 0.191 | Loss_C: -1.675 | Loss_P: +0.703 | Full_X_Acc: 99.9% | Loss_Gen: +1.564 | Retain: 3.9% | Mask_X_Acc: 58.1% | Loss_Gen_adv: +0.890 | Loss_Gen_l1: +0.039 | Loss_Gen_p: +0.675 | W_Distance: +1.777 |Gamma: 0.001 |
Epoch [340/500] | Tau: 0.182 | Loss_C: -1.662 | Loss_P: +0.699 | Full_X_Acc: 99.8% | Loss_Gen: +1.452 | Retain: 3.9% | Mask_X_Acc: 59.1% | Loss_Gen_adv: +0.787 | Loss_Gen_l1: +0.039 | Loss_Gen_p: +0.665 | W_Distance: +1.762 |Gamma: 0.001 |
Epoch [350/500] | Tau: 0.173 | Loss_C: -1.628 | Loss_P: +0.698 | Full_X_Acc: 99.8% | Loss_Gen: +1.341 | Retain: 4.0% | Mask_X_Acc: 59.6% | Loss_Gen_adv: +0.676 | Loss_Gen_l1: +0.040 | Loss_Gen_p: +0.666 | W_Distance: +1.724 |Gamma: 0.001 |
Epoch [360/500] | Tau: 0.165 | Loss_C: -1.644 | Loss_P: +0.695 | Full_X_Acc: 99.7% | Loss_Gen: +1.313 | Retain: 3.9% | Mask_X_Acc: 59.8% | Loss_Gen_adv: +0.649 | Loss_Gen_l1: +0.039 | Loss_Gen_p: +0.664 | W_Distance: +1.741 |Gamma: 0.001 |
Epoch [370/500] | Tau: 0.157 | Loss_C: -1.621 | Loss_P: +0.688 | Full_X_Acc: 99.8% | Loss_Gen: +1.161 | Retain: 4.0% | Mask_X_Acc: 60.4% | Loss_Gen_adv: +0.501 | Loss_Gen_l1: +0.040 | Loss_Gen_p: +0.660 | W_Distance: +1.716 |Gamma: 0.001 |
Epoch [380/500] | Tau: 0.149 | Loss_C: -1.612 | Loss_P: +0.689 | Full_X_Acc: 99.7% | Loss_Gen: +1.124 | Retain: 3.9% | Mask_X_Acc: 61.2% | Loss_Gen_adv: +0.467 | Loss_Gen_l1: +0.039 | Loss_Gen_p: +0.657 | W_Distance: +1.707 |Gamma: 0.001 |
Epoch [390/500] | Tau: 0.142 | Loss_C: -1.585 | Loss_P: +0.687 | Full_X_Acc: 99.8% | Loss_Gen: +1.067 | Retain: 4.0% | Mask_X_Acc: 61.0% | Loss_Gen_adv: +0.413 | Loss_Gen_l1: +0.040 | Loss_Gen_p: +0.654 | W_Distance: +1.677 |Gamma: 0.001 |
Epoch [400/500] | Tau: 0.135 | Loss_C: -1.584 | Loss_P: +0.676 | Full_X_Acc: 99.8% | Loss_Gen: +1.007 | Retain: 4.0% | Mask_X_Acc: 61.7% | Loss_Gen_adv: +0.357 | Loss_Gen_l1: +0.040 | Loss_Gen_p: +0.650 | W_Distance: +1.676 |Gamma: 0.001 |
Epoch [410/500] | Tau: 0.128 | Loss_C: -1.573 | Loss_P: +0.676 | Full_X_Acc: 99.9% | Loss_Gen: +0.944 | Retain: 4.1% | Mask_X_Acc: 62.8% | Loss_Gen_adv: +0.299 | Loss_Gen_l1: +0.041 | Loss_Gen_p: +0.645 | W_Distance: +1.663 |Gamma: 0.001 |
Epoch [420/500] | Tau: 0.122 | Loss_C: -1.557 | Loss_P: +0.674 | Full_X_Acc: 99.8% | Loss_Gen: +0.886 | Retain: 4.1% | Mask_X_Acc: 61.6% | Loss_Gen_adv: +0.243 | Loss_Gen_l1: +0.041 | Loss_Gen_p: +0.644 | W_Distance: +1.645 |Gamma: 0.001 |
Epoch [430/500] | Tau: 0.116 | Loss_C: -1.554 | Loss_P: +0.671 | Full_X_Acc: 99.9% | Loss_Gen: +0.878 | Retain: 4.1% | Mask_X_Acc: 62.2% | Loss_Gen_adv: +0.233 | Loss_Gen_l1: +0.041 | Loss_Gen_p: +0.645 | W_Distance: +1.643 |Gamma: 0.001 |
Epoch [440/500] | Tau: 0.110 | Loss_C: -1.552 | Loss_P: +0.664 | Full_X_Acc: 99.9% | Loss_Gen: +0.829 | Retain: 4.1% | Mask_X_Acc: 63.1% | Loss_Gen_adv: +0.187 | Loss_Gen_l1: +0.041 | Loss_Gen_p: +0.642 | W_Distance: +1.639 |Gamma: 0.001 |
Epoch [450/500] | Tau: 0.105 | Loss_C: -1.517 | Loss_P: +0.663 | Full_X_Acc: 99.8% | Loss_Gen: +0.758 | Retain: 4.2% | Mask_X_Acc: 63.6% | Loss_Gen_adv: +0.122 | Loss_Gen_l1: +0.042 | Loss_Gen_p: +0.636 | W_Distance: +1.602 |Gamma: 0.001 |
Epoch [460/500] | Tau: 0.100 | Loss_C: -1.512 | Loss_P: +0.658 | Full_X_Acc: 99.8% | Loss_Gen: +0.723 | Retain: 4.2% | Mask_X_Acc: 63.9% | Loss_Gen_adv: +0.092 | Loss_Gen_l1: +0.042 | Loss_Gen_p: +0.631 | W_Distance: +1.597 |Gamma: 0.001 |
Epoch [470/500] | Tau: 0.100 | Loss_C: -1.502 | Loss_P: +0.663 | Full_X_Acc: 99.7% | Loss_Gen: +0.712 | Retain: 4.2% | Mask_X_Acc: 63.8% | Loss_Gen_adv: +0.080 | Loss_Gen_l1: +0.042 | Loss_Gen_p: +0.632 | W_Distance: +1.584 |Gamma: 0.001 |
Epoch [480/500] | Tau: 0.100 | Loss_C: -1.497 | Loss_P: +0.654 | Full_X_Acc: 99.8% | Loss_Gen: +0.697 | Retain: 4.2% | Mask_X_Acc: 64.0% | Loss_Gen_adv: +0.067 | Loss_Gen_l1: +0.042 | Loss_Gen_p: +0.629 | W_Distance: +1.581 |Gamma: 0.001 |
Epoch [490/500] | Tau: 0.100 | Loss_C: -1.493 | Loss_P: +0.652 | Full_X_Acc: 99.8% | Loss_Gen: +0.654 | Retain: 4.2% | Mask_X_Acc: 64.0% | Loss_Gen_adv: +0.030 | Loss_Gen_l1: +0.042 | Loss_Gen_p: +0.624 | W_Distance: +1.575 |Gamma: 0.001 |
Epoch [500/500] | Tau: 0.100 | Loss_C: -1.473 | Loss_P: +0.654 | Full_X_Acc: 99.9% | Loss_Gen: +0.598 | Retain: 4.3% | Mask_X_Acc: 64.5% | Loss_Gen_adv: -0.029 | Loss_Gen_l1: +0.043 | Loss_Gen_p: +0.627 | W_Distance: +1.555 |Gamma: 0.001 |
[Export] 训练历史已保存至 'output/run_20260818_150437/history.npz'

[System] 开始在测试集上进行推理评估...
==================================================
🎯 测试集推理报告 (Shared Architecture)
==================================================
• 测试集准确率:     53.25%
• TPR (召回率):     0.03%
• FDR (误发现率):   99.97%
• 平均保留特征数量: 4.2 / 100
• 整体保留率:       4.22%
--------------------------------------------------
🧩 Top 15 最常被选中的特征
--------------------------------------------------
Top 01: 特征 Index 008 | 被选次数: 3398 次 ( 84.9%) | ★ [真实关联]
Top 02: 特征 Index 094 | 被选次数: 3194 次 ( 79.8%) |   [纯噪声]
Top 03: 特征 Index 009 | 被选次数: 2999 次 ( 75.0%) | ★ [真实关联]
Top 04: 特征 Index 090 | 被选次数: 2506 次 ( 62.7%) |   [纯噪声]
Top 05: 特征 Index 043 | 被选次数: 2428 次 ( 60.7%) |   [纯噪声]
Top 06: 特征 Index 087 | 被选次数: 1340 次 ( 33.5%) |   [纯噪声]
Top 07: 特征 Index 080 | 被选次数:  431 次 ( 10.8%) |   [纯噪声]
Top 08: 特征 Index 069 | 被选次数:  430 次 ( 10.8%) |   [纯噪声]
Top 09: 特征 Index 050 | 被选次数:   81 次 (  2.0%) |   [纯噪声]
Top 10: 特征 Index 002 | 被选次数:    9 次 (  0.2%) | ★ [真实关联]
Top 11: 特征 Index 073 | 被选次数:    7 次 (  0.2%) |   [纯噪声]
Top 12: 特征 Index 085 | 被选次数:    5 次 (  0.1%) |   [纯噪声]
Top 13: 特征 Index 058 | 被选次数:    4 次 (  0.1%) |   [纯噪声]
Top 14: 特征 Index 046 | 被选次数:    2 次 (  0.1%) |   [纯噪声]
Top 15: 特征 Index 049 | 被选次数:    2 次 (  0.1%) |   [纯噪声]
==================================================
[Export] 测试集数组已保存至 'output/run_20260818_150437/test_arrays.npz'
[Export] 特征索引已保存至 'output/run_20260818_150437/selected_feature_indices.npy'
[Export] 模型权重已保存至 'output/run_20260818_150437/generator_model.pth'

[Visualization] 运行双视角 t-SNE 降维 (样本数: 4000)...
[Visualization] 降维: 原始掩码特征 (Before Ext)...
[Visualization] 降维: 隐空间特征 (After Ext)...
[Visualization] 对比 t-SNE 已保存至: 'output/run_20260818_150437/fig3_tsne_comparison.png'

