[System] Run dir: output/run_20260717_205511
[System] 正在使用 cuda 进行计算...

[System] 开始训练多任务共享特征架构...
Epoch [010/700] | Tau: 0.951 | Loss_C: +0.105 | Loss_P: +1.302 | Full_X_Acc: 64.5% | Loss_Gen: +0.831 | Retain: 47.2% | Mask_X_Acc: 59.7% | Loss_Gen_adv: +0.248 | Loss_Gen_l1: +0.472 | Loss_Gen_p: +0.664 | W_Distance: -0.038 |
Epoch [020/700] | Tau: 0.905 | Loss_C: +0.035 | Loss_P: +1.270 | Full_X_Acc: 66.9% | Loss_Gen: +0.722 | Retain: 41.6% | Mask_X_Acc: 59.6% | Loss_Gen_adv: +0.195 | Loss_Gen_l1: +0.416 | Loss_Gen_p: +0.658 | W_Distance: +0.026 |
Epoch [030/700] | Tau: 0.860 | Loss_C: -0.129 | Loss_P: +1.245 | Full_X_Acc: 68.1% | Loss_Gen: +0.558 | Retain: 33.0% | Mask_X_Acc: 58.4% | Loss_Gen_adv: +0.125 | Loss_Gen_l1: +0.330 | Loss_Gen_p: +0.663 | W_Distance: +0.182 |
Epoch [040/700] | Tau: 0.818 | Loss_C: -0.425 | Loss_P: +1.234 | Full_X_Acc: 69.5% | Loss_Gen: +0.373 | Retain: 22.3% | Mask_X_Acc: 57.8% | Loss_Gen_adv: +0.075 | Loss_Gen_l1: +0.223 | Loss_Gen_p: +0.674 | W_Distance: +0.468 |
Epoch [050/700] | Tau: 0.778 | Loss_C: -0.679 | Loss_P: +1.222 | Full_X_Acc: 71.1% | Loss_Gen: +0.256 | Retain: 12.4% | Mask_X_Acc: 56.1% | Loss_Gen_adv: +0.141 | Loss_Gen_l1: +0.124 | Loss_Gen_p: +0.678 | W_Distance: +0.711 |
Epoch [060/700] | Tau: 0.740 | Loss_C: -0.870 | Loss_P: +1.199 | Full_X_Acc: 72.9% | Loss_Gen: +0.206 | Retain: 5.8% | Mask_X_Acc: 53.8% | Loss_Gen_adv: +0.240 | Loss_Gen_l1: +0.058 | Loss_Gen_p: +0.685 | W_Distance: +0.894 |
Epoch [070/700] | Tau: 0.704 | Loss_C: -0.963 | Loss_P: +1.171 | Full_X_Acc: 75.0% | Loss_Gen: +0.192 | Retain: 2.8% | Mask_X_Acc: 53.4% | Loss_Gen_adv: +0.298 | Loss_Gen_l1: +0.028 | Loss_Gen_p: +0.689 | W_Distance: +0.986 |
Epoch [080/700] | Tau: 0.670 | Loss_C: -0.978 | Loss_P: +1.145 | Full_X_Acc: 77.7% | Loss_Gen: +0.177 | Retain: 1.9% | Mask_X_Acc: 52.9% | Loss_Gen_adv: +0.297 | Loss_Gen_l1: +0.019 | Loss_Gen_p: +0.688 | W_Distance: +1.002 |
Epoch [090/700] | Tau: 0.637 | Loss_C: -1.003 | Loss_P: +1.116 | Full_X_Acc: 79.4% | Loss_Gen: +0.180 | Retain: 1.7% | Mask_X_Acc: 54.3% | Loss_Gen_adv: +0.310 | Loss_Gen_l1: +0.017 | Loss_Gen_p: +0.683 | W_Distance: +1.031 |
Epoch [100/700] | Tau: 0.606 | Loss_C: -1.039 | Loss_P: +1.072 | Full_X_Acc: 81.3% | Loss_Gen: +0.190 | Retain: 1.7% | Mask_X_Acc: 56.1% | Loss_Gen_adv: +0.328 | Loss_Gen_l1: +0.017 | Loss_Gen_p: +0.677 | W_Distance: +1.070 |
Epoch [110/700] | Tau: 0.576 | Loss_C: -1.091 | Loss_P: +1.034 | Full_X_Acc: 82.8% | Loss_Gen: +0.223 | Retain: 1.9% | Mask_X_Acc: 59.1% | Loss_Gen_adv: +0.388 | Loss_Gen_l1: +0.019 | Loss_Gen_p: +0.656 | W_Distance: +1.122 |
Epoch [120/700] | Tau: 0.548 | Loss_C: -1.155 | Loss_P: +0.994 | Full_X_Acc: 83.9% | Loss_Gen: +0.263 | Retain: 2.0% | Mask_X_Acc: 60.1% | Loss_Gen_adv: +0.465 | Loss_Gen_l1: +0.020 | Loss_Gen_p: +0.640 | W_Distance: +1.189 |
Epoch [130/700] | Tau: 0.521 | Loss_C: -1.223 | Loss_P: +0.969 | Full_X_Acc: 84.9% | Loss_Gen: +0.292 | Retain: 2.0% | Mask_X_Acc: 61.3% | Loss_Gen_adv: +0.522 | Loss_Gen_l1: +0.020 | Loss_Gen_p: +0.635 | W_Distance: +1.261 |
Epoch [140/700] | Tau: 0.496 | Loss_C: -1.285 | Loss_P: +0.940 | Full_X_Acc: 86.5% | Loss_Gen: +0.323 | Retain: 2.0% | Mask_X_Acc: 60.4% | Loss_Gen_adv: +0.585 | Loss_Gen_l1: +0.020 | Loss_Gen_p: +0.632 | W_Distance: +1.330 |
Epoch [150/700] | Tau: 0.471 | Loss_C: -1.326 | Loss_P: +0.927 | Full_X_Acc: 87.5% | Loss_Gen: +0.359 | Retain: 2.0% | Mask_X_Acc: 60.6% | Loss_Gen_adv: +0.657 | Loss_Gen_l1: +0.020 | Loss_Gen_p: +0.634 | W_Distance: +1.375 |
Epoch [160/700] | Tau: 0.448 | Loss_C: -1.360 | Loss_P: +0.901 | Full_X_Acc: 88.3% | Loss_Gen: +0.384 | Retain: 2.1% | Mask_X_Acc: 60.5% | Loss_Gen_adv: +0.706 | Loss_Gen_l1: +0.021 | Loss_Gen_p: +0.633 | W_Distance: +1.411 |
Epoch [170/700] | Tau: 0.427 | Loss_C: -1.384 | Loss_P: +0.884 | Full_X_Acc: 89.6% | Loss_Gen: +0.408 | Retain: 2.1% | Mask_X_Acc: 61.3% | Loss_Gen_adv: +0.753 | Loss_Gen_l1: +0.021 | Loss_Gen_p: +0.635 | W_Distance: +1.436 |
Epoch [180/700] | Tau: 0.406 | Loss_C: -1.402 | Loss_P: +0.868 | Full_X_Acc: 90.2% | Loss_Gen: +0.431 | Retain: 2.2% | Mask_X_Acc: 61.6% | Loss_Gen_adv: +0.796 | Loss_Gen_l1: +0.022 | Loss_Gen_p: +0.633 | W_Distance: +1.456 |
Epoch [190/700] | Tau: 0.386 | Loss_C: -1.417 | Loss_P: +0.838 | Full_X_Acc: 91.1% | Loss_Gen: +0.448 | Retain: 2.3% | Mask_X_Acc: 61.8% | Loss_Gen_adv: +0.826 | Loss_Gen_l1: +0.023 | Loss_Gen_p: +0.627 | W_Distance: +1.472 |
Epoch [200/700] | Tau: 0.367 | Loss_C: -1.432 | Loss_P: +0.824 | Full_X_Acc: 91.8% | Loss_Gen: +0.471 | Retain: 2.6% | Mask_X_Acc: 62.3% | Loss_Gen_adv: +0.865 | Loss_Gen_l1: +0.026 | Loss_Gen_p: +0.617 | W_Distance: +1.488 |
Epoch [210/700] | Tau: 0.349 | Loss_C: -1.454 | Loss_P: +0.804 | Full_X_Acc: 92.1% | Loss_Gen: +0.492 | Retain: 2.7% | Mask_X_Acc: 63.1% | Loss_Gen_adv: +0.901 | Loss_Gen_l1: +0.027 | Loss_Gen_p: +0.612 | W_Distance: +1.511 |
Epoch [220/700] | Tau: 0.332 | Loss_C: -1.476 | Loss_P: +0.790 | Full_X_Acc: 92.7% | Loss_Gen: +0.511 | Retain: 2.8% | Mask_X_Acc: 63.5% | Loss_Gen_adv: +0.939 | Loss_Gen_l1: +0.028 | Loss_Gen_p: +0.611 | W_Distance: +1.534 |
Epoch [230/700] | Tau: 0.316 | Loss_C: -1.494 | Loss_P: +0.778 | Full_X_Acc: 93.1% | Loss_Gen: +0.527 | Retain: 2.7% | Mask_X_Acc: 62.4% | Loss_Gen_adv: +0.972 | Loss_Gen_l1: +0.027 | Loss_Gen_p: +0.613 | W_Distance: +1.554 |
Epoch [240/700] | Tau: 0.300 | Loss_C: -1.520 | Loss_P: +0.772 | Full_X_Acc: 93.3% | Loss_Gen: +0.543 | Retain: 2.5% | Mask_X_Acc: 62.9% | Loss_Gen_adv: +1.010 | Loss_Gen_l1: +0.025 | Loss_Gen_p: +0.614 | W_Distance: +1.582 |
Epoch [250/700] | Tau: 0.286 | Loss_C: -1.538 | Loss_P: +0.774 | Full_X_Acc: 93.9% | Loss_Gen: +0.552 | Retain: 2.3% | Mask_X_Acc: 61.6% | Loss_Gen_adv: +1.035 | Loss_Gen_l1: +0.023 | Loss_Gen_p: +0.617 | W_Distance: +1.599 |
Epoch [260/700] | Tau: 0.272 | Loss_C: -1.562 | Loss_P: +0.766 | Full_X_Acc: 94.2% | Loss_Gen: +0.556 | Retain: 2.2% | Mask_X_Acc: 61.8% | Loss_Gen_adv: +1.048 | Loss_Gen_l1: +0.022 | Loss_Gen_p: +0.627 | W_Distance: +1.624 |
Epoch [270/700] | Tau: 0.258 | Loss_C: -1.576 | Loss_P: +0.760 | Full_X_Acc: 94.6% | Loss_Gen: +0.562 | Retain: 2.1% | Mask_X_Acc: 61.5% | Loss_Gen_adv: +1.060 | Loss_Gen_l1: +0.021 | Loss_Gen_p: +0.623 | W_Distance: +1.639 |
Epoch [280/700] | Tau: 0.246 | Loss_C: -1.593 | Loss_P: +0.753 | Full_X_Acc: 94.8% | Loss_Gen: +0.569 | Retain: 2.1% | Mask_X_Acc: 62.2% | Loss_Gen_adv: +1.074 | Loss_Gen_l1: +0.021 | Loss_Gen_p: +0.625 | W_Distance: +1.657 |
Epoch [290/700] | Tau: 0.234 | Loss_C: -1.606 | Loss_P: +0.742 | Full_X_Acc: 95.0% | Loss_Gen: +0.574 | Retain: 2.2% | Mask_X_Acc: 61.8% | Loss_Gen_adv: +1.082 | Loss_Gen_l1: +0.022 | Loss_Gen_p: +0.617 | W_Distance: +1.671 |
Epoch [300/700] | Tau: 0.222 | Loss_C: -1.618 | Loss_P: +0.735 | Full_X_Acc: 95.2% | Loss_Gen: +0.585 | Retain: 2.2% | Mask_X_Acc: 61.9% | Loss_Gen_adv: +1.102 | Loss_Gen_l1: +0.022 | Loss_Gen_p: +0.618 | W_Distance: +1.683 |
Epoch [310/700] | Tau: 0.211 | Loss_C: -1.628 | Loss_P: +0.725 | Full_X_Acc: 95.6% | Loss_Gen: +0.596 | Retain: 2.2% | Mask_X_Acc: 62.6% | Loss_Gen_adv: +1.124 | Loss_Gen_l1: +0.022 | Loss_Gen_p: +0.617 | W_Distance: +1.694 |
Epoch [320/700] | Tau: 0.201 | Loss_C: -1.641 | Loss_P: +0.719 | Full_X_Acc: 95.9% | Loss_Gen: +0.608 | Retain: 2.3% | Mask_X_Acc: 61.5% | Loss_Gen_adv: +1.148 | Loss_Gen_l1: +0.023 | Loss_Gen_p: +0.614 | W_Distance: +1.708 |
Epoch [330/700] | Tau: 0.191 | Loss_C: -1.648 | Loss_P: +0.710 | Full_X_Acc: 96.0% | Loss_Gen: +0.618 | Retain: 2.3% | Mask_X_Acc: 63.1% | Loss_Gen_adv: +1.167 | Loss_Gen_l1: +0.023 | Loss_Gen_p: +0.613 | W_Distance: +1.715 |
Epoch [340/700] | Tau: 0.182 | Loss_C: -1.660 | Loss_P: +0.707 | Full_X_Acc: 96.4% | Loss_Gen: +0.634 | Retain: 2.3% | Mask_X_Acc: 62.7% | Loss_Gen_adv: +1.198 | Loss_Gen_l1: +0.023 | Loss_Gen_p: +0.613 | W_Distance: +1.728 |
Epoch [350/700] | Tau: 0.173 | Loss_C: -1.665 | Loss_P: +0.706 | Full_X_Acc: 96.5% | Loss_Gen: +0.644 | Retain: 2.3% | Mask_X_Acc: 62.3% | Loss_Gen_adv: +1.218 | Loss_Gen_l1: +0.023 | Loss_Gen_p: +0.610 | W_Distance: +1.733 |
Epoch [360/700] | Tau: 0.165 | Loss_C: -1.676 | Loss_P: +0.693 | Full_X_Acc: 96.7% | Loss_Gen: +0.654 | Retain: 2.4% | Mask_X_Acc: 62.9% | Loss_Gen_adv: +1.238 | Loss_Gen_l1: +0.024 | Loss_Gen_p: +0.605 | W_Distance: +1.745 |
Epoch [370/700] | Tau: 0.157 | Loss_C: -1.685 | Loss_P: +0.697 | Full_X_Acc: 96.6% | Loss_Gen: +0.665 | Retain: 2.4% | Mask_X_Acc: 62.7% | Loss_Gen_adv: +1.258 | Loss_Gen_l1: +0.024 | Loss_Gen_p: +0.610 | W_Distance: +1.755 |
Epoch [380/700] | Tau: 0.149 | Loss_C: -1.693 | Loss_P: +0.688 | Full_X_Acc: 97.1% | Loss_Gen: +0.671 | Retain: 2.4% | Mask_X_Acc: 62.2% | Loss_Gen_adv: +1.271 | Loss_Gen_l1: +0.024 | Loss_Gen_p: +0.608 | W_Distance: +1.763 |
Epoch [390/700] | Tau: 0.142 | Loss_C: -1.703 | Loss_P: +0.688 | Full_X_Acc: 97.1% | Loss_Gen: +0.680 | Retain: 2.4% | Mask_X_Acc: 62.5% | Loss_Gen_adv: +1.288 | Loss_Gen_l1: +0.024 | Loss_Gen_p: +0.603 | W_Distance: +1.774 |
Epoch [400/700] | Tau: 0.135 | Loss_C: -1.708 | Loss_P: +0.682 | Full_X_Acc: 97.1% | Loss_Gen: +0.686 | Retain: 2.4% | Mask_X_Acc: 62.5% | Loss_Gen_adv: +1.301 | Loss_Gen_l1: +0.024 | Loss_Gen_p: +0.605 | W_Distance: +1.779 |
Epoch [410/700] | Tau: 0.128 | Loss_C: -1.716 | Loss_P: +0.671 | Full_X_Acc: 97.5% | Loss_Gen: +0.690 | Retain: 2.4% | Mask_X_Acc: 62.7% | Loss_Gen_adv: +1.307 | Loss_Gen_l1: +0.024 | Loss_Gen_p: +0.604 | W_Distance: +1.789 |
Epoch [420/700] | Tau: 0.122 | Loss_C: -1.725 | Loss_P: +0.676 | Full_X_Acc: 97.7% | Loss_Gen: +0.698 | Retain: 2.4% | Mask_X_Acc: 63.2% | Loss_Gen_adv: +1.322 | Loss_Gen_l1: +0.024 | Loss_Gen_p: +0.604 | W_Distance: +1.797 |
Epoch [430/700] | Tau: 0.116 | Loss_C: -1.727 | Loss_P: +0.670 | Full_X_Acc: 97.5% | Loss_Gen: +0.703 | Retain: 2.5% | Mask_X_Acc: 63.2% | Loss_Gen_adv: +1.333 | Loss_Gen_l1: +0.025 | Loss_Gen_p: +0.603 | W_Distance: +1.799 |
Epoch [440/700] | Tau: 0.110 | Loss_C: -1.731 | Loss_P: +0.673 | Full_X_Acc: 97.7% | Loss_Gen: +0.706 | Retain: 2.5% | Mask_X_Acc: 63.7% | Loss_Gen_adv: +1.337 | Loss_Gen_l1: +0.025 | Loss_Gen_p: +0.601 | W_Distance: +1.804 |
Epoch [450/700] | Tau: 0.105 | Loss_C: -1.729 | Loss_P: +0.666 | Full_X_Acc: 97.7% | Loss_Gen: +0.710 | Retain: 2.5% | Mask_X_Acc: 62.6% | Loss_Gen_adv: +1.344 | Loss_Gen_l1: +0.025 | Loss_Gen_p: +0.597 | W_Distance: +1.801 |
Epoch [460/700] | Tau: 0.100 | Loss_C: -1.734 | Loss_P: +0.666 | Full_X_Acc: 97.9% | Loss_Gen: +0.714 | Retain: 2.6% | Mask_X_Acc: 63.0% | Loss_Gen_adv: +1.351 | Loss_Gen_l1: +0.026 | Loss_Gen_p: +0.600 | W_Distance: +1.807 |
Epoch [470/700] | Tau: 0.100 | Loss_C: -1.736 | Loss_P: +0.660 | Full_X_Acc: 97.9% | Loss_Gen: +0.718 | Retain: 2.6% | Mask_X_Acc: 63.3% | Loss_Gen_adv: +1.358 | Loss_Gen_l1: +0.026 | Loss_Gen_p: +0.602 | W_Distance: +1.809 |
Epoch [480/700] | Tau: 0.100 | Loss_C: -1.734 | Loss_P: +0.657 | Full_X_Acc: 98.0% | Loss_Gen: +0.719 | Retain: 2.7% | Mask_X_Acc: 62.6% | Loss_Gen_adv: +1.358 | Loss_Gen_l1: +0.027 | Loss_Gen_p: +0.599 | W_Distance: +1.807 |
Epoch [490/700] | Tau: 0.100 | Loss_C: -1.735 | Loss_P: +0.656 | Full_X_Acc: 98.0% | Loss_Gen: +0.723 | Retain: 2.8% | Mask_X_Acc: 63.4% | Loss_Gen_adv: +1.364 | Loss_Gen_l1: +0.028 | Loss_Gen_p: +0.596 | W_Distance: +1.808 |
Epoch [500/700] | Tau: 0.100 | Loss_C: -1.732 | Loss_P: +0.649 | Full_X_Acc: 98.1% | Loss_Gen: +0.727 | Retain: 2.9% | Mask_X_Acc: 64.0% | Loss_Gen_adv: +1.367 | Loss_Gen_l1: +0.029 | Loss_Gen_p: +0.593 | W_Distance: +1.805 |
Epoch [510/700] | Tau: 0.100 | Loss_C: -1.735 | Loss_P: +0.646 | Full_X_Acc: 98.2% | Loss_Gen: +0.731 | Retain: 3.0% | Mask_X_Acc: 64.0% | Loss_Gen_adv: +1.373 | Loss_Gen_l1: +0.030 | Loss_Gen_p: +0.592 | W_Distance: +1.809 |
Epoch [520/700] | Tau: 0.100 | Loss_C: -1.733 | Loss_P: +0.647 | Full_X_Acc: 98.2% | Loss_Gen: +0.739 | Retain: 3.1% | Mask_X_Acc: 63.7% | Loss_Gen_adv: +1.386 | Loss_Gen_l1: +0.031 | Loss_Gen_p: +0.589 | W_Distance: +1.807 |
Epoch [530/700] | Tau: 0.100 | Loss_C: -1.743 | Loss_P: +0.636 | Full_X_Acc: 98.2% | Loss_Gen: +0.749 | Retain: 3.2% | Mask_X_Acc: 64.7% | Loss_Gen_adv: +1.402 | Loss_Gen_l1: +0.032 | Loss_Gen_p: +0.591 | W_Distance: +1.818 |
Epoch [540/700] | Tau: 0.100 | Loss_C: -1.751 | Loss_P: +0.630 | Full_X_Acc: 98.2% | Loss_Gen: +0.760 | Retain: 3.2% | Mask_X_Acc: 64.8% | Loss_Gen_adv: +1.424 | Loss_Gen_l1: +0.032 | Loss_Gen_p: +0.586 | W_Distance: +1.827 |
Epoch [550/700] | Tau: 0.100 | Loss_C: -1.745 | Loss_P: +0.632 | Full_X_Acc: 98.2% | Loss_Gen: +0.770 | Retain: 3.3% | Mask_X_Acc: 64.8% | Loss_Gen_adv: +1.443 | Loss_Gen_l1: +0.033 | Loss_Gen_p: +0.583 | W_Distance: +1.821 |
Epoch [560/700] | Tau: 0.100 | Loss_C: -1.757 | Loss_P: +0.628 | Full_X_Acc: 98.3% | Loss_Gen: +0.783 | Retain: 3.3% | Mask_X_Acc: 65.0% | Loss_Gen_adv: +1.469 | Loss_Gen_l1: +0.033 | Loss_Gen_p: +0.585 | W_Distance: +1.833 |
Epoch [570/700] | Tau: 0.100 | Loss_C: -1.768 | Loss_P: +0.625 | Full_X_Acc: 98.5% | Loss_Gen: +0.800 | Retain: 3.3% | Mask_X_Acc: 64.5% | Loss_Gen_adv: +1.503 | Loss_Gen_l1: +0.033 | Loss_Gen_p: +0.582 | W_Distance: +1.844 |
Epoch [580/700] | Tau: 0.100 | Loss_C: -1.763 | Loss_P: +0.624 | Full_X_Acc: 98.5% | Loss_Gen: +0.810 | Retain: 3.3% | Mask_X_Acc: 65.5% | Loss_Gen_adv: +1.520 | Loss_Gen_l1: +0.033 | Loss_Gen_p: +0.583 | W_Distance: +1.840 |
Epoch [590/700] | Tau: 0.100 | Loss_C: -1.772 | Loss_P: +0.620 | Full_X_Acc: 98.6% | Loss_Gen: +0.819 | Retain: 3.3% | Mask_X_Acc: 64.8% | Loss_Gen_adv: +1.538 | Loss_Gen_l1: +0.033 | Loss_Gen_p: +0.580 | W_Distance: +1.849 |
Epoch [600/700] | Tau: 0.100 | Loss_C: -1.774 | Loss_P: +0.623 | Full_X_Acc: 98.4% | Loss_Gen: +0.827 | Retain: 3.3% | Mask_X_Acc: 65.3% | Loss_Gen_adv: +1.555 | Loss_Gen_l1: +0.033 | Loss_Gen_p: +0.577 | W_Distance: +1.851 |
Epoch [610/700] | Tau: 0.100 | Loss_C: -1.778 | Loss_P: +0.622 | Full_X_Acc: 98.4% | Loss_Gen: +0.833 | Retain: 3.3% | Mask_X_Acc: 64.8% | Loss_Gen_adv: +1.567 | Loss_Gen_l1: +0.033 | Loss_Gen_p: +0.579 | W_Distance: +1.856 |
Epoch [620/700] | Tau: 0.100 | Loss_C: -1.776 | Loss_P: +0.623 | Full_X_Acc: 98.2% | Loss_Gen: +0.841 | Retain: 3.3% | Mask_X_Acc: 64.8% | Loss_Gen_adv: +1.582 | Loss_Gen_l1: +0.033 | Loss_Gen_p: +0.583 | W_Distance: +1.853 |
Epoch [630/700] | Tau: 0.100 | Loss_C: -1.787 | Loss_P: +0.613 | Full_X_Acc: 98.5% | Loss_Gen: +0.845 | Retain: 3.3% | Mask_X_Acc: 65.4% | Loss_Gen_adv: +1.590 | Loss_Gen_l1: +0.033 | Loss_Gen_p: +0.578 | W_Distance: +1.865 |
Epoch [640/700] | Tau: 0.100 | Loss_C: -1.787 | Loss_P: +0.616 | Full_X_Acc: 98.5% | Loss_Gen: +0.850 | Retain: 3.4% | Mask_X_Acc: 65.1% | Loss_Gen_adv: +1.600 | Loss_Gen_l1: +0.034 | Loss_Gen_p: +0.577 | W_Distance: +1.866 |
Epoch [650/700] | Tau: 0.100 | Loss_C: -1.796 | Loss_P: +0.614 | Full_X_Acc: 98.7% | Loss_Gen: +0.852 | Retain: 3.3% | Mask_X_Acc: 64.9% | Loss_Gen_adv: +1.605 | Loss_Gen_l1: +0.033 | Loss_Gen_p: +0.578 | W_Distance: +1.875 |
Epoch [660/700] | Tau: 0.100 | Loss_C: -1.794 | Loss_P: +0.618 | Full_X_Acc: 98.5% | Loss_Gen: +0.857 | Retain: 3.3% | Mask_X_Acc: 65.3% | Loss_Gen_adv: +1.615 | Loss_Gen_l1: +0.033 | Loss_Gen_p: +0.583 | W_Distance: +1.873 |
Epoch [670/700] | Tau: 0.100 | Loss_C: -1.792 | Loss_P: +0.620 | Full_X_Acc: 98.5% | Loss_Gen: +0.860 | Retain: 3.3% | Mask_X_Acc: 65.4% | Loss_Gen_adv: +1.620 | Loss_Gen_l1: +0.033 | Loss_Gen_p: +0.577 | W_Distance: +1.870 |
Epoch [680/700] | Tau: 0.100 | Loss_C: -1.802 | Loss_P: +0.615 | Full_X_Acc: 98.7% | Loss_Gen: +0.867 | Retain: 3.4% | Mask_X_Acc: 64.9% | Loss_Gen_adv: +1.633 | Loss_Gen_l1: +0.034 | Loss_Gen_p: +0.575 | W_Distance: +1.881 |
Epoch [690/700] | Tau: 0.100 | Loss_C: -1.797 | Loss_P: +0.615 | Full_X_Acc: 98.8% | Loss_Gen: +0.866 | Retain: 3.4% | Mask_X_Acc: 64.4% | Loss_Gen_adv: +1.631 | Loss_Gen_l1: +0.034 | Loss_Gen_p: +0.578 | W_Distance: +1.876 |
Epoch [700/700] | Tau: 0.100 | Loss_C: -1.810 | Loss_P: +0.612 | Full_X_Acc: 98.6% | Loss_Gen: +0.869 | Retain: 3.4% | Mask_X_Acc: 65.4% | Loss_Gen_adv: +1.638 | Loss_Gen_l1: +0.034 | Loss_Gen_p: +0.571 | W_Distance: +1.890 |
[Export] 训练历史已保存至 'output/run_20260717_205511/history.npz'

[System] 开始在测试集上进行推理评估...
==================================================
🎯 测试集推理报告 (Shared Architecture)
==================================================
• 测试集准确率:     64.50%
• TPR (召回率):     45.82%
• FDR (误发现率):   41.38%
• 平均保留特征数量: 3.4 / 100
• 整体保留率:       3.38%
--------------------------------------------------
🧩 Top 12 最常被选中的特征
--------------------------------------------------
Top 01: 特征 Index 006 | 被选次数: 1990 次 ( 99.5%) | ★ [真实关联]
Top 02: 特征 Index 008 | 被选次数: 1752 次 ( 87.6%) | ★ [真实关联]
Top 03: 特征 Index 010 | 被选次数: 1605 次 ( 80.2%) | ★ [真实关联]
Top 04: 特征 Index 009 | 被选次数: 1403 次 ( 70.2%) | ★ [真实关联]
Top 05: 特征 Index 095 | 被选次数:    0 次 (  0.0%) |   [纯噪声]
Top 06: 特征 Index 094 | 被选次数:    0 次 (  0.0%) |   [纯噪声]
Top 07: 特征 Index 093 | 被选次数:    0 次 (  0.0%) |   [纯噪声]
Top 08: 特征 Index 092 | 被选次数:    0 次 (  0.0%) |   [纯噪声]
Top 09: 特征 Index 091 | 被选次数:    0 次 (  0.0%) |   [纯噪声]
Top 10: 特征 Index 090 | 被选次数:    0 次 (  0.0%) |   [纯噪声]
Top 11: 特征 Index 089 | 被选次数:    0 次 (  0.0%) |   [纯噪声]
Top 12: 特征 Index 088 | 被选次数:    0 次 (  0.0%) |   [纯噪声]
==================================================
[Export] 测试集数组已保存至 'output/run_20260717_205511/test_arrays.npz'
[Export] 特征索引已保存至 'output/run_20260717_205511/selected_feature_indices.npy'
[Export] 模型权重已保存至 'output/run_20260717_205511/generator_model.pth'

[Visualization] 运行双视角 t-SNE 降维 (样本数: 2000)...
[Visualization] 降维: 原始掩码特征 (Before Ext)...
[Visualization] 降维: 隐空间特征 (After Ext)...
[Visualization] 对比 t-SNE 已保存至: 'output/run_20260717_205511/fig3_tsne_comparison.png'

