[System] Run dir: output/run_20260818_190740
[System] 正在使用 cuda 进行计算...

[System] 开始训练多任务共享特征架构...
Epoch [010/1000] | Tau: 0.951 | Loss_C: +0.079 | Loss_P: +0.492 | Full_X_Acc: 64.1% | Loss_Gen: +0.728 | Retain: 47.6% | Mask_X_Acc: 56.8% | Loss_Gen_adv: -0.103 | Loss_Gen_l1: +0.476 | Loss_Gen_p: +0.688 | W_Distance: -0.002 |
Epoch [020/1000] | Tau: 0.905 | Loss_C: +0.075 | Loss_P: +0.479 | Full_X_Acc: 65.8% | Loss_Gen: +0.718 | Retain: 44.5% | Mask_X_Acc: 56.9% | Loss_Gen_adv: -0.104 | Loss_Gen_l1: +0.445 | Loss_Gen_p: +0.688 | W_Distance: -0.005 |
Epoch [030/1000] | Tau: 0.860 | Loss_C: +0.069 | Loss_P: +0.468 | Full_X_Acc: 67.0% | Loss_Gen: +0.672 | Retain: 39.9% | Mask_X_Acc: 57.6% | Loss_Gen_adv: -0.140 | Loss_Gen_l1: +0.399 | Loss_Gen_p: +0.692 | W_Distance: -0.008 |
Epoch [040/1000] | Tau: 0.818 | Loss_C: +0.061 | Loss_P: +0.462 | Full_X_Acc: 67.9% | Loss_Gen: +0.596 | Retain: 33.9% | Mask_X_Acc: 57.7% | Loss_Gen_adv: -0.202 | Loss_Gen_l1: +0.339 | Loss_Gen_p: +0.696 | W_Distance: -0.007 |
Epoch [050/1000] | Tau: 0.778 | Loss_C: +0.035 | Loss_P: +0.453 | Full_X_Acc: 68.5% | Loss_Gen: +0.505 | Retain: 26.7% | Mask_X_Acc: 59.3% | Loss_Gen_adv: -0.258 | Loss_Gen_l1: +0.267 | Loss_Gen_p: +0.683 | W_Distance: -0.004 |
Epoch [060/1000] | Tau: 0.740 | Loss_C: +0.017 | Loss_P: +0.447 | Full_X_Acc: 69.3% | Loss_Gen: +0.428 | Retain: 19.7% | Mask_X_Acc: 59.7% | Loss_Gen_adv: -0.297 | Loss_Gen_l1: +0.197 | Loss_Gen_p: +0.666 | W_Distance: -0.001 |
Epoch [070/1000] | Tau: 0.704 | Loss_C: +0.018 | Loss_P: +0.437 | Full_X_Acc: 70.0% | Loss_Gen: +0.437 | Retain: 14.2% | Mask_X_Acc: 60.4% | Loss_Gen_adv: -0.258 | Loss_Gen_l1: +0.142 | Loss_Gen_p: +0.652 | W_Distance: +0.000 |
Epoch [080/1000] | Tau: 0.670 | Loss_C: +0.006 | Loss_P: +0.428 | Full_X_Acc: 70.8% | Loss_Gen: +0.526 | Retain: 10.8% | Mask_X_Acc: 61.7% | Loss_Gen_adv: -0.152 | Loss_Gen_l1: +0.108 | Loss_Gen_p: +0.645 | W_Distance: +0.005 |
Epoch [090/1000] | Tau: 0.637 | Loss_C: -0.001 | Loss_P: +0.421 | Full_X_Acc: 71.5% | Loss_Gen: +0.568 | Retain: 9.0% | Mask_X_Acc: 62.8% | Loss_Gen_adv: -0.090 | Loss_Gen_l1: +0.090 | Loss_Gen_p: +0.632 | W_Distance: +0.006 |
Epoch [100/1000] | Tau: 0.606 | Loss_C: -0.000 | Loss_P: +0.414 | Full_X_Acc: 71.7% | Loss_Gen: +0.556 | Retain: 7.8% | Mask_X_Acc: 62.5% | Loss_Gen_adv: -0.096 | Loss_Gen_l1: +0.078 | Loss_Gen_p: +0.628 | W_Distance: +0.005 |
Epoch [110/1000] | Tau: 0.576 | Loss_C: +0.000 | Loss_P: +0.409 | Full_X_Acc: 73.0% | Loss_Gen: +0.512 | Retain: 7.0% | Mask_X_Acc: 62.5% | Loss_Gen_adv: -0.140 | Loss_Gen_l1: +0.070 | Loss_Gen_p: +0.631 | W_Distance: +0.006 |
Epoch [120/1000] | Tau: 0.548 | Loss_C: +0.000 | Loss_P: +0.405 | Full_X_Acc: 73.0% | Loss_Gen: +0.484 | Retain: 6.4% | Mask_X_Acc: 63.0% | Loss_Gen_adv: -0.169 | Loss_Gen_l1: +0.064 | Loss_Gen_p: +0.634 | W_Distance: +0.007 |
Epoch [130/1000] | Tau: 0.521 | Loss_C: -0.004 | Loss_P: +0.403 | Full_X_Acc: 74.2% | Loss_Gen: +0.455 | Retain: 5.9% | Mask_X_Acc: 63.1% | Loss_Gen_adv: -0.190 | Loss_Gen_l1: +0.059 | Loss_Gen_p: +0.627 | W_Distance: +0.011 |
Epoch [140/1000] | Tau: 0.496 | Loss_C: -0.003 | Loss_P: +0.399 | Full_X_Acc: 75.0% | Loss_Gen: +0.469 | Retain: 5.6% | Mask_X_Acc: 62.5% | Loss_Gen_adv: -0.181 | Loss_Gen_l1: +0.056 | Loss_Gen_p: +0.633 | W_Distance: +0.010 |
Epoch [150/1000] | Tau: 0.471 | Loss_C: -0.006 | Loss_P: +0.396 | Full_X_Acc: 75.2% | Loss_Gen: +0.486 | Retain: 5.4% | Mask_X_Acc: 63.3% | Loss_Gen_adv: -0.166 | Loss_Gen_l1: +0.054 | Loss_Gen_p: +0.636 | W_Distance: +0.012 |
Epoch [160/1000] | Tau: 0.448 | Loss_C: -0.006 | Loss_P: +0.395 | Full_X_Acc: 75.8% | Loss_Gen: +0.510 | Retain: 5.2% | Mask_X_Acc: 62.7% | Loss_Gen_adv: -0.148 | Loss_Gen_l1: +0.052 | Loss_Gen_p: +0.642 | W_Distance: +0.013 |
Epoch [170/1000] | Tau: 0.427 | Loss_C: -0.008 | Loss_P: +0.390 | Full_X_Acc: 76.6% | Loss_Gen: +0.529 | Retain: 5.0% | Mask_X_Acc: 63.0% | Loss_Gen_adv: -0.128 | Loss_Gen_l1: +0.050 | Loss_Gen_p: +0.642 | W_Distance: +0.013 |
Epoch [180/1000] | Tau: 0.406 | Loss_C: -0.009 | Loss_P: +0.388 | Full_X_Acc: 76.6% | Loss_Gen: +0.565 | Retain: 4.9% | Mask_X_Acc: 63.3% | Loss_Gen_adv: -0.098 | Loss_Gen_l1: +0.049 | Loss_Gen_p: +0.649 | W_Distance: +0.015 |
Epoch [190/1000] | Tau: 0.386 | Loss_C: -0.009 | Loss_P: +0.388 | Full_X_Acc: 77.3% | Loss_Gen: +0.588 | Retain: 4.9% | Mask_X_Acc: 62.6% | Loss_Gen_adv: -0.073 | Loss_Gen_l1: +0.049 | Loss_Gen_p: +0.646 | W_Distance: +0.014 |
Epoch [200/1000] | Tau: 0.367 | Loss_C: -0.012 | Loss_P: +0.386 | Full_X_Acc: 77.6% | Loss_Gen: +0.608 | Retain: 4.8% | Mask_X_Acc: 62.6% | Loss_Gen_adv: -0.059 | Loss_Gen_l1: +0.048 | Loss_Gen_p: +0.653 | W_Distance: +0.016 |
Epoch [210/1000] | Tau: 0.349 | Loss_C: -0.013 | Loss_P: +0.384 | Full_X_Acc: 78.3% | Loss_Gen: +0.631 | Retain: 4.7% | Mask_X_Acc: 62.8% | Loss_Gen_adv: -0.035 | Loss_Gen_l1: +0.047 | Loss_Gen_p: +0.652 | W_Distance: +0.017 |
Epoch [220/1000] | Tau: 0.332 | Loss_C: -0.013 | Loss_P: +0.383 | Full_X_Acc: 78.4% | Loss_Gen: +0.639 | Retain: 4.7% | Mask_X_Acc: 62.4% | Loss_Gen_adv: -0.029 | Loss_Gen_l1: +0.047 | Loss_Gen_p: +0.654 | W_Distance: +0.017 |
Epoch [230/1000] | Tau: 0.316 | Loss_C: -0.015 | Loss_P: +0.380 | Full_X_Acc: 78.7% | Loss_Gen: +0.669 | Retain: 4.6% | Mask_X_Acc: 62.1% | Loss_Gen_adv: -0.004 | Loss_Gen_l1: +0.046 | Loss_Gen_p: +0.659 | W_Distance: +0.019 |
Epoch [240/1000] | Tau: 0.300 | Loss_C: -0.016 | Loss_P: +0.378 | Full_X_Acc: 79.4% | Loss_Gen: +0.678 | Retain: 4.6% | Mask_X_Acc: 62.7% | Loss_Gen_adv: +0.003 | Loss_Gen_l1: +0.046 | Loss_Gen_p: +0.661 | W_Distance: +0.020 |
Epoch [250/1000] | Tau: 0.286 | Loss_C: -0.017 | Loss_P: +0.378 | Full_X_Acc: 79.7% | Loss_Gen: +0.696 | Retain: 4.6% | Mask_X_Acc: 62.6% | Loss_Gen_adv: +0.017 | Loss_Gen_l1: +0.046 | Loss_Gen_p: +0.665 | W_Distance: +0.021 |
Epoch [260/1000] | Tau: 0.272 | Loss_C: -0.017 | Loss_P: +0.375 | Full_X_Acc: 79.7% | Loss_Gen: +0.706 | Retain: 4.5% | Mask_X_Acc: 62.4% | Loss_Gen_adv: +0.027 | Loss_Gen_l1: +0.045 | Loss_Gen_p: +0.665 | W_Distance: +0.022 |
Epoch [270/1000] | Tau: 0.258 | Loss_C: -0.016 | Loss_P: +0.375 | Full_X_Acc: 79.9% | Loss_Gen: +0.697 | Retain: 4.5% | Mask_X_Acc: 62.5% | Loss_Gen_adv: +0.014 | Loss_Gen_l1: +0.045 | Loss_Gen_p: +0.670 | W_Distance: +0.020 |
Epoch [280/1000] | Tau: 0.246 | Loss_C: -0.016 | Loss_P: +0.376 | Full_X_Acc: 80.3% | Loss_Gen: +0.702 | Retain: 4.5% | Mask_X_Acc: 62.4% | Loss_Gen_adv: +0.018 | Loss_Gen_l1: +0.045 | Loss_Gen_p: +0.671 | W_Distance: +0.020 |
Epoch [290/1000] | Tau: 0.234 | Loss_C: -0.017 | Loss_P: +0.372 | Full_X_Acc: 80.4% | Loss_Gen: +0.695 | Retain: 4.5% | Mask_X_Acc: 62.1% | Loss_Gen_adv: +0.011 | Loss_Gen_l1: +0.045 | Loss_Gen_p: +0.670 | W_Distance: +0.021 |
Epoch [300/1000] | Tau: 0.222 | Loss_C: -0.017 | Loss_P: +0.373 | Full_X_Acc: 80.5% | Loss_Gen: +0.697 | Retain: 4.4% | Mask_X_Acc: 62.1% | Loss_Gen_adv: +0.010 | Loss_Gen_l1: +0.044 | Loss_Gen_p: +0.673 | W_Distance: +0.021 |
Epoch [310/1000] | Tau: 0.211 | Loss_C: -0.019 | Loss_P: +0.371 | Full_X_Acc: 81.1% | Loss_Gen: +0.701 | Retain: 4.4% | Mask_X_Acc: 63.3% | Loss_Gen_adv: +0.016 | Loss_Gen_l1: +0.044 | Loss_Gen_p: +0.672 | W_Distance: +0.023 |
Epoch [320/1000] | Tau: 0.201 | Loss_C: -0.018 | Loss_P: +0.370 | Full_X_Acc: 81.2% | Loss_Gen: +0.695 | Retain: 4.4% | Mask_X_Acc: 62.5% | Loss_Gen_adv: +0.008 | Loss_Gen_l1: +0.044 | Loss_Gen_p: +0.673 | W_Distance: +0.022 |
Epoch [330/1000] | Tau: 0.191 | Loss_C: -0.018 | Loss_P: +0.370 | Full_X_Acc: 81.8% | Loss_Gen: +0.684 | Retain: 4.4% | Mask_X_Acc: 62.2% | Loss_Gen_adv: -0.007 | Loss_Gen_l1: +0.044 | Loss_Gen_p: +0.678 | W_Distance: +0.022 |
Epoch [340/1000] | Tau: 0.182 | Loss_C: -0.017 | Loss_P: +0.368 | Full_X_Acc: 81.6% | Loss_Gen: +0.695 | Retain: 4.4% | Mask_X_Acc: 62.4% | Loss_Gen_adv: +0.001 | Loss_Gen_l1: +0.044 | Loss_Gen_p: +0.680 | W_Distance: +0.021 |
Epoch [350/1000] | Tau: 0.173 | Loss_C: -0.018 | Loss_P: +0.368 | Full_X_Acc: 81.8% | Loss_Gen: +0.704 | Retain: 4.4% | Mask_X_Acc: 62.2% | Loss_Gen_adv: +0.003 | Loss_Gen_l1: +0.044 | Loss_Gen_p: +0.688 | W_Distance: +0.022 |
Epoch [360/1000] | Tau: 0.165 | Loss_C: -0.020 | Loss_P: +0.368 | Full_X_Acc: 81.9% | Loss_Gen: +0.678 | Retain: 4.3% | Mask_X_Acc: 62.8% | Loss_Gen_adv: -0.016 | Loss_Gen_l1: +0.043 | Loss_Gen_p: +0.682 | W_Distance: +0.023 |
Epoch [370/1000] | Tau: 0.157 | Loss_C: -0.017 | Loss_P: +0.365 | Full_X_Acc: 81.9% | Loss_Gen: +0.682 | Retain: 4.3% | Mask_X_Acc: 62.6% | Loss_Gen_adv: -0.011 | Loss_Gen_l1: +0.043 | Loss_Gen_p: +0.680 | W_Distance: +0.021 |
Epoch [380/1000] | Tau: 0.149 | Loss_C: -0.020 | Loss_P: +0.364 | Full_X_Acc: 82.0% | Loss_Gen: +0.687 | Retain: 4.3% | Mask_X_Acc: 62.5% | Loss_Gen_adv: -0.005 | Loss_Gen_l1: +0.043 | Loss_Gen_p: +0.679 | W_Distance: +0.024 |
Epoch [390/1000] | Tau: 0.142 | Loss_C: -0.019 | Loss_P: +0.367 | Full_X_Acc: 82.7% | Loss_Gen: +0.694 | Retain: 4.3% | Mask_X_Acc: 62.2% | Loss_Gen_adv: -0.007 | Loss_Gen_l1: +0.043 | Loss_Gen_p: +0.688 | W_Distance: +0.022 |
Epoch [400/1000] | Tau: 0.135 | Loss_C: -0.020 | Loss_P: +0.363 | Full_X_Acc: 82.6% | Loss_Gen: +0.696 | Retain: 4.3% | Mask_X_Acc: 62.4% | Loss_Gen_adv: -0.000 | Loss_Gen_l1: +0.043 | Loss_Gen_p: +0.683 | W_Distance: +0.023 |
Epoch [410/1000] | Tau: 0.128 | Loss_C: -0.022 | Loss_P: +0.365 | Full_X_Acc: 82.7% | Loss_Gen: +0.698 | Retain: 4.3% | Mask_X_Acc: 62.3% | Loss_Gen_adv: -0.002 | Loss_Gen_l1: +0.043 | Loss_Gen_p: +0.687 | W_Distance: +0.026 |
Epoch [420/1000] | Tau: 0.122 | Loss_C: -0.020 | Loss_P: +0.361 | Full_X_Acc: 83.1% | Loss_Gen: +0.719 | Retain: 4.3% | Mask_X_Acc: 62.6% | Loss_Gen_adv: +0.022 | Loss_Gen_l1: +0.043 | Loss_Gen_p: +0.685 | W_Distance: +0.024 |
Epoch [430/1000] | Tau: 0.116 | Loss_C: -0.020 | Loss_P: +0.362 | Full_X_Acc: 83.4% | Loss_Gen: +0.723 | Retain: 4.3% | Mask_X_Acc: 62.0% | Loss_Gen_adv: +0.024 | Loss_Gen_l1: +0.043 | Loss_Gen_p: +0.686 | W_Distance: +0.024 |
Epoch [440/1000] | Tau: 0.110 | Loss_C: -0.022 | Loss_P: +0.361 | Full_X_Acc: 83.4% | Loss_Gen: +0.733 | Retain: 4.3% | Mask_X_Acc: 62.6% | Loss_Gen_adv: +0.030 | Loss_Gen_l1: +0.043 | Loss_Gen_p: +0.690 | W_Distance: +0.025 |
Epoch [450/1000] | Tau: 0.105 | Loss_C: -0.021 | Loss_P: +0.358 | Full_X_Acc: 83.3% | Loss_Gen: +0.726 | Retain: 4.3% | Mask_X_Acc: 61.8% | Loss_Gen_adv: +0.022 | Loss_Gen_l1: +0.043 | Loss_Gen_p: +0.691 | W_Distance: +0.025 |
Epoch [460/1000] | Tau: 0.100 | Loss_C: -0.022 | Loss_P: +0.358 | Full_X_Acc: 83.7% | Loss_Gen: +0.727 | Retain: 4.3% | Mask_X_Acc: 62.2% | Loss_Gen_adv: +0.027 | Loss_Gen_l1: +0.043 | Loss_Gen_p: +0.687 | W_Distance: +0.026 |
Epoch [470/1000] | Tau: 0.100 | Loss_C: -0.022 | Loss_P: +0.361 | Full_X_Acc: 84.0% | Loss_Gen: +0.722 | Retain: 4.3% | Mask_X_Acc: 62.4% | Loss_Gen_adv: +0.022 | Loss_Gen_l1: +0.043 | Loss_Gen_p: +0.688 | W_Distance: +0.025 |
Epoch [480/1000] | Tau: 0.100 | Loss_C: -0.020 | Loss_P: +0.357 | Full_X_Acc: 83.9% | Loss_Gen: +0.725 | Retain: 4.2% | Mask_X_Acc: 62.7% | Loss_Gen_adv: +0.018 | Loss_Gen_l1: +0.042 | Loss_Gen_p: +0.694 | W_Distance: +0.024 |
Epoch [490/1000] | Tau: 0.100 | Loss_C: -0.021 | Loss_P: +0.356 | Full_X_Acc: 83.9% | Loss_Gen: +0.734 | Retain: 4.2% | Mask_X_Acc: 63.1% | Loss_Gen_adv: +0.024 | Loss_Gen_l1: +0.042 | Loss_Gen_p: +0.697 | W_Distance: +0.025 |
Epoch [500/1000] | Tau: 0.100 | Loss_C: -0.022 | Loss_P: +0.357 | Full_X_Acc: 83.9% | Loss_Gen: +0.726 | Retain: 4.2% | Mask_X_Acc: 62.1% | Loss_Gen_adv: +0.019 | Loss_Gen_l1: +0.042 | Loss_Gen_p: +0.695 | W_Distance: +0.026 |
Epoch [510/1000] | Tau: 0.100 | Loss_C: -0.023 | Loss_P: +0.356 | Full_X_Acc: 84.3% | Loss_Gen: +0.730 | Retain: 4.2% | Mask_X_Acc: 62.1% | Loss_Gen_adv: +0.022 | Loss_Gen_l1: +0.042 | Loss_Gen_p: +0.696 | W_Distance: +0.026 |
Epoch [520/1000] | Tau: 0.100 | Loss_C: -0.022 | Loss_P: +0.354 | Full_X_Acc: 84.2% | Loss_Gen: +0.744 | Retain: 4.2% | Mask_X_Acc: 62.5% | Loss_Gen_adv: +0.026 | Loss_Gen_l1: +0.042 | Loss_Gen_p: +0.706 | W_Distance: +0.025 |
Epoch [530/1000] | Tau: 0.100 | Loss_C: -0.021 | Loss_P: +0.355 | Full_X_Acc: 84.4% | Loss_Gen: +0.733 | Retain: 4.2% | Mask_X_Acc: 62.5% | Loss_Gen_adv: +0.025 | Loss_Gen_l1: +0.042 | Loss_Gen_p: +0.695 | W_Distance: +0.025 |
Epoch [540/1000] | Tau: 0.100 | Loss_C: -0.024 | Loss_P: +0.354 | Full_X_Acc: 84.5% | Loss_Gen: +0.724 | Retain: 4.2% | Mask_X_Acc: 62.2% | Loss_Gen_adv: +0.015 | Loss_Gen_l1: +0.042 | Loss_Gen_p: +0.696 | W_Distance: +0.027 |
Epoch [550/1000] | Tau: 0.100 | Loss_C: -0.024 | Loss_P: +0.353 | Full_X_Acc: 84.6% | Loss_Gen: +0.714 | Retain: 4.2% | Mask_X_Acc: 61.7% | Loss_Gen_adv: +0.006 | Loss_Gen_l1: +0.042 | Loss_Gen_p: +0.696 | W_Distance: +0.027 |
Epoch [560/1000] | Tau: 0.100 | Loss_C: -0.023 | Loss_P: +0.357 | Full_X_Acc: 84.6% | Loss_Gen: +0.718 | Retain: 4.2% | Mask_X_Acc: 62.4% | Loss_Gen_adv: +0.009 | Loss_Gen_l1: +0.042 | Loss_Gen_p: +0.696 | W_Distance: +0.027 |
Epoch [570/1000] | Tau: 0.100 | Loss_C: -0.024 | Loss_P: +0.354 | Full_X_Acc: 84.7% | Loss_Gen: +0.717 | Retain: 4.2% | Mask_X_Acc: 62.9% | Loss_Gen_adv: +0.001 | Loss_Gen_l1: +0.042 | Loss_Gen_p: +0.703 | W_Distance: +0.028 |
Epoch [580/1000] | Tau: 0.100 | Loss_C: -0.023 | Loss_P: +0.353 | Full_X_Acc: 84.8% | Loss_Gen: +0.712 | Retain: 4.2% | Mask_X_Acc: 62.2% | Loss_Gen_adv: +0.005 | Loss_Gen_l1: +0.042 | Loss_Gen_p: +0.694 | W_Distance: +0.026 |
Epoch [590/1000] | Tau: 0.100 | Loss_C: -0.024 | Loss_P: +0.355 | Full_X_Acc: 85.1% | Loss_Gen: +0.706 | Retain: 4.2% | Mask_X_Acc: 62.3% | Loss_Gen_adv: -0.002 | Loss_Gen_l1: +0.042 | Loss_Gen_p: +0.695 | W_Distance: +0.028 |
Epoch [600/1000] | Tau: 0.100 | Loss_C: -0.025 | Loss_P: +0.353 | Full_X_Acc: 85.1% | Loss_Gen: +0.722 | Retain: 4.2% | Mask_X_Acc: 62.6% | Loss_Gen_adv: +0.007 | Loss_Gen_l1: +0.042 | Loss_Gen_p: +0.702 | W_Distance: +0.028 |
Epoch [610/1000] | Tau: 0.100 | Loss_C: -0.022 | Loss_P: +0.353 | Full_X_Acc: 85.1% | Loss_Gen: +0.721 | Retain: 4.2% | Mask_X_Acc: 62.0% | Loss_Gen_adv: +0.014 | Loss_Gen_l1: +0.042 | Loss_Gen_p: +0.695 | W_Distance: +0.026 |
Epoch [620/1000] | Tau: 0.100 | Loss_C: -0.025 | Loss_P: +0.352 | Full_X_Acc: 85.0% | Loss_Gen: +0.733 | Retain: 4.2% | Mask_X_Acc: 62.2% | Loss_Gen_adv: +0.011 | Loss_Gen_l1: +0.042 | Loss_Gen_p: +0.709 | W_Distance: +0.028 |
Epoch [630/1000] | Tau: 0.100 | Loss_C: -0.025 | Loss_P: +0.351 | Full_X_Acc: 85.3% | Loss_Gen: +0.726 | Retain: 4.2% | Mask_X_Acc: 62.4% | Loss_Gen_adv: +0.012 | Loss_Gen_l1: +0.042 | Loss_Gen_p: +0.702 | W_Distance: +0.029 |
Epoch [640/1000] | Tau: 0.100 | Loss_C: -0.024 | Loss_P: +0.349 | Full_X_Acc: 85.3% | Loss_Gen: +0.729 | Retain: 4.2% | Mask_X_Acc: 62.9% | Loss_Gen_adv: +0.015 | Loss_Gen_l1: +0.042 | Loss_Gen_p: +0.702 | W_Distance: +0.028 |
Epoch [650/1000] | Tau: 0.100 | Loss_C: -0.026 | Loss_P: +0.349 | Full_X_Acc: 85.6% | Loss_Gen: +0.727 | Retain: 4.2% | Mask_X_Acc: 62.6% | Loss_Gen_adv: +0.011 | Loss_Gen_l1: +0.042 | Loss_Gen_p: +0.704 | W_Distance: +0.029 |
Epoch [660/1000] | Tau: 0.100 | Loss_C: -0.025 | Loss_P: +0.348 | Full_X_Acc: 85.4% | Loss_Gen: +0.732 | Retain: 4.2% | Mask_X_Acc: 62.5% | Loss_Gen_adv: +0.008 | Loss_Gen_l1: +0.042 | Loss_Gen_p: +0.711 | W_Distance: +0.029 |
Epoch [670/1000] | Tau: 0.100 | Loss_C: -0.024 | Loss_P: +0.347 | Full_X_Acc: 85.2% | Loss_Gen: +0.725 | Retain: 4.2% | Mask_X_Acc: 62.5% | Loss_Gen_adv: +0.008 | Loss_Gen_l1: +0.042 | Loss_Gen_p: +0.705 | W_Distance: +0.027 |
Epoch [680/1000] | Tau: 0.100 | Loss_C: -0.025 | Loss_P: +0.350 | Full_X_Acc: 85.7% | Loss_Gen: +0.731 | Retain: 4.2% | Mask_X_Acc: 62.2% | Loss_Gen_adv: +0.016 | Loss_Gen_l1: +0.042 | Loss_Gen_p: +0.703 | W_Distance: +0.028 |
Epoch [690/1000] | Tau: 0.100 | Loss_C: -0.024 | Loss_P: +0.347 | Full_X_Acc: 85.8% | Loss_Gen: +0.718 | Retain: 4.2% | Mask_X_Acc: 62.1% | Loss_Gen_adv: +0.000 | Loss_Gen_l1: +0.042 | Loss_Gen_p: +0.706 | W_Distance: +0.028 |
Epoch [700/1000] | Tau: 0.100 | Loss_C: -0.023 | Loss_P: +0.348 | Full_X_Acc: 85.7% | Loss_Gen: +0.716 | Retain: 4.2% | Mask_X_Acc: 62.5% | Loss_Gen_adv: +0.002 | Loss_Gen_l1: +0.042 | Loss_Gen_p: +0.702 | W_Distance: +0.027 |
Epoch [710/1000] | Tau: 0.100 | Loss_C: -0.024 | Loss_P: +0.346 | Full_X_Acc: 85.9% | Loss_Gen: +0.721 | Retain: 4.2% | Mask_X_Acc: 62.6% | Loss_Gen_adv: +0.002 | Loss_Gen_l1: +0.042 | Loss_Gen_p: +0.707 | W_Distance: +0.028 |
Epoch [720/1000] | Tau: 0.100 | Loss_C: -0.025 | Loss_P: +0.347 | Full_X_Acc: 86.1% | Loss_Gen: +0.731 | Retain: 4.3% | Mask_X_Acc: 61.8% | Loss_Gen_adv: +0.001 | Loss_Gen_l1: +0.043 | Loss_Gen_p: +0.718 | W_Distance: +0.028 |
Epoch [730/1000] | Tau: 0.100 | Loss_C: -0.025 | Loss_P: +0.347 | Full_X_Acc: 86.2% | Loss_Gen: +0.720 | Retain: 4.3% | Mask_X_Acc: 61.8% | Loss_Gen_adv: -0.005 | Loss_Gen_l1: +0.043 | Loss_Gen_p: +0.713 | W_Distance: +0.028 |
Epoch [740/1000] | Tau: 0.100 | Loss_C: -0.026 | Loss_P: +0.346 | Full_X_Acc: 86.1% | Loss_Gen: +0.731 | Retain: 4.3% | Mask_X_Acc: 62.3% | Loss_Gen_adv: +0.009 | Loss_Gen_l1: +0.043 | Loss_Gen_p: +0.709 | W_Distance: +0.029 |
Epoch [750/1000] | Tau: 0.100 | Loss_C: -0.026 | Loss_P: +0.347 | Full_X_Acc: 86.4% | Loss_Gen: +0.723 | Retain: 4.3% | Mask_X_Acc: 62.6% | Loss_Gen_adv: -0.003 | Loss_Gen_l1: +0.043 | Loss_Gen_p: +0.714 | W_Distance: +0.029 |
Epoch [760/1000] | Tau: 0.100 | Loss_C: -0.026 | Loss_P: +0.347 | Full_X_Acc: 86.4% | Loss_Gen: +0.714 | Retain: 4.3% | Mask_X_Acc: 62.4% | Loss_Gen_adv: -0.004 | Loss_Gen_l1: +0.043 | Loss_Gen_p: +0.705 | W_Distance: +0.029 |
Epoch [770/1000] | Tau: 0.100 | Loss_C: -0.028 | Loss_P: +0.344 | Full_X_Acc: 86.6% | Loss_Gen: +0.723 | Retain: 4.3% | Mask_X_Acc: 62.6% | Loss_Gen_adv: -0.008 | Loss_Gen_l1: +0.043 | Loss_Gen_p: +0.718 | W_Distance: +0.031 |
Epoch [780/1000] | Tau: 0.100 | Loss_C: -0.028 | Loss_P: +0.346 | Full_X_Acc: 86.6% | Loss_Gen: +0.704 | Retain: 4.4% | Mask_X_Acc: 62.5% | Loss_Gen_adv: -0.021 | Loss_Gen_l1: +0.044 | Loss_Gen_p: +0.713 | W_Distance: +0.031 |
Epoch [790/1000] | Tau: 0.100 | Loss_C: -0.028 | Loss_P: +0.343 | Full_X_Acc: 86.5% | Loss_Gen: +0.713 | Retain: 4.4% | Mask_X_Acc: 62.8% | Loss_Gen_adv: -0.010 | Loss_Gen_l1: +0.044 | Loss_Gen_p: +0.710 | W_Distance: +0.031 |
Epoch [800/1000] | Tau: 0.100 | Loss_C: -0.027 | Loss_P: +0.346 | Full_X_Acc: 86.7% | Loss_Gen: +0.712 | Retain: 4.4% | Mask_X_Acc: 62.7% | Loss_Gen_adv: -0.003 | Loss_Gen_l1: +0.044 | Loss_Gen_p: +0.701 | W_Distance: +0.030 |
Epoch [810/1000] | Tau: 0.100 | Loss_C: -0.026 | Loss_P: +0.347 | Full_X_Acc: 86.7% | Loss_Gen: +0.719 | Retain: 4.4% | Mask_X_Acc: 62.2% | Loss_Gen_adv: -0.007 | Loss_Gen_l1: +0.044 | Loss_Gen_p: +0.713 | W_Distance: +0.029 |
Epoch [820/1000] | Tau: 0.100 | Loss_C: -0.029 | Loss_P: +0.344 | Full_X_Acc: 86.9% | Loss_Gen: +0.700 | Retain: 4.4% | Mask_X_Acc: 62.3% | Loss_Gen_adv: -0.016 | Loss_Gen_l1: +0.044 | Loss_Gen_p: +0.703 | W_Distance: +0.032 |
Epoch [830/1000] | Tau: 0.100 | Loss_C: -0.027 | Loss_P: +0.344 | Full_X_Acc: 86.7% | Loss_Gen: +0.711 | Retain: 4.5% | Mask_X_Acc: 62.5% | Loss_Gen_adv: -0.013 | Loss_Gen_l1: +0.045 | Loss_Gen_p: +0.711 | W_Distance: +0.030 |
Epoch [840/1000] | Tau: 0.100 | Loss_C: -0.027 | Loss_P: +0.342 | Full_X_Acc: 86.8% | Loss_Gen: +0.708 | Retain: 4.5% | Mask_X_Acc: 62.6% | Loss_Gen_adv: -0.026 | Loss_Gen_l1: +0.045 | Loss_Gen_p: +0.721 | W_Distance: +0.029 |
Epoch [850/1000] | Tau: 0.100 | Loss_C: -0.027 | Loss_P: +0.341 | Full_X_Acc: 86.7% | Loss_Gen: +0.708 | Retain: 4.5% | Mask_X_Acc: 62.7% | Loss_Gen_adv: -0.025 | Loss_Gen_l1: +0.045 | Loss_Gen_p: +0.720 | W_Distance: +0.030 |
Epoch [860/1000] | Tau: 0.100 | Loss_C: -0.028 | Loss_P: +0.341 | Full_X_Acc: 87.2% | Loss_Gen: +0.701 | Retain: 4.5% | Mask_X_Acc: 62.9% | Loss_Gen_adv: -0.026 | Loss_Gen_l1: +0.045 | Loss_Gen_p: +0.713 | W_Distance: +0.031 |
Epoch [870/1000] | Tau: 0.100 | Loss_C: -0.026 | Loss_P: +0.342 | Full_X_Acc: 86.7% | Loss_Gen: +0.689 | Retain: 4.6% | Mask_X_Acc: 63.3% | Loss_Gen_adv: -0.030 | Loss_Gen_l1: +0.046 | Loss_Gen_p: +0.706 | W_Distance: +0.029 |
Epoch [880/1000] | Tau: 0.100 | Loss_C: -0.027 | Loss_P: +0.343 | Full_X_Acc: 86.8% | Loss_Gen: +0.679 | Retain: 4.6% | Mask_X_Acc: 62.8% | Loss_Gen_adv: -0.042 | Loss_Gen_l1: +0.046 | Loss_Gen_p: +0.708 | W_Distance: +0.030 |
Epoch [890/1000] | Tau: 0.100 | Loss_C: -0.027 | Loss_P: +0.341 | Full_X_Acc: 86.9% | Loss_Gen: +0.697 | Retain: 4.6% | Mask_X_Acc: 63.0% | Loss_Gen_adv: -0.033 | Loss_Gen_l1: +0.046 | Loss_Gen_p: +0.716 | W_Distance: +0.030 |
Epoch [900/1000] | Tau: 0.100 | Loss_C: -0.027 | Loss_P: +0.341 | Full_X_Acc: 87.1% | Loss_Gen: +0.691 | Retain: 4.6% | Mask_X_Acc: 62.0% | Loss_Gen_adv: -0.034 | Loss_Gen_l1: +0.046 | Loss_Gen_p: +0.712 | W_Distance: +0.030 |
Epoch [910/1000] | Tau: 0.100 | Loss_C: -0.029 | Loss_P: +0.341 | Full_X_Acc: 87.1% | Loss_Gen: +0.688 | Retain: 4.6% | Mask_X_Acc: 62.3% | Loss_Gen_adv: -0.046 | Loss_Gen_l1: +0.046 | Loss_Gen_p: +0.720 | W_Distance: +0.032 |
Epoch [920/1000] | Tau: 0.100 | Loss_C: -0.028 | Loss_P: +0.341 | Full_X_Acc: 87.2% | Loss_Gen: +0.669 | Retain: 4.7% | Mask_X_Acc: 63.0% | Loss_Gen_adv: -0.051 | Loss_Gen_l1: +0.047 | Loss_Gen_p: +0.706 | W_Distance: +0.031 |
Epoch [930/1000] | Tau: 0.100 | Loss_C: -0.029 | Loss_P: +0.339 | Full_X_Acc: 87.3% | Loss_Gen: +0.677 | Retain: 4.7% | Mask_X_Acc: 63.0% | Loss_Gen_adv: -0.053 | Loss_Gen_l1: +0.047 | Loss_Gen_p: +0.716 | W_Distance: +0.031 |
Epoch [940/1000] | Tau: 0.100 | Loss_C: -0.027 | Loss_P: +0.342 | Full_X_Acc: 86.9% | Loss_Gen: +0.674 | Retain: 4.7% | Mask_X_Acc: 62.6% | Loss_Gen_adv: -0.061 | Loss_Gen_l1: +0.047 | Loss_Gen_p: +0.720 | W_Distance: +0.030 |
Epoch [950/1000] | Tau: 0.100 | Loss_C: -0.028 | Loss_P: +0.342 | Full_X_Acc: 87.2% | Loss_Gen: +0.668 | Retain: 4.7% | Mask_X_Acc: 62.0% | Loss_Gen_adv: -0.059 | Loss_Gen_l1: +0.047 | Loss_Gen_p: +0.713 | W_Distance: +0.031 |
Epoch [960/1000] | Tau: 0.100 | Loss_C: -0.029 | Loss_P: +0.340 | Full_X_Acc: 87.3% | Loss_Gen: +0.656 | Retain: 4.7% | Mask_X_Acc: 62.8% | Loss_Gen_adv: -0.067 | Loss_Gen_l1: +0.047 | Loss_Gen_p: +0.709 | W_Distance: +0.032 |
Epoch [970/1000] | Tau: 0.100 | Loss_C: -0.027 | Loss_P: +0.340 | Full_X_Acc: 87.3% | Loss_Gen: +0.658 | Retain: 4.7% | Mask_X_Acc: 62.4% | Loss_Gen_adv: -0.068 | Loss_Gen_l1: +0.047 | Loss_Gen_p: +0.712 | W_Distance: +0.030 |
Epoch [980/1000] | Tau: 0.100 | Loss_C: -0.029 | Loss_P: +0.338 | Full_X_Acc: 87.5% | Loss_Gen: +0.657 | Retain: 4.8% | Mask_X_Acc: 62.2% | Loss_Gen_adv: -0.072 | Loss_Gen_l1: +0.048 | Loss_Gen_p: +0.715 | W_Distance: +0.031 |
Epoch [990/1000] | Tau: 0.100 | Loss_C: -0.029 | Loss_P: +0.340 | Full_X_Acc: 87.5% | Loss_Gen: +0.651 | Retain: 4.8% | Mask_X_Acc: 62.2% | Loss_Gen_adv: -0.082 | Loss_Gen_l1: +0.048 | Loss_Gen_p: +0.719 | W_Distance: +0.032 |
Epoch [1000/1000] | Tau: 0.100 | Loss_C: -0.027 | Loss_P: +0.338 | Full_X_Acc: 87.5% | Loss_Gen: +0.644 | Retain: 4.8% | Mask_X_Acc: 62.8% | Loss_Gen_adv: -0.080 | Loss_Gen_l1: +0.048 | Loss_Gen_p: +0.709 | W_Distance: +0.030 |
[Export] 训练历史已保存至 'output/run_20260818_190740/history.npz'

[System] 开始在测试集上进行推理评估...
==================================================
🎯 测试集推理报告 (Shared Architecture)
==================================================
• 测试集准确率:     61.38%
• TPR (召回率):     64.62%
• FDR (误发现率):   39.83%
• 平均保留特征数量: 4.8 / 100
• 整体保留率:       4.81%
--------------------------------------------------
🧩 Top 15 最常被选中的特征
--------------------------------------------------
Top 01: 特征 Index 010 | 被选次数: 4000 次 (100.0%) | ★ [真实关联]
Top 02: 特征 Index 008 | 被选次数: 3999 次 (100.0%) | ★ [真实关联]
Top 03: 特征 Index 006 | 被选次数: 3999 次 (100.0%) | ★ [真实关联]
Top 04: 特征 Index 009 | 被选次数: 3997 次 ( 99.9%) | ★ [真实关联]
Top 05: 特征 Index 007 | 被选次数: 3055 次 ( 76.4%) | ★ [真实关联]
Top 06: 特征 Index 000 | 被选次数:   57 次 (  1.4%) | ★ [真实关联]
Top 07: 特征 Index 005 | 被选次数:   10 次 (  0.2%) | ★ [真实关联]
Top 08: 特征 Index 064 | 被选次数:    9 次 (  0.2%) |   [纯噪声]
Top 09: 特征 Index 062 | 被选次数:    8 次 (  0.2%) |   [纯噪声]
Top 10: 特征 Index 031 | 被选次数:    8 次 (  0.2%) |   [纯噪声]
Top 11: 特征 Index 001 | 被选次数:    8 次 (  0.2%) | ★ [真实关联]
Top 12: 特征 Index 051 | 被选次数:    7 次 (  0.2%) |   [纯噪声]
Top 13: 特征 Index 056 | 被选次数:    7 次 (  0.2%) |   [纯噪声]
Top 14: 特征 Index 039 | 被选次数:    7 次 (  0.2%) |   [纯噪声]
Top 15: 特征 Index 052 | 被选次数:    7 次 (  0.2%) |   [纯噪声]
==================================================
[Export] 测试集数组已保存至 'output/run_20260818_190740/test_arrays.npz'
[Export] 特征索引已保存至 'output/run_20260818_190740/selected_feature_indices.npy'
[Export] 模型权重已保存至 'output/run_20260818_190740/generator_model.pth'

[Visualization] 运行双视角 t-SNE 降维 (样本数: 4000)...
[Visualization] 降维: 原始掩码特征 (Before Ext)...
[Visualization] 降维: 隐空间特征 (After Ext)...
[Visualization] 对比 t-SNE 已保存至: 'output/run_20260818_190740/fig3_tsne_comparison.png'

