[System] Run dir: output/run_20260717_224113
[System] 正在使用 cuda 进行计算...

[System] 开始训练多任务共享特征架构...
Epoch [010/1000] | Tau: 0.951 | Loss_C: +0.076 | Loss_P: +1.338 | Full_X_Acc: 63.6% | Loss_Gen: +1.303 | Retain: 40.9% | Mask_X_Acc: 55.8% | Loss_Gen_adv: +0.005 | Loss_Gen_l1: +0.409 | Loss_Gen_p: +0.687 | W_Distance: -0.000 |
Epoch [020/1000] | Tau: 0.905 | Loss_C: +0.067 | Loss_P: +1.324 | Full_X_Acc: 65.1% | Loss_Gen: +0.999 | Retain: 20.7% | Mask_X_Acc: 55.8% | Loss_Gen_adv: -0.008 | Loss_Gen_l1: +0.207 | Loss_Gen_p: +0.692 | W_Distance: -0.003 |
Epoch [030/1000] | Tau: 0.860 | Loss_C: +0.064 | Loss_P: +1.303 | Full_X_Acc: 65.8% | Loss_Gen: +0.749 | Retain: 5.0% | Mask_X_Acc: 56.6% | Loss_Gen_adv: -0.027 | Loss_Gen_l1: +0.050 | Loss_Gen_p: +0.688 | W_Distance: -0.003 |
Epoch [040/1000] | Tau: 0.818 | Loss_C: +0.063 | Loss_P: +1.286 | Full_X_Acc: 66.3% | Loss_Gen: +0.692 | Retain: 1.9% | Mask_X_Acc: 58.1% | Loss_Gen_adv: -0.039 | Loss_Gen_l1: +0.019 | Loss_Gen_p: +0.684 | W_Distance: -0.002 |
Epoch [050/1000] | Tau: 0.778 | Loss_C: +0.063 | Loss_P: +1.263 | Full_X_Acc: 66.9% | Loss_Gen: +0.683 | Retain: 2.1% | Mask_X_Acc: 59.4% | Loss_Gen_adv: -0.039 | Loss_Gen_l1: +0.021 | Loss_Gen_p: +0.671 | W_Distance: -0.002 |
Epoch [060/1000] | Tau: 0.740 | Loss_C: +0.060 | Loss_P: +1.228 | Full_X_Acc: 67.1% | Loss_Gen: +0.670 | Retain: 2.7% | Mask_X_Acc: 60.4% | Loss_Gen_adv: -0.038 | Loss_Gen_l1: +0.027 | Loss_Gen_p: +0.648 | W_Distance: -0.001 |
Epoch [070/1000] | Tau: 0.704 | Loss_C: +0.059 | Loss_P: +1.193 | Full_X_Acc: 67.6% | Loss_Gen: +0.654 | Retain: 3.3% | Mask_X_Acc: 61.7% | Loss_Gen_adv: -0.045 | Loss_Gen_l1: +0.033 | Loss_Gen_p: +0.627 | W_Distance: +0.000 |
Epoch [080/1000] | Tau: 0.670 | Loss_C: +0.055 | Loss_P: +1.173 | Full_X_Acc: 68.4% | Loss_Gen: +0.645 | Retain: 3.6% | Mask_X_Acc: 62.7% | Loss_Gen_adv: -0.057 | Loss_Gen_l1: +0.036 | Loss_Gen_p: +0.619 | W_Distance: +0.001 |
Epoch [090/1000] | Tau: 0.637 | Loss_C: +0.055 | Loss_P: +1.155 | Full_X_Acc: 68.6% | Loss_Gen: +0.633 | Retain: 3.8% | Mask_X_Acc: 62.9% | Loss_Gen_adv: -0.066 | Loss_Gen_l1: +0.038 | Loss_Gen_p: +0.609 | W_Distance: +0.000 |
Epoch [100/1000] | Tau: 0.606 | Loss_C: +0.054 | Loss_P: +1.145 | Full_X_Acc: 69.1% | Loss_Gen: +0.620 | Retain: 3.9% | Mask_X_Acc: 63.5% | Loss_Gen_adv: -0.075 | Loss_Gen_l1: +0.039 | Loss_Gen_p: +0.599 | W_Distance: +0.002 |
Epoch [110/1000] | Tau: 0.576 | Loss_C: +0.051 | Loss_P: +1.135 | Full_X_Acc: 69.9% | Loss_Gen: +0.633 | Retain: 3.9% | Mask_X_Acc: 63.2% | Loss_Gen_adv: -0.067 | Loss_Gen_l1: +0.039 | Loss_Gen_p: +0.608 | W_Distance: +0.003 |
Epoch [120/1000] | Tau: 0.548 | Loss_C: +0.047 | Loss_P: +1.132 | Full_X_Acc: 70.0% | Loss_Gen: +0.626 | Retain: 3.9% | Mask_X_Acc: 63.3% | Loss_Gen_adv: -0.067 | Loss_Gen_l1: +0.039 | Loss_Gen_p: +0.600 | W_Distance: +0.002 |
Epoch [130/1000] | Tau: 0.521 | Loss_C: +0.035 | Loss_P: +1.123 | Full_X_Acc: 70.9% | Loss_Gen: +0.618 | Retain: 4.0% | Mask_X_Acc: 63.1% | Loss_Gen_adv: -0.090 | Loss_Gen_l1: +0.040 | Loss_Gen_p: +0.603 | W_Distance: +0.004 |
Epoch [140/1000] | Tau: 0.496 | Loss_C: +0.026 | Loss_P: +1.117 | Full_X_Acc: 71.1% | Loss_Gen: +0.601 | Retain: 4.0% | Mask_X_Acc: 63.7% | Loss_Gen_adv: -0.125 | Loss_Gen_l1: +0.040 | Loss_Gen_p: +0.604 | W_Distance: +0.005 |
Epoch [150/1000] | Tau: 0.471 | Loss_C: +0.019 | Loss_P: +1.115 | Full_X_Acc: 71.6% | Loss_Gen: +0.576 | Retain: 4.0% | Mask_X_Acc: 63.3% | Loss_Gen_adv: -0.177 | Loss_Gen_l1: +0.040 | Loss_Gen_p: +0.604 | W_Distance: +0.005 |
Epoch [160/1000] | Tau: 0.448 | Loss_C: +0.012 | Loss_P: +1.107 | Full_X_Acc: 71.9% | Loss_Gen: +0.546 | Retain: 4.0% | Mask_X_Acc: 63.2% | Loss_Gen_adv: -0.227 | Loss_Gen_l1: +0.040 | Loss_Gen_p: +0.600 | W_Distance: +0.007 |
Epoch [170/1000] | Tau: 0.427 | Loss_C: +0.008 | Loss_P: +1.107 | Full_X_Acc: 72.0% | Loss_Gen: +0.528 | Retain: 4.0% | Mask_X_Acc: 63.6% | Loss_Gen_adv: -0.271 | Loss_Gen_l1: +0.040 | Loss_Gen_p: +0.604 | W_Distance: +0.008 |
Epoch [180/1000] | Tau: 0.406 | Loss_C: +0.007 | Loss_P: +1.099 | Full_X_Acc: 72.4% | Loss_Gen: +0.513 | Retain: 4.0% | Mask_X_Acc: 63.3% | Loss_Gen_adv: -0.300 | Loss_Gen_l1: +0.040 | Loss_Gen_p: +0.604 | W_Distance: +0.008 |
Epoch [190/1000] | Tau: 0.386 | Loss_C: +0.005 | Loss_P: +1.096 | Full_X_Acc: 73.0% | Loss_Gen: +0.497 | Retain: 4.0% | Mask_X_Acc: 63.7% | Loss_Gen_adv: -0.329 | Loss_Gen_l1: +0.040 | Loss_Gen_p: +0.602 | W_Distance: +0.008 |
Epoch [200/1000] | Tau: 0.367 | Loss_C: +0.001 | Loss_P: +1.096 | Full_X_Acc: 73.3% | Loss_Gen: +0.503 | Retain: 4.0% | Mask_X_Acc: 63.0% | Loss_Gen_adv: -0.331 | Loss_Gen_l1: +0.040 | Loss_Gen_p: +0.609 | W_Distance: +0.011 |
Epoch [210/1000] | Tau: 0.349 | Loss_C: -0.002 | Loss_P: +1.090 | Full_X_Acc: 73.2% | Loss_Gen: +0.490 | Retain: 4.0% | Mask_X_Acc: 63.5% | Loss_Gen_adv: -0.347 | Loss_Gen_l1: +0.040 | Loss_Gen_p: +0.604 | W_Distance: +0.013 |
Epoch [220/1000] | Tau: 0.332 | Loss_C: -0.002 | Loss_P: +1.091 | Full_X_Acc: 73.7% | Loss_Gen: +0.488 | Retain: 4.0% | Mask_X_Acc: 63.9% | Loss_Gen_adv: -0.353 | Loss_Gen_l1: +0.040 | Loss_Gen_p: +0.604 | W_Distance: +0.012 |
Epoch [230/1000] | Tau: 0.316 | Loss_C: -0.007 | Loss_P: +1.083 | Full_X_Acc: 73.9% | Loss_Gen: +0.493 | Retain: 4.0% | Mask_X_Acc: 63.8% | Loss_Gen_adv: -0.349 | Loss_Gen_l1: +0.040 | Loss_Gen_p: +0.608 | W_Distance: +0.015 |
Epoch [240/1000] | Tau: 0.300 | Loss_C: -0.008 | Loss_P: +1.086 | Full_X_Acc: 74.0% | Loss_Gen: +0.497 | Retain: 4.0% | Mask_X_Acc: 63.6% | Loss_Gen_adv: -0.343 | Loss_Gen_l1: +0.040 | Loss_Gen_p: +0.608 | W_Distance: +0.014 |
Epoch [250/1000] | Tau: 0.286 | Loss_C: -0.008 | Loss_P: +1.076 | Full_X_Acc: 74.2% | Loss_Gen: +0.483 | Retain: 4.0% | Mask_X_Acc: 62.8% | Loss_Gen_adv: -0.371 | Loss_Gen_l1: +0.040 | Loss_Gen_p: +0.608 | W_Distance: +0.013 |
Epoch [260/1000] | Tau: 0.272 | Loss_C: -0.010 | Loss_P: +1.080 | Full_X_Acc: 74.4% | Loss_Gen: +0.492 | Retain: 4.0% | Mask_X_Acc: 63.6% | Loss_Gen_adv: -0.358 | Loss_Gen_l1: +0.040 | Loss_Gen_p: +0.611 | W_Distance: +0.016 |
Epoch [270/1000] | Tau: 0.258 | Loss_C: -0.012 | Loss_P: +1.082 | Full_X_Acc: 74.5% | Loss_Gen: +0.489 | Retain: 4.0% | Mask_X_Acc: 63.9% | Loss_Gen_adv: -0.360 | Loss_Gen_l1: +0.040 | Loss_Gen_p: +0.609 | W_Distance: +0.017 |
Epoch [280/1000] | Tau: 0.246 | Loss_C: -0.012 | Loss_P: +1.074 | Full_X_Acc: 74.8% | Loss_Gen: +0.490 | Retain: 4.0% | Mask_X_Acc: 63.4% | Loss_Gen_adv: -0.352 | Loss_Gen_l1: +0.040 | Loss_Gen_p: +0.606 | W_Distance: +0.017 |
Epoch [290/1000] | Tau: 0.234 | Loss_C: -0.016 | Loss_P: +1.078 | Full_X_Acc: 75.4% | Loss_Gen: +0.486 | Retain: 4.0% | Mask_X_Acc: 62.8% | Loss_Gen_adv: -0.364 | Loss_Gen_l1: +0.040 | Loss_Gen_p: +0.608 | W_Distance: +0.020 |
Epoch [300/1000] | Tau: 0.222 | Loss_C: -0.015 | Loss_P: +1.076 | Full_X_Acc: 75.1% | Loss_Gen: +0.485 | Retain: 4.0% | Mask_X_Acc: 63.5% | Loss_Gen_adv: -0.376 | Loss_Gen_l1: +0.040 | Loss_Gen_p: +0.613 | W_Distance: +0.019 |
Epoch [310/1000] | Tau: 0.211 | Loss_C: -0.015 | Loss_P: +1.073 | Full_X_Acc: 75.2% | Loss_Gen: +0.479 | Retain: 4.0% | Mask_X_Acc: 63.9% | Loss_Gen_adv: -0.374 | Loss_Gen_l1: +0.040 | Loss_Gen_p: +0.606 | W_Distance: +0.019 |
Epoch [320/1000] | Tau: 0.201 | Loss_C: -0.017 | Loss_P: +1.073 | Full_X_Acc: 75.8% | Loss_Gen: +0.489 | Retain: 4.0% | Mask_X_Acc: 63.6% | Loss_Gen_adv: -0.369 | Loss_Gen_l1: +0.040 | Loss_Gen_p: +0.613 | W_Distance: +0.022 |
Epoch [330/1000] | Tau: 0.191 | Loss_C: -0.015 | Loss_P: +1.066 | Full_X_Acc: 75.5% | Loss_Gen: +0.481 | Retain: 4.0% | Mask_X_Acc: 63.0% | Loss_Gen_adv: -0.373 | Loss_Gen_l1: +0.040 | Loss_Gen_p: +0.607 | W_Distance: +0.019 |
Epoch [340/1000] | Tau: 0.182 | Loss_C: -0.014 | Loss_P: +1.067 | Full_X_Acc: 76.1% | Loss_Gen: +0.486 | Retain: 4.0% | Mask_X_Acc: 63.5% | Loss_Gen_adv: -0.369 | Loss_Gen_l1: +0.040 | Loss_Gen_p: +0.610 | W_Distance: +0.018 |
Epoch [350/1000] | Tau: 0.173 | Loss_C: -0.019 | Loss_P: +1.069 | Full_X_Acc: 76.4% | Loss_Gen: +0.484 | Retain: 4.0% | Mask_X_Acc: 63.3% | Loss_Gen_adv: -0.372 | Loss_Gen_l1: +0.040 | Loss_Gen_p: +0.610 | W_Distance: +0.023 |
Epoch [360/1000] | Tau: 0.165 | Loss_C: -0.018 | Loss_P: +1.064 | Full_X_Acc: 76.2% | Loss_Gen: +0.495 | Retain: 4.0% | Mask_X_Acc: 63.9% | Loss_Gen_adv: -0.359 | Loss_Gen_l1: +0.040 | Loss_Gen_p: +0.614 | W_Distance: +0.022 |
Epoch [370/1000] | Tau: 0.157 | Loss_C: -0.015 | Loss_P: +1.066 | Full_X_Acc: 76.7% | Loss_Gen: +0.490 | Retain: 4.0% | Mask_X_Acc: 63.6% | Loss_Gen_adv: -0.358 | Loss_Gen_l1: +0.040 | Loss_Gen_p: +0.609 | W_Distance: +0.019 |
Epoch [380/1000] | Tau: 0.149 | Loss_C: -0.021 | Loss_P: +1.064 | Full_X_Acc: 76.6% | Loss_Gen: +0.506 | Retain: 4.0% | Mask_X_Acc: 63.6% | Loss_Gen_adv: -0.344 | Loss_Gen_l1: +0.040 | Loss_Gen_p: +0.618 | W_Distance: +0.025 |
Epoch [390/1000] | Tau: 0.142 | Loss_C: -0.020 | Loss_P: +1.061 | Full_X_Acc: 76.7% | Loss_Gen: +0.503 | Retain: 4.0% | Mask_X_Acc: 63.1% | Loss_Gen_adv: -0.338 | Loss_Gen_l1: +0.040 | Loss_Gen_p: +0.612 | W_Distance: +0.023 |
Epoch [400/1000] | Tau: 0.135 | Loss_C: -0.019 | Loss_P: +1.057 | Full_X_Acc: 76.9% | Loss_Gen: +0.502 | Retain: 4.0% | Mask_X_Acc: 63.4% | Loss_Gen_adv: -0.340 | Loss_Gen_l1: +0.040 | Loss_Gen_p: +0.612 | W_Distance: +0.023 |
Epoch [410/1000] | Tau: 0.128 | Loss_C: -0.019 | Loss_P: +1.065 | Full_X_Acc: 77.1% | Loss_Gen: +0.504 | Retain: 4.0% | Mask_X_Acc: 63.7% | Loss_Gen_adv: -0.336 | Loss_Gen_l1: +0.040 | Loss_Gen_p: +0.612 | W_Distance: +0.023 |
Epoch [420/1000] | Tau: 0.122 | Loss_C: -0.023 | Loss_P: +1.061 | Full_X_Acc: 77.2% | Loss_Gen: +0.502 | Retain: 4.0% | Mask_X_Acc: 63.7% | Loss_Gen_adv: -0.342 | Loss_Gen_l1: +0.040 | Loss_Gen_p: +0.613 | W_Distance: +0.027 |
Epoch [430/1000] | Tau: 0.116 | Loss_C: -0.020 | Loss_P: +1.058 | Full_X_Acc: 77.1% | Loss_Gen: +0.506 | Retain: 4.0% | Mask_X_Acc: 63.9% | Loss_Gen_adv: -0.334 | Loss_Gen_l1: +0.040 | Loss_Gen_p: +0.613 | W_Distance: +0.023 |
Epoch [440/1000] | Tau: 0.110 | Loss_C: -0.019 | Loss_P: +1.057 | Full_X_Acc: 77.7% | Loss_Gen: +0.510 | Retain: 4.0% | Mask_X_Acc: 63.7% | Loss_Gen_adv: -0.329 | Loss_Gen_l1: +0.040 | Loss_Gen_p: +0.615 | W_Distance: +0.022 |
Epoch [450/1000] | Tau: 0.105 | Loss_C: -0.021 | Loss_P: +1.056 | Full_X_Acc: 77.6% | Loss_Gen: +0.507 | Retain: 4.0% | Mask_X_Acc: 63.8% | Loss_Gen_adv: -0.331 | Loss_Gen_l1: +0.040 | Loss_Gen_p: +0.613 | W_Distance: +0.025 |
Epoch [460/1000] | Tau: 0.100 | Loss_C: -0.024 | Loss_P: +1.052 | Full_X_Acc: 77.5% | Loss_Gen: +0.515 | Retain: 4.0% | Mask_X_Acc: 63.7% | Loss_Gen_adv: -0.324 | Loss_Gen_l1: +0.040 | Loss_Gen_p: +0.617 | W_Distance: +0.028 |
Epoch [470/1000] | Tau: 0.100 | Loss_C: -0.023 | Loss_P: +1.051 | Full_X_Acc: 77.8% | Loss_Gen: +0.509 | Retain: 4.0% | Mask_X_Acc: 62.8% | Loss_Gen_adv: -0.323 | Loss_Gen_l1: +0.040 | Loss_Gen_p: +0.610 | W_Distance: +0.027 |
Epoch [480/1000] | Tau: 0.100 | Loss_C: -0.021 | Loss_P: +1.049 | Full_X_Acc: 78.0% | Loss_Gen: +0.515 | Retain: 4.0% | Mask_X_Acc: 63.1% | Loss_Gen_adv: -0.319 | Loss_Gen_l1: +0.040 | Loss_Gen_p: +0.614 | W_Distance: +0.025 |
Epoch [490/1000] | Tau: 0.100 | Loss_C: -0.021 | Loss_P: +1.052 | Full_X_Acc: 77.6% | Loss_Gen: +0.513 | Retain: 4.0% | Mask_X_Acc: 62.9% | Loss_Gen_adv: -0.324 | Loss_Gen_l1: +0.040 | Loss_Gen_p: +0.615 | W_Distance: +0.025 |
Epoch [500/1000] | Tau: 0.100 | Loss_C: -0.019 | Loss_P: +1.049 | Full_X_Acc: 78.0% | Loss_Gen: +0.524 | Retain: 4.0% | Mask_X_Acc: 63.5% | Loss_Gen_adv: -0.304 | Loss_Gen_l1: +0.040 | Loss_Gen_p: +0.616 | W_Distance: +0.022 |
Epoch [510/1000] | Tau: 0.100 | Loss_C: -0.021 | Loss_P: +1.048 | Full_X_Acc: 78.4% | Loss_Gen: +0.521 | Retain: 4.0% | Mask_X_Acc: 63.7% | Loss_Gen_adv: -0.317 | Loss_Gen_l1: +0.040 | Loss_Gen_p: +0.620 | W_Distance: +0.025 |
Epoch [520/1000] | Tau: 0.100 | Loss_C: -0.021 | Loss_P: +1.050 | Full_X_Acc: 78.4% | Loss_Gen: +0.513 | Retain: 4.0% | Mask_X_Acc: 63.3% | Loss_Gen_adv: -0.323 | Loss_Gen_l1: +0.040 | Loss_Gen_p: +0.614 | W_Distance: +0.024 |
Epoch [530/1000] | Tau: 0.100 | Loss_C: -0.023 | Loss_P: +1.040 | Full_X_Acc: 78.4% | Loss_Gen: +0.509 | Retain: 4.0% | Mask_X_Acc: 63.7% | Loss_Gen_adv: -0.332 | Loss_Gen_l1: +0.040 | Loss_Gen_p: +0.616 | W_Distance: +0.027 |
Epoch [540/1000] | Tau: 0.100 | Loss_C: -0.019 | Loss_P: +1.053 | Full_X_Acc: 78.7% | Loss_Gen: +0.500 | Retain: 4.0% | Mask_X_Acc: 63.5% | Loss_Gen_adv: -0.347 | Loss_Gen_l1: +0.040 | Loss_Gen_p: +0.614 | W_Distance: +0.023 |
Epoch [550/1000] | Tau: 0.100 | Loss_C: -0.023 | Loss_P: +1.047 | Full_X_Acc: 78.6% | Loss_Gen: +0.506 | Retain: 4.0% | Mask_X_Acc: 63.5% | Loss_Gen_adv: -0.338 | Loss_Gen_l1: +0.040 | Loss_Gen_p: +0.616 | W_Distance: +0.026 |
Epoch [560/1000] | Tau: 0.100 | Loss_C: -0.023 | Loss_P: +1.043 | Full_X_Acc: 78.8% | Loss_Gen: +0.503 | Retain: 4.0% | Mask_X_Acc: 63.7% | Loss_Gen_adv: -0.349 | Loss_Gen_l1: +0.040 | Loss_Gen_p: +0.618 | W_Distance: +0.026 |
Epoch [570/1000] | Tau: 0.100 | Loss_C: -0.024 | Loss_P: +1.043 | Full_X_Acc: 79.1% | Loss_Gen: +0.505 | Retain: 4.0% | Mask_X_Acc: 63.4% | Loss_Gen_adv: -0.347 | Loss_Gen_l1: +0.040 | Loss_Gen_p: +0.618 | W_Distance: +0.027 |
Epoch [580/1000] | Tau: 0.100 | Loss_C: -0.021 | Loss_P: +1.040 | Full_X_Acc: 79.1% | Loss_Gen: +0.507 | Retain: 4.0% | Mask_X_Acc: 63.7% | Loss_Gen_adv: -0.347 | Loss_Gen_l1: +0.040 | Loss_Gen_p: +0.621 | W_Distance: +0.024 |
Epoch [590/1000] | Tau: 0.100 | Loss_C: -0.023 | Loss_P: +1.042 | Full_X_Acc: 78.8% | Loss_Gen: +0.504 | Retain: 4.0% | Mask_X_Acc: 63.3% | Loss_Gen_adv: -0.344 | Loss_Gen_l1: +0.040 | Loss_Gen_p: +0.617 | W_Distance: +0.026 |
Epoch [600/1000] | Tau: 0.100 | Loss_C: -0.026 | Loss_P: +1.043 | Full_X_Acc: 78.8% | Loss_Gen: +0.504 | Retain: 4.0% | Mask_X_Acc: 63.4% | Loss_Gen_adv: -0.344 | Loss_Gen_l1: +0.040 | Loss_Gen_p: +0.616 | W_Distance: +0.029 |
Epoch [610/1000] | Tau: 0.100 | Loss_C: -0.025 | Loss_P: +1.038 | Full_X_Acc: 79.4% | Loss_Gen: +0.496 | Retain: 4.0% | Mask_X_Acc: 63.3% | Loss_Gen_adv: -0.357 | Loss_Gen_l1: +0.040 | Loss_Gen_p: +0.615 | W_Distance: +0.028 |
Epoch [620/1000] | Tau: 0.100 | Loss_C: -0.025 | Loss_P: +1.039 | Full_X_Acc: 79.0% | Loss_Gen: +0.496 | Retain: 4.0% | Mask_X_Acc: 63.4% | Loss_Gen_adv: -0.363 | Loss_Gen_l1: +0.040 | Loss_Gen_p: +0.618 | W_Distance: +0.027 |
Epoch [630/1000] | Tau: 0.100 | Loss_C: -0.022 | Loss_P: +1.038 | Full_X_Acc: 79.4% | Loss_Gen: +0.492 | Retain: 4.0% | Mask_X_Acc: 63.3% | Loss_Gen_adv: -0.370 | Loss_Gen_l1: +0.040 | Loss_Gen_p: +0.618 | W_Distance: +0.025 |
Epoch [640/1000] | Tau: 0.100 | Loss_C: -0.026 | Loss_P: +1.039 | Full_X_Acc: 79.5% | Loss_Gen: +0.491 | Retain: 4.0% | Mask_X_Acc: 63.4% | Loss_Gen_adv: -0.371 | Loss_Gen_l1: +0.040 | Loss_Gen_p: +0.617 | W_Distance: +0.029 |
Epoch [650/1000] | Tau: 0.100 | Loss_C: -0.023 | Loss_P: +1.039 | Full_X_Acc: 79.6% | Loss_Gen: +0.490 | Retain: 4.0% | Mask_X_Acc: 64.1% | Loss_Gen_adv: -0.380 | Loss_Gen_l1: +0.040 | Loss_Gen_p: +0.621 | W_Distance: +0.026 |
Epoch [660/1000] | Tau: 0.100 | Loss_C: -0.027 | Loss_P: +1.040 | Full_X_Acc: 79.7% | Loss_Gen: +0.489 | Retain: 4.0% | Mask_X_Acc: 63.4% | Loss_Gen_adv: -0.386 | Loss_Gen_l1: +0.040 | Loss_Gen_p: +0.622 | W_Distance: +0.029 |
Epoch [670/1000] | Tau: 0.100 | Loss_C: -0.021 | Loss_P: +1.038 | Full_X_Acc: 79.6% | Loss_Gen: +0.492 | Retain: 4.0% | Mask_X_Acc: 63.5% | Loss_Gen_adv: -0.375 | Loss_Gen_l1: +0.040 | Loss_Gen_p: +0.620 | W_Distance: +0.024 |
Epoch [680/1000] | Tau: 0.100 | Loss_C: -0.022 | Loss_P: +1.036 | Full_X_Acc: 79.4% | Loss_Gen: +0.491 | Retain: 4.0% | Mask_X_Acc: 63.3% | Loss_Gen_adv: -0.367 | Loss_Gen_l1: +0.040 | Loss_Gen_p: +0.615 | W_Distance: +0.025 |
Epoch [690/1000] | Tau: 0.100 | Loss_C: -0.025 | Loss_P: +1.040 | Full_X_Acc: 79.7% | Loss_Gen: +0.499 | Retain: 4.0% | Mask_X_Acc: 63.4% | Loss_Gen_adv: -0.376 | Loss_Gen_l1: +0.040 | Loss_Gen_p: +0.627 | W_Distance: +0.027 |
Epoch [700/1000] | Tau: 0.100 | Loss_C: -0.024 | Loss_P: +1.037 | Full_X_Acc: 80.0% | Loss_Gen: +0.482 | Retain: 4.0% | Mask_X_Acc: 63.8% | Loss_Gen_adv: -0.392 | Loss_Gen_l1: +0.040 | Loss_Gen_p: +0.618 | W_Distance: +0.026 |
Epoch [710/1000] | Tau: 0.100 | Loss_C: -0.025 | Loss_P: +1.031 | Full_X_Acc: 79.8% | Loss_Gen: +0.483 | Retain: 4.0% | Mask_X_Acc: 63.8% | Loss_Gen_adv: -0.393 | Loss_Gen_l1: +0.040 | Loss_Gen_p: +0.620 | W_Distance: +0.028 |
Epoch [720/1000] | Tau: 0.100 | Loss_C: -0.024 | Loss_P: +1.031 | Full_X_Acc: 80.1% | Loss_Gen: +0.476 | Retain: 4.0% | Mask_X_Acc: 63.2% | Loss_Gen_adv: -0.409 | Loss_Gen_l1: +0.040 | Loss_Gen_p: +0.621 | W_Distance: +0.027 |
Epoch [730/1000] | Tau: 0.100 | Loss_C: -0.026 | Loss_P: +1.036 | Full_X_Acc: 80.0% | Loss_Gen: +0.475 | Retain: 4.0% | Mask_X_Acc: 63.7% | Loss_Gen_adv: -0.405 | Loss_Gen_l1: +0.040 | Loss_Gen_p: +0.618 | W_Distance: +0.028 |
Epoch [740/1000] | Tau: 0.100 | Loss_C: -0.024 | Loss_P: +1.030 | Full_X_Acc: 80.4% | Loss_Gen: +0.474 | Retain: 4.0% | Mask_X_Acc: 63.8% | Loss_Gen_adv: -0.414 | Loss_Gen_l1: +0.040 | Loss_Gen_p: +0.621 | W_Distance: +0.026 |
Epoch [750/1000] | Tau: 0.100 | Loss_C: -0.025 | Loss_P: +1.030 | Full_X_Acc: 80.4% | Loss_Gen: +0.478 | Retain: 4.0% | Mask_X_Acc: 64.1% | Loss_Gen_adv: -0.407 | Loss_Gen_l1: +0.040 | Loss_Gen_p: +0.622 | W_Distance: +0.028 |
Epoch [760/1000] | Tau: 0.100 | Loss_C: -0.024 | Loss_P: +1.028 | Full_X_Acc: 80.3% | Loss_Gen: +0.479 | Retain: 4.0% | Mask_X_Acc: 64.0% | Loss_Gen_adv: -0.404 | Loss_Gen_l1: +0.040 | Loss_Gen_p: +0.621 | W_Distance: +0.026 |
Epoch [770/1000] | Tau: 0.100 | Loss_C: -0.026 | Loss_P: +1.035 | Full_X_Acc: 80.3% | Loss_Gen: +0.483 | Retain: 4.0% | Mask_X_Acc: 63.6% | Loss_Gen_adv: -0.408 | Loss_Gen_l1: +0.040 | Loss_Gen_p: +0.628 | W_Distance: +0.028 |
Epoch [780/1000] | Tau: 0.100 | Loss_C: -0.025 | Loss_P: +1.034 | Full_X_Acc: 80.3% | Loss_Gen: +0.470 | Retain: 3.9% | Mask_X_Acc: 63.4% | Loss_Gen_adv: -0.419 | Loss_Gen_l1: +0.039 | Loss_Gen_p: +0.620 | W_Distance: +0.027 |
Epoch [790/1000] | Tau: 0.100 | Loss_C: -0.025 | Loss_P: +1.033 | Full_X_Acc: 80.5% | Loss_Gen: +0.477 | Retain: 3.9% | Mask_X_Acc: 63.7% | Loss_Gen_adv: -0.415 | Loss_Gen_l1: +0.039 | Loss_Gen_p: +0.625 | W_Distance: +0.027 |
Epoch [800/1000] | Tau: 0.100 | Loss_C: -0.026 | Loss_P: +1.027 | Full_X_Acc: 80.3% | Loss_Gen: +0.468 | Retain: 3.9% | Mask_X_Acc: 63.8% | Loss_Gen_adv: -0.415 | Loss_Gen_l1: +0.039 | Loss_Gen_p: +0.617 | W_Distance: +0.028 |
Epoch [810/1000] | Tau: 0.100 | Loss_C: -0.023 | Loss_P: +1.034 | Full_X_Acc: 80.9% | Loss_Gen: +0.475 | Retain: 3.9% | Mask_X_Acc: 63.7% | Loss_Gen_adv: -0.415 | Loss_Gen_l1: +0.039 | Loss_Gen_p: +0.624 | W_Distance: +0.026 |
Epoch [820/1000] | Tau: 0.100 | Loss_C: -0.024 | Loss_P: +1.027 | Full_X_Acc: 80.7% | Loss_Gen: +0.471 | Retain: 3.9% | Mask_X_Acc: 64.0% | Loss_Gen_adv: -0.412 | Loss_Gen_l1: +0.039 | Loss_Gen_p: +0.618 | W_Distance: +0.026 |
Epoch [830/1000] | Tau: 0.100 | Loss_C: -0.023 | Loss_P: +1.031 | Full_X_Acc: 80.7% | Loss_Gen: +0.473 | Retain: 3.9% | Mask_X_Acc: 63.2% | Loss_Gen_adv: -0.419 | Loss_Gen_l1: +0.039 | Loss_Gen_p: +0.624 | W_Distance: +0.025 |
Epoch [840/1000] | Tau: 0.100 | Loss_C: -0.025 | Loss_P: +1.026 | Full_X_Acc: 80.7% | Loss_Gen: +0.472 | Retain: 3.9% | Mask_X_Acc: 63.8% | Loss_Gen_adv: -0.415 | Loss_Gen_l1: +0.039 | Loss_Gen_p: +0.620 | W_Distance: +0.027 |
Epoch [850/1000] | Tau: 0.100 | Loss_C: -0.024 | Loss_P: +1.029 | Full_X_Acc: 81.2% | Loss_Gen: +0.469 | Retain: 3.9% | Mask_X_Acc: 63.8% | Loss_Gen_adv: -0.433 | Loss_Gen_l1: +0.039 | Loss_Gen_p: +0.626 | W_Distance: +0.027 |
Epoch [860/1000] | Tau: 0.100 | Loss_C: -0.020 | Loss_P: +1.031 | Full_X_Acc: 80.8% | Loss_Gen: +0.461 | Retain: 3.9% | Mask_X_Acc: 63.1% | Loss_Gen_adv: -0.431 | Loss_Gen_l1: +0.039 | Loss_Gen_p: +0.617 | W_Distance: +0.022 |
Epoch [870/1000] | Tau: 0.100 | Loss_C: -0.026 | Loss_P: +1.028 | Full_X_Acc: 80.8% | Loss_Gen: +0.460 | Retain: 3.9% | Mask_X_Acc: 63.6% | Loss_Gen_adv: -0.436 | Loss_Gen_l1: +0.039 | Loss_Gen_p: +0.619 | W_Distance: +0.028 |
Epoch [880/1000] | Tau: 0.100 | Loss_C: -0.024 | Loss_P: +1.027 | Full_X_Acc: 81.3% | Loss_Gen: +0.466 | Retain: 3.9% | Mask_X_Acc: 63.6% | Loss_Gen_adv: -0.421 | Loss_Gen_l1: +0.039 | Loss_Gen_p: +0.617 | W_Distance: +0.027 |
Epoch [890/1000] | Tau: 0.100 | Loss_C: -0.025 | Loss_P: +1.028 | Full_X_Acc: 81.3% | Loss_Gen: +0.464 | Retain: 3.9% | Mask_X_Acc: 63.6% | Loss_Gen_adv: -0.438 | Loss_Gen_l1: +0.039 | Loss_Gen_p: +0.624 | W_Distance: +0.027 |
Epoch [900/1000] | Tau: 0.100 | Loss_C: -0.025 | Loss_P: +1.028 | Full_X_Acc: 81.3% | Loss_Gen: +0.461 | Retain: 3.9% | Mask_X_Acc: 63.5% | Loss_Gen_adv: -0.442 | Loss_Gen_l1: +0.039 | Loss_Gen_p: +0.623 | W_Distance: +0.027 |
Epoch [910/1000] | Tau: 0.100 | Loss_C: -0.024 | Loss_P: +1.022 | Full_X_Acc: 81.1% | Loss_Gen: +0.454 | Retain: 3.9% | Mask_X_Acc: 64.3% | Loss_Gen_adv: -0.447 | Loss_Gen_l1: +0.039 | Loss_Gen_p: +0.618 | W_Distance: +0.027 |
Epoch [920/1000] | Tau: 0.100 | Loss_C: -0.025 | Loss_P: +1.031 | Full_X_Acc: 81.0% | Loss_Gen: +0.460 | Retain: 3.9% | Mask_X_Acc: 63.3% | Loss_Gen_adv: -0.439 | Loss_Gen_l1: +0.039 | Loss_Gen_p: +0.621 | W_Distance: +0.027 |
Epoch [930/1000] | Tau: 0.100 | Loss_C: -0.026 | Loss_P: +1.029 | Full_X_Acc: 81.2% | Loss_Gen: +0.458 | Retain: 3.9% | Mask_X_Acc: 63.3% | Loss_Gen_adv: -0.447 | Loss_Gen_l1: +0.039 | Loss_Gen_p: +0.623 | W_Distance: +0.028 |
Epoch [940/1000] | Tau: 0.100 | Loss_C: -0.027 | Loss_P: +1.023 | Full_X_Acc: 81.3% | Loss_Gen: +0.459 | Retain: 3.9% | Mask_X_Acc: 63.6% | Loss_Gen_adv: -0.451 | Loss_Gen_l1: +0.039 | Loss_Gen_p: +0.626 | W_Distance: +0.029 |
Epoch [950/1000] | Tau: 0.100 | Loss_C: -0.026 | Loss_P: +1.024 | Full_X_Acc: 81.5% | Loss_Gen: +0.467 | Retain: 3.9% | Mask_X_Acc: 63.4% | Loss_Gen_adv: -0.429 | Loss_Gen_l1: +0.039 | Loss_Gen_p: +0.623 | W_Distance: +0.029 |
Epoch [960/1000] | Tau: 0.100 | Loss_C: -0.026 | Loss_P: +1.026 | Full_X_Acc: 81.4% | Loss_Gen: +0.463 | Retain: 3.9% | Mask_X_Acc: 63.5% | Loss_Gen_adv: -0.431 | Loss_Gen_l1: +0.039 | Loss_Gen_p: +0.620 | W_Distance: +0.028 |
Epoch [970/1000] | Tau: 0.100 | Loss_C: -0.026 | Loss_P: +1.028 | Full_X_Acc: 81.8% | Loss_Gen: +0.457 | Retain: 3.9% | Mask_X_Acc: 62.8% | Loss_Gen_adv: -0.452 | Loss_Gen_l1: +0.039 | Loss_Gen_p: +0.624 | W_Distance: +0.028 |
Epoch [980/1000] | Tau: 0.100 | Loss_C: -0.026 | Loss_P: +1.023 | Full_X_Acc: 81.5% | Loss_Gen: +0.453 | Retain: 3.9% | Mask_X_Acc: 63.3% | Loss_Gen_adv: -0.446 | Loss_Gen_l1: +0.039 | Loss_Gen_p: +0.617 | W_Distance: +0.028 |
Epoch [990/1000] | Tau: 0.100 | Loss_C: -0.023 | Loss_P: +1.023 | Full_X_Acc: 81.9% | Loss_Gen: +0.463 | Retain: 3.9% | Mask_X_Acc: 63.3% | Loss_Gen_adv: -0.442 | Loss_Gen_l1: +0.039 | Loss_Gen_p: +0.625 | W_Distance: +0.026 |
Epoch [1000/1000] | Tau: 0.100 | Loss_C: -0.025 | Loss_P: +1.023 | Full_X_Acc: 81.6% | Loss_Gen: +0.466 | Retain: 3.9% | Mask_X_Acc: 63.3% | Loss_Gen_adv: -0.438 | Loss_Gen_l1: +0.039 | Loss_Gen_p: +0.627 | W_Distance: +0.027 |
[Export] 训练历史已保存至 'output/run_20260717_224113/history.npz'

[System] 开始在测试集上进行推理评估...
==================================================
🎯 测试集推理报告 (Shared Architecture)
==================================================
• 测试集准确率:     62.65%
• TPR (召回率):     56.49%
• FDR (误发现率):   36.46%
• 平均保留特征数量: 3.9 / 100
• 整体保留率:       3.89%
--------------------------------------------------
🧩 Top 12 最常被选中的特征
--------------------------------------------------
Top 01: 特征 Index 010 | 被选次数: 3999 次 (100.0%) | ★ [真实关联]
Top 02: 特征 Index 006 | 被选次数: 3981 次 ( 99.5%) | ★ [真实关联]
Top 03: 特征 Index 009 | 被选次数: 3927 次 ( 98.2%) | ★ [真实关联]
Top 04: 特征 Index 008 | 被选次数: 3660 次 ( 91.5%) | ★ [真实关联]
Top 05: 特征 Index 095 | 被选次数:    0 次 (  0.0%) |   [纯噪声]
Top 06: 特征 Index 094 | 被选次数:    0 次 (  0.0%) |   [纯噪声]
Top 07: 特征 Index 093 | 被选次数:    0 次 (  0.0%) |   [纯噪声]
Top 08: 特征 Index 092 | 被选次数:    0 次 (  0.0%) |   [纯噪声]
Top 09: 特征 Index 091 | 被选次数:    0 次 (  0.0%) |   [纯噪声]
Top 10: 特征 Index 090 | 被选次数:    0 次 (  0.0%) |   [纯噪声]
Top 11: 特征 Index 089 | 被选次数:    0 次 (  0.0%) |   [纯噪声]
Top 12: 特征 Index 088 | 被选次数:    0 次 (  0.0%) |   [纯噪声]
==================================================
[Export] 测试集数组已保存至 'output/run_20260717_224113/test_arrays.npz'
[Export] 特征索引已保存至 'output/run_20260717_224113/selected_feature_indices.npy'
[Export] 模型权重已保存至 'output/run_20260717_224113/generator_model.pth'

[Visualization] 运行双视角 t-SNE 降维 (样本数: 4000)...
[Visualization] 降维: 原始掩码特征 (Before Ext)...
[Visualization] 降维: 隐空间特征 (After Ext)...
[Visualization] 对比 t-SNE 已保存至: 'output/run_20260717_224113/fig3_tsne_comparison.png'

