[System] Run dir: output/run_20260717_212511
[System] 正在使用 cuda 进行计算...

[System] 开始训练多任务共享特征架构...
Epoch [010/1000] | Tau: 0.951 | Loss_C: +0.100 | Loss_P: +1.297 | Full_X_Acc: 64.8% | Loss_Gen: +1.396 | Retain: 46.3% | Mask_X_Acc: 59.4% | Loss_Gen_adv: +0.086 | Loss_Gen_l1: +0.463 | Loss_Gen_p: +0.659 | W_Distance: -0.018 |
Epoch [020/1000] | Tau: 0.905 | Loss_C: +0.016 | Loss_P: +1.260 | Full_X_Acc: 65.8% | Loss_Gen: +1.280 | Retain: 39.9% | Mask_X_Acc: 60.2% | Loss_Gen_adv: +0.053 | Loss_Gen_l1: +0.399 | Loss_Gen_p: +0.656 | W_Distance: +0.047 |
Epoch [030/1000] | Tau: 0.860 | Loss_C: -0.140 | Loss_P: +1.228 | Full_X_Acc: 66.9% | Loss_Gen: +1.096 | Retain: 30.6% | Mask_X_Acc: 60.5% | Loss_Gen_adv: -0.023 | Loss_Gen_l1: +0.306 | Loss_Gen_p: +0.650 | W_Distance: +0.194 |
Epoch [040/1000] | Tau: 0.818 | Loss_C: -0.388 | Loss_P: +1.207 | Full_X_Acc: 67.2% | Loss_Gen: +0.870 | Retain: 20.0% | Mask_X_Acc: 61.6% | Loss_Gen_adv: -0.147 | Loss_Gen_l1: +0.200 | Loss_Gen_p: +0.644 | W_Distance: +0.442 |
Epoch [050/1000] | Tau: 0.778 | Loss_C: -0.556 | Loss_P: +1.187 | Full_X_Acc: 68.0% | Loss_Gen: +0.698 | Retain: 11.3% | Mask_X_Acc: 62.0% | Loss_Gen_adv: -0.208 | Loss_Gen_l1: +0.113 | Loss_Gen_p: +0.632 | W_Distance: +0.581 |
Epoch [060/1000] | Tau: 0.740 | Loss_C: -0.601 | Loss_P: +1.161 | Full_X_Acc: 69.3% | Loss_Gen: +0.601 | Retain: 6.6% | Mask_X_Acc: 63.4% | Loss_Gen_adv: -0.234 | Loss_Gen_l1: +0.066 | Loss_Gen_p: +0.619 | W_Distance: +0.615 |
Epoch [070/1000] | Tau: 0.704 | Loss_C: -0.629 | Loss_P: +1.133 | Full_X_Acc: 70.5% | Loss_Gen: +0.586 | Retain: 4.7% | Mask_X_Acc: 63.5% | Loss_Gen_adv: -0.176 | Loss_Gen_l1: +0.047 | Loss_Gen_p: +0.604 | W_Distance: +0.643 |
Epoch [080/1000] | Tau: 0.670 | Loss_C: -0.676 | Loss_P: +1.111 | Full_X_Acc: 71.3% | Loss_Gen: +0.600 | Retain: 4.1% | Mask_X_Acc: 64.6% | Loss_Gen_adv: -0.111 | Loss_Gen_l1: +0.041 | Loss_Gen_p: +0.594 | W_Distance: +0.691 |
Epoch [090/1000] | Tau: 0.637 | Loss_C: -0.757 | Loss_P: +1.089 | Full_X_Acc: 72.0% | Loss_Gen: +0.632 | Retain: 3.9% | Mask_X_Acc: 64.8% | Loss_Gen_adv: -0.020 | Loss_Gen_l1: +0.039 | Loss_Gen_p: +0.583 | W_Distance: +0.777 |
Epoch [100/1000] | Tau: 0.606 | Loss_C: -0.848 | Loss_P: +1.072 | Full_X_Acc: 73.4% | Loss_Gen: +0.677 | Retain: 3.9% | Mask_X_Acc: 64.8% | Loss_Gen_adv: +0.071 | Loss_Gen_l1: +0.039 | Loss_Gen_p: +0.583 | W_Distance: +0.875 |
Epoch [110/1000] | Tau: 0.576 | Loss_C: -0.939 | Loss_P: +1.055 | Full_X_Acc: 74.1% | Loss_Gen: +0.717 | Retain: 3.9% | Mask_X_Acc: 65.2% | Loss_Gen_adv: +0.161 | Loss_Gen_l1: +0.039 | Loss_Gen_p: +0.578 | W_Distance: +0.970 |
Epoch [120/1000] | Tau: 0.548 | Loss_C: -1.010 | Loss_P: +1.038 | Full_X_Acc: 75.0% | Loss_Gen: +0.773 | Retain: 3.9% | Mask_X_Acc: 65.4% | Loss_Gen_adv: +0.273 | Loss_Gen_l1: +0.039 | Loss_Gen_p: +0.578 | W_Distance: +1.047 |
Epoch [130/1000] | Tau: 0.521 | Loss_C: -1.063 | Loss_P: +1.028 | Full_X_Acc: 75.5% | Loss_Gen: +0.820 | Retain: 3.9% | Mask_X_Acc: 65.0% | Loss_Gen_adv: +0.364 | Loss_Gen_l1: +0.039 | Loss_Gen_p: +0.579 | W_Distance: +1.102 |
Epoch [140/1000] | Tau: 0.496 | Loss_C: -1.105 | Loss_P: +1.017 | Full_X_Acc: 75.9% | Loss_Gen: +0.853 | Retain: 3.9% | Mask_X_Acc: 65.1% | Loss_Gen_adv: +0.435 | Loss_Gen_l1: +0.039 | Loss_Gen_p: +0.576 | W_Distance: +1.144 |
Epoch [150/1000] | Tau: 0.471 | Loss_C: -1.135 | Loss_P: +1.006 | Full_X_Acc: 76.5% | Loss_Gen: +0.890 | Retain: 3.9% | Mask_X_Acc: 65.9% | Loss_Gen_adv: +0.512 | Loss_Gen_l1: +0.039 | Loss_Gen_p: +0.575 | W_Distance: +1.174 |
Epoch [160/1000] | Tau: 0.448 | Loss_C: -1.155 | Loss_P: +0.995 | Full_X_Acc: 76.9% | Loss_Gen: +0.956 | Retain: 3.9% | Mask_X_Acc: 65.4% | Loss_Gen_adv: +0.643 | Loss_Gen_l1: +0.039 | Loss_Gen_p: +0.576 | W_Distance: +1.196 |
Epoch [170/1000] | Tau: 0.427 | Loss_C: -1.176 | Loss_P: +0.984 | Full_X_Acc: 77.5% | Loss_Gen: +1.022 | Retain: 3.9% | Mask_X_Acc: 65.7% | Loss_Gen_adv: +0.784 | Loss_Gen_l1: +0.039 | Loss_Gen_p: +0.571 | W_Distance: +1.218 |
Epoch [180/1000] | Tau: 0.406 | Loss_C: -1.192 | Loss_P: +0.974 | Full_X_Acc: 77.9% | Loss_Gen: +1.091 | Retain: 4.0% | Mask_X_Acc: 65.5% | Loss_Gen_adv: +0.921 | Loss_Gen_l1: +0.040 | Loss_Gen_p: +0.571 | W_Distance: +1.235 |
Epoch [190/1000] | Tau: 0.386 | Loss_C: -1.207 | Loss_P: +0.966 | Full_X_Acc: 79.0% | Loss_Gen: +1.156 | Retain: 4.0% | Mask_X_Acc: 65.5% | Loss_Gen_adv: +1.049 | Loss_Gen_l1: +0.040 | Loss_Gen_p: +0.572 | W_Distance: +1.250 |
Epoch [200/1000] | Tau: 0.367 | Loss_C: -1.218 | Loss_P: +0.953 | Full_X_Acc: 79.1% | Loss_Gen: +1.205 | Retain: 4.0% | Mask_X_Acc: 65.5% | Loss_Gen_adv: +1.146 | Loss_Gen_l1: +0.040 | Loss_Gen_p: +0.572 | W_Distance: +1.262 |
Epoch [210/1000] | Tau: 0.349 | Loss_C: -1.232 | Loss_P: +0.945 | Full_X_Acc: 79.8% | Loss_Gen: +1.247 | Retain: 4.0% | Mask_X_Acc: 65.6% | Loss_Gen_adv: +1.232 | Loss_Gen_l1: +0.040 | Loss_Gen_p: +0.572 | W_Distance: +1.276 |
Epoch [220/1000] | Tau: 0.332 | Loss_C: -1.247 | Loss_P: +0.937 | Full_X_Acc: 80.2% | Loss_Gen: +1.279 | Retain: 4.0% | Mask_X_Acc: 65.5% | Loss_Gen_adv: +1.301 | Loss_Gen_l1: +0.040 | Loss_Gen_p: +0.569 | W_Distance: +1.291 |
Epoch [230/1000] | Tau: 0.316 | Loss_C: -1.263 | Loss_P: +0.927 | Full_X_Acc: 80.3% | Loss_Gen: +1.300 | Retain: 4.0% | Mask_X_Acc: 65.9% | Loss_Gen_adv: +1.347 | Loss_Gen_l1: +0.040 | Loss_Gen_p: +0.567 | W_Distance: +1.309 |
Epoch [240/1000] | Tau: 0.300 | Loss_C: -1.273 | Loss_P: +0.918 | Full_X_Acc: 81.1% | Loss_Gen: +1.314 | Retain: 4.0% | Mask_X_Acc: 65.9% | Loss_Gen_adv: +1.379 | Loss_Gen_l1: +0.040 | Loss_Gen_p: +0.565 | W_Distance: +1.319 |
Epoch [250/1000] | Tau: 0.286 | Loss_C: -1.288 | Loss_P: +0.907 | Full_X_Acc: 81.3% | Loss_Gen: +1.340 | Retain: 4.0% | Mask_X_Acc: 65.6% | Loss_Gen_adv: +1.427 | Loss_Gen_l1: +0.040 | Loss_Gen_p: +0.567 | W_Distance: +1.336 |
Epoch [260/1000] | Tau: 0.272 | Loss_C: -1.298 | Loss_P: +0.900 | Full_X_Acc: 81.8% | Loss_Gen: +1.370 | Retain: 4.0% | Mask_X_Acc: 65.8% | Loss_Gen_adv: +1.494 | Loss_Gen_l1: +0.040 | Loss_Gen_p: +0.564 | W_Distance: +1.347 |
Epoch [270/1000] | Tau: 0.258 | Loss_C: -1.310 | Loss_P: +0.887 | Full_X_Acc: 82.2% | Loss_Gen: +1.400 | Retain: 4.0% | Mask_X_Acc: 65.9% | Loss_Gen_adv: +1.556 | Loss_Gen_l1: +0.040 | Loss_Gen_p: +0.563 | W_Distance: +1.359 |
Epoch [280/1000] | Tau: 0.246 | Loss_C: -1.321 | Loss_P: +0.883 | Full_X_Acc: 82.4% | Loss_Gen: +1.429 | Retain: 4.0% | Mask_X_Acc: 65.9% | Loss_Gen_adv: +1.615 | Loss_Gen_l1: +0.040 | Loss_Gen_p: +0.562 | W_Distance: +1.370 |
Epoch [290/1000] | Tau: 0.234 | Loss_C: -1.333 | Loss_P: +0.872 | Full_X_Acc: 82.8% | Loss_Gen: +1.447 | Retain: 4.0% | Mask_X_Acc: 66.0% | Loss_Gen_adv: +1.656 | Loss_Gen_l1: +0.040 | Loss_Gen_p: +0.559 | W_Distance: +1.382 |
Epoch [300/1000] | Tau: 0.222 | Loss_C: -1.342 | Loss_P: +0.864 | Full_X_Acc: 83.4% | Loss_Gen: +1.470 | Retain: 4.0% | Mask_X_Acc: 65.9% | Loss_Gen_adv: +1.703 | Loss_Gen_l1: +0.040 | Loss_Gen_p: +0.559 | W_Distance: +1.392 |
Epoch [310/1000] | Tau: 0.211 | Loss_C: -1.353 | Loss_P: +0.859 | Full_X_Acc: 83.3% | Loss_Gen: +1.491 | Retain: 4.0% | Mask_X_Acc: 65.9% | Loss_Gen_adv: +1.743 | Loss_Gen_l1: +0.040 | Loss_Gen_p: +0.560 | W_Distance: +1.404 |
Epoch [320/1000] | Tau: 0.201 | Loss_C: -1.365 | Loss_P: +0.852 | Full_X_Acc: 83.8% | Loss_Gen: +1.515 | Retain: 4.0% | Mask_X_Acc: 65.9% | Loss_Gen_adv: +1.796 | Loss_Gen_l1: +0.040 | Loss_Gen_p: +0.558 | W_Distance: +1.416 |
Epoch [330/1000] | Tau: 0.191 | Loss_C: -1.378 | Loss_P: +0.842 | Full_X_Acc: 84.2% | Loss_Gen: +1.543 | Retain: 4.0% | Mask_X_Acc: 66.0% | Loss_Gen_adv: +1.855 | Loss_Gen_l1: +0.040 | Loss_Gen_p: +0.556 | W_Distance: +1.431 |
Epoch [340/1000] | Tau: 0.182 | Loss_C: -1.386 | Loss_P: +0.837 | Full_X_Acc: 84.4% | Loss_Gen: +1.568 | Retain: 4.0% | Mask_X_Acc: 65.6% | Loss_Gen_adv: +1.902 | Loss_Gen_l1: +0.040 | Loss_Gen_p: +0.557 | W_Distance: +1.439 |
Epoch [350/1000] | Tau: 0.173 | Loss_C: -1.394 | Loss_P: +0.835 | Full_X_Acc: 84.4% | Loss_Gen: +1.588 | Retain: 4.0% | Mask_X_Acc: 66.0% | Loss_Gen_adv: +1.943 | Loss_Gen_l1: +0.040 | Loss_Gen_p: +0.557 | W_Distance: +1.448 |
Epoch [360/1000] | Tau: 0.165 | Loss_C: -1.406 | Loss_P: +0.824 | Full_X_Acc: 84.7% | Loss_Gen: +1.604 | Retain: 4.0% | Mask_X_Acc: 65.9% | Loss_Gen_adv: +1.974 | Loss_Gen_l1: +0.040 | Loss_Gen_p: +0.557 | W_Distance: +1.460 |
Epoch [370/1000] | Tau: 0.157 | Loss_C: -1.413 | Loss_P: +0.823 | Full_X_Acc: 84.6% | Loss_Gen: +1.621 | Retain: 4.0% | Mask_X_Acc: 66.1% | Loss_Gen_adv: +2.011 | Loss_Gen_l1: +0.040 | Loss_Gen_p: +0.556 | W_Distance: +1.467 |
Epoch [380/1000] | Tau: 0.149 | Loss_C: -1.423 | Loss_P: +0.819 | Full_X_Acc: 84.9% | Loss_Gen: +1.636 | Retain: 4.0% | Mask_X_Acc: 66.5% | Loss_Gen_adv: +2.037 | Loss_Gen_l1: +0.040 | Loss_Gen_p: +0.558 | W_Distance: +1.479 |
Epoch [390/1000] | Tau: 0.142 | Loss_C: -1.432 | Loss_P: +0.815 | Full_X_Acc: 85.3% | Loss_Gen: +1.649 | Retain: 4.0% | Mask_X_Acc: 66.1% | Loss_Gen_adv: +2.063 | Loss_Gen_l1: +0.040 | Loss_Gen_p: +0.557 | W_Distance: +1.487 |
Epoch [400/1000] | Tau: 0.135 | Loss_C: -1.441 | Loss_P: +0.813 | Full_X_Acc: 85.4% | Loss_Gen: +1.659 | Retain: 4.0% | Mask_X_Acc: 66.2% | Loss_Gen_adv: +2.090 | Loss_Gen_l1: +0.040 | Loss_Gen_p: +0.554 | W_Distance: +1.497 |
Epoch [410/1000] | Tau: 0.128 | Loss_C: -1.451 | Loss_P: +0.809 | Full_X_Acc: 85.6% | Loss_Gen: +1.673 | Retain: 4.0% | Mask_X_Acc: 65.8% | Loss_Gen_adv: +2.116 | Loss_Gen_l1: +0.040 | Loss_Gen_p: +0.556 | W_Distance: +1.508 |
Epoch [420/1000] | Tau: 0.122 | Loss_C: -1.460 | Loss_P: +0.806 | Full_X_Acc: 85.6% | Loss_Gen: +1.684 | Retain: 4.0% | Mask_X_Acc: 65.8% | Loss_Gen_adv: +2.137 | Loss_Gen_l1: +0.040 | Loss_Gen_p: +0.556 | W_Distance: +1.517 |
Epoch [430/1000] | Tau: 0.116 | Loss_C: -1.469 | Loss_P: +0.802 | Full_X_Acc: 85.8% | Loss_Gen: +1.695 | Retain: 4.0% | Mask_X_Acc: 66.2% | Loss_Gen_adv: +2.160 | Loss_Gen_l1: +0.040 | Loss_Gen_p: +0.555 | W_Distance: +1.526 |
Epoch [440/1000] | Tau: 0.110 | Loss_C: -1.476 | Loss_P: +0.801 | Full_X_Acc: 85.8% | Loss_Gen: +1.708 | Retain: 4.0% | Mask_X_Acc: 65.8% | Loss_Gen_adv: +2.188 | Loss_Gen_l1: +0.040 | Loss_Gen_p: +0.554 | W_Distance: +1.534 |
Epoch [450/1000] | Tau: 0.105 | Loss_C: -1.487 | Loss_P: +0.795 | Full_X_Acc: 86.0% | Loss_Gen: +1.718 | Retain: 4.0% | Mask_X_Acc: 66.0% | Loss_Gen_adv: +2.208 | Loss_Gen_l1: +0.040 | Loss_Gen_p: +0.554 | W_Distance: +1.545 |
Epoch [460/1000] | Tau: 0.100 | Loss_C: -1.496 | Loss_P: +0.793 | Full_X_Acc: 86.2% | Loss_Gen: +1.731 | Retain: 4.0% | Mask_X_Acc: 65.9% | Loss_Gen_adv: +2.235 | Loss_Gen_l1: +0.040 | Loss_Gen_p: +0.554 | W_Distance: +1.555 |
Epoch [470/1000] | Tau: 0.100 | Loss_C: -1.504 | Loss_P: +0.793 | Full_X_Acc: 86.2% | Loss_Gen: +1.743 | Retain: 4.0% | Mask_X_Acc: 66.0% | Loss_Gen_adv: +2.260 | Loss_Gen_l1: +0.040 | Loss_Gen_p: +0.553 | W_Distance: +1.563 |
Epoch [480/1000] | Tau: 0.100 | Loss_C: -1.514 | Loss_P: +0.790 | Full_X_Acc: 86.1% | Loss_Gen: +1.756 | Retain: 4.0% | Mask_X_Acc: 66.0% | Loss_Gen_adv: +2.285 | Loss_Gen_l1: +0.040 | Loss_Gen_p: +0.553 | W_Distance: +1.573 |
Epoch [490/1000] | Tau: 0.100 | Loss_C: -1.519 | Loss_P: +0.789 | Full_X_Acc: 86.5% | Loss_Gen: +1.766 | Retain: 4.0% | Mask_X_Acc: 65.8% | Loss_Gen_adv: +2.307 | Loss_Gen_l1: +0.040 | Loss_Gen_p: +0.553 | W_Distance: +1.578 |
Epoch [500/1000] | Tau: 0.100 | Loss_C: -1.529 | Loss_P: +0.786 | Full_X_Acc: 87.5% | Loss_Gen: +1.780 | Retain: 4.0% | Mask_X_Acc: 65.6% | Loss_Gen_adv: +2.331 | Loss_Gen_l1: +0.040 | Loss_Gen_p: +0.555 | W_Distance: +1.590 |
Epoch [510/1000] | Tau: 0.100 | Loss_C: -1.536 | Loss_P: +0.786 | Full_X_Acc: 87.6% | Loss_Gen: +1.790 | Retain: 4.0% | Mask_X_Acc: 65.7% | Loss_Gen_adv: +2.353 | Loss_Gen_l1: +0.040 | Loss_Gen_p: +0.554 | W_Distance: +1.597 |
Epoch [520/1000] | Tau: 0.100 | Loss_C: -1.545 | Loss_P: +0.786 | Full_X_Acc: 87.6% | Loss_Gen: +1.799 | Retain: 4.0% | Mask_X_Acc: 65.5% | Loss_Gen_adv: +2.373 | Loss_Gen_l1: +0.040 | Loss_Gen_p: +0.553 | W_Distance: +1.606 |
Epoch [530/1000] | Tau: 0.100 | Loss_C: -1.551 | Loss_P: +0.781 | Full_X_Acc: 87.7% | Loss_Gen: +1.810 | Retain: 4.0% | Mask_X_Acc: 65.8% | Loss_Gen_adv: +2.395 | Loss_Gen_l1: +0.040 | Loss_Gen_p: +0.553 | W_Distance: +1.613 |
Epoch [540/1000] | Tau: 0.100 | Loss_C: -1.557 | Loss_P: +0.782 | Full_X_Acc: 87.8% | Loss_Gen: +1.830 | Retain: 4.0% | Mask_X_Acc: 65.6% | Loss_Gen_adv: +2.432 | Loss_Gen_l1: +0.040 | Loss_Gen_p: +0.555 | W_Distance: +1.619 |
Epoch [550/1000] | Tau: 0.100 | Loss_C: -1.563 | Loss_P: +0.779 | Full_X_Acc: 88.1% | Loss_Gen: +1.847 | Retain: 4.0% | Mask_X_Acc: 65.7% | Loss_Gen_adv: +2.470 | Loss_Gen_l1: +0.040 | Loss_Gen_p: +0.553 | W_Distance: +1.625 |
Epoch [560/1000] | Tau: 0.100 | Loss_C: -1.568 | Loss_P: +0.777 | Full_X_Acc: 88.2% | Loss_Gen: +1.862 | Retain: 4.0% | Mask_X_Acc: 65.6% | Loss_Gen_adv: +2.499 | Loss_Gen_l1: +0.040 | Loss_Gen_p: +0.552 | W_Distance: +1.631 |
Epoch [570/1000] | Tau: 0.100 | Loss_C: -1.576 | Loss_P: +0.774 | Full_X_Acc: 87.9% | Loss_Gen: +1.879 | Retain: 4.0% | Mask_X_Acc: 65.5% | Loss_Gen_adv: +2.531 | Loss_Gen_l1: +0.040 | Loss_Gen_p: +0.554 | W_Distance: +1.639 |
Epoch [580/1000] | Tau: 0.100 | Loss_C: -1.579 | Loss_P: +0.775 | Full_X_Acc: 88.1% | Loss_Gen: +1.891 | Retain: 4.0% | Mask_X_Acc: 65.5% | Loss_Gen_adv: +2.558 | Loss_Gen_l1: +0.040 | Loss_Gen_p: +0.553 | W_Distance: +1.642 |
Epoch [590/1000] | Tau: 0.100 | Loss_C: -1.584 | Loss_P: +0.772 | Full_X_Acc: 88.4% | Loss_Gen: +1.902 | Retain: 4.0% | Mask_X_Acc: 65.6% | Loss_Gen_adv: +2.579 | Loss_Gen_l1: +0.040 | Loss_Gen_p: +0.553 | W_Distance: +1.648 |
Epoch [600/1000] | Tau: 0.100 | Loss_C: -1.592 | Loss_P: +0.769 | Full_X_Acc: 88.4% | Loss_Gen: +1.914 | Retain: 4.0% | Mask_X_Acc: 65.6% | Loss_Gen_adv: +2.603 | Loss_Gen_l1: +0.040 | Loss_Gen_p: +0.553 | W_Distance: +1.657 |
Epoch [610/1000] | Tau: 0.100 | Loss_C: -1.596 | Loss_P: +0.772 | Full_X_Acc: 88.5% | Loss_Gen: +1.927 | Retain: 4.0% | Mask_X_Acc: 65.6% | Loss_Gen_adv: +2.632 | Loss_Gen_l1: +0.040 | Loss_Gen_p: +0.551 | W_Distance: +1.660 |
Epoch [620/1000] | Tau: 0.100 | Loss_C: -1.598 | Loss_P: +0.774 | Full_X_Acc: 88.4% | Loss_Gen: +1.940 | Retain: 4.0% | Mask_X_Acc: 65.6% | Loss_Gen_adv: +2.654 | Loss_Gen_l1: +0.040 | Loss_Gen_p: +0.553 | W_Distance: +1.662 |
Epoch [630/1000] | Tau: 0.100 | Loss_C: -1.604 | Loss_P: +0.767 | Full_X_Acc: 88.8% | Loss_Gen: +1.948 | Retain: 4.0% | Mask_X_Acc: 65.6% | Loss_Gen_adv: +2.669 | Loss_Gen_l1: +0.040 | Loss_Gen_p: +0.554 | W_Distance: +1.669 |
Epoch [640/1000] | Tau: 0.100 | Loss_C: -1.609 | Loss_P: +0.762 | Full_X_Acc: 88.7% | Loss_Gen: +1.954 | Retain: 4.0% | Mask_X_Acc: 65.5% | Loss_Gen_adv: +2.685 | Loss_Gen_l1: +0.040 | Loss_Gen_p: +0.552 | W_Distance: +1.675 |
Epoch [650/1000] | Tau: 0.100 | Loss_C: -1.613 | Loss_P: +0.763 | Full_X_Acc: 88.5% | Loss_Gen: +1.966 | Retain: 4.0% | Mask_X_Acc: 65.8% | Loss_Gen_adv: +2.708 | Loss_Gen_l1: +0.040 | Loss_Gen_p: +0.552 | W_Distance: +1.679 |
Epoch [660/1000] | Tau: 0.100 | Loss_C: -1.615 | Loss_P: +0.764 | Full_X_Acc: 88.4% | Loss_Gen: +1.971 | Retain: 4.0% | Mask_X_Acc: 65.6% | Loss_Gen_adv: +2.718 | Loss_Gen_l1: +0.040 | Loss_Gen_p: +0.552 | W_Distance: +1.681 |
Epoch [670/1000] | Tau: 0.100 | Loss_C: -1.621 | Loss_P: +0.760 | Full_X_Acc: 88.6% | Loss_Gen: +1.977 | Retain: 4.0% | Mask_X_Acc: 65.7% | Loss_Gen_adv: +2.732 | Loss_Gen_l1: +0.040 | Loss_Gen_p: +0.551 | W_Distance: +1.688 |
Epoch [680/1000] | Tau: 0.100 | Loss_C: -1.624 | Loss_P: +0.759 | Full_X_Acc: 89.1% | Loss_Gen: +1.987 | Retain: 4.0% | Mask_X_Acc: 65.6% | Loss_Gen_adv: +2.753 | Loss_Gen_l1: +0.040 | Loss_Gen_p: +0.551 | W_Distance: +1.690 |
Epoch [690/1000] | Tau: 0.100 | Loss_C: -1.626 | Loss_P: +0.760 | Full_X_Acc: 89.1% | Loss_Gen: +1.997 | Retain: 4.0% | Mask_X_Acc: 65.7% | Loss_Gen_adv: +2.771 | Loss_Gen_l1: +0.040 | Loss_Gen_p: +0.552 | W_Distance: +1.693 |
Epoch [700/1000] | Tau: 0.100 | Loss_C: -1.629 | Loss_P: +0.757 | Full_X_Acc: 89.1% | Loss_Gen: +2.007 | Retain: 4.0% | Mask_X_Acc: 65.5% | Loss_Gen_adv: +2.790 | Loss_Gen_l1: +0.040 | Loss_Gen_p: +0.552 | W_Distance: +1.697 |
Epoch [710/1000] | Tau: 0.100 | Loss_C: -1.629 | Loss_P: +0.760 | Full_X_Acc: 88.8% | Loss_Gen: +2.012 | Retain: 4.0% | Mask_X_Acc: 65.8% | Loss_Gen_adv: +2.804 | Loss_Gen_l1: +0.040 | Loss_Gen_p: +0.550 | W_Distance: +1.696 |
Epoch [720/1000] | Tau: 0.100 | Loss_C: -1.636 | Loss_P: +0.759 | Full_X_Acc: 88.9% | Loss_Gen: +2.022 | Retain: 4.0% | Mask_X_Acc: 65.5% | Loss_Gen_adv: +2.820 | Loss_Gen_l1: +0.040 | Loss_Gen_p: +0.553 | W_Distance: +1.703 |
Epoch [730/1000] | Tau: 0.100 | Loss_C: -1.642 | Loss_P: +0.754 | Full_X_Acc: 89.2% | Loss_Gen: +2.030 | Retain: 4.0% | Mask_X_Acc: 65.7% | Loss_Gen_adv: +2.835 | Loss_Gen_l1: +0.040 | Loss_Gen_p: +0.553 | W_Distance: +1.711 |
Epoch [740/1000] | Tau: 0.100 | Loss_C: -1.645 | Loss_P: +0.757 | Full_X_Acc: 89.1% | Loss_Gen: +2.032 | Retain: 4.0% | Mask_X_Acc: 65.7% | Loss_Gen_adv: +2.844 | Loss_Gen_l1: +0.040 | Loss_Gen_p: +0.551 | W_Distance: +1.713 |
Epoch [750/1000] | Tau: 0.100 | Loss_C: -1.646 | Loss_P: +0.757 | Full_X_Acc: 89.0% | Loss_Gen: +2.042 | Retain: 4.0% | Mask_X_Acc: 65.6% | Loss_Gen_adv: +2.862 | Loss_Gen_l1: +0.040 | Loss_Gen_p: +0.552 | W_Distance: +1.715 |
Epoch [760/1000] | Tau: 0.100 | Loss_C: -1.647 | Loss_P: +0.759 | Full_X_Acc: 89.1% | Loss_Gen: +2.049 | Retain: 4.0% | Mask_X_Acc: 65.6% | Loss_Gen_adv: +2.876 | Loss_Gen_l1: +0.040 | Loss_Gen_p: +0.552 | W_Distance: +1.716 |
Epoch [770/1000] | Tau: 0.100 | Loss_C: -1.652 | Loss_P: +0.753 | Full_X_Acc: 89.2% | Loss_Gen: +2.057 | Retain: 4.0% | Mask_X_Acc: 65.7% | Loss_Gen_adv: +2.890 | Loss_Gen_l1: +0.040 | Loss_Gen_p: +0.552 | W_Distance: +1.721 |
Epoch [780/1000] | Tau: 0.100 | Loss_C: -1.656 | Loss_P: +0.753 | Full_X_Acc: 89.2% | Loss_Gen: +2.061 | Retain: 4.0% | Mask_X_Acc: 65.7% | Loss_Gen_adv: +2.898 | Loss_Gen_l1: +0.040 | Loss_Gen_p: +0.553 | W_Distance: +1.725 |
Epoch [790/1000] | Tau: 0.100 | Loss_C: -1.662 | Loss_P: +0.750 | Full_X_Acc: 89.3% | Loss_Gen: +2.069 | Retain: 4.0% | Mask_X_Acc: 65.6% | Loss_Gen_adv: +2.911 | Loss_Gen_l1: +0.040 | Loss_Gen_p: +0.554 | W_Distance: +1.732 |
Epoch [800/1000] | Tau: 0.100 | Loss_C: -1.661 | Loss_P: +0.750 | Full_X_Acc: 89.3% | Loss_Gen: +2.073 | Retain: 4.0% | Mask_X_Acc: 65.6% | Loss_Gen_adv: +2.927 | Loss_Gen_l1: +0.040 | Loss_Gen_p: +0.550 | W_Distance: +1.732 |
Epoch [810/1000] | Tau: 0.100 | Loss_C: -1.662 | Loss_P: +0.750 | Full_X_Acc: 89.3% | Loss_Gen: +2.077 | Retain: 4.0% | Mask_X_Acc: 65.6% | Loss_Gen_adv: +2.935 | Loss_Gen_l1: +0.040 | Loss_Gen_p: +0.550 | W_Distance: +1.732 |
Epoch [820/1000] | Tau: 0.100 | Loss_C: -1.664 | Loss_P: +0.751 | Full_X_Acc: 89.4% | Loss_Gen: +2.082 | Retain: 4.0% | Mask_X_Acc: 65.4% | Loss_Gen_adv: +2.942 | Loss_Gen_l1: +0.040 | Loss_Gen_p: +0.552 | W_Distance: +1.734 |
Epoch [830/1000] | Tau: 0.100 | Loss_C: -1.667 | Loss_P: +0.749 | Full_X_Acc: 89.4% | Loss_Gen: +2.088 | Retain: 4.0% | Mask_X_Acc: 65.5% | Loss_Gen_adv: +2.953 | Loss_Gen_l1: +0.040 | Loss_Gen_p: +0.552 | W_Distance: +1.737 |
Epoch [840/1000] | Tau: 0.100 | Loss_C: -1.671 | Loss_P: +0.750 | Full_X_Acc: 89.6% | Loss_Gen: +2.095 | Retain: 4.0% | Mask_X_Acc: 65.5% | Loss_Gen_adv: +2.968 | Loss_Gen_l1: +0.040 | Loss_Gen_p: +0.552 | W_Distance: +1.742 |
Epoch [850/1000] | Tau: 0.100 | Loss_C: -1.675 | Loss_P: +0.745 | Full_X_Acc: 89.4% | Loss_Gen: +2.102 | Retain: 4.0% | Mask_X_Acc: 65.8% | Loss_Gen_adv: +2.977 | Loss_Gen_l1: +0.040 | Loss_Gen_p: +0.554 | W_Distance: +1.746 |
Epoch [860/1000] | Tau: 0.100 | Loss_C: -1.676 | Loss_P: +0.742 | Full_X_Acc: 89.5% | Loss_Gen: +2.102 | Retain: 4.0% | Mask_X_Acc: 65.6% | Loss_Gen_adv: +2.981 | Loss_Gen_l1: +0.040 | Loss_Gen_p: +0.552 | W_Distance: +1.748 |
Epoch [870/1000] | Tau: 0.100 | Loss_C: -1.676 | Loss_P: +0.746 | Full_X_Acc: 89.3% | Loss_Gen: +2.107 | Retain: 4.0% | Mask_X_Acc: 65.5% | Loss_Gen_adv: +2.993 | Loss_Gen_l1: +0.040 | Loss_Gen_p: +0.551 | W_Distance: +1.747 |
Epoch [880/1000] | Tau: 0.100 | Loss_C: -1.679 | Loss_P: +0.747 | Full_X_Acc: 89.5% | Loss_Gen: +2.113 | Retain: 4.0% | Mask_X_Acc: 65.7% | Loss_Gen_adv: +3.005 | Loss_Gen_l1: +0.040 | Loss_Gen_p: +0.551 | W_Distance: +1.751 |
Epoch [890/1000] | Tau: 0.100 | Loss_C: -1.681 | Loss_P: +0.740 | Full_X_Acc: 89.6% | Loss_Gen: +2.116 | Retain: 4.0% | Mask_X_Acc: 65.5% | Loss_Gen_adv: +3.012 | Loss_Gen_l1: +0.040 | Loss_Gen_p: +0.550 | W_Distance: +1.753 |
Epoch [900/1000] | Tau: 0.100 | Loss_C: -1.681 | Loss_P: +0.745 | Full_X_Acc: 89.5% | Loss_Gen: +2.120 | Retain: 4.0% | Mask_X_Acc: 65.9% | Loss_Gen_adv: +3.020 | Loss_Gen_l1: +0.040 | Loss_Gen_p: +0.551 | W_Distance: +1.753 |
Epoch [910/1000] | Tau: 0.100 | Loss_C: -1.683 | Loss_P: +0.741 | Full_X_Acc: 89.6% | Loss_Gen: +2.123 | Retain: 4.0% | Mask_X_Acc: 65.7% | Loss_Gen_adv: +3.025 | Loss_Gen_l1: +0.040 | Loss_Gen_p: +0.551 | W_Distance: +1.755 |
Epoch [920/1000] | Tau: 0.100 | Loss_C: -1.681 | Loss_P: +0.746 | Full_X_Acc: 89.6% | Loss_Gen: +2.128 | Retain: 4.0% | Mask_X_Acc: 65.5% | Loss_Gen_adv: +3.033 | Loss_Gen_l1: +0.040 | Loss_Gen_p: +0.552 | W_Distance: +1.753 |
Epoch [930/1000] | Tau: 0.100 | Loss_C: -1.684 | Loss_P: +0.746 | Full_X_Acc: 89.5% | Loss_Gen: +2.133 | Retain: 4.0% | Mask_X_Acc: 65.6% | Loss_Gen_adv: +3.042 | Loss_Gen_l1: +0.040 | Loss_Gen_p: +0.552 | W_Distance: +1.756 |
Epoch [940/1000] | Tau: 0.100 | Loss_C: -1.687 | Loss_P: +0.740 | Full_X_Acc: 89.8% | Loss_Gen: +2.137 | Retain: 4.0% | Mask_X_Acc: 65.6% | Loss_Gen_adv: +3.050 | Loss_Gen_l1: +0.040 | Loss_Gen_p: +0.553 | W_Distance: +1.760 |
Epoch [950/1000] | Tau: 0.100 | Loss_C: -1.687 | Loss_P: +0.741 | Full_X_Acc: 89.7% | Loss_Gen: +2.138 | Retain: 4.0% | Mask_X_Acc: 65.4% | Loss_Gen_adv: +3.055 | Loss_Gen_l1: +0.040 | Loss_Gen_p: +0.551 | W_Distance: +1.760 |
Epoch [960/1000] | Tau: 0.100 | Loss_C: -1.690 | Loss_P: +0.742 | Full_X_Acc: 89.8% | Loss_Gen: +2.140 | Retain: 4.0% | Mask_X_Acc: 65.7% | Loss_Gen_adv: +3.061 | Loss_Gen_l1: +0.040 | Loss_Gen_p: +0.550 | W_Distance: +1.763 |
Epoch [970/1000] | Tau: 0.100 | Loss_C: -1.689 | Loss_P: +0.741 | Full_X_Acc: 89.6% | Loss_Gen: +2.150 | Retain: 4.0% | Mask_X_Acc: 65.5% | Loss_Gen_adv: +3.075 | Loss_Gen_l1: +0.040 | Loss_Gen_p: +0.553 | W_Distance: +1.761 |
Epoch [980/1000] | Tau: 0.100 | Loss_C: -1.693 | Loss_P: +0.740 | Full_X_Acc: 90.0% | Loss_Gen: +2.156 | Retain: 4.0% | Mask_X_Acc: 65.6% | Loss_Gen_adv: +3.092 | Loss_Gen_l1: +0.040 | Loss_Gen_p: +0.551 | W_Distance: +1.766 |
Epoch [990/1000] | Tau: 0.100 | Loss_C: -1.696 | Loss_P: +0.741 | Full_X_Acc: 89.8% | Loss_Gen: +2.168 | Retain: 4.0% | Mask_X_Acc: 65.7% | Loss_Gen_adv: +3.115 | Loss_Gen_l1: +0.040 | Loss_Gen_p: +0.551 | W_Distance: +1.768 |
Epoch [1000/1000] | Tau: 0.100 | Loss_C: -1.698 | Loss_P: +0.736 | Full_X_Acc: 89.8% | Loss_Gen: +2.184 | Retain: 4.0% | Mask_X_Acc: 65.4% | Loss_Gen_adv: +3.144 | Loss_Gen_l1: +0.040 | Loss_Gen_p: +0.552 | W_Distance: +1.770 |
[Export] 训练历史已保存至 'output/run_20260717_212511/history.npz'

[System] 开始在测试集上进行推理评估...
==================================================
🎯 测试集推理报告 (Shared Architecture)
==================================================
• 测试集准确率:     65.10%
• TPR (召回率):     56.91%
• FDR (误发现率):   36.33%
• 平均保留特征数量: 4.0 / 100
• 整体保留率:       3.95%
--------------------------------------------------
🧩 Top 12 最常被选中的特征
--------------------------------------------------
Top 01: 特征 Index 010 | 被选次数: 3995 次 ( 99.9%) | ★ [真实关联]
Top 02: 特征 Index 006 | 被选次数: 3994 次 ( 99.8%) | ★ [真实关联]
Top 03: 特征 Index 009 | 被选次数: 3986 次 ( 99.7%) | ★ [真实关联]
Top 04: 特征 Index 008 | 被选次数: 3834 次 ( 95.9%) | ★ [真实关联]
Top 05: 特征 Index 095 | 被选次数:    0 次 (  0.0%) |   [纯噪声]
Top 06: 特征 Index 094 | 被选次数:    0 次 (  0.0%) |   [纯噪声]
Top 07: 特征 Index 093 | 被选次数:    0 次 (  0.0%) |   [纯噪声]
Top 08: 特征 Index 092 | 被选次数:    0 次 (  0.0%) |   [纯噪声]
Top 09: 特征 Index 091 | 被选次数:    0 次 (  0.0%) |   [纯噪声]
Top 10: 特征 Index 090 | 被选次数:    0 次 (  0.0%) |   [纯噪声]
Top 11: 特征 Index 089 | 被选次数:    0 次 (  0.0%) |   [纯噪声]
Top 12: 特征 Index 088 | 被选次数:    0 次 (  0.0%) |   [纯噪声]
==================================================
[Export] 测试集数组已保存至 'output/run_20260717_212511/test_arrays.npz'
[Export] 特征索引已保存至 'output/run_20260717_212511/selected_feature_indices.npy'
[Export] 模型权重已保存至 'output/run_20260717_212511/generator_model.pth'

[Visualization] 运行双视角 t-SNE 降维 (样本数: 4000)...
[Visualization] 降维: 原始掩码特征 (Before Ext)...
[Visualization] 降维: 隐空间特征 (After Ext)...
[Visualization] 对比 t-SNE 已保存至: 'output/run_20260717_212511/fig3_tsne_comparison.png'

