[系统] 输出目录：output\run_20260909_172930_861531
[系统] 计算设备：cuda

[训练] 开始训练 ALTAS 模型
C:\Users\caoyi\miniconda3\envs\ml\Lib\site-packages\torch\autograd\graph.py:824: UserWarning: Attempting to run cuBLAS, but there was no current CUDA context! Attempting to set the primary context... (Triggered internally at C:\actions-runner\_work\pytorch\pytorch\pytorch\aten\src\ATen\cuda\CublasHandlePool.cpp:181.)
  return Variable._execution_engine.run_backward(  # Calls into the C++ engine to run the backward pass
Epoch [0010/1000] | Temp: 0.951 | Critic: +0.062 | Predictor: +0.976 | Full acc: 65.4% | Generator: +0.937 | Retain: 47.1% | Masked acc: 57.6% | W-distance: -0.002
Epoch [0020/1000] | Temp: 0.905 | Critic: +0.054 | Predictor: +0.950 | Full acc: 67.2% | Generator: +0.944 | Retain: 43.6% | Masked acc: 57.9% | W-distance: -0.003
Epoch [0030/1000] | Temp: 0.860 | Critic: +0.054 | Predictor: +0.928 | Full acc: 68.2% | Generator: +0.939 | Retain: 38.9% | Masked acc: 59.3% | W-distance: -0.005
Epoch [0040/1000] | Temp: 0.818 | Critic: +0.070 | Predictor: +0.907 | Full acc: 69.0% | Generator: +0.886 | Retain: 33.1% | Masked acc: 59.6% | W-distance: -0.006
Epoch [0050/1000] | Temp: 0.778 | Critic: +0.100 | Predictor: +0.893 | Full acc: 70.0% | Generator: +0.839 | Retain: 26.9% | Masked acc: 61.2% | W-distance: -0.006
Epoch [0060/1000] | Temp: 0.740 | Critic: +0.104 | Predictor: +0.876 | Full acc: 71.0% | Generator: +0.833 | Retain: 21.4% | Masked acc: 61.7% | W-distance: -0.004
Epoch [0070/1000] | Temp: 0.704 | Critic: +0.072 | Predictor: +0.856 | Full acc: 72.0% | Generator: +0.826 | Retain: 17.1% | Masked acc: 63.2% | W-distance: -0.002
Epoch [0080/1000] | Temp: 0.670 | Critic: +0.048 | Predictor: +0.841 | Full acc: 72.7% | Generator: +0.797 | Retain: 13.9% | Masked acc: 63.6% | W-distance: +0.000
Epoch [0090/1000] | Temp: 0.637 | Critic: +0.032 | Predictor: +0.830 | Full acc: 73.5% | Generator: +0.798 | Retain: 11.5% | Masked acc: 63.1% | W-distance: +0.002
Epoch [0100/1000] | Temp: 0.606 | Critic: +0.022 | Predictor: +0.816 | Full acc: 74.4% | Generator: +0.801 | Retain: 9.9% | Masked acc: 63.6% | W-distance: +0.004
Epoch [0110/1000] | Temp: 0.576 | Critic: +0.012 | Predictor: +0.807 | Full acc: 75.1% | Generator: +0.785 | Retain: 8.8% | Masked acc: 63.6% | W-distance: +0.006
Epoch [0120/1000] | Temp: 0.548 | Critic: +0.007 | Predictor: +0.795 | Full acc: 76.5% | Generator: +0.743 | Retain: 8.0% | Masked acc: 63.0% | W-distance: +0.008
Epoch [0130/1000] | Temp: 0.521 | Critic: +0.003 | Predictor: +0.787 | Full acc: 77.4% | Generator: +0.722 | Retain: 7.4% | Masked acc: 64.0% | W-distance: +0.009
Epoch [0140/1000] | Temp: 0.496 | Critic: +0.003 | Predictor: +0.777 | Full acc: 78.0% | Generator: +0.705 | Retain: 7.0% | Masked acc: 63.8% | W-distance: +0.009
Epoch [0150/1000] | Temp: 0.471 | Critic: +0.001 | Predictor: +0.771 | Full acc: 78.8% | Generator: +0.684 | Retain: 6.7% | Masked acc: 63.4% | W-distance: +0.011
Epoch [0160/1000] | Temp: 0.448 | Critic: -0.001 | Predictor: +0.763 | Full acc: 79.7% | Generator: +0.669 | Retain: 6.5% | Masked acc: 64.1% | W-distance: +0.012
Epoch [0170/1000] | Temp: 0.427 | Critic: -0.003 | Predictor: +0.757 | Full acc: 80.4% | Generator: +0.672 | Retain: 6.4% | Masked acc: 63.3% | W-distance: +0.013
Epoch [0180/1000] | Temp: 0.406 | Critic: -0.005 | Predictor: +0.748 | Full acc: 81.3% | Generator: +0.655 | Retain: 6.4% | Masked acc: 63.8% | W-distance: +0.014
Epoch [0190/1000] | Temp: 0.386 | Critic: -0.007 | Predictor: +0.743 | Full acc: 81.3% | Generator: +0.645 | Retain: 6.4% | Masked acc: 63.8% | W-distance: +0.015
Epoch [0200/1000] | Temp: 0.367 | Critic: -0.008 | Predictor: +0.737 | Full acc: 81.9% | Generator: +0.639 | Retain: 6.4% | Masked acc: 63.8% | W-distance: +0.016
Epoch [0210/1000] | Temp: 0.349 | Critic: -0.010 | Predictor: +0.730 | Full acc: 82.5% | Generator: +0.626 | Retain: 6.5% | Masked acc: 64.8% | W-distance: +0.018
Epoch [0220/1000] | Temp: 0.332 | Critic: -0.010 | Predictor: +0.724 | Full acc: 82.9% | Generator: +0.596 | Retain: 6.6% | Masked acc: 64.6% | W-distance: +0.017
Epoch [0230/1000] | Temp: 0.316 | Critic: -0.013 | Predictor: +0.724 | Full acc: 83.5% | Generator: +0.577 | Retain: 6.7% | Masked acc: 64.8% | W-distance: +0.020
Epoch [0240/1000] | Temp: 0.300 | Critic: -0.013 | Predictor: +0.711 | Full acc: 83.7% | Generator: +0.560 | Retain: 6.9% | Masked acc: 65.4% | W-distance: +0.021
Epoch [0250/1000] | Temp: 0.286 | Critic: -0.015 | Predictor: +0.706 | Full acc: 84.2% | Generator: +0.561 | Retain: 7.1% | Masked acc: 65.8% | W-distance: +0.021
Epoch [0260/1000] | Temp: 0.272 | Critic: -0.015 | Predictor: +0.702 | Full acc: 84.7% | Generator: +0.535 | Retain: 7.3% | Masked acc: 66.2% | W-distance: +0.021
Epoch [0270/1000] | Temp: 0.258 | Critic: -0.015 | Predictor: +0.691 | Full acc: 85.0% | Generator: +0.505 | Retain: 7.5% | Masked acc: 66.5% | W-distance: +0.022
Epoch [0280/1000] | Temp: 0.246 | Critic: -0.017 | Predictor: +0.678 | Full acc: 85.6% | Generator: +0.490 | Retain: 7.6% | Masked acc: 68.1% | W-distance: +0.023
Epoch [0290/1000] | Temp: 0.234 | Critic: -0.018 | Predictor: +0.675 | Full acc: 85.7% | Generator: +0.450 | Retain: 7.8% | Masked acc: 67.6% | W-distance: +0.023
Epoch [0300/1000] | Temp: 0.222 | Critic: -0.018 | Predictor: +0.672 | Full acc: 85.9% | Generator: +0.427 | Retain: 7.9% | Masked acc: 68.4% | W-distance: +0.023
Epoch [0310/1000] | Temp: 0.211 | Critic: -0.020 | Predictor: +0.660 | Full acc: 86.5% | Generator: +0.428 | Retain: 8.0% | Masked acc: 69.0% | W-distance: +0.025
Epoch [0320/1000] | Temp: 0.201 | Critic: -0.020 | Predictor: +0.648 | Full acc: 86.7% | Generator: +0.415 | Retain: 8.2% | Masked acc: 69.6% | W-distance: +0.025
Epoch [0330/1000] | Temp: 0.191 | Critic: -0.020 | Predictor: +0.641 | Full acc: 87.2% | Generator: +0.401 | Retain: 8.2% | Masked acc: 70.6% | W-distance: +0.025
Epoch [0340/1000] | Temp: 0.182 | Critic: -0.019 | Predictor: +0.635 | Full acc: 87.3% | Generator: +0.384 | Retain: 8.3% | Masked acc: 71.1% | W-distance: +0.025
Epoch [0350/1000] | Temp: 0.173 | Critic: -0.021 | Predictor: +0.629 | Full acc: 87.5% | Generator: +0.377 | Retain: 8.4% | Masked acc: 71.6% | W-distance: +0.026
Epoch [0360/1000] | Temp: 0.165 | Critic: -0.021 | Predictor: +0.619 | Full acc: 87.5% | Generator: +0.361 | Retain: 8.4% | Masked acc: 72.0% | W-distance: +0.025
Epoch [0370/1000] | Temp: 0.157 | Critic: -0.022 | Predictor: +0.616 | Full acc: 88.0% | Generator: +0.352 | Retain: 8.4% | Masked acc: 71.8% | W-distance: +0.027
Epoch [0380/1000] | Temp: 0.149 | Critic: -0.023 | Predictor: +0.614 | Full acc: 87.9% | Generator: +0.363 | Retain: 8.4% | Masked acc: 72.9% | W-distance: +0.027
Epoch [0390/1000] | Temp: 0.142 | Critic: -0.021 | Predictor: +0.606 | Full acc: 88.5% | Generator: +0.334 | Retain: 8.4% | Masked acc: 72.4% | W-distance: +0.025
Epoch [0400/1000] | Temp: 0.135 | Critic: -0.021 | Predictor: +0.598 | Full acc: 88.5% | Generator: +0.346 | Retain: 8.4% | Masked acc: 72.6% | W-distance: +0.025
Epoch [0410/1000] | Temp: 0.128 | Critic: -0.022 | Predictor: +0.596 | Full acc: 89.0% | Generator: +0.330 | Retain: 8.4% | Masked acc: 72.9% | W-distance: +0.026
Epoch [0420/1000] | Temp: 0.122 | Critic: -0.023 | Predictor: +0.593 | Full acc: 88.9% | Generator: +0.326 | Retain: 8.4% | Masked acc: 73.3% | W-distance: +0.027
Epoch [0430/1000] | Temp: 0.116 | Critic: -0.024 | Predictor: +0.589 | Full acc: 89.0% | Generator: +0.320 | Retain: 8.3% | Masked acc: 73.2% | W-distance: +0.028
Epoch [0440/1000] | Temp: 0.110 | Critic: -0.025 | Predictor: +0.584 | Full acc: 89.1% | Generator: +0.311 | Retain: 8.3% | Masked acc: 73.2% | W-distance: +0.029
Epoch [0450/1000] | Temp: 0.105 | Critic: -0.025 | Predictor: +0.578 | Full acc: 89.3% | Generator: +0.319 | Retain: 8.3% | Masked acc: 73.7% | W-distance: +0.028
Epoch [0460/1000] | Temp: 0.100 | Critic: -0.023 | Predictor: +0.578 | Full acc: 89.5% | Generator: +0.309 | Retain: 8.3% | Masked acc: 73.6% | W-distance: +0.027
Epoch [0470/1000] | Temp: 0.100 | Critic: -0.024 | Predictor: +0.574 | Full acc: 89.3% | Generator: +0.304 | Retain: 8.3% | Masked acc: 74.2% | W-distance: +0.028
Epoch [0480/1000] | Temp: 0.100 | Critic: -0.024 | Predictor: +0.574 | Full acc: 89.6% | Generator: +0.294 | Retain: 8.3% | Masked acc: 74.1% | W-distance: +0.027
Epoch [0490/1000] | Temp: 0.100 | Critic: -0.024 | Predictor: +0.571 | Full acc: 89.8% | Generator: +0.298 | Retain: 8.3% | Masked acc: 74.0% | W-distance: +0.028
Epoch [0500/1000] | Temp: 0.100 | Critic: -0.026 | Predictor: +0.565 | Full acc: 89.8% | Generator: +0.282 | Retain: 8.3% | Masked acc: 73.7% | W-distance: +0.029
Epoch [0510/1000] | Temp: 0.100 | Critic: -0.026 | Predictor: +0.572 | Full acc: 90.0% | Generator: +0.304 | Retain: 8.3% | Masked acc: 73.9% | W-distance: +0.029
Epoch [0520/1000] | Temp: 0.100 | Critic: -0.025 | Predictor: +0.566 | Full acc: 90.0% | Generator: +0.301 | Retain: 8.2% | Masked acc: 73.8% | W-distance: +0.028
Epoch [0530/1000] | Temp: 0.100 | Critic: -0.025 | Predictor: +0.565 | Full acc: 89.9% | Generator: +0.300 | Retain: 8.2% | Masked acc: 74.0% | W-distance: +0.028
Epoch [0540/1000] | Temp: 0.100 | Critic: -0.025 | Predictor: +0.562 | Full acc: 90.4% | Generator: +0.302 | Retain: 8.2% | Masked acc: 73.6% | W-distance: +0.028
Epoch [0550/1000] | Temp: 0.100 | Critic: -0.026 | Predictor: +0.557 | Full acc: 90.4% | Generator: +0.314 | Retain: 8.2% | Masked acc: 74.1% | W-distance: +0.029
Epoch [0560/1000] | Temp: 0.100 | Critic: -0.026 | Predictor: +0.559 | Full acc: 90.3% | Generator: +0.314 | Retain: 8.2% | Masked acc: 74.2% | W-distance: +0.029
Epoch [0570/1000] | Temp: 0.100 | Critic: -0.027 | Predictor: +0.561 | Full acc: 90.4% | Generator: +0.305 | Retain: 8.2% | Masked acc: 74.1% | W-distance: +0.030
Epoch [0580/1000] | Temp: 0.100 | Critic: -0.027 | Predictor: +0.559 | Full acc: 90.7% | Generator: +0.316 | Retain: 8.2% | Masked acc: 74.3% | W-distance: +0.030
Epoch [0590/1000] | Temp: 0.100 | Critic: -0.027 | Predictor: +0.557 | Full acc: 90.6% | Generator: +0.307 | Retain: 8.2% | Masked acc: 73.7% | W-distance: +0.030
Epoch [0600/1000] | Temp: 0.100 | Critic: -0.028 | Predictor: +0.554 | Full acc: 90.5% | Generator: +0.318 | Retain: 8.2% | Masked acc: 73.6% | W-distance: +0.031
Epoch [0610/1000] | Temp: 0.100 | Critic: -0.028 | Predictor: +0.555 | Full acc: 90.7% | Generator: +0.312 | Retain: 8.2% | Masked acc: 74.1% | W-distance: +0.031
Epoch [0620/1000] | Temp: 0.100 | Critic: -0.029 | Predictor: +0.555 | Full acc: 90.7% | Generator: +0.326 | Retain: 8.2% | Masked acc: 74.1% | W-distance: +0.031
Epoch [0630/1000] | Temp: 0.100 | Critic: -0.029 | Predictor: +0.550 | Full acc: 90.9% | Generator: +0.322 | Retain: 8.2% | Masked acc: 73.8% | W-distance: +0.032
Epoch [0640/1000] | Temp: 0.100 | Critic: -0.028 | Predictor: +0.547 | Full acc: 90.8% | Generator: +0.307 | Retain: 8.2% | Masked acc: 73.8% | W-distance: +0.030
Epoch [0650/1000] | Temp: 0.100 | Critic: -0.028 | Predictor: +0.549 | Full acc: 90.9% | Generator: +0.311 | Retain: 8.2% | Masked acc: 73.7% | W-distance: +0.030
Epoch [0660/1000] | Temp: 0.100 | Critic: -0.027 | Predictor: +0.546 | Full acc: 91.1% | Generator: +0.320 | Retain: 8.1% | Masked acc: 74.3% | W-distance: +0.030
Epoch [0670/1000] | Temp: 0.100 | Critic: -0.029 | Predictor: +0.550 | Full acc: 91.1% | Generator: +0.319 | Retain: 8.1% | Masked acc: 74.1% | W-distance: +0.032
Epoch [0680/1000] | Temp: 0.100 | Critic: -0.027 | Predictor: +0.542 | Full acc: 91.3% | Generator: +0.310 | Retain: 8.1% | Masked acc: 74.2% | W-distance: +0.030
Epoch [0690/1000] | Temp: 0.100 | Critic: -0.028 | Predictor: +0.543 | Full acc: 91.3% | Generator: +0.300 | Retain: 8.1% | Masked acc: 74.6% | W-distance: +0.030
Epoch [0700/1000] | Temp: 0.100 | Critic: -0.029 | Predictor: +0.542 | Full acc: 91.2% | Generator: +0.320 | Retain: 8.1% | Masked acc: 74.3% | W-distance: +0.031
Epoch [0710/1000] | Temp: 0.100 | Critic: -0.029 | Predictor: +0.540 | Full acc: 91.3% | Generator: +0.321 | Retain: 8.1% | Masked acc: 74.2% | W-distance: +0.032
Epoch [0720/1000] | Temp: 0.100 | Critic: -0.029 | Predictor: +0.539 | Full acc: 91.6% | Generator: +0.321 | Retain: 8.1% | Masked acc: 74.8% | W-distance: +0.031
Epoch [0730/1000] | Temp: 0.100 | Critic: -0.030 | Predictor: +0.542 | Full acc: 91.7% | Generator: +0.301 | Retain: 8.1% | Masked acc: 74.1% | W-distance: +0.033
Epoch [0740/1000] | Temp: 0.100 | Critic: -0.030 | Predictor: +0.539 | Full acc: 91.6% | Generator: +0.315 | Retain: 8.1% | Masked acc: 74.1% | W-distance: +0.033
Epoch [0750/1000] | Temp: 0.100 | Critic: -0.031 | Predictor: +0.534 | Full acc: 91.3% | Generator: +0.314 | Retain: 8.1% | Masked acc: 74.4% | W-distance: +0.033
Epoch [0760/1000] | Temp: 0.100 | Critic: -0.030 | Predictor: +0.538 | Full acc: 91.7% | Generator: +0.322 | Retain: 8.1% | Masked acc: 74.0% | W-distance: +0.032
Epoch [0770/1000] | Temp: 0.100 | Critic: -0.028 | Predictor: +0.537 | Full acc: 91.9% | Generator: +0.298 | Retain: 8.1% | Masked acc: 74.5% | W-distance: +0.030
Epoch [0780/1000] | Temp: 0.100 | Critic: -0.030 | Predictor: +0.532 | Full acc: 91.9% | Generator: +0.308 | Retain: 8.1% | Masked acc: 74.0% | W-distance: +0.032
Epoch [0790/1000] | Temp: 0.100 | Critic: -0.033 | Predictor: +0.537 | Full acc: 92.0% | Generator: +0.309 | Retain: 8.1% | Masked acc: 74.3% | W-distance: +0.035
Epoch [0800/1000] | Temp: 0.100 | Critic: -0.030 | Predictor: +0.534 | Full acc: 92.0% | Generator: +0.310 | Retain: 8.1% | Masked acc: 74.2% | W-distance: +0.032
Epoch [0810/1000] | Temp: 0.100 | Critic: -0.026 | Predictor: +0.531 | Full acc: 92.0% | Generator: +0.307 | Retain: 8.1% | Masked acc: 74.4% | W-distance: +0.028
Epoch [0820/1000] | Temp: 0.100 | Critic: -0.030 | Predictor: +0.532 | Full acc: 92.3% | Generator: +0.310 | Retain: 8.1% | Masked acc: 74.2% | W-distance: +0.033
Epoch [0830/1000] | Temp: 0.100 | Critic: -0.030 | Predictor: +0.532 | Full acc: 92.1% | Generator: +0.311 | Retain: 8.1% | Masked acc: 74.4% | W-distance: +0.032
Epoch [0840/1000] | Temp: 0.100 | Critic: -0.029 | Predictor: +0.528 | Full acc: 92.1% | Generator: +0.320 | Retain: 8.1% | Masked acc: 74.3% | W-distance: +0.031
Epoch [0850/1000] | Temp: 0.100 | Critic: -0.031 | Predictor: +0.527 | Full acc: 92.4% | Generator: +0.330 | Retain: 8.1% | Masked acc: 74.2% | W-distance: +0.033
Epoch [0860/1000] | Temp: 0.100 | Critic: -0.030 | Predictor: +0.530 | Full acc: 92.4% | Generator: +0.329 | Retain: 8.1% | Masked acc: 74.3% | W-distance: +0.032
Epoch [0870/1000] | Temp: 0.100 | Critic: -0.029 | Predictor: +0.528 | Full acc: 92.3% | Generator: +0.326 | Retain: 8.1% | Masked acc: 74.1% | W-distance: +0.031
Epoch [0880/1000] | Temp: 0.100 | Critic: -0.029 | Predictor: +0.525 | Full acc: 92.4% | Generator: +0.328 | Retain: 8.1% | Masked acc: 74.2% | W-distance: +0.031
Epoch [0890/1000] | Temp: 0.100 | Critic: -0.030 | Predictor: +0.526 | Full acc: 92.5% | Generator: +0.331 | Retain: 8.1% | Masked acc: 74.9% | W-distance: +0.032
Epoch [0900/1000] | Temp: 0.100 | Critic: -0.029 | Predictor: +0.528 | Full acc: 92.6% | Generator: +0.337 | Retain: 8.1% | Masked acc: 74.4% | W-distance: +0.031
Epoch [0910/1000] | Temp: 0.100 | Critic: -0.029 | Predictor: +0.518 | Full acc: 92.6% | Generator: +0.319 | Retain: 8.1% | Masked acc: 74.1% | W-distance: +0.031
Epoch [0920/1000] | Temp: 0.100 | Critic: -0.031 | Predictor: +0.521 | Full acc: 92.5% | Generator: +0.322 | Retain: 8.1% | Masked acc: 74.5% | W-distance: +0.033
Epoch [0930/1000] | Temp: 0.100 | Critic: -0.030 | Predictor: +0.518 | Full acc: 92.7% | Generator: +0.348 | Retain: 8.1% | Masked acc: 74.7% | W-distance: +0.032
Epoch [0940/1000] | Temp: 0.100 | Critic: -0.030 | Predictor: +0.524 | Full acc: 92.9% | Generator: +0.337 | Retain: 8.1% | Masked acc: 74.8% | W-distance: +0.032
Epoch [0950/1000] | Temp: 0.100 | Critic: -0.031 | Predictor: +0.518 | Full acc: 92.8% | Generator: +0.343 | Retain: 8.0% | Masked acc: 74.5% | W-distance: +0.033
Epoch [0960/1000] | Temp: 0.100 | Critic: -0.030 | Predictor: +0.523 | Full acc: 92.8% | Generator: +0.355 | Retain: 8.0% | Masked acc: 74.7% | W-distance: +0.032
Epoch [0970/1000] | Temp: 0.100 | Critic: -0.030 | Predictor: +0.519 | Full acc: 92.7% | Generator: +0.349 | Retain: 8.0% | Masked acc: 74.5% | W-distance: +0.032
Epoch [0980/1000] | Temp: 0.100 | Critic: -0.031 | Predictor: +0.523 | Full acc: 92.7% | Generator: +0.358 | Retain: 8.0% | Masked acc: 74.5% | W-distance: +0.033
Epoch [0990/1000] | Temp: 0.100 | Critic: -0.029 | Predictor: +0.519 | Full acc: 92.9% | Generator: +0.351 | Retain: 8.0% | Masked acc: 74.4% | W-distance: +0.031
Epoch [1000/1000] | Temp: 0.100 | Critic: -0.031 | Predictor: +0.520 | Full acc: 92.9% | Generator: +0.372 | Retain: 8.0% | Masked acc: 74.4% | W-distance: +0.033
[导出] 训练结果已保存至 output\run_20260909_172930_861531

[评估] 开始测试集推理
================================================================
测试集评估与特征选择报告
================================================================
分类准确率：        72.62%
真正率（TPR）：     90.19%
错误发现率（FDR）： 43.95%
平均保留特征数：    8.1 / 100
----------------------------------------------------------------
选择频率最高的 27 个特征
----------------------------------------------------------------
Top 01: feature_009 | 选择 4000 次 (100.0%) | 真实相关
Top 02: feature_010 | 选择 4000 次 (100.0%) | 真实相关
Top 03: feature_006 | 选择 4000 次 (100.0%) | 真实相关
Top 04: feature_008 | 选择 3999 次 (100.0%) | 真实相关
Top 05: feature_004 | 选择 3998 次 ( 99.9%) | 真实相关
Top 06: feature_003 | 选择 3995 次 ( 99.9%) | 真实相关
Top 07: feature_005 | 选择 3994 次 ( 99.8%) | 真实相关
Top 08: feature_002 | 选择 3992 次 ( 99.8%) | 真实相关
Top 09: feature_007 | 选择   49 次 (  1.2%) | 真实相关
Top 10: feature_040 | 选择   30 次 (  0.8%) | 噪声特征
Top 11: feature_065 | 选择   22 次 (  0.6%) | 噪声特征
Top 12: feature_053 | 选择   15 次 (  0.4%) | 噪声特征
Top 13: feature_036 | 选择   10 次 (  0.2%) | 噪声特征
Top 14: feature_018 | 选择    9 次 (  0.2%) | 噪声特征
Top 15: feature_063 | 选择    6 次 (  0.2%) | 噪声特征
Top 16: feature_056 | 选择    6 次 (  0.2%) | 噪声特征
Top 17: feature_064 | 选择    6 次 (  0.2%) | 噪声特征
Top 18: feature_016 | 选择    5 次 (  0.1%) | 噪声特征
Top 19: feature_031 | 选择    5 次 (  0.1%) | 噪声特征
Top 20: feature_054 | 选择    4 次 (  0.1%) | 噪声特征
Top 21: feature_014 | 选择    4 次 (  0.1%) | 噪声特征
Top 22: feature_013 | 选择    4 次 (  0.1%) | 噪声特征
Top 23: feature_096 | 选择    4 次 (  0.1%) | 噪声特征
Top 24: feature_077 | 选择    4 次 (  0.1%) | 噪声特征
Top 25: feature_073 | 选择    3 次 (  0.1%) | 噪声特征
Top 26: feature_090 | 选择    3 次 (  0.1%) | 噪声特征
Top 27: feature_022 | 选择    3 次 (  0.1%) | 噪声特征
================================================================
[导出] 评估结果和模型权重已保存至 output\run_20260909_172930_861531
