[System] Run dir: output/run_20260718_000327
[System] 正在使用 cuda 进行计算...

[System] 开始训练多任务共享特征架构...
Epoch [010/1000] | Tau: 0.951 | Loss_C: +0.091 | Loss_P: +1.326 | Full_X_Acc: 64.2% | Loss_Gen: +1.481 | Retain: 45.6% | Mask_X_Acc: 56.2% | Loss_Gen_adv: +0.233 | Loss_Gen_l1: +0.456 | Loss_Gen_p: +0.681 | W_Distance: -0.002 |
Epoch [020/1000] | Tau: 0.905 | Loss_C: +0.081 | Loss_P: +1.303 | Full_X_Acc: 65.8% | Loss_Gen: +1.380 | Retain: 39.0% | Mask_X_Acc: 56.8% | Loss_Gen_adv: +0.225 | Loss_Gen_l1: +0.390 | Loss_Gen_p: +0.682 | W_Distance: -0.001 |
Epoch [030/1000] | Tau: 0.860 | Loss_C: +0.075 | Loss_P: +1.290 | Full_X_Acc: 66.7% | Loss_Gen: +1.232 | Retain: 29.5% | Mask_X_Acc: 57.4% | Loss_Gen_adv: +0.201 | Loss_Gen_l1: +0.295 | Loss_Gen_p: +0.689 | W_Distance: -0.002 |
Epoch [040/1000] | Tau: 0.818 | Loss_C: +0.070 | Loss_P: +1.280 | Full_X_Acc: 66.9% | Loss_Gen: +1.059 | Retain: 18.8% | Mask_X_Acc: 58.8% | Loss_Gen_adv: +0.174 | Loss_Gen_l1: +0.188 | Loss_Gen_p: +0.690 | W_Distance: +0.000 |
Epoch [050/1000] | Tau: 0.778 | Loss_C: +0.070 | Loss_P: +1.273 | Full_X_Acc: 67.4% | Loss_Gen: +0.916 | Retain: 10.0% | Mask_X_Acc: 58.4% | Loss_Gen_adv: +0.160 | Loss_Gen_l1: +0.100 | Loss_Gen_p: +0.686 | W_Distance: -0.002 |
Epoch [060/1000] | Tau: 0.740 | Loss_C: +0.068 | Loss_P: +1.263 | Full_X_Acc: 67.9% | Loss_Gen: +0.828 | Retain: 5.0% | Mask_X_Acc: 58.7% | Loss_Gen_adv: +0.148 | Loss_Gen_l1: +0.050 | Loss_Gen_p: +0.679 | W_Distance: -0.001 |
Epoch [070/1000] | Tau: 0.704 | Loss_C: +0.074 | Loss_P: +1.252 | Full_X_Acc: 68.2% | Loss_Gen: +0.794 | Retain: 3.1% | Mask_X_Acc: 60.0% | Loss_Gen_adv: +0.144 | Loss_Gen_l1: +0.031 | Loss_Gen_p: +0.676 | W_Distance: -0.002 |
Epoch [080/1000] | Tau: 0.670 | Loss_C: +0.080 | Loss_P: +1.235 | Full_X_Acc: 68.7% | Loss_Gen: +0.767 | Retain: 2.7% | Mask_X_Acc: 60.2% | Loss_Gen_adv: +0.129 | Loss_Gen_l1: +0.027 | Loss_Gen_p: +0.662 | W_Distance: -0.002 |
Epoch [090/1000] | Tau: 0.637 | Loss_C: +0.079 | Loss_P: +1.220 | Full_X_Acc: 69.4% | Loss_Gen: +0.750 | Retain: 2.8% | Mask_X_Acc: 61.0% | Loss_Gen_adv: +0.111 | Loss_Gen_l1: +0.028 | Loss_Gen_p: +0.652 | W_Distance: +0.000 |
Epoch [100/1000] | Tau: 0.606 | Loss_C: +0.072 | Loss_P: +1.192 | Full_X_Acc: 69.7% | Loss_Gen: +0.735 | Retain: 3.0% | Mask_X_Acc: 61.8% | Loss_Gen_adv: +0.091 | Loss_Gen_l1: +0.030 | Loss_Gen_p: +0.644 | W_Distance: +0.003 |
Epoch [110/1000] | Tau: 0.576 | Loss_C: +0.072 | Loss_P: +1.170 | Full_X_Acc: 70.1% | Loss_Gen: +0.704 | Retain: 3.3% | Mask_X_Acc: 62.6% | Loss_Gen_adv: +0.051 | Loss_Gen_l1: +0.033 | Loss_Gen_p: +0.629 | W_Distance: +0.002 |
Epoch [120/1000] | Tau: 0.548 | Loss_C: +0.051 | Loss_P: +1.149 | Full_X_Acc: 70.9% | Loss_Gen: +0.688 | Retain: 3.5% | Mask_X_Acc: 62.7% | Loss_Gen_adv: +0.032 | Loss_Gen_l1: +0.035 | Loss_Gen_p: +0.619 | W_Distance: -0.000 |
Epoch [130/1000] | Tau: 0.521 | Loss_C: +0.032 | Loss_P: +1.134 | Full_X_Acc: 70.7% | Loss_Gen: +0.680 | Retain: 3.7% | Mask_X_Acc: 63.0% | Loss_Gen_adv: +0.020 | Loss_Gen_l1: +0.037 | Loss_Gen_p: +0.615 | W_Distance: +0.003 |
Epoch [140/1000] | Tau: 0.496 | Loss_C: +0.026 | Loss_P: +1.124 | Full_X_Acc: 71.1% | Loss_Gen: +0.664 | Retain: 3.8% | Mask_X_Acc: 63.6% | Loss_Gen_adv: -0.003 | Loss_Gen_l1: +0.038 | Loss_Gen_p: +0.608 | W_Distance: +0.001 |
Epoch [150/1000] | Tau: 0.471 | Loss_C: +0.017 | Loss_P: +1.109 | Full_X_Acc: 71.9% | Loss_Gen: +0.648 | Retain: 3.9% | Mask_X_Acc: 63.9% | Loss_Gen_adv: -0.032 | Loss_Gen_l1: +0.039 | Loss_Gen_p: +0.606 | W_Distance: +0.002 |
Epoch [160/1000] | Tau: 0.448 | Loss_C: +0.011 | Loss_P: +1.108 | Full_X_Acc: 72.1% | Loss_Gen: +0.629 | Retain: 3.9% | Mask_X_Acc: 63.4% | Loss_Gen_adv: -0.064 | Loss_Gen_l1: +0.039 | Loss_Gen_p: +0.602 | W_Distance: +0.004 |
Epoch [170/1000] | Tau: 0.427 | Loss_C: +0.007 | Loss_P: +1.102 | Full_X_Acc: 72.5% | Loss_Gen: +0.606 | Retain: 3.9% | Mask_X_Acc: 64.2% | Loss_Gen_adv: -0.109 | Loss_Gen_l1: +0.039 | Loss_Gen_p: +0.601 | W_Distance: +0.004 |
Epoch [180/1000] | Tau: 0.406 | Loss_C: +0.004 | Loss_P: +1.097 | Full_X_Acc: 72.7% | Loss_Gen: +0.590 | Retain: 3.9% | Mask_X_Acc: 64.0% | Loss_Gen_adv: -0.141 | Loss_Gen_l1: +0.039 | Loss_Gen_p: +0.601 | W_Distance: +0.006 |
Epoch [190/1000] | Tau: 0.386 | Loss_C: -0.000 | Loss_P: +1.096 | Full_X_Acc: 73.2% | Loss_Gen: +0.577 | Retain: 4.0% | Mask_X_Acc: 63.9% | Loss_Gen_adv: -0.165 | Loss_Gen_l1: +0.040 | Loss_Gen_p: +0.601 | W_Distance: +0.007 |
Epoch [200/1000] | Tau: 0.367 | Loss_C: -0.002 | Loss_P: +1.091 | Full_X_Acc: 73.4% | Loss_Gen: +0.573 | Retain: 4.0% | Mask_X_Acc: 64.1% | Loss_Gen_adv: -0.181 | Loss_Gen_l1: +0.040 | Loss_Gen_p: +0.604 | W_Distance: +0.009 |
Epoch [210/1000] | Tau: 0.349 | Loss_C: -0.003 | Loss_P: +1.087 | Full_X_Acc: 74.1% | Loss_Gen: +0.561 | Retain: 4.0% | Mask_X_Acc: 63.6% | Loss_Gen_adv: -0.201 | Loss_Gen_l1: +0.040 | Loss_Gen_p: +0.602 | W_Distance: +0.009 |
Epoch [220/1000] | Tau: 0.332 | Loss_C: -0.004 | Loss_P: +1.083 | Full_X_Acc: 73.7% | Loss_Gen: +0.564 | Retain: 4.0% | Mask_X_Acc: 64.3% | Loss_Gen_adv: -0.198 | Loss_Gen_l1: +0.040 | Loss_Gen_p: +0.603 | W_Distance: +0.010 |
Epoch [230/1000] | Tau: 0.316 | Loss_C: -0.005 | Loss_P: +1.082 | Full_X_Acc: 74.1% | Loss_Gen: +0.556 | Retain: 4.0% | Mask_X_Acc: 63.9% | Loss_Gen_adv: -0.210 | Loss_Gen_l1: +0.040 | Loss_Gen_p: +0.601 | W_Distance: +0.011 |
Epoch [240/1000] | Tau: 0.300 | Loss_C: -0.007 | Loss_P: +1.076 | Full_X_Acc: 74.5% | Loss_Gen: +0.549 | Retain: 4.0% | Mask_X_Acc: 64.1% | Loss_Gen_adv: -0.223 | Loss_Gen_l1: +0.040 | Loss_Gen_p: +0.601 | W_Distance: +0.013 |
Epoch [250/1000] | Tau: 0.286 | Loss_C: -0.010 | Loss_P: +1.074 | Full_X_Acc: 74.8% | Loss_Gen: +0.550 | Retain: 4.0% | Mask_X_Acc: 64.0% | Loss_Gen_adv: -0.222 | Loss_Gen_l1: +0.040 | Loss_Gen_p: +0.601 | W_Distance: +0.015 |
Epoch [260/1000] | Tau: 0.272 | Loss_C: -0.006 | Loss_P: +1.072 | Full_X_Acc: 74.7% | Loss_Gen: +0.546 | Retain: 4.0% | Mask_X_Acc: 64.1% | Loss_Gen_adv: -0.237 | Loss_Gen_l1: +0.040 | Loss_Gen_p: +0.605 | W_Distance: +0.011 |
Epoch [270/1000] | Tau: 0.258 | Loss_C: -0.009 | Loss_P: +1.074 | Full_X_Acc: 74.7% | Loss_Gen: +0.543 | Retain: 4.0% | Mask_X_Acc: 63.7% | Loss_Gen_adv: -0.230 | Loss_Gen_l1: +0.040 | Loss_Gen_p: +0.598 | W_Distance: +0.014 |
Epoch [280/1000] | Tau: 0.246 | Loss_C: -0.009 | Loss_P: +1.070 | Full_X_Acc: 75.2% | Loss_Gen: +0.544 | Retain: 4.0% | Mask_X_Acc: 64.3% | Loss_Gen_adv: -0.240 | Loss_Gen_l1: +0.040 | Loss_Gen_p: +0.604 | W_Distance: +0.015 |
Epoch [290/1000] | Tau: 0.234 | Loss_C: -0.011 | Loss_P: +1.067 | Full_X_Acc: 75.2% | Loss_Gen: +0.537 | Retain: 4.0% | Mask_X_Acc: 64.5% | Loss_Gen_adv: -0.241 | Loss_Gen_l1: +0.040 | Loss_Gen_p: +0.598 | W_Distance: +0.015 |
Epoch [300/1000] | Tau: 0.222 | Loss_C: -0.012 | Loss_P: +1.069 | Full_X_Acc: 75.5% | Loss_Gen: +0.537 | Retain: 4.0% | Mask_X_Acc: 64.3% | Loss_Gen_adv: -0.242 | Loss_Gen_l1: +0.040 | Loss_Gen_p: +0.598 | W_Distance: +0.016 |
Epoch [310/1000] | Tau: 0.211 | Loss_C: -0.013 | Loss_P: +1.066 | Full_X_Acc: 75.7% | Loss_Gen: +0.546 | Retain: 4.0% | Mask_X_Acc: 64.2% | Loss_Gen_adv: -0.234 | Loss_Gen_l1: +0.040 | Loss_Gen_p: +0.603 | W_Distance: +0.018 |
Epoch [320/1000] | Tau: 0.201 | Loss_C: -0.014 | Loss_P: +1.062 | Full_X_Acc: 75.4% | Loss_Gen: +0.555 | Retain: 4.0% | Mask_X_Acc: 64.2% | Loss_Gen_adv: -0.214 | Loss_Gen_l1: +0.040 | Loss_Gen_p: +0.602 | W_Distance: +0.019 |
Epoch [330/1000] | Tau: 0.191 | Loss_C: -0.015 | Loss_P: +1.061 | Full_X_Acc: 75.9% | Loss_Gen: +0.564 | Retain: 4.0% | Mask_X_Acc: 63.6% | Loss_Gen_adv: -0.200 | Loss_Gen_l1: +0.040 | Loss_Gen_p: +0.604 | W_Distance: +0.019 |
Epoch [340/1000] | Tau: 0.182 | Loss_C: -0.014 | Loss_P: +1.061 | Full_X_Acc: 75.9% | Loss_Gen: +0.562 | Retain: 4.0% | Mask_X_Acc: 64.2% | Loss_Gen_adv: -0.212 | Loss_Gen_l1: +0.040 | Loss_Gen_p: +0.608 | W_Distance: +0.018 |
Epoch [350/1000] | Tau: 0.173 | Loss_C: -0.016 | Loss_P: +1.060 | Full_X_Acc: 76.3% | Loss_Gen: +0.555 | Retain: 4.0% | Mask_X_Acc: 64.0% | Loss_Gen_adv: -0.215 | Loss_Gen_l1: +0.040 | Loss_Gen_p: +0.603 | W_Distance: +0.020 |
Epoch [360/1000] | Tau: 0.165 | Loss_C: -0.015 | Loss_P: +1.060 | Full_X_Acc: 76.4% | Loss_Gen: +0.553 | Retain: 4.0% | Mask_X_Acc: 64.4% | Loss_Gen_adv: -0.217 | Loss_Gen_l1: +0.040 | Loss_Gen_p: +0.602 | W_Distance: +0.019 |
Epoch [370/1000] | Tau: 0.157 | Loss_C: -0.017 | Loss_P: +1.055 | Full_X_Acc: 76.6% | Loss_Gen: +0.554 | Retain: 4.0% | Mask_X_Acc: 63.9% | Loss_Gen_adv: -0.221 | Loss_Gen_l1: +0.040 | Loss_Gen_p: +0.605 | W_Distance: +0.021 |
Epoch [380/1000] | Tau: 0.149 | Loss_C: -0.013 | Loss_P: +1.054 | Full_X_Acc: 76.2% | Loss_Gen: +0.558 | Retain: 4.0% | Mask_X_Acc: 64.2% | Loss_Gen_adv: -0.215 | Loss_Gen_l1: +0.040 | Loss_Gen_p: +0.606 | W_Distance: +0.017 |
Epoch [390/1000] | Tau: 0.142 | Loss_C: -0.017 | Loss_P: +1.052 | Full_X_Acc: 77.1% | Loss_Gen: +0.558 | Retain: 4.0% | Mask_X_Acc: 63.7% | Loss_Gen_adv: -0.215 | Loss_Gen_l1: +0.040 | Loss_Gen_p: +0.606 | W_Distance: +0.021 |
Epoch [400/1000] | Tau: 0.135 | Loss_C: -0.018 | Loss_P: +1.046 | Full_X_Acc: 77.0% | Loss_Gen: +0.557 | Retain: 4.0% | Mask_X_Acc: 63.7% | Loss_Gen_adv: -0.221 | Loss_Gen_l1: +0.040 | Loss_Gen_p: +0.607 | W_Distance: +0.023 |
Epoch [410/1000] | Tau: 0.128 | Loss_C: -0.018 | Loss_P: +1.056 | Full_X_Acc: 76.8% | Loss_Gen: +0.561 | Retain: 4.0% | Mask_X_Acc: 64.4% | Loss_Gen_adv: -0.215 | Loss_Gen_l1: +0.040 | Loss_Gen_p: +0.608 | W_Distance: +0.022 |
Epoch [420/1000] | Tau: 0.122 | Loss_C: -0.020 | Loss_P: +1.056 | Full_X_Acc: 77.0% | Loss_Gen: +0.559 | Retain: 4.0% | Mask_X_Acc: 64.0% | Loss_Gen_adv: -0.223 | Loss_Gen_l1: +0.040 | Loss_Gen_p: +0.611 | W_Distance: +0.024 |
Epoch [430/1000] | Tau: 0.116 | Loss_C: -0.018 | Loss_P: +1.051 | Full_X_Acc: 77.6% | Loss_Gen: +0.555 | Retain: 4.0% | Mask_X_Acc: 63.6% | Loss_Gen_adv: -0.232 | Loss_Gen_l1: +0.040 | Loss_Gen_p: +0.611 | W_Distance: +0.022 |
Epoch [440/1000] | Tau: 0.110 | Loss_C: -0.019 | Loss_P: +1.049 | Full_X_Acc: 77.5% | Loss_Gen: +0.562 | Retain: 4.0% | Mask_X_Acc: 64.5% | Loss_Gen_adv: -0.218 | Loss_Gen_l1: +0.040 | Loss_Gen_p: +0.611 | W_Distance: +0.023 |
Epoch [450/1000] | Tau: 0.105 | Loss_C: -0.021 | Loss_P: +1.045 | Full_X_Acc: 77.4% | Loss_Gen: +0.568 | Retain: 4.0% | Mask_X_Acc: 63.6% | Loss_Gen_adv: -0.207 | Loss_Gen_l1: +0.040 | Loss_Gen_p: +0.611 | W_Distance: +0.025 |
Epoch [460/1000] | Tau: 0.100 | Loss_C: -0.023 | Loss_P: +1.045 | Full_X_Acc: 77.6% | Loss_Gen: +0.570 | Retain: 4.0% | Mask_X_Acc: 63.9% | Loss_Gen_adv: -0.202 | Loss_Gen_l1: +0.040 | Loss_Gen_p: +0.612 | W_Distance: +0.026 |
Epoch [470/1000] | Tau: 0.100 | Loss_C: -0.019 | Loss_P: +1.051 | Full_X_Acc: 78.1% | Loss_Gen: +0.561 | Retain: 4.0% | Mask_X_Acc: 63.7% | Loss_Gen_adv: -0.211 | Loss_Gen_l1: +0.040 | Loss_Gen_p: +0.607 | W_Distance: +0.023 |
Epoch [480/1000] | Tau: 0.100 | Loss_C: -0.021 | Loss_P: +1.053 | Full_X_Acc: 77.8% | Loss_Gen: +0.570 | Retain: 4.0% | Mask_X_Acc: 63.9% | Loss_Gen_adv: -0.194 | Loss_Gen_l1: +0.040 | Loss_Gen_p: +0.607 | W_Distance: +0.024 |
Epoch [490/1000] | Tau: 0.100 | Loss_C: -0.024 | Loss_P: +1.046 | Full_X_Acc: 77.8% | Loss_Gen: +0.580 | Retain: 4.0% | Mask_X_Acc: 63.7% | Loss_Gen_adv: -0.186 | Loss_Gen_l1: +0.040 | Loss_Gen_p: +0.613 | W_Distance: +0.028 |
Epoch [500/1000] | Tau: 0.100 | Loss_C: -0.023 | Loss_P: +1.045 | Full_X_Acc: 78.1% | Loss_Gen: +0.573 | Retain: 4.0% | Mask_X_Acc: 64.4% | Loss_Gen_adv: -0.185 | Loss_Gen_l1: +0.040 | Loss_Gen_p: +0.606 | W_Distance: +0.026 |
Epoch [510/1000] | Tau: 0.100 | Loss_C: -0.025 | Loss_P: +1.045 | Full_X_Acc: 78.2% | Loss_Gen: +0.582 | Retain: 4.0% | Mask_X_Acc: 63.9% | Loss_Gen_adv: -0.181 | Loss_Gen_l1: +0.040 | Loss_Gen_p: +0.613 | W_Distance: +0.028 |
Epoch [520/1000] | Tau: 0.100 | Loss_C: -0.022 | Loss_P: +1.042 | Full_X_Acc: 78.0% | Loss_Gen: +0.592 | Retain: 4.0% | Mask_X_Acc: 64.1% | Loss_Gen_adv: -0.161 | Loss_Gen_l1: +0.040 | Loss_Gen_p: +0.613 | W_Distance: +0.025 |
Epoch [530/1000] | Tau: 0.100 | Loss_C: -0.022 | Loss_P: +1.044 | Full_X_Acc: 78.1% | Loss_Gen: +0.592 | Retain: 4.0% | Mask_X_Acc: 63.9% | Loss_Gen_adv: -0.154 | Loss_Gen_l1: +0.040 | Loss_Gen_p: +0.609 | W_Distance: +0.026 |
Epoch [540/1000] | Tau: 0.100 | Loss_C: -0.026 | Loss_P: +1.042 | Full_X_Acc: 78.4% | Loss_Gen: +0.601 | Retain: 4.0% | Mask_X_Acc: 63.8% | Loss_Gen_adv: -0.137 | Loss_Gen_l1: +0.040 | Loss_Gen_p: +0.610 | W_Distance: +0.030 |
Epoch [550/1000] | Tau: 0.100 | Loss_C: -0.027 | Loss_P: +1.037 | Full_X_Acc: 78.3% | Loss_Gen: +0.597 | Retain: 4.0% | Mask_X_Acc: 64.3% | Loss_Gen_adv: -0.144 | Loss_Gen_l1: +0.040 | Loss_Gen_p: +0.609 | W_Distance: +0.030 |
Epoch [560/1000] | Tau: 0.100 | Loss_C: -0.023 | Loss_P: +1.041 | Full_X_Acc: 78.6% | Loss_Gen: +0.603 | Retain: 4.0% | Mask_X_Acc: 64.3% | Loss_Gen_adv: -0.129 | Loss_Gen_l1: +0.040 | Loss_Gen_p: +0.607 | W_Distance: +0.026 |
Epoch [570/1000] | Tau: 0.100 | Loss_C: -0.025 | Loss_P: +1.042 | Full_X_Acc: 78.5% | Loss_Gen: +0.590 | Retain: 4.0% | Mask_X_Acc: 64.1% | Loss_Gen_adv: -0.149 | Loss_Gen_l1: +0.040 | Loss_Gen_p: +0.605 | W_Distance: +0.029 |
Epoch [580/1000] | Tau: 0.100 | Loss_C: -0.023 | Loss_P: +1.036 | Full_X_Acc: 79.1% | Loss_Gen: +0.602 | Retain: 4.0% | Mask_X_Acc: 64.7% | Loss_Gen_adv: -0.142 | Loss_Gen_l1: +0.040 | Loss_Gen_p: +0.613 | W_Distance: +0.027 |
Epoch [590/1000] | Tau: 0.100 | Loss_C: -0.025 | Loss_P: +1.039 | Full_X_Acc: 78.8% | Loss_Gen: +0.604 | Retain: 4.0% | Mask_X_Acc: 64.1% | Loss_Gen_adv: -0.127 | Loss_Gen_l1: +0.040 | Loss_Gen_p: +0.608 | W_Distance: +0.028 |
Epoch [600/1000] | Tau: 0.100 | Loss_C: -0.027 | Loss_P: +1.039 | Full_X_Acc: 78.8% | Loss_Gen: +0.610 | Retain: 4.0% | Mask_X_Acc: 64.0% | Loss_Gen_adv: -0.120 | Loss_Gen_l1: +0.040 | Loss_Gen_p: +0.610 | W_Distance: +0.030 |
Epoch [610/1000] | Tau: 0.100 | Loss_C: -0.026 | Loss_P: +1.043 | Full_X_Acc: 78.6% | Loss_Gen: +0.609 | Retain: 4.0% | Mask_X_Acc: 64.0% | Loss_Gen_adv: -0.130 | Loss_Gen_l1: +0.040 | Loss_Gen_p: +0.614 | W_Distance: +0.029 |
Epoch [620/1000] | Tau: 0.100 | Loss_C: -0.028 | Loss_P: +1.041 | Full_X_Acc: 79.2% | Loss_Gen: +0.613 | Retain: 4.0% | Mask_X_Acc: 64.0% | Loss_Gen_adv: -0.120 | Loss_Gen_l1: +0.040 | Loss_Gen_p: +0.613 | W_Distance: +0.032 |
Epoch [630/1000] | Tau: 0.100 | Loss_C: -0.028 | Loss_P: +1.033 | Full_X_Acc: 79.1% | Loss_Gen: +0.624 | Retain: 4.0% | Mask_X_Acc: 63.9% | Loss_Gen_adv: -0.101 | Loss_Gen_l1: +0.040 | Loss_Gen_p: +0.615 | W_Distance: +0.031 |
Epoch [640/1000] | Tau: 0.100 | Loss_C: -0.024 | Loss_P: +1.032 | Full_X_Acc: 79.5% | Loss_Gen: +0.615 | Retain: 4.0% | Mask_X_Acc: 64.0% | Loss_Gen_adv: -0.114 | Loss_Gen_l1: +0.040 | Loss_Gen_p: +0.612 | W_Distance: +0.027 |
Epoch [650/1000] | Tau: 0.100 | Loss_C: -0.027 | Loss_P: +1.034 | Full_X_Acc: 79.7% | Loss_Gen: +0.626 | Retain: 4.0% | Mask_X_Acc: 63.6% | Loss_Gen_adv: -0.090 | Loss_Gen_l1: +0.040 | Loss_Gen_p: +0.611 | W_Distance: +0.030 |
Epoch [660/1000] | Tau: 0.100 | Loss_C: -0.027 | Loss_P: +1.036 | Full_X_Acc: 79.4% | Loss_Gen: +0.626 | Retain: 4.0% | Mask_X_Acc: 64.0% | Loss_Gen_adv: -0.089 | Loss_Gen_l1: +0.040 | Loss_Gen_p: +0.610 | W_Distance: +0.030 |
Epoch [670/1000] | Tau: 0.100 | Loss_C: -0.026 | Loss_P: +1.033 | Full_X_Acc: 79.5% | Loss_Gen: +0.637 | Retain: 4.0% | Mask_X_Acc: 64.2% | Loss_Gen_adv: -0.072 | Loss_Gen_l1: +0.040 | Loss_Gen_p: +0.614 | W_Distance: +0.029 |
Epoch [680/1000] | Tau: 0.100 | Loss_C: -0.026 | Loss_P: +1.032 | Full_X_Acc: 79.6% | Loss_Gen: +0.630 | Retain: 4.0% | Mask_X_Acc: 64.5% | Loss_Gen_adv: -0.087 | Loss_Gen_l1: +0.040 | Loss_Gen_p: +0.614 | W_Distance: +0.029 |
Epoch [690/1000] | Tau: 0.100 | Loss_C: -0.029 | Loss_P: +1.032 | Full_X_Acc: 79.7% | Loss_Gen: +0.640 | Retain: 4.0% | Mask_X_Acc: 63.7% | Loss_Gen_adv: -0.065 | Loss_Gen_l1: +0.040 | Loss_Gen_p: +0.612 | W_Distance: +0.031 |
Epoch [700/1000] | Tau: 0.100 | Loss_C: -0.025 | Loss_P: +1.040 | Full_X_Acc: 79.4% | Loss_Gen: +0.635 | Retain: 4.0% | Mask_X_Acc: 64.0% | Loss_Gen_adv: -0.076 | Loss_Gen_l1: +0.040 | Loss_Gen_p: +0.613 | W_Distance: +0.028 |
Epoch [710/1000] | Tau: 0.100 | Loss_C: -0.028 | Loss_P: +1.032 | Full_X_Acc: 79.7% | Loss_Gen: +0.641 | Retain: 4.0% | Mask_X_Acc: 64.5% | Loss_Gen_adv: -0.067 | Loss_Gen_l1: +0.040 | Loss_Gen_p: +0.615 | W_Distance: +0.030 |
Epoch [720/1000] | Tau: 0.100 | Loss_C: -0.028 | Loss_P: +1.032 | Full_X_Acc: 80.2% | Loss_Gen: +0.637 | Retain: 4.0% | Mask_X_Acc: 64.5% | Loss_Gen_adv: -0.061 | Loss_Gen_l1: +0.040 | Loss_Gen_p: +0.607 | W_Distance: +0.031 |
Epoch [730/1000] | Tau: 0.100 | Loss_C: -0.029 | Loss_P: +1.027 | Full_X_Acc: 79.9% | Loss_Gen: +0.650 | Retain: 4.0% | Mask_X_Acc: 63.8% | Loss_Gen_adv: -0.038 | Loss_Gen_l1: +0.040 | Loss_Gen_p: +0.609 | W_Distance: +0.032 |
Epoch [740/1000] | Tau: 0.100 | Loss_C: -0.027 | Loss_P: +1.022 | Full_X_Acc: 80.0% | Loss_Gen: +0.659 | Retain: 4.0% | Mask_X_Acc: 64.5% | Loss_Gen_adv: -0.035 | Loss_Gen_l1: +0.040 | Loss_Gen_p: +0.617 | W_Distance: +0.030 |
Epoch [750/1000] | Tau: 0.100 | Loss_C: -0.027 | Loss_P: +1.027 | Full_X_Acc: 79.9% | Loss_Gen: +0.653 | Retain: 4.0% | Mask_X_Acc: 63.7% | Loss_Gen_adv: -0.032 | Loss_Gen_l1: +0.040 | Loss_Gen_p: +0.609 | W_Distance: +0.030 |
Epoch [760/1000] | Tau: 0.100 | Loss_C: -0.030 | Loss_P: +1.027 | Full_X_Acc: 80.0% | Loss_Gen: +0.655 | Retain: 4.0% | Mask_X_Acc: 64.2% | Loss_Gen_adv: -0.030 | Loss_Gen_l1: +0.040 | Loss_Gen_p: +0.610 | W_Distance: +0.033 |
Epoch [770/1000] | Tau: 0.100 | Loss_C: -0.030 | Loss_P: +1.030 | Full_X_Acc: 80.5% | Loss_Gen: +0.651 | Retain: 4.0% | Mask_X_Acc: 64.1% | Loss_Gen_adv: -0.042 | Loss_Gen_l1: +0.040 | Loss_Gen_p: +0.612 | W_Distance: +0.032 |
Epoch [780/1000] | Tau: 0.100 | Loss_C: -0.029 | Loss_P: +1.027 | Full_X_Acc: 80.6% | Loss_Gen: +0.665 | Retain: 4.0% | Mask_X_Acc: 64.2% | Loss_Gen_adv: -0.020 | Loss_Gen_l1: +0.040 | Loss_Gen_p: +0.615 | W_Distance: +0.032 |
Epoch [790/1000] | Tau: 0.100 | Loss_C: -0.027 | Loss_P: +1.024 | Full_X_Acc: 80.3% | Loss_Gen: +0.672 | Retain: 4.0% | Mask_X_Acc: 63.7% | Loss_Gen_adv: -0.010 | Loss_Gen_l1: +0.040 | Loss_Gen_p: +0.617 | W_Distance: +0.029 |
Epoch [800/1000] | Tau: 0.100 | Loss_C: -0.030 | Loss_P: +1.024 | Full_X_Acc: 80.1% | Loss_Gen: +0.653 | Retain: 4.0% | Mask_X_Acc: 63.7% | Loss_Gen_adv: -0.023 | Loss_Gen_l1: +0.040 | Loss_Gen_p: +0.604 | W_Distance: +0.033 |
Epoch [810/1000] | Tau: 0.100 | Loss_C: -0.028 | Loss_P: +1.018 | Full_X_Acc: 80.8% | Loss_Gen: +0.670 | Retain: 4.0% | Mask_X_Acc: 63.9% | Loss_Gen_adv: -0.005 | Loss_Gen_l1: +0.040 | Loss_Gen_p: +0.612 | W_Distance: +0.031 |
Epoch [820/1000] | Tau: 0.100 | Loss_C: -0.028 | Loss_P: +1.023 | Full_X_Acc: 80.3% | Loss_Gen: +0.672 | Retain: 4.0% | Mask_X_Acc: 64.0% | Loss_Gen_adv: +0.003 | Loss_Gen_l1: +0.040 | Loss_Gen_p: +0.610 | W_Distance: +0.030 |
Epoch [830/1000] | Tau: 0.100 | Loss_C: -0.030 | Loss_P: +1.025 | Full_X_Acc: 80.5% | Loss_Gen: +0.672 | Retain: 4.0% | Mask_X_Acc: 63.8% | Loss_Gen_adv: +0.001 | Loss_Gen_l1: +0.040 | Loss_Gen_p: +0.612 | W_Distance: +0.032 |
Epoch [840/1000] | Tau: 0.100 | Loss_C: -0.029 | Loss_P: +1.024 | Full_X_Acc: 80.4% | Loss_Gen: +0.680 | Retain: 4.0% | Mask_X_Acc: 64.4% | Loss_Gen_adv: +0.009 | Loss_Gen_l1: +0.040 | Loss_Gen_p: +0.615 | W_Distance: +0.032 |
Epoch [850/1000] | Tau: 0.100 | Loss_C: -0.030 | Loss_P: +1.025 | Full_X_Acc: 81.2% | Loss_Gen: +0.688 | Retain: 4.0% | Mask_X_Acc: 65.0% | Loss_Gen_adv: +0.029 | Loss_Gen_l1: +0.040 | Loss_Gen_p: +0.614 | W_Distance: +0.033 |
Epoch [860/1000] | Tau: 0.100 | Loss_C: -0.029 | Loss_P: +1.025 | Full_X_Acc: 81.3% | Loss_Gen: +0.681 | Retain: 4.0% | Mask_X_Acc: 64.4% | Loss_Gen_adv: +0.016 | Loss_Gen_l1: +0.040 | Loss_Gen_p: +0.613 | W_Distance: +0.032 |
Epoch [870/1000] | Tau: 0.100 | Loss_C: -0.030 | Loss_P: +1.018 | Full_X_Acc: 81.0% | Loss_Gen: +0.690 | Retain: 4.0% | Mask_X_Acc: 64.3% | Loss_Gen_adv: +0.030 | Loss_Gen_l1: +0.040 | Loss_Gen_p: +0.615 | W_Distance: +0.032 |
Epoch [880/1000] | Tau: 0.100 | Loss_C: -0.029 | Loss_P: +1.022 | Full_X_Acc: 81.2% | Loss_Gen: +0.699 | Retain: 4.0% | Mask_X_Acc: 63.8% | Loss_Gen_adv: +0.054 | Loss_Gen_l1: +0.040 | Loss_Gen_p: +0.612 | W_Distance: +0.032 |
Epoch [890/1000] | Tau: 0.100 | Loss_C: -0.032 | Loss_P: +1.017 | Full_X_Acc: 81.3% | Loss_Gen: +0.693 | Retain: 4.0% | Mask_X_Acc: 64.4% | Loss_Gen_adv: +0.036 | Loss_Gen_l1: +0.040 | Loss_Gen_p: +0.615 | W_Distance: +0.035 |
Epoch [900/1000] | Tau: 0.100 | Loss_C: -0.030 | Loss_P: +1.021 | Full_X_Acc: 81.0% | Loss_Gen: +0.702 | Retain: 4.0% | Mask_X_Acc: 64.3% | Loss_Gen_adv: +0.061 | Loss_Gen_l1: +0.040 | Loss_Gen_p: +0.611 | W_Distance: +0.033 |
Epoch [910/1000] | Tau: 0.100 | Loss_C: -0.029 | Loss_P: +1.017 | Full_X_Acc: 81.1% | Loss_Gen: +0.707 | Retain: 4.0% | Mask_X_Acc: 64.3% | Loss_Gen_adv: +0.062 | Loss_Gen_l1: +0.040 | Loss_Gen_p: +0.615 | W_Distance: +0.031 |
Epoch [920/1000] | Tau: 0.100 | Loss_C: -0.028 | Loss_P: +1.022 | Full_X_Acc: 81.3% | Loss_Gen: +0.704 | Retain: 4.0% | Mask_X_Acc: 64.0% | Loss_Gen_adv: +0.065 | Loss_Gen_l1: +0.040 | Loss_Gen_p: +0.612 | W_Distance: +0.030 |
Epoch [930/1000] | Tau: 0.100 | Loss_C: -0.029 | Loss_P: +1.022 | Full_X_Acc: 81.2% | Loss_Gen: +0.712 | Retain: 4.0% | Mask_X_Acc: 64.6% | Loss_Gen_adv: +0.064 | Loss_Gen_l1: +0.040 | Loss_Gen_p: +0.620 | W_Distance: +0.031 |
Epoch [940/1000] | Tau: 0.100 | Loss_C: -0.031 | Loss_P: +1.021 | Full_X_Acc: 81.7% | Loss_Gen: +0.717 | Retain: 4.0% | Mask_X_Acc: 64.7% | Loss_Gen_adv: +0.075 | Loss_Gen_l1: +0.040 | Loss_Gen_p: +0.619 | W_Distance: +0.033 |
Epoch [950/1000] | Tau: 0.100 | Loss_C: -0.032 | Loss_P: +1.021 | Full_X_Acc: 81.6% | Loss_Gen: +0.709 | Retain: 4.0% | Mask_X_Acc: 63.9% | Loss_Gen_adv: +0.067 | Loss_Gen_l1: +0.040 | Loss_Gen_p: +0.616 | W_Distance: +0.034 |
Epoch [960/1000] | Tau: 0.100 | Loss_C: -0.028 | Loss_P: +1.020 | Full_X_Acc: 81.6% | Loss_Gen: +0.713 | Retain: 4.0% | Mask_X_Acc: 64.0% | Loss_Gen_adv: +0.074 | Loss_Gen_l1: +0.040 | Loss_Gen_p: +0.616 | W_Distance: +0.031 |
Epoch [970/1000] | Tau: 0.100 | Loss_C: -0.031 | Loss_P: +1.019 | Full_X_Acc: 81.4% | Loss_Gen: +0.721 | Retain: 4.0% | Mask_X_Acc: 63.6% | Loss_Gen_adv: +0.083 | Loss_Gen_l1: +0.040 | Loss_Gen_p: +0.620 | W_Distance: +0.033 |
Epoch [980/1000] | Tau: 0.100 | Loss_C: -0.030 | Loss_P: +1.015 | Full_X_Acc: 81.3% | Loss_Gen: +0.709 | Retain: 4.0% | Mask_X_Acc: 64.5% | Loss_Gen_adv: +0.077 | Loss_Gen_l1: +0.040 | Loss_Gen_p: +0.611 | W_Distance: +0.032 |
Epoch [990/1000] | Tau: 0.100 | Loss_C: -0.034 | Loss_P: +1.013 | Full_X_Acc: 81.5% | Loss_Gen: +0.721 | Retain: 4.0% | Mask_X_Acc: 64.3% | Loss_Gen_adv: +0.087 | Loss_Gen_l1: +0.040 | Loss_Gen_p: +0.617 | W_Distance: +0.037 |
Epoch [1000/1000] | Tau: 0.100 | Loss_C: -0.026 | Loss_P: +1.021 | Full_X_Acc: 81.3% | Loss_Gen: +0.720 | Retain: 4.0% | Mask_X_Acc: 63.7% | Loss_Gen_adv: +0.093 | Loss_Gen_l1: +0.040 | Loss_Gen_p: +0.614 | W_Distance: +0.029 |
[Export] 训练历史已保存至 'output/run_20260718_000327/history.npz'

[System] 开始在测试集上进行推理评估...
==================================================
🎯 测试集推理报告 (Shared Architecture)
==================================================
• 测试集准确率:     62.78%
• TPR (召回率):     56.37%
• FDR (误发现率):   37.83%
• 平均保留特征数量: 4.0 / 100
• 整体保留率:       3.99%
--------------------------------------------------
🧩 Top 12 最常被选中的特征
--------------------------------------------------
Top 01: 特征 Index 010 | 被选次数: 4000 次 (100.0%) | ★ [真实关联]
Top 02: 特征 Index 006 | 被选次数: 3995 次 ( 99.9%) | ★ [真实关联]
Top 03: 特征 Index 009 | 被选次数: 3989 次 ( 99.7%) | ★ [真实关联]
Top 04: 特征 Index 008 | 被选次数: 3983 次 ( 99.6%) | ★ [真实关联]
Top 05: 特征 Index 095 | 被选次数:    0 次 (  0.0%) |   [纯噪声]
Top 06: 特征 Index 094 | 被选次数:    0 次 (  0.0%) |   [纯噪声]
Top 07: 特征 Index 093 | 被选次数:    0 次 (  0.0%) |   [纯噪声]
Top 08: 特征 Index 092 | 被选次数:    0 次 (  0.0%) |   [纯噪声]
Top 09: 特征 Index 091 | 被选次数:    0 次 (  0.0%) |   [纯噪声]
Top 10: 特征 Index 090 | 被选次数:    0 次 (  0.0%) |   [纯噪声]
Top 11: 特征 Index 089 | 被选次数:    0 次 (  0.0%) |   [纯噪声]
Top 12: 特征 Index 088 | 被选次数:    0 次 (  0.0%) |   [纯噪声]
==================================================
[Export] 测试集数组已保存至 'output/run_20260718_000327/test_arrays.npz'
[Export] 特征索引已保存至 'output/run_20260718_000327/selected_feature_indices.npy'
[Export] 模型权重已保存至 'output/run_20260718_000327/generator_model.pth'

[Visualization] 运行双视角 t-SNE 降维 (样本数: 4000)...
[Visualization] 降维: 原始掩码特征 (Before Ext)...
[Visualization] 降维: 隐空间特征 (After Ext)...
[Visualization] 对比 t-SNE 已保存至: 'output/run_20260718_000327/fig3_tsne_comparison.png'

