[System] Run dir: output/run_20260818_170713
[System] 正在使用 cuda 进行计算...

[System] 开始训练多任务共享特征架构...
Epoch [010/1000] | Tau: 0.951 | Loss_C: +0.119 | Loss_P: +1.033 | Full_X_Acc: 55.1% | Loss_Gen: +0.915 | Retain: 46.7% | Mask_X_Acc: 52.4% | Loss_Gen_adv: -0.009 | Loss_Gen_l1: +0.467 | Loss_Gen_p: +0.691 | W_Distance: +0.001 |
Epoch [020/1000] | Tau: 0.905 | Loss_C: +0.101 | Loss_P: +1.020 | Full_X_Acc: 59.3% | Loss_Gen: +0.879 | Retain: 41.3% | Mask_X_Acc: 53.5% | Loss_Gen_adv: -0.018 | Loss_Gen_l1: +0.413 | Loss_Gen_p: +0.691 | W_Distance: -0.000 |
Epoch [030/1000] | Tau: 0.860 | Loss_C: +0.107 | Loss_P: +1.002 | Full_X_Acc: 62.9% | Loss_Gen: +0.839 | Retain: 33.3% | Mask_X_Acc: 53.4% | Loss_Gen_adv: -0.022 | Loss_Gen_l1: +0.333 | Loss_Gen_p: +0.694 | W_Distance: -0.007 |
Epoch [040/1000] | Tau: 0.818 | Loss_C: +0.113 | Loss_P: +0.981 | Full_X_Acc: 66.3% | Loss_Gen: +0.797 | Retain: 23.9% | Mask_X_Acc: 53.0% | Loss_Gen_adv: -0.019 | Loss_Gen_l1: +0.239 | Loss_Gen_p: +0.697 | W_Distance: -0.005 |
Epoch [050/1000] | Tau: 0.778 | Loss_C: +0.135 | Loss_P: +0.963 | Full_X_Acc: 68.8% | Loss_Gen: +0.769 | Retain: 15.6% | Mask_X_Acc: 53.5% | Loss_Gen_adv: -0.019 | Loss_Gen_l1: +0.156 | Loss_Gen_p: +0.710 | W_Distance: -0.011 |
Epoch [060/1000] | Tau: 0.740 | Loss_C: +0.159 | Loss_P: +0.949 | Full_X_Acc: 70.5% | Loss_Gen: +0.746 | Retain: 10.2% | Mask_X_Acc: 52.6% | Loss_Gen_adv: -0.022 | Loss_Gen_l1: +0.102 | Loss_Gen_p: +0.717 | W_Distance: -0.007 |
Epoch [070/1000] | Tau: 0.704 | Loss_C: +0.193 | Loss_P: +0.936 | Full_X_Acc: 71.9% | Loss_Gen: +0.734 | Retain: 7.3% | Mask_X_Acc: 54.5% | Loss_Gen_adv: -0.027 | Loss_Gen_l1: +0.073 | Loss_Gen_p: +0.724 | W_Distance: -0.008 |
Epoch [080/1000] | Tau: 0.670 | Loss_C: +0.230 | Loss_P: +0.924 | Full_X_Acc: 72.9% | Loss_Gen: +0.719 | Retain: 5.9% | Mask_X_Acc: 53.9% | Loss_Gen_adv: -0.036 | Loss_Gen_l1: +0.059 | Loss_Gen_p: +0.725 | W_Distance: -0.007 |
Epoch [090/1000] | Tau: 0.637 | Loss_C: +0.247 | Loss_P: +0.917 | Full_X_Acc: 74.0% | Loss_Gen: +0.712 | Retain: 5.2% | Mask_X_Acc: 53.6% | Loss_Gen_adv: -0.041 | Loss_Gen_l1: +0.052 | Loss_Gen_p: +0.727 | W_Distance: -0.007 |
Epoch [100/1000] | Tau: 0.606 | Loss_C: +0.259 | Loss_P: +0.908 | Full_X_Acc: 74.5% | Loss_Gen: +0.711 | Retain: 4.9% | Mask_X_Acc: 55.2% | Loss_Gen_adv: -0.047 | Loss_Gen_l1: +0.049 | Loss_Gen_p: +0.733 | W_Distance: -0.005 |
Epoch [110/1000] | Tau: 0.576 | Loss_C: +0.247 | Loss_P: +0.895 | Full_X_Acc: 75.3% | Loss_Gen: +0.717 | Retain: 4.8% | Mask_X_Acc: 56.4% | Loss_Gen_adv: -0.040 | Loss_Gen_l1: +0.048 | Loss_Gen_p: +0.734 | W_Distance: -0.003 |
Epoch [120/1000] | Tau: 0.548 | Loss_C: +0.226 | Loss_P: +0.882 | Full_X_Acc: 75.4% | Loss_Gen: +0.721 | Retain: 4.7% | Mask_X_Acc: 56.2% | Loss_Gen_adv: -0.027 | Loss_Gen_l1: +0.047 | Loss_Gen_p: +0.724 | W_Distance: -0.002 |
Epoch [130/1000] | Tau: 0.521 | Loss_C: +0.230 | Loss_P: +0.877 | Full_X_Acc: 76.4% | Loss_Gen: +0.741 | Retain: 4.8% | Mask_X_Acc: 57.3% | Loss_Gen_adv: -0.009 | Loss_Gen_l1: +0.048 | Loss_Gen_p: +0.726 | W_Distance: -0.002 |
Epoch [140/1000] | Tau: 0.496 | Loss_C: +0.208 | Loss_P: +0.867 | Full_X_Acc: 77.0% | Loss_Gen: +0.756 | Retain: 4.7% | Mask_X_Acc: 57.6% | Loss_Gen_adv: +0.001 | Loss_Gen_l1: +0.047 | Loss_Gen_p: +0.731 | W_Distance: -0.002 |
Epoch [150/1000] | Tau: 0.471 | Loss_C: +0.188 | Loss_P: +0.862 | Full_X_Acc: 77.3% | Loss_Gen: +0.748 | Retain: 4.8% | Mask_X_Acc: 58.0% | Loss_Gen_adv: -0.004 | Loss_Gen_l1: +0.048 | Loss_Gen_p: +0.729 | W_Distance: -0.001 |
Epoch [160/1000] | Tau: 0.448 | Loss_C: +0.166 | Loss_P: +0.857 | Full_X_Acc: 77.9% | Loss_Gen: +0.762 | Retain: 4.8% | Mask_X_Acc: 57.3% | Loss_Gen_adv: +0.010 | Loss_Gen_l1: +0.048 | Loss_Gen_p: +0.727 | W_Distance: -0.002 |
Epoch [170/1000] | Tau: 0.427 | Loss_C: +0.131 | Loss_P: +0.848 | Full_X_Acc: 78.5% | Loss_Gen: +0.781 | Retain: 4.8% | Mask_X_Acc: 58.6% | Loss_Gen_adv: +0.028 | Loss_Gen_l1: +0.048 | Loss_Gen_p: +0.730 | W_Distance: -0.000 |
Epoch [180/1000] | Tau: 0.406 | Loss_C: +0.093 | Loss_P: +0.840 | Full_X_Acc: 78.8% | Loss_Gen: +0.789 | Retain: 4.8% | Mask_X_Acc: 58.1% | Loss_Gen_adv: +0.036 | Loss_Gen_l1: +0.048 | Loss_Gen_p: +0.728 | W_Distance: -0.002 |
Epoch [190/1000] | Tau: 0.386 | Loss_C: +0.067 | Loss_P: +0.836 | Full_X_Acc: 79.1% | Loss_Gen: +0.784 | Retain: 4.8% | Mask_X_Acc: 59.1% | Loss_Gen_adv: +0.030 | Loss_Gen_l1: +0.048 | Loss_Gen_p: +0.731 | W_Distance: +0.002 |
Epoch [200/1000] | Tau: 0.367 | Loss_C: +0.049 | Loss_P: +0.834 | Full_X_Acc: 79.8% | Loss_Gen: +0.776 | Retain: 4.9% | Mask_X_Acc: 58.6% | Loss_Gen_adv: +0.024 | Loss_Gen_l1: +0.049 | Loss_Gen_p: +0.728 | W_Distance: +0.003 |
Epoch [210/1000] | Tau: 0.349 | Loss_C: +0.034 | Loss_P: +0.824 | Full_X_Acc: 80.0% | Loss_Gen: +0.740 | Retain: 4.9% | Mask_X_Acc: 59.4% | Loss_Gen_adv: -0.008 | Loss_Gen_l1: +0.049 | Loss_Gen_p: +0.723 | W_Distance: +0.007 |
Epoch [220/1000] | Tau: 0.332 | Loss_C: +0.025 | Loss_P: +0.821 | Full_X_Acc: 80.2% | Loss_Gen: +0.740 | Retain: 4.9% | Mask_X_Acc: 59.4% | Loss_Gen_adv: -0.007 | Loss_Gen_l1: +0.049 | Loss_Gen_p: +0.722 | W_Distance: +0.010 |
Epoch [230/1000] | Tau: 0.316 | Loss_C: +0.019 | Loss_P: +0.812 | Full_X_Acc: 80.6% | Loss_Gen: +0.761 | Retain: 5.0% | Mask_X_Acc: 59.2% | Loss_Gen_adv: +0.014 | Loss_Gen_l1: +0.050 | Loss_Gen_p: +0.722 | W_Distance: +0.012 |
Epoch [240/1000] | Tau: 0.300 | Loss_C: +0.018 | Loss_P: +0.806 | Full_X_Acc: 81.2% | Loss_Gen: +0.775 | Retain: 5.1% | Mask_X_Acc: 59.8% | Loss_Gen_adv: +0.028 | Loss_Gen_l1: +0.051 | Loss_Gen_p: +0.722 | W_Distance: +0.010 |
Epoch [250/1000] | Tau: 0.286 | Loss_C: +0.019 | Loss_P: +0.806 | Full_X_Acc: 81.3% | Loss_Gen: +0.790 | Retain: 5.1% | Mask_X_Acc: 59.6% | Loss_Gen_adv: +0.039 | Loss_Gen_l1: +0.051 | Loss_Gen_p: +0.726 | W_Distance: +0.009 |
Epoch [260/1000] | Tau: 0.272 | Loss_C: +0.020 | Loss_P: +0.802 | Full_X_Acc: 81.6% | Loss_Gen: +0.795 | Retain: 5.1% | Mask_X_Acc: 59.3% | Loss_Gen_adv: +0.045 | Loss_Gen_l1: +0.051 | Loss_Gen_p: +0.724 | W_Distance: +0.009 |
Epoch [270/1000] | Tau: 0.258 | Loss_C: +0.019 | Loss_P: +0.796 | Full_X_Acc: 81.8% | Loss_Gen: +0.809 | Retain: 5.1% | Mask_X_Acc: 59.8% | Loss_Gen_adv: +0.059 | Loss_Gen_l1: +0.051 | Loss_Gen_p: +0.724 | W_Distance: +0.009 |
Epoch [280/1000] | Tau: 0.246 | Loss_C: +0.015 | Loss_P: +0.789 | Full_X_Acc: 82.4% | Loss_Gen: +0.819 | Retain: 5.2% | Mask_X_Acc: 59.8% | Loss_Gen_adv: +0.073 | Loss_Gen_l1: +0.052 | Loss_Gen_p: +0.720 | W_Distance: +0.010 |
Epoch [290/1000] | Tau: 0.234 | Loss_C: +0.011 | Loss_P: +0.788 | Full_X_Acc: 82.5% | Loss_Gen: +0.829 | Retain: 5.2% | Mask_X_Acc: 60.0% | Loss_Gen_adv: +0.087 | Loss_Gen_l1: +0.052 | Loss_Gen_p: +0.716 | W_Distance: +0.013 |
Epoch [300/1000] | Tau: 0.222 | Loss_C: +0.010 | Loss_P: +0.778 | Full_X_Acc: 82.9% | Loss_Gen: +0.841 | Retain: 5.2% | Mask_X_Acc: 59.6% | Loss_Gen_adv: +0.099 | Loss_Gen_l1: +0.052 | Loss_Gen_p: +0.717 | W_Distance: +0.014 |
Epoch [310/1000] | Tau: 0.211 | Loss_C: +0.009 | Loss_P: +0.778 | Full_X_Acc: 82.9% | Loss_Gen: +0.850 | Retain: 5.2% | Mask_X_Acc: 60.5% | Loss_Gen_adv: +0.101 | Loss_Gen_l1: +0.052 | Loss_Gen_p: +0.722 | W_Distance: +0.013 |
Epoch [320/1000] | Tau: 0.201 | Loss_C: +0.008 | Loss_P: +0.772 | Full_X_Acc: 83.3% | Loss_Gen: +0.855 | Retain: 5.2% | Mask_X_Acc: 60.0% | Loss_Gen_adv: +0.118 | Loss_Gen_l1: +0.052 | Loss_Gen_p: +0.711 | W_Distance: +0.014 |
Epoch [330/1000] | Tau: 0.191 | Loss_C: +0.000 | Loss_P: +0.771 | Full_X_Acc: 83.7% | Loss_Gen: +0.853 | Retain: 5.2% | Mask_X_Acc: 60.7% | Loss_Gen_adv: +0.113 | Loss_Gen_l1: +0.052 | Loss_Gen_p: +0.715 | W_Distance: +0.020 |
Epoch [340/1000] | Tau: 0.182 | Loss_C: +0.003 | Loss_P: +0.765 | Full_X_Acc: 83.7% | Loss_Gen: +0.871 | Retain: 5.2% | Mask_X_Acc: 60.4% | Loss_Gen_adv: +0.124 | Loss_Gen_l1: +0.052 | Loss_Gen_p: +0.721 | W_Distance: +0.017 |
Epoch [350/1000] | Tau: 0.173 | Loss_C: -0.001 | Loss_P: +0.763 | Full_X_Acc: 84.0% | Loss_Gen: +0.882 | Retain: 5.2% | Mask_X_Acc: 60.8% | Loss_Gen_adv: +0.141 | Loss_Gen_l1: +0.052 | Loss_Gen_p: +0.714 | W_Distance: +0.020 |
Epoch [360/1000] | Tau: 0.165 | Loss_C: -0.001 | Loss_P: +0.758 | Full_X_Acc: 84.2% | Loss_Gen: +0.894 | Retain: 5.2% | Mask_X_Acc: 60.8% | Loss_Gen_adv: +0.153 | Loss_Gen_l1: +0.052 | Loss_Gen_p: +0.715 | W_Distance: +0.018 |
Epoch [370/1000] | Tau: 0.157 | Loss_C: -0.004 | Loss_P: +0.757 | Full_X_Acc: 84.3% | Loss_Gen: +0.894 | Retain: 5.1% | Mask_X_Acc: 60.9% | Loss_Gen_adv: +0.158 | Loss_Gen_l1: +0.051 | Loss_Gen_p: +0.711 | W_Distance: +0.019 |
Epoch [380/1000] | Tau: 0.149 | Loss_C: -0.006 | Loss_P: +0.751 | Full_X_Acc: 84.7% | Loss_Gen: +0.894 | Retain: 5.1% | Mask_X_Acc: 60.2% | Loss_Gen_adv: +0.155 | Loss_Gen_l1: +0.051 | Loss_Gen_p: +0.714 | W_Distance: +0.022 |
Epoch [390/1000] | Tau: 0.142 | Loss_C: -0.006 | Loss_P: +0.747 | Full_X_Acc: 84.7% | Loss_Gen: +0.901 | Retain: 5.1% | Mask_X_Acc: 60.8% | Loss_Gen_adv: +0.153 | Loss_Gen_l1: +0.051 | Loss_Gen_p: +0.722 | W_Distance: +0.022 |
Epoch [400/1000] | Tau: 0.135 | Loss_C: -0.004 | Loss_P: +0.746 | Full_X_Acc: 84.9% | Loss_Gen: +0.905 | Retain: 5.1% | Mask_X_Acc: 60.4% | Loss_Gen_adv: +0.153 | Loss_Gen_l1: +0.051 | Loss_Gen_p: +0.726 | W_Distance: +0.020 |
Epoch [410/1000] | Tau: 0.128 | Loss_C: -0.008 | Loss_P: +0.744 | Full_X_Acc: 85.3% | Loss_Gen: +0.896 | Retain: 5.1% | Mask_X_Acc: 60.8% | Loss_Gen_adv: +0.154 | Loss_Gen_l1: +0.051 | Loss_Gen_p: +0.716 | W_Distance: +0.023 |
Epoch [420/1000] | Tau: 0.122 | Loss_C: -0.009 | Loss_P: +0.736 | Full_X_Acc: 85.3% | Loss_Gen: +0.902 | Retain: 5.1% | Mask_X_Acc: 60.7% | Loss_Gen_adv: +0.151 | Loss_Gen_l1: +0.051 | Loss_Gen_p: +0.726 | W_Distance: +0.024 |
Epoch [430/1000] | Tau: 0.116 | Loss_C: -0.007 | Loss_P: +0.741 | Full_X_Acc: 85.7% | Loss_Gen: +0.908 | Retain: 5.1% | Mask_X_Acc: 60.8% | Loss_Gen_adv: +0.160 | Loss_Gen_l1: +0.051 | Loss_Gen_p: +0.722 | W_Distance: +0.021 |
Epoch [440/1000] | Tau: 0.110 | Loss_C: -0.011 | Loss_P: +0.732 | Full_X_Acc: 85.7% | Loss_Gen: +0.923 | Retain: 5.1% | Mask_X_Acc: 61.8% | Loss_Gen_adv: +0.173 | Loss_Gen_l1: +0.051 | Loss_Gen_p: +0.725 | W_Distance: +0.025 |
Epoch [450/1000] | Tau: 0.105 | Loss_C: -0.011 | Loss_P: +0.733 | Full_X_Acc: 86.1% | Loss_Gen: +0.938 | Retain: 5.1% | Mask_X_Acc: 60.9% | Loss_Gen_adv: +0.194 | Loss_Gen_l1: +0.051 | Loss_Gen_p: +0.719 | W_Distance: +0.024 |
Epoch [460/1000] | Tau: 0.100 | Loss_C: -0.013 | Loss_P: +0.732 | Full_X_Acc: 86.0% | Loss_Gen: +0.941 | Retain: 5.1% | Mask_X_Acc: 61.0% | Loss_Gen_adv: +0.190 | Loss_Gen_l1: +0.051 | Loss_Gen_p: +0.725 | W_Distance: +0.026 |
Epoch [470/1000] | Tau: 0.100 | Loss_C: -0.017 | Loss_P: +0.726 | Full_X_Acc: 86.4% | Loss_Gen: +0.949 | Retain: 5.1% | Mask_X_Acc: 60.7% | Loss_Gen_adv: +0.205 | Loss_Gen_l1: +0.051 | Loss_Gen_p: +0.719 | W_Distance: +0.029 |
Epoch [480/1000] | Tau: 0.100 | Loss_C: -0.014 | Loss_P: +0.725 | Full_X_Acc: 86.6% | Loss_Gen: +0.975 | Retain: 5.1% | Mask_X_Acc: 60.5% | Loss_Gen_adv: +0.220 | Loss_Gen_l1: +0.051 | Loss_Gen_p: +0.730 | W_Distance: +0.027 |
Epoch [490/1000] | Tau: 0.100 | Loss_C: -0.016 | Loss_P: +0.725 | Full_X_Acc: 86.5% | Loss_Gen: +0.969 | Retain: 5.1% | Mask_X_Acc: 61.3% | Loss_Gen_adv: +0.222 | Loss_Gen_l1: +0.051 | Loss_Gen_p: +0.721 | W_Distance: +0.028 |
Epoch [500/1000] | Tau: 0.100 | Loss_C: -0.017 | Loss_P: +0.719 | Full_X_Acc: 86.9% | Loss_Gen: +0.980 | Retain: 5.1% | Mask_X_Acc: 61.2% | Loss_Gen_adv: +0.232 | Loss_Gen_l1: +0.051 | Loss_Gen_p: +0.723 | W_Distance: +0.028 |
Epoch [510/1000] | Tau: 0.100 | Loss_C: -0.020 | Loss_P: +0.725 | Full_X_Acc: 87.0% | Loss_Gen: +0.987 | Retain: 5.1% | Mask_X_Acc: 61.0% | Loss_Gen_adv: +0.231 | Loss_Gen_l1: +0.051 | Loss_Gen_p: +0.731 | W_Distance: +0.030 |
Epoch [520/1000] | Tau: 0.100 | Loss_C: -0.022 | Loss_P: +0.717 | Full_X_Acc: 87.2% | Loss_Gen: +1.004 | Retain: 5.1% | Mask_X_Acc: 61.3% | Loss_Gen_adv: +0.239 | Loss_Gen_l1: +0.051 | Loss_Gen_p: +0.740 | W_Distance: +0.032 |
Epoch [530/1000] | Tau: 0.100 | Loss_C: -0.022 | Loss_P: +0.715 | Full_X_Acc: 87.1% | Loss_Gen: +0.980 | Retain: 5.1% | Mask_X_Acc: 60.8% | Loss_Gen_adv: +0.235 | Loss_Gen_l1: +0.051 | Loss_Gen_p: +0.720 | W_Distance: +0.032 |
Epoch [540/1000] | Tau: 0.100 | Loss_C: -0.023 | Loss_P: +0.718 | Full_X_Acc: 87.4% | Loss_Gen: +0.997 | Retain: 5.1% | Mask_X_Acc: 61.3% | Loss_Gen_adv: +0.236 | Loss_Gen_l1: +0.051 | Loss_Gen_p: +0.736 | W_Distance: +0.033 |
Epoch [550/1000] | Tau: 0.100 | Loss_C: -0.021 | Loss_P: +0.714 | Full_X_Acc: 87.4% | Loss_Gen: +0.990 | Retain: 5.1% | Mask_X_Acc: 60.9% | Loss_Gen_adv: +0.235 | Loss_Gen_l1: +0.051 | Loss_Gen_p: +0.730 | W_Distance: +0.031 |
Epoch [560/1000] | Tau: 0.100 | Loss_C: -0.020 | Loss_P: +0.714 | Full_X_Acc: 87.6% | Loss_Gen: +0.993 | Retain: 5.1% | Mask_X_Acc: 61.7% | Loss_Gen_adv: +0.235 | Loss_Gen_l1: +0.051 | Loss_Gen_p: +0.732 | W_Distance: +0.030 |
Epoch [570/1000] | Tau: 0.100 | Loss_C: -0.023 | Loss_P: +0.711 | Full_X_Acc: 87.9% | Loss_Gen: +0.993 | Retain: 5.1% | Mask_X_Acc: 61.2% | Loss_Gen_adv: +0.239 | Loss_Gen_l1: +0.051 | Loss_Gen_p: +0.728 | W_Distance: +0.033 |
Epoch [580/1000] | Tau: 0.100 | Loss_C: -0.020 | Loss_P: +0.704 | Full_X_Acc: 88.0% | Loss_Gen: +1.008 | Retain: 5.1% | Mask_X_Acc: 60.8% | Loss_Gen_adv: +0.246 | Loss_Gen_l1: +0.051 | Loss_Gen_p: +0.736 | W_Distance: +0.031 |
Epoch [590/1000] | Tau: 0.100 | Loss_C: -0.020 | Loss_P: +0.702 | Full_X_Acc: 88.2% | Loss_Gen: +0.995 | Retain: 5.1% | Mask_X_Acc: 61.4% | Loss_Gen_adv: +0.242 | Loss_Gen_l1: +0.051 | Loss_Gen_p: +0.728 | W_Distance: +0.030 |
Epoch [600/1000] | Tau: 0.100 | Loss_C: -0.024 | Loss_P: +0.705 | Full_X_Acc: 88.1% | Loss_Gen: +1.009 | Retain: 5.0% | Mask_X_Acc: 61.5% | Loss_Gen_adv: +0.252 | Loss_Gen_l1: +0.050 | Loss_Gen_p: +0.732 | W_Distance: +0.034 |
Epoch [610/1000] | Tau: 0.100 | Loss_C: -0.026 | Loss_P: +0.708 | Full_X_Acc: 88.4% | Loss_Gen: +1.021 | Retain: 5.0% | Mask_X_Acc: 61.2% | Loss_Gen_adv: +0.252 | Loss_Gen_l1: +0.050 | Loss_Gen_p: +0.744 | W_Distance: +0.036 |
Epoch [620/1000] | Tau: 0.100 | Loss_C: -0.027 | Loss_P: +0.702 | Full_X_Acc: 88.4% | Loss_Gen: +1.008 | Retain: 5.0% | Mask_X_Acc: 61.1% | Loss_Gen_adv: +0.253 | Loss_Gen_l1: +0.050 | Loss_Gen_p: +0.730 | W_Distance: +0.036 |
Epoch [630/1000] | Tau: 0.100 | Loss_C: -0.026 | Loss_P: +0.702 | Full_X_Acc: 88.7% | Loss_Gen: +1.018 | Retain: 5.0% | Mask_X_Acc: 60.9% | Loss_Gen_adv: +0.253 | Loss_Gen_l1: +0.050 | Loss_Gen_p: +0.740 | W_Distance: +0.035 |
Epoch [640/1000] | Tau: 0.100 | Loss_C: -0.029 | Loss_P: +0.696 | Full_X_Acc: 88.8% | Loss_Gen: +1.006 | Retain: 5.0% | Mask_X_Acc: 61.4% | Loss_Gen_adv: +0.246 | Loss_Gen_l1: +0.050 | Loss_Gen_p: +0.735 | W_Distance: +0.038 |
Epoch [650/1000] | Tau: 0.100 | Loss_C: -0.028 | Loss_P: +0.693 | Full_X_Acc: 89.0% | Loss_Gen: +1.003 | Retain: 5.0% | Mask_X_Acc: 61.2% | Loss_Gen_adv: +0.248 | Loss_Gen_l1: +0.050 | Loss_Gen_p: +0.729 | W_Distance: +0.037 |
Epoch [660/1000] | Tau: 0.100 | Loss_C: -0.025 | Loss_P: +0.695 | Full_X_Acc: 88.8% | Loss_Gen: +0.999 | Retain: 5.0% | Mask_X_Acc: 61.4% | Loss_Gen_adv: +0.252 | Loss_Gen_l1: +0.050 | Loss_Gen_p: +0.722 | W_Distance: +0.034 |
Epoch [670/1000] | Tau: 0.100 | Loss_C: -0.031 | Loss_P: +0.690 | Full_X_Acc: 89.1% | Loss_Gen: +1.006 | Retain: 5.0% | Mask_X_Acc: 60.2% | Loss_Gen_adv: +0.250 | Loss_Gen_l1: +0.050 | Loss_Gen_p: +0.732 | W_Distance: +0.040 |
Epoch [680/1000] | Tau: 0.100 | Loss_C: -0.026 | Loss_P: +0.691 | Full_X_Acc: 89.4% | Loss_Gen: +1.021 | Retain: 5.0% | Mask_X_Acc: 61.6% | Loss_Gen_adv: +0.253 | Loss_Gen_l1: +0.050 | Loss_Gen_p: +0.742 | W_Distance: +0.035 |
Epoch [690/1000] | Tau: 0.100 | Loss_C: -0.029 | Loss_P: +0.687 | Full_X_Acc: 89.4% | Loss_Gen: +1.012 | Retain: 5.0% | Mask_X_Acc: 62.1% | Loss_Gen_adv: +0.255 | Loss_Gen_l1: +0.050 | Loss_Gen_p: +0.732 | W_Distance: +0.038 |
Epoch [700/1000] | Tau: 0.100 | Loss_C: -0.029 | Loss_P: +0.691 | Full_X_Acc: 89.4% | Loss_Gen: +1.014 | Retain: 5.0% | Mask_X_Acc: 61.7% | Loss_Gen_adv: +0.254 | Loss_Gen_l1: +0.050 | Loss_Gen_p: +0.735 | W_Distance: +0.037 |
Epoch [710/1000] | Tau: 0.100 | Loss_C: -0.030 | Loss_P: +0.688 | Full_X_Acc: 89.7% | Loss_Gen: +1.023 | Retain: 5.0% | Mask_X_Acc: 61.3% | Loss_Gen_adv: +0.263 | Loss_Gen_l1: +0.050 | Loss_Gen_p: +0.735 | W_Distance: +0.038 |
Epoch [720/1000] | Tau: 0.100 | Loss_C: -0.032 | Loss_P: +0.687 | Full_X_Acc: 89.6% | Loss_Gen: +1.019 | Retain: 5.0% | Mask_X_Acc: 61.7% | Loss_Gen_adv: +0.258 | Loss_Gen_l1: +0.050 | Loss_Gen_p: +0.736 | W_Distance: +0.040 |
Epoch [730/1000] | Tau: 0.100 | Loss_C: -0.029 | Loss_P: +0.684 | Full_X_Acc: 89.7% | Loss_Gen: +1.030 | Retain: 5.0% | Mask_X_Acc: 61.4% | Loss_Gen_adv: +0.260 | Loss_Gen_l1: +0.050 | Loss_Gen_p: +0.745 | W_Distance: +0.037 |
Epoch [740/1000] | Tau: 0.100 | Loss_C: -0.034 | Loss_P: +0.686 | Full_X_Acc: 89.9% | Loss_Gen: +1.029 | Retain: 5.0% | Mask_X_Acc: 61.6% | Loss_Gen_adv: +0.264 | Loss_Gen_l1: +0.050 | Loss_Gen_p: +0.740 | W_Distance: +0.042 |
Epoch [750/1000] | Tau: 0.100 | Loss_C: -0.032 | Loss_P: +0.682 | Full_X_Acc: 89.8% | Loss_Gen: +1.018 | Retain: 5.0% | Mask_X_Acc: 61.5% | Loss_Gen_adv: +0.254 | Loss_Gen_l1: +0.050 | Loss_Gen_p: +0.739 | W_Distance: +0.040 |
Epoch [760/1000] | Tau: 0.100 | Loss_C: -0.031 | Loss_P: +0.679 | Full_X_Acc: 90.0% | Loss_Gen: +1.026 | Retain: 5.0% | Mask_X_Acc: 61.5% | Loss_Gen_adv: +0.260 | Loss_Gen_l1: +0.050 | Loss_Gen_p: +0.741 | W_Distance: +0.038 |
Epoch [770/1000] | Tau: 0.100 | Loss_C: -0.033 | Loss_P: +0.676 | Full_X_Acc: 90.1% | Loss_Gen: +1.018 | Retain: 5.0% | Mask_X_Acc: 61.9% | Loss_Gen_adv: +0.254 | Loss_Gen_l1: +0.050 | Loss_Gen_p: +0.739 | W_Distance: +0.041 |
Epoch [780/1000] | Tau: 0.100 | Loss_C: -0.035 | Loss_P: +0.677 | Full_X_Acc: 90.3% | Loss_Gen: +1.014 | Retain: 5.0% | Mask_X_Acc: 61.7% | Loss_Gen_adv: +0.255 | Loss_Gen_l1: +0.050 | Loss_Gen_p: +0.734 | W_Distance: +0.043 |
Epoch [790/1000] | Tau: 0.100 | Loss_C: -0.039 | Loss_P: +0.677 | Full_X_Acc: 90.4% | Loss_Gen: +1.018 | Retain: 5.0% | Mask_X_Acc: 61.3% | Loss_Gen_adv: +0.249 | Loss_Gen_l1: +0.050 | Loss_Gen_p: +0.744 | W_Distance: +0.046 |
Epoch [800/1000] | Tau: 0.100 | Loss_C: -0.034 | Loss_P: +0.674 | Full_X_Acc: 90.6% | Loss_Gen: +1.015 | Retain: 5.0% | Mask_X_Acc: 61.5% | Loss_Gen_adv: +0.257 | Loss_Gen_l1: +0.050 | Loss_Gen_p: +0.733 | W_Distance: +0.042 |
Epoch [810/1000] | Tau: 0.100 | Loss_C: -0.031 | Loss_P: +0.673 | Full_X_Acc: 90.5% | Loss_Gen: +1.024 | Retain: 5.0% | Mask_X_Acc: 61.0% | Loss_Gen_adv: +0.262 | Loss_Gen_l1: +0.050 | Loss_Gen_p: +0.736 | W_Distance: +0.038 |
Epoch [820/1000] | Tau: 0.100 | Loss_C: -0.033 | Loss_P: +0.673 | Full_X_Acc: 90.7% | Loss_Gen: +1.017 | Retain: 5.0% | Mask_X_Acc: 61.2% | Loss_Gen_adv: +0.251 | Loss_Gen_l1: +0.050 | Loss_Gen_p: +0.741 | W_Distance: +0.039 |
Epoch [830/1000] | Tau: 0.100 | Loss_C: -0.037 | Loss_P: +0.673 | Full_X_Acc: 90.6% | Loss_Gen: +1.021 | Retain: 5.0% | Mask_X_Acc: 61.1% | Loss_Gen_adv: +0.247 | Loss_Gen_l1: +0.050 | Loss_Gen_p: +0.748 | W_Distance: +0.043 |
Epoch [840/1000] | Tau: 0.100 | Loss_C: -0.038 | Loss_P: +0.677 | Full_X_Acc: 90.8% | Loss_Gen: +1.019 | Retain: 5.0% | Mask_X_Acc: 61.3% | Loss_Gen_adv: +0.252 | Loss_Gen_l1: +0.050 | Loss_Gen_p: +0.742 | W_Distance: +0.045 |
Epoch [850/1000] | Tau: 0.100 | Loss_C: -0.038 | Loss_P: +0.674 | Full_X_Acc: 90.8% | Loss_Gen: +1.024 | Retain: 5.0% | Mask_X_Acc: 61.5% | Loss_Gen_adv: +0.260 | Loss_Gen_l1: +0.050 | Loss_Gen_p: +0.739 | W_Distance: +0.044 |
Epoch [860/1000] | Tau: 0.100 | Loss_C: -0.039 | Loss_P: +0.671 | Full_X_Acc: 90.9% | Loss_Gen: +1.019 | Retain: 5.0% | Mask_X_Acc: 61.6% | Loss_Gen_adv: +0.263 | Loss_Gen_l1: +0.050 | Loss_Gen_p: +0.731 | W_Distance: +0.045 |
Epoch [870/1000] | Tau: 0.100 | Loss_C: -0.036 | Loss_P: +0.669 | Full_X_Acc: 90.9% | Loss_Gen: +1.022 | Retain: 5.0% | Mask_X_Acc: 61.1% | Loss_Gen_adv: +0.260 | Loss_Gen_l1: +0.050 | Loss_Gen_p: +0.738 | W_Distance: +0.043 |
Epoch [880/1000] | Tau: 0.100 | Loss_C: -0.040 | Loss_P: +0.674 | Full_X_Acc: 91.2% | Loss_Gen: +1.023 | Retain: 5.0% | Mask_X_Acc: 61.6% | Loss_Gen_adv: +0.263 | Loss_Gen_l1: +0.050 | Loss_Gen_p: +0.735 | W_Distance: +0.046 |
Epoch [890/1000] | Tau: 0.100 | Loss_C: -0.035 | Loss_P: +0.667 | Full_X_Acc: 91.2% | Loss_Gen: +1.009 | Retain: 5.0% | Mask_X_Acc: 61.3% | Loss_Gen_adv: +0.249 | Loss_Gen_l1: +0.050 | Loss_Gen_p: +0.735 | W_Distance: +0.042 |
Epoch [900/1000] | Tau: 0.100 | Loss_C: -0.038 | Loss_P: +0.665 | Full_X_Acc: 91.4% | Loss_Gen: +1.030 | Retain: 5.0% | Mask_X_Acc: 61.6% | Loss_Gen_adv: +0.252 | Loss_Gen_l1: +0.050 | Loss_Gen_p: +0.753 | W_Distance: +0.045 |
Epoch [910/1000] | Tau: 0.100 | Loss_C: -0.037 | Loss_P: +0.664 | Full_X_Acc: 91.3% | Loss_Gen: +1.027 | Retain: 5.0% | Mask_X_Acc: 61.8% | Loss_Gen_adv: +0.259 | Loss_Gen_l1: +0.050 | Loss_Gen_p: +0.744 | W_Distance: +0.044 |
Epoch [920/1000] | Tau: 0.100 | Loss_C: -0.040 | Loss_P: +0.660 | Full_X_Acc: 91.3% | Loss_Gen: +1.029 | Retain: 5.0% | Mask_X_Acc: 61.4% | Loss_Gen_adv: +0.265 | Loss_Gen_l1: +0.050 | Loss_Gen_p: +0.739 | W_Distance: +0.046 |
Epoch [930/1000] | Tau: 0.100 | Loss_C: -0.039 | Loss_P: +0.663 | Full_X_Acc: 91.4% | Loss_Gen: +1.030 | Retain: 5.0% | Mask_X_Acc: 61.4% | Loss_Gen_adv: +0.264 | Loss_Gen_l1: +0.050 | Loss_Gen_p: +0.741 | W_Distance: +0.045 |
Epoch [940/1000] | Tau: 0.100 | Loss_C: -0.037 | Loss_P: +0.665 | Full_X_Acc: 91.6% | Loss_Gen: +1.018 | Retain: 5.0% | Mask_X_Acc: 61.4% | Loss_Gen_adv: +0.257 | Loss_Gen_l1: +0.050 | Loss_Gen_p: +0.737 | W_Distance: +0.044 |
Epoch [950/1000] | Tau: 0.100 | Loss_C: -0.041 | Loss_P: +0.667 | Full_X_Acc: 91.8% | Loss_Gen: +1.023 | Retain: 5.0% | Mask_X_Acc: 61.2% | Loss_Gen_adv: +0.258 | Loss_Gen_l1: +0.050 | Loss_Gen_p: +0.740 | W_Distance: +0.048 |
Epoch [960/1000] | Tau: 0.100 | Loss_C: -0.038 | Loss_P: +0.663 | Full_X_Acc: 91.6% | Loss_Gen: +1.037 | Retain: 5.0% | Mask_X_Acc: 60.9% | Loss_Gen_adv: +0.253 | Loss_Gen_l1: +0.050 | Loss_Gen_p: +0.759 | W_Distance: +0.045 |
Epoch [970/1000] | Tau: 0.100 | Loss_C: -0.038 | Loss_P: +0.664 | Full_X_Acc: 91.7% | Loss_Gen: +1.032 | Retain: 5.0% | Mask_X_Acc: 61.3% | Loss_Gen_adv: +0.258 | Loss_Gen_l1: +0.050 | Loss_Gen_p: +0.749 | W_Distance: +0.044 |
Epoch [980/1000] | Tau: 0.100 | Loss_C: -0.042 | Loss_P: +0.662 | Full_X_Acc: 91.8% | Loss_Gen: +1.039 | Retain: 5.0% | Mask_X_Acc: 61.6% | Loss_Gen_adv: +0.263 | Loss_Gen_l1: +0.050 | Loss_Gen_p: +0.750 | W_Distance: +0.049 |
Epoch [990/1000] | Tau: 0.100 | Loss_C: -0.036 | Loss_P: +0.658 | Full_X_Acc: 91.8% | Loss_Gen: +1.029 | Retain: 5.0% | Mask_X_Acc: 62.0% | Loss_Gen_adv: +0.254 | Loss_Gen_l1: +0.050 | Loss_Gen_p: +0.750 | W_Distance: +0.043 |
Epoch [1000/1000] | Tau: 0.100 | Loss_C: -0.043 | Loss_P: +0.657 | Full_X_Acc: 92.0% | Loss_Gen: +1.014 | Retain: 5.0% | Mask_X_Acc: 61.7% | Loss_Gen_adv: +0.246 | Loss_Gen_l1: +0.050 | Loss_Gen_p: +0.743 | W_Distance: +0.049 |
[Export] 训练历史已保存至 'output/run_20260818_170713/history.npz'

[System] 开始在测试集上进行推理评估...
==================================================
🎯 测试集推理报告 (Shared Architecture)
==================================================
• 测试集准确率:     61.25%
• TPR (召回率):     66.51%
• FDR (误发现率):   40.62%
• 平均保留特征数量: 5.0 / 100
• 整体保留率:       5.02%
--------------------------------------------------
🧩 Top 18 最常被选中的特征
--------------------------------------------------
Top 01: 特征 Index 005 | 被选次数: 3999 次 (100.0%) | ★ [真实关联]
Top 02: 特征 Index 002 | 被选次数: 3998 次 ( 99.9%) | ★ [真实关联]
Top 03: 特征 Index 010 | 被选次数: 3996 次 ( 99.9%) | ★ [真实关联]
Top 04: 特征 Index 004 | 被选次数: 3992 次 ( 99.8%) | ★ [真实关联]
Top 05: 特征 Index 003 | 被选次数: 3986 次 ( 99.7%) | ★ [真实关联]
Top 06: 特征 Index 000 | 被选次数:   76 次 (  1.9%) | ★ [真实关联]
Top 07: 特征 Index 090 | 被选次数:   20 次 (  0.5%) |   [纯噪声]
Top 08: 特征 Index 009 | 被选次数:    8 次 (  0.2%) | ★ [真实关联]
Top 09: 特征 Index 001 | 被选次数:    6 次 (  0.2%) | ★ [真实关联]
Top 10: 特征 Index 091 | 被选次数:    3 次 (  0.1%) |   [纯噪声]
Top 11: 特征 Index 046 | 被选次数:    3 次 (  0.1%) |   [纯噪声]
Top 12: 特征 Index 053 | 被选次数:    2 次 (  0.1%) |   [纯噪声]
Top 13: 特征 Index 078 | 被选次数:    2 次 (  0.1%) |   [纯噪声]
Top 14: 特征 Index 028 | 被选次数:    2 次 (  0.1%) |   [纯噪声]
Top 15: 特征 Index 069 | 被选次数:    1 次 (  0.0%) |   [纯噪声]
Top 16: 特征 Index 022 | 被选次数:    1 次 (  0.0%) |   [纯噪声]
Top 17: 特征 Index 031 | 被选次数:    1 次 (  0.0%) |   [纯噪声]
Top 18: 特征 Index 079 | 被选次数:    1 次 (  0.0%) |   [纯噪声]
==================================================
[Export] 测试集数组已保存至 'output/run_20260818_170713/test_arrays.npz'
[Export] 特征索引已保存至 'output/run_20260818_170713/selected_feature_indices.npy'
[Export] 模型权重已保存至 'output/run_20260818_170713/generator_model.pth'

[Visualization] 运行双视角 t-SNE 降维 (样本数: 4000)...
[Visualization] 降维: 原始掩码特征 (Before Ext)...
[Visualization] 降维: 隐空间特征 (After Ext)...
[Visualization] 对比 t-SNE 已保存至: 'output/run_20260818_170713/fig3_tsne_comparison.png'

